[0.019s] Invoking command in '/home/aayush/eYRC/Software/workspace/build/shape_interface': CMAKE_PREFIX_PATH=/opt/ros/humble /usr/bin/cmake /home/aayush/eYRC/Software/workspace/src/shape_interface -DCMAKE_INSTALL_PREFIX=/home/aayush/eYRC/Software/workspace/install/shape_interface
[0.224s] -- The C compiler identification is GNU 11.4.0
[0.419s] -- The CXX compiler identification is GNU 11.4.0
[0.475s] -- Detecting C compiler ABI info
[0.607s] -- Detecting C compiler ABI info - done
[0.618s] -- Check for working C compiler: /usr/bin/cc - skipped
[0.618s] -- Detecting C compile features
[0.619s] -- Detecting C compile features - done
[0.626s] -- Detecting CXX compiler ABI info
[0.803s] -- Detecting CXX compiler ABI info - done
[0.815s] -- Check for working CXX compiler: /usr/bin/c++ - skipped
[0.816s] -- Detecting CXX compile features
[0.816s] -- Detecting CXX compile features - done
[0.819s] -- Found ament_cmake: 1.3.14 (/opt/ros/humble/share/ament_cmake/cmake)
[1.022s] -- Found Python3: /usr/bin/python3 (found version "3.10.12") found components: Interpreter 
[1.140s] -- Found rosidl_default_generators: 1.2.1 (/opt/ros/humble/share/rosidl_default_generators/cmake)
[1.146s] -- Using all available rosidl_typesupport_c: rosidl_typesupport_fastrtps_c;rosidl_typesupport_introspection_c
[1.154s] -- Found rosidl_adapter: 3.1.9 (/opt/ros/humble/share/rosidl_adapter/cmake)
[1.228s] -- Using all available rosidl_typesupport_cpp: rosidl_typesupport_fastrtps_cpp;rosidl_typesupport_introspection_cpp
[1.549s] -- Found ament_cmake_ros: 0.10.1 (/opt/ros/humble/share/ament_cmake_ros/cmake)
[1.724s] -- Using all available rosidl_typesupport_c: rosidl_typesupport_fastrtps_c;rosidl_typesupport_introspection_c
[2.043s] -- Using all available rosidl_typesupport_cpp: rosidl_typesupport_fastrtps_cpp;rosidl_typesupport_introspection_cpp
[2.062s] -- Found PythonInterp: /usr/bin/python3 (found suitable version "3.10.12", minimum required is "3.6") 
[2.135s] -- Found python_cmake_module: 0.10.0 (/opt/ros/humble/share/python_cmake_module/cmake)
[2.164s] -- Found PythonLibs: /usr/lib/x86_64-linux-gnu/libpython3.10.so (found suitable version "3.10.12", minimum required is "3.5") 
[2.164s] -- Using PYTHON_EXECUTABLE: /usr/bin/python3
[2.164s] -- Using PYTHON_INCLUDE_DIRS: /usr/include/python3.10
[2.164s] -- Using PYTHON_LIBRARIES: /usr/lib/x86_64-linux-gnu/libpython3.10.so
[2.178s] -- Found PythonExtra: .so  
[2.257s] -- Found ament_lint_auto: 0.12.15 (/opt/ros/humble/share/ament_lint_auto/cmake)
[2.276s] -- Added test 'lint_cmake' to check CMake code style
[2.277s] -- Added test 'xmllint' to check XML markup files
[2.279s] -- Configuring done
[2.304s] -- Generating done
[2.312s] -- Build files have been written to: /home/aayush/eYRC/Software/workspace/build/shape_interface
[2.319s] Invoked command in '/home/aayush/eYRC/Software/workspace/build/shape_interface' returned '0': CMAKE_PREFIX_PATH=/opt/ros/humble /usr/bin/cmake /home/aayush/eYRC/Software/workspace/src/shape_interface -DCMAKE_INSTALL_PREFIX=/home/aayush/eYRC/Software/workspace/install/shape_interface
[2.321s] Invoking command in '/home/aayush/eYRC/Software/workspace/build/shape_interface': CMAKE_PREFIX_PATH=/opt/ros/humble /usr/bin/cmake --build /home/aayush/eYRC/Software/workspace/build/shape_interface -- -j6 -l6
[2.365s] [  2%] [34m[1mGenerating C code for ROS interfaces[0m
[2.372s] [  4%] [34m[1mGenerating Rust code for ROS interfaces[0m
[2.377s] [  6%] [34m[1mGenerating C++ code for ROS interfaces[0m
[2.389s] [  6%] Built target ament_cmake_python_copy_shape_interface
[2.779s] running egg_info
[2.779s] creating shape_interface.egg-info
[2.779s] writing shape_interface.egg-info/PKG-INFO
[2.780s] writing dependency_links to shape_interface.egg-info/dependency_links.txt
[2.780s] writing top-level names to shape_interface.egg-info/top_level.txt
[2.780s] writing manifest file 'shape_interface.egg-info/SOURCES.txt'
[2.781s] reading manifest file 'shape_interface.egg-info/SOURCES.txt'
[2.782s] writing manifest file 'shape_interface.egg-info/SOURCES.txt'
[2.824s] [  6%] Built target ament_cmake_python_build_shape_interface_egg
[2.970s] [  6%] Built target shape_interface__cpp
[2.971s] [  6%] Built target shape_interface__rs
[2.979s] [  8%] [34m[1mGenerating C++ type support for eProsima Fast-RTPS[0m
[2.985s] [ 12%] [34m[1mGenerating C++ type support dispatch for ROS interfaces[0m
[2.985s] [ 12%] [34m[1mGenerating C++ introspection for ROS interfaces[0m
[3.152s] [ 14%] [32mBuilding C object CMakeFiles/shape_interface__rosidl_generator_c.dir/rosidl_generator_c/shape_interface/srv/detail/get_shape__functions.c.o[0m
[3.152s] [ 16%] [32mBuilding C object CMakeFiles/shape_interface__rosidl_generator_c.dir/rosidl_generator_c/shape_interface/srv/detail/pixel_to_world__functions.c.o[0m
[3.152s] [ 18%] [32mBuilding C object CMakeFiles/shape_interface__rosidl_generator_c.dir/rosidl_generator_c/shape_interface/msg/detail/shape__functions.c.o[0m
[3.279s] [ 20%] [32m[1mLinking C shared library libshape_interface__rosidl_generator_c.so[0m
[3.430s] [ 20%] Built target shape_interface__rosidl_generator_c
[3.445s] [ 22%] [34m[1mGenerating C type support for eProsima Fast-RTPS[0m
[3.446s] [ 25%] [34m[1mGenerating C type support dispatch for ROS interfaces[0m
[3.450s] [ 27%] [34m[1mGenerating C introspection for ROS interfaces[0m
[3.636s] [ 29%] [32mBuilding CXX object CMakeFiles/shape_interface__rosidl_typesupport_cpp.dir/rosidl_typesupport_cpp/shape_interface/srv/get_shape__type_support.cpp.o[0m
[3.678s] [ 31%] [32mBuilding CXX object CMakeFiles/shape_interface__rosidl_typesupport_fastrtps_cpp.dir/rosidl_typesupport_fastrtps_cpp/shape_interface/srv/detail/dds_fastrtps/get_shape__type_support.cpp.o[0m
[3.714s] [ 33%] [32mBuilding CXX object CMakeFiles/shape_interface__rosidl_typesupport_introspection_cpp.dir/rosidl_typesupport_introspection_cpp/shape_interface/srv/detail/get_shape__type_support.cpp.o[0m
[3.974s] [ 35%] [32mBuilding CXX object CMakeFiles/shape_interface__rosidl_typesupport_c.dir/rosidl_typesupport_c/shape_interface/srv/get_shape__type_support.cpp.o[0m
[4.019s] [ 37%] [32mBuilding CXX object CMakeFiles/shape_interface__rosidl_typesupport_c.dir/rosidl_typesupport_c/shape_interface/srv/pixel_to_world__type_support.cpp.o[0m
[4.067s] [ 39%] [32mBuilding CXX object CMakeFiles/shape_interface__rosidl_typesupport_c.dir/rosidl_typesupport_c/shape_interface/msg/shape__type_support.cpp.o[0m
[4.149s] [ 41%] [32mBuilding C object CMakeFiles/shape_interface__rosidl_typesupport_introspection_c.dir/rosidl_typesupport_introspection_c/shape_interface/srv/detail/get_shape__type_support.c.o[0m
[4.171s] [ 43%] [32m[1mLinking CXX shared library libshape_interface__rosidl_typesupport_c.so[0m
[4.195s] [ 45%] [32mBuilding C object CMakeFiles/shape_interface__rosidl_typesupport_introspection_c.dir/rosidl_typesupport_introspection_c/shape_interface/srv/detail/pixel_to_world__type_support.c.o[0m
[4.238s] [ 45%] Built target shape_interface__rosidl_typesupport_c
[4.248s] [ 47%] [32mBuilding CXX object CMakeFiles/shape_interface__rosidl_typesupport_fastrtps_c.dir/rosidl_typesupport_fastrtps_c/shape_interface/srv/detail/get_shape__type_support_c.cpp.o[0m
[4.248s] [ 50%] [32mBuilding CXX object CMakeFiles/shape_interface__rosidl_typesupport_cpp.dir/rosidl_typesupport_cpp/shape_interface/srv/pixel_to_world__type_support.cpp.o[0m
[4.315s] [ 52%] [32mBuilding C object CMakeFiles/shape_interface__rosidl_typesupport_introspection_c.dir/rosidl_typesupport_introspection_c/shape_interface/msg/detail/shape__type_support.c.o[0m
[4.345s] [ 54%] [32mBuilding CXX object CMakeFiles/shape_interface__rosidl_typesupport_cpp.dir/rosidl_typesupport_cpp/shape_interface/msg/shape__type_support.cpp.o[0m
[4.387s] [ 56%] [32m[1mLinking C shared library libshape_interface__rosidl_typesupport_introspection_c.so[0m
[4.466s] [ 56%] Built target shape_interface__rosidl_typesupport_introspection_c
[4.475s] [ 58%] [32mBuilding CXX object CMakeFiles/shape_interface__rosidl_typesupport_fastrtps_c.dir/rosidl_typesupport_fastrtps_c/shape_interface/srv/detail/pixel_to_world__type_support_c.cpp.o[0m
[4.696s] [ 60%] [32mBuilding CXX object CMakeFiles/shape_interface__rosidl_typesupport_fastrtps_cpp.dir/rosidl_typesupport_fastrtps_cpp/shape_interface/srv/detail/dds_fastrtps/pixel_to_world__type_support.cpp.o[0m
[4.696s] [ 62%] [32mBuilding CXX object CMakeFiles/shape_interface__rosidl_typesupport_introspection_cpp.dir/rosidl_typesupport_introspection_cpp/shape_interface/srv/detail/pixel_to_world__type_support.cpp.o[0m
[4.696s] [ 64%] [32mBuilding CXX object CMakeFiles/shape_interface__rosidl_typesupport_fastrtps_c.dir/rosidl_typesupport_fastrtps_c/shape_interface/msg/detail/shape__type_support_c.cpp.o[0m
[4.780s] [ 66%] [32m[1mLinking CXX shared library libshape_interface__rosidl_typesupport_cpp.so[0m
[4.995s] [ 66%] Built target shape_interface__rosidl_typesupport_cpp
[5.009s] [ 68%] [32mBuilding CXX object CMakeFiles/shape_interface__rosidl_typesupport_introspection_cpp.dir/rosidl_typesupport_introspection_cpp/shape_interface/msg/detail/shape__type_support.cpp.o[0m
[5.009s] [ 70%] [32mBuilding CXX object CMakeFiles/shape_interface__rosidl_typesupport_fastrtps_cpp.dir/rosidl_typesupport_fastrtps_cpp/shape_interface/msg/detail/dds_fastrtps/shape__type_support.cpp.o[0m
[5.248s] [ 72%] [32m[1mLinking CXX shared library libshape_interface__rosidl_typesupport_fastrtps_c.so[0m
[5.479s] [ 72%] Built target shape_interface__rosidl_typesupport_fastrtps_c
[5.488s] [ 75%] [32m[1mLinking CXX shared library libshape_interface__rosidl_typesupport_fastrtps_cpp.so[0m
[5.546s] [ 77%] [32m[1mLinking CXX shared library libshape_interface__rosidl_typesupport_introspection_cpp.so[0m
[5.558s] [ 77%] Built target shape_interface__rosidl_typesupport_fastrtps_cpp
[5.772s] [ 77%] Built target shape_interface__rosidl_typesupport_introspection_cpp
[5.792s] [ 77%] Built target shape_interface
[5.809s] [ 79%] [34m[1mGenerating Python code for ROS interfaces[0m
[6.250s] [ 79%] Built target shape_interface__py
[6.269s] [ 81%] [32mBuilding C object CMakeFiles/shape_interface__rosidl_generator_py.dir/rosidl_generator_py/shape_interface/srv/_get_shape_s.c.o[0m
[6.273s] [ 83%] [32mBuilding C object CMakeFiles/shape_interface__rosidl_generator_py.dir/rosidl_generator_py/shape_interface/srv/_pixel_to_world_s.c.o[0m
[6.274s] [ 85%] [32mBuilding C object CMakeFiles/shape_interface__rosidl_generator_py.dir/rosidl_generator_py/shape_interface/msg/_shape_s.c.o[0m
[6.764s] [ 87%] [32m[1mLinking C shared library rosidl_generator_py/shape_interface/libshape_interface__rosidl_generator_py.so[0m
[6.808s] [ 87%] Built target shape_interface__rosidl_generator_py
[6.827s] [ 89%] [32mBuilding C object CMakeFiles/shape_interface__rosidl_typesupport_fastrtps_c__pyext.dir/rosidl_generator_py/shape_interface/_shape_interface_s.ep.rosidl_typesupport_fastrtps_c.c.o[0m
[6.830s] [ 91%] [32mBuilding C object CMakeFiles/shape_interface__rosidl_typesupport_c__pyext.dir/rosidl_generator_py/shape_interface/_shape_interface_s.ep.rosidl_typesupport_c.c.o[0m
[6.831s] [ 93%] [32mBuilding C object CMakeFiles/shape_interface__rosidl_typesupport_introspection_c__pyext.dir/rosidl_generator_py/shape_interface/_shape_interface_s.ep.rosidl_typesupport_introspection_c.c.o[0m
[7.033s] [ 95%] [32m[1mLinking C shared library rosidl_generator_py/shape_interface/shape_interface_s__rosidl_typesupport_fastrtps_c.cpython-310-x86_64-linux-gnu.so[0m
[7.034s] [ 97%] [32m[1mLinking C shared library rosidl_generator_py/shape_interface/shape_interface_s__rosidl_typesupport_introspection_c.cpython-310-x86_64-linux-gnu.so[0m
[7.038s] [100%] [32m[1mLinking C shared library rosidl_generator_py/shape_interface/shape_interface_s__rosidl_typesupport_c.cpython-310-x86_64-linux-gnu.so[0m
[7.072s] [100%] Built target shape_interface__rosidl_typesupport_fastrtps_c__pyext
[7.077s] [100%] Built target shape_interface__rosidl_typesupport_introspection_c__pyext
[7.078s] [100%] Built target shape_interface__rosidl_typesupport_c__pyext
[7.089s] Invoked command in '/home/aayush/eYRC/Software/workspace/build/shape_interface' returned '0': CMAKE_PREFIX_PATH=/opt/ros/humble /usr/bin/cmake --build /home/aayush/eYRC/Software/workspace/build/shape_interface -- -j6 -l6
[7.090s] Invoking command in '/home/aayush/eYRC/Software/workspace/build/shape_interface': CMAKE_PREFIX_PATH=/opt/ros/humble /usr/bin/cmake --install /home/aayush/eYRC/Software/workspace/build/shape_interface
[7.100s] -- Install configuration: ""
[7.100s] -- Installing: /home/aayush/eYRC/Software/workspace/install/shape_interface/share/ament_index/resource_index/rosidl_interfaces/shape_interface
[7.100s] -- Installing: /home/aayush/eYRC/Software/workspace/install/shape_interface/include/shape_interface/shape_interface
[7.100s] -- Installing: /home/aayush/eYRC/Software/workspace/install/shape_interface/include/shape_interface/shape_interface/srv
[7.100s] -- Installing: /home/aayush/eYRC/Software/workspace/install/shape_interface/include/shape_interface/shape_interface/srv/get_shape.h
[7.101s] -- Installing: /home/aayush/eYRC/Software/workspace/install/shape_interface/include/shape_interface/shape_interface/srv/pixel_to_world.h
[7.101s] -- Installing: /home/aayush/eYRC/Software/workspace/install/shape_interface/include/shape_interface/shape_interface/srv/detail
[7.101s] -- Installing: /home/aayush/eYRC/Software/workspace/install/shape_interface/include/shape_interface/shape_interface/srv/detail/get_shape__functions.c
[7.101s] -- Installing: /home/aayush/eYRC/Software/workspace/install/shape_interface/include/shape_interface/shape_interface/srv/detail/pixel_to_world__type_support.h
[7.101s] -- Installing: /home/aayush/eYRC/Software/workspace/install/shape_interface/include/shape_interface/shape_interface/srv/detail/pixel_to_world__functions.h
[7.101s] -- Installing: /home/aayush/eYRC/Software/workspace/install/shape_interface/include/shape_interface/shape_interface/srv/detail/get_shape__struct.h
[7.101s] -- Installing: /home/aayush/eYRC/Software/workspace/install/shape_interface/include/shape_interface/shape_interface/srv/detail/get_shape__functions.h
[7.102s] -- Installing: /home/aayush/eYRC/Software/workspace/install/shape_interface/include/shape_interface/shape_interface/srv/detail/pixel_to_world__functions.c
[7.102s] -- Installing: /home/aayush/eYRC/Software/workspace/install/shape_interface/include/shape_interface/shape_interface/srv/detail/get_shape__type_support.h
[7.102s] -- Installing: /home/aayush/eYRC/Software/workspace/install/shape_interface/include/shape_interface/shape_interface/srv/detail/pixel_to_world__struct.h
[7.102s] -- Installing: /home/aayush/eYRC/Software/workspace/install/shape_interface/include/shape_interface/shape_interface/msg
[7.102s] -- Installing: /home/aayush/eYRC/Software/workspace/install/shape_interface/include/shape_interface/shape_interface/msg/shape.h
[7.102s] -- Installing: /home/aayush/eYRC/Software/workspace/install/shape_interface/include/shape_interface/shape_interface/msg/detail
[7.102s] -- Installing: /home/aayush/eYRC/Software/workspace/install/shape_interface/include/shape_interface/shape_interface/msg/detail/shape__functions.c
[7.103s] -- Installing: /home/aayush/eYRC/Software/workspace/install/shape_interface/include/shape_interface/shape_interface/msg/detail/shape__functions.h
[7.103s] -- Installing: /home/aayush/eYRC/Software/workspace/install/shape_interface/include/shape_interface/shape_interface/msg/detail/shape__type_support.h
[7.103s] -- Installing: /home/aayush/eYRC/Software/workspace/install/shape_interface/include/shape_interface/shape_interface/msg/detail/shape__struct.h
[7.103s] -- Installing: /home/aayush/eYRC/Software/workspace/install/shape_interface/include/shape_interface/shape_interface/msg/rosidl_generator_c__visibility_control.h
[7.103s] -- Installing: /home/aayush/eYRC/Software/workspace/install/shape_interface/share/shape_interface/environment/library_path.sh
[7.103s] -- Installing: /home/aayush/eYRC/Software/workspace/install/shape_interface/share/shape_interface/environment/library_path.dsv
[7.104s] -- Installing: /home/aayush/eYRC/Software/workspace/install/shape_interface/lib/libshape_interface__rosidl_generator_c.so
[7.104s] -- Set runtime path of "/home/aayush/eYRC/Software/workspace/install/shape_interface/lib/libshape_interface__rosidl_generator_c.so" to ""
[7.104s] -- Up-to-date: /home/aayush/eYRC/Software/workspace/install/shape_interface/include/shape_interface/shape_interface
[7.104s] -- Up-to-date: /home/aayush/eYRC/Software/workspace/install/shape_interface/include/shape_interface/shape_interface/srv
[7.105s] -- Up-to-date: /home/aayush/eYRC/Software/workspace/install/shape_interface/include/shape_interface/shape_interface/srv/detail
[7.105s] -- Installing: /home/aayush/eYRC/Software/workspace/install/shape_interface/include/shape_interface/shape_interface/srv/detail/get_shape__rosidl_typesupport_fastrtps_c.h
[7.105s] -- Installing: /home/aayush/eYRC/Software/workspace/install/shape_interface/include/shape_interface/shape_interface/srv/detail/pixel_to_world__rosidl_typesupport_fastrtps_c.h
[7.105s] -- Up-to-date: /home/aayush/eYRC/Software/workspace/install/shape_interface/include/shape_interface/shape_interface/msg
[7.105s] -- Up-to-date: /home/aayush/eYRC/Software/workspace/install/shape_interface/include/shape_interface/shape_interface/msg/detail
[7.105s] -- Installing: /home/aayush/eYRC/Software/workspace/install/shape_interface/include/shape_interface/shape_interface/msg/detail/shape__rosidl_typesupport_fastrtps_c.h
[7.105s] -- Installing: /home/aayush/eYRC/Software/workspace/install/shape_interface/include/shape_interface/shape_interface/msg/rosidl_typesupport_fastrtps_c__visibility_control.h
[7.105s] -- Installing: /home/aayush/eYRC/Software/workspace/install/shape_interface/lib/libshape_interface__rosidl_typesupport_fastrtps_c.so
[7.106s] -- Set runtime path of "/home/aayush/eYRC/Software/workspace/install/shape_interface/lib/libshape_interface__rosidl_typesupport_fastrtps_c.so" to ""
[7.106s] -- Up-to-date: /home/aayush/eYRC/Software/workspace/install/shape_interface/include/shape_interface/shape_interface
[7.106s] -- Up-to-date: /home/aayush/eYRC/Software/workspace/install/shape_interface/include/shape_interface/shape_interface/srv
[7.106s] -- Up-to-date: /home/aayush/eYRC/Software/workspace/install/shape_interface/include/shape_interface/shape_interface/srv/detail
[7.106s] -- Installing: /home/aayush/eYRC/Software/workspace/install/shape_interface/include/shape_interface/shape_interface/srv/detail/pixel_to_world__rosidl_typesupport_introspection_c.h
[7.106s] -- Installing: /home/aayush/eYRC/Software/workspace/install/shape_interface/include/shape_interface/shape_interface/srv/detail/get_shape__type_support.c
[7.106s] -- Installing: /home/aayush/eYRC/Software/workspace/install/shape_interface/include/shape_interface/shape_interface/srv/detail/pixel_to_world__type_support.c
[7.106s] -- Installing: /home/aayush/eYRC/Software/workspace/install/shape_interface/include/shape_interface/shape_interface/srv/detail/get_shape__rosidl_typesupport_introspection_c.h
[7.106s] -- Up-to-date: /home/aayush/eYRC/Software/workspace/install/shape_interface/include/shape_interface/shape_interface/msg
[7.106s] -- Installing: /home/aayush/eYRC/Software/workspace/install/shape_interface/include/shape_interface/shape_interface/msg/rosidl_typesupport_introspection_c__visibility_control.h
[7.106s] -- Up-to-date: /home/aayush/eYRC/Software/workspace/install/shape_interface/include/shape_interface/shape_interface/msg/detail
[7.106s] -- Installing: /home/aayush/eYRC/Software/workspace/install/shape_interface/include/shape_interface/shape_interface/msg/detail/shape__rosidl_typesupport_introspection_c.h
[7.107s] -- Installing: /home/aayush/eYRC/Software/workspace/install/shape_interface/include/shape_interface/shape_interface/msg/detail/shape__type_support.c
[7.107s] -- Installing: /home/aayush/eYRC/Software/workspace/install/shape_interface/lib/libshape_interface__rosidl_typesupport_introspection_c.so
[7.107s] -- Set runtime path of "/home/aayush/eYRC/Software/workspace/install/shape_interface/lib/libshape_interface__rosidl_typesupport_introspection_c.so" to ""
[7.107s] -- Installing: /home/aayush/eYRC/Software/workspace/install/shape_interface/lib/libshape_interface__rosidl_typesupport_c.so
[7.108s] -- Set runtime path of "/home/aayush/eYRC/Software/workspace/install/shape_interface/lib/libshape_interface__rosidl_typesupport_c.so" to ""
[7.108s] -- Up-to-date: /home/aayush/eYRC/Software/workspace/install/shape_interface/include/shape_interface/shape_interface
[7.108s] -- Up-to-date: /home/aayush/eYRC/Software/workspace/install/shape_interface/include/shape_interface/shape_interface/srv
[7.108s] -- Up-to-date: /home/aayush/eYRC/Software/workspace/install/shape_interface/include/shape_interface/shape_interface/srv/detail
[7.108s] -- Installing: /home/aayush/eYRC/Software/workspace/install/shape_interface/include/shape_interface/shape_interface/srv/detail/pixel_to_world__type_support.hpp
[7.108s] -- Installing: /home/aayush/eYRC/Software/workspace/install/shape_interface/include/shape_interface/shape_interface/srv/detail/pixel_to_world__struct.hpp
[7.108s] -- Installing: /home/aayush/eYRC/Software/workspace/install/shape_interface/include/shape_interface/shape_interface/srv/detail/get_shape__type_support.hpp
[7.108s] -- Installing: /home/aayush/eYRC/Software/workspace/install/shape_interface/include/shape_interface/shape_interface/srv/detail/pixel_to_world__builder.hpp
[7.108s] -- Installing: /home/aayush/eYRC/Software/workspace/install/shape_interface/include/shape_interface/shape_interface/srv/detail/pixel_to_world__traits.hpp
[7.109s] -- Installing: /home/aayush/eYRC/Software/workspace/install/shape_interface/include/shape_interface/shape_interface/srv/detail/get_shape__struct.hpp
[7.109s] -- Installing: /home/aayush/eYRC/Software/workspace/install/shape_interface/include/shape_interface/shape_interface/srv/detail/get_shape__builder.hpp
[7.109s] -- Installing: /home/aayush/eYRC/Software/workspace/install/shape_interface/include/shape_interface/shape_interface/srv/detail/get_shape__traits.hpp
[7.109s] -- Installing: /home/aayush/eYRC/Software/workspace/install/shape_interface/include/shape_interface/shape_interface/srv/get_shape.hpp
[7.109s] -- Installing: /home/aayush/eYRC/Software/workspace/install/shape_interface/include/shape_interface/shape_interface/srv/pixel_to_world.hpp
[7.109s] -- Up-to-date: /home/aayush/eYRC/Software/workspace/install/shape_interface/include/shape_interface/shape_interface/msg
[7.109s] -- Installing: /home/aayush/eYRC/Software/workspace/install/shape_interface/include/shape_interface/shape_interface/msg/rosidl_generator_cpp__visibility_control.hpp
[7.109s] -- Installing: /home/aayush/eYRC/Software/workspace/install/shape_interface/include/shape_interface/shape_interface/msg/shape.hpp
[7.110s] -- Up-to-date: /home/aayush/eYRC/Software/workspace/install/shape_interface/include/shape_interface/shape_interface/msg/detail
[7.110s] -- Installing: /home/aayush/eYRC/Software/workspace/install/shape_interface/include/shape_interface/shape_interface/msg/detail/shape__struct.hpp
[7.110s] -- Installing: /home/aayush/eYRC/Software/workspace/install/shape_interface/include/shape_interface/shape_interface/msg/detail/shape__type_support.hpp
[7.110s] -- Installing: /home/aayush/eYRC/Software/workspace/install/shape_interface/include/shape_interface/shape_interface/msg/detail/shape__traits.hpp
[7.110s] -- Installing: /home/aayush/eYRC/Software/workspace/install/shape_interface/include/shape_interface/shape_interface/msg/detail/shape__builder.hpp
[7.110s] -- Up-to-date: /home/aayush/eYRC/Software/workspace/install/shape_interface/include/shape_interface/shape_interface
[7.110s] -- Up-to-date: /home/aayush/eYRC/Software/workspace/install/shape_interface/include/shape_interface/shape_interface/srv
[7.110s] -- Up-to-date: /home/aayush/eYRC/Software/workspace/install/shape_interface/include/shape_interface/shape_interface/srv/detail
[7.110s] -- Installing: /home/aayush/eYRC/Software/workspace/install/shape_interface/include/shape_interface/shape_interface/srv/detail/dds_fastrtps
[7.110s] -- Installing: /home/aayush/eYRC/Software/workspace/install/shape_interface/include/shape_interface/shape_interface/srv/detail/pixel_to_world__rosidl_typesupport_fastrtps_cpp.hpp
[7.111s] -- Installing: /home/aayush/eYRC/Software/workspace/install/shape_interface/include/shape_interface/shape_interface/srv/detail/get_shape__rosidl_typesupport_fastrtps_cpp.hpp
[7.111s] -- Up-to-date: /home/aayush/eYRC/Software/workspace/install/shape_interface/include/shape_interface/shape_interface/msg
[7.111s] -- Up-to-date: /home/aayush/eYRC/Software/workspace/install/shape_interface/include/shape_interface/shape_interface/msg/detail
[7.111s] -- Installing: /home/aayush/eYRC/Software/workspace/install/shape_interface/include/shape_interface/shape_interface/msg/detail/shape__rosidl_typesupport_fastrtps_cpp.hpp
[7.111s] -- Installing: /home/aayush/eYRC/Software/workspace/install/shape_interface/include/shape_interface/shape_interface/msg/detail/dds_fastrtps
[7.111s] -- Installing: /home/aayush/eYRC/Software/workspace/install/shape_interface/include/shape_interface/shape_interface/msg/rosidl_typesupport_fastrtps_cpp__visibility_control.h
[7.111s] -- Installing: /home/aayush/eYRC/Software/workspace/install/shape_interface/lib/libshape_interface__rosidl_typesupport_fastrtps_cpp.so
[7.112s] -- Set runtime path of "/home/aayush/eYRC/Software/workspace/install/shape_interface/lib/libshape_interface__rosidl_typesupport_fastrtps_cpp.so" to ""
[7.112s] -- Up-to-date: /home/aayush/eYRC/Software/workspace/install/shape_interface/include/shape_interface/shape_interface
[7.112s] -- Up-to-date: /home/aayush/eYRC/Software/workspace/install/shape_interface/include/shape_interface/shape_interface/srv
[7.112s] -- Up-to-date: /home/aayush/eYRC/Software/workspace/install/shape_interface/include/shape_interface/shape_interface/srv/detail
[7.112s] -- Installing: /home/aayush/eYRC/Software/workspace/install/shape_interface/include/shape_interface/shape_interface/srv/detail/pixel_to_world__rosidl_typesupport_introspection_cpp.hpp
[7.112s] -- Installing: /home/aayush/eYRC/Software/workspace/install/shape_interface/include/shape_interface/shape_interface/srv/detail/get_shape__type_support.cpp
[7.113s] -- Installing: /home/aayush/eYRC/Software/workspace/install/shape_interface/include/shape_interface/shape_interface/srv/detail/get_shape__rosidl_typesupport_introspection_cpp.hpp
[7.113s] -- Installing: /home/aayush/eYRC/Software/workspace/install/shape_interface/include/shape_interface/shape_interface/srv/detail/pixel_to_world__type_support.cpp
[7.113s] -- Up-to-date: /home/aayush/eYRC/Software/workspace/install/shape_interface/include/shape_interface/shape_interface/msg
[7.113s] -- Up-to-date: /home/aayush/eYRC/Software/workspace/install/shape_interface/include/shape_interface/shape_interface/msg/detail
[7.113s] -- Installing: /home/aayush/eYRC/Software/workspace/install/shape_interface/include/shape_interface/shape_interface/msg/detail/shape__rosidl_typesupport_introspection_cpp.hpp
[7.113s] -- Installing: /home/aayush/eYRC/Software/workspace/install/shape_interface/include/shape_interface/shape_interface/msg/detail/shape__type_support.cpp
[7.113s] -- Installing: /home/aayush/eYRC/Software/workspace/install/shape_interface/lib/libshape_interface__rosidl_typesupport_introspection_cpp.so
[7.114s] -- Set runtime path of "/home/aayush/eYRC/Software/workspace/install/shape_interface/lib/libshape_interface__rosidl_typesupport_introspection_cpp.so" to ""
[7.114s] -- Installing: /home/aayush/eYRC/Software/workspace/install/shape_interface/lib/libshape_interface__rosidl_typesupport_cpp.so
[7.114s] -- Set runtime path of "/home/aayush/eYRC/Software/workspace/install/shape_interface/lib/libshape_interface__rosidl_typesupport_cpp.so" to ""
[7.114s] -- Installing: /home/aayush/eYRC/Software/workspace/install/shape_interface/share/shape_interface/environment/pythonpath.sh
[7.114s] -- Installing: /home/aayush/eYRC/Software/workspace/install/shape_interface/share/shape_interface/environment/pythonpath.dsv
[7.114s] -- Installing: /home/aayush/eYRC/Software/workspace/install/shape_interface/local/lib/python3.10/dist-packages/shape_interface-0.0.0-py3.10.egg-info
[7.115s] -- Installing: /home/aayush/eYRC/Software/workspace/install/shape_interface/local/lib/python3.10/dist-packages/shape_interface-0.0.0-py3.10.egg-info/SOURCES.txt
[7.115s] -- Installing: /home/aayush/eYRC/Software/workspace/install/shape_interface/local/lib/python3.10/dist-packages/shape_interface-0.0.0-py3.10.egg-info/top_level.txt
[7.115s] -- Installing: /home/aayush/eYRC/Software/workspace/install/shape_interface/local/lib/python3.10/dist-packages/shape_interface-0.0.0-py3.10.egg-info/PKG-INFO
[7.115s] -- Installing: /home/aayush/eYRC/Software/workspace/install/shape_interface/local/lib/python3.10/dist-packages/shape_interface-0.0.0-py3.10.egg-info/dependency_links.txt
[7.115s] -- Installing: /home/aayush/eYRC/Software/workspace/install/shape_interface/local/lib/python3.10/dist-packages/shape_interface
[7.115s] -- Installing: /home/aayush/eYRC/Software/workspace/install/shape_interface/local/lib/python3.10/dist-packages/shape_interface/_shape_interface_s.ep.rosidl_typesupport_c.c
[7.115s] -- Installing: /home/aayush/eYRC/Software/workspace/install/shape_interface/local/lib/python3.10/dist-packages/shape_interface/shape_interface_s__rosidl_typesupport_c.cpython-310-x86_64-linux-gnu.so
[7.115s] -- Installing: /home/aayush/eYRC/Software/workspace/install/shape_interface/local/lib/python3.10/dist-packages/shape_interface/shape_interface_s__rosidl_typesupport_introspection_c.cpython-310-x86_64-linux-gnu.so
[7.116s] -- Installing: /home/aayush/eYRC/Software/workspace/install/shape_interface/local/lib/python3.10/dist-packages/shape_interface/_shape_interface_s.ep.rosidl_typesupport_introspection_c.c
[7.116s] -- Installing: /home/aayush/eYRC/Software/workspace/install/shape_interface/local/lib/python3.10/dist-packages/shape_interface/srv
[7.116s] -- Installing: /home/aayush/eYRC/Software/workspace/install/shape_interface/local/lib/python3.10/dist-packages/shape_interface/srv/_get_shape_s.c
[7.116s] -- Installing: /home/aayush/eYRC/Software/workspace/install/shape_interface/local/lib/python3.10/dist-packages/shape_interface/srv/_pixel_to_world_s.c
[7.116s] -- Installing: /home/aayush/eYRC/Software/workspace/install/shape_interface/local/lib/python3.10/dist-packages/shape_interface/srv/__init__.py
[7.116s] -- Installing: /home/aayush/eYRC/Software/workspace/install/shape_interface/local/lib/python3.10/dist-packages/shape_interface/srv/_pixel_to_world.py
[7.116s] -- Installing: /home/aayush/eYRC/Software/workspace/install/shape_interface/local/lib/python3.10/dist-packages/shape_interface/srv/_get_shape.py
[7.117s] -- Installing: /home/aayush/eYRC/Software/workspace/install/shape_interface/local/lib/python3.10/dist-packages/shape_interface/shape_interface_s__rosidl_typesupport_fastrtps_c.cpython-310-x86_64-linux-gnu.so
[7.117s] -- Installing: /home/aayush/eYRC/Software/workspace/install/shape_interface/local/lib/python3.10/dist-packages/shape_interface/msg
[7.117s] -- Installing: /home/aayush/eYRC/Software/workspace/install/shape_interface/local/lib/python3.10/dist-packages/shape_interface/msg/_shape_s.c
[7.117s] -- Installing: /home/aayush/eYRC/Software/workspace/install/shape_interface/local/lib/python3.10/dist-packages/shape_interface/msg/_shape.py
[7.117s] -- Installing: /home/aayush/eYRC/Software/workspace/install/shape_interface/local/lib/python3.10/dist-packages/shape_interface/msg/__init__.py
[7.117s] -- Installing: /home/aayush/eYRC/Software/workspace/install/shape_interface/local/lib/python3.10/dist-packages/shape_interface/libshape_interface__rosidl_generator_py.so
[7.117s] -- Installing: /home/aayush/eYRC/Software/workspace/install/shape_interface/local/lib/python3.10/dist-packages/shape_interface/__init__.py
[7.117s] -- Installing: /home/aayush/eYRC/Software/workspace/install/shape_interface/local/lib/python3.10/dist-packages/shape_interface/_shape_interface_s.ep.rosidl_typesupport_fastrtps_c.c
[7.148s] Listing '/home/aayush/eYRC/Software/workspace/install/shape_interface/local/lib/python3.10/dist-packages/shape_interface'...
[7.148s] Compiling '/home/aayush/eYRC/Software/workspace/install/shape_interface/local/lib/python3.10/dist-packages/shape_interface/__init__.py'...
[7.148s] Listing '/home/aayush/eYRC/Software/workspace/install/shape_interface/local/lib/python3.10/dist-packages/shape_interface/msg'...
[7.148s] Compiling '/home/aayush/eYRC/Software/workspace/install/shape_interface/local/lib/python3.10/dist-packages/shape_interface/msg/__init__.py'...
[7.148s] Compiling '/home/aayush/eYRC/Software/workspace/install/shape_interface/local/lib/python3.10/dist-packages/shape_interface/msg/_shape.py'...
[7.149s] Listing '/home/aayush/eYRC/Software/workspace/install/shape_interface/local/lib/python3.10/dist-packages/shape_interface/srv'...
[7.149s] Compiling '/home/aayush/eYRC/Software/workspace/install/shape_interface/local/lib/python3.10/dist-packages/shape_interface/srv/__init__.py'...
[7.149s] Compiling '/home/aayush/eYRC/Software/workspace/install/shape_interface/local/lib/python3.10/dist-packages/shape_interface/srv/_get_shape.py'...
[7.149s] Compiling '/home/aayush/eYRC/Software/workspace/install/shape_interface/local/lib/python3.10/dist-packages/shape_interface/srv/_pixel_to_world.py'...
[7.152s] -- Installing: /home/aayush/eYRC/Software/workspace/install/shape_interface/local/lib/python3.10/dist-packages/shape_interface/shape_interface_s__rosidl_typesupport_fastrtps_c.cpython-310-x86_64-linux-gnu.so
[7.152s] -- Set runtime path of "/home/aayush/eYRC/Software/workspace/install/shape_interface/local/lib/python3.10/dist-packages/shape_interface/shape_interface_s__rosidl_typesupport_fastrtps_c.cpython-310-x86_64-linux-gnu.so" to ""
[7.152s] -- Installing: /home/aayush/eYRC/Software/workspace/install/shape_interface/local/lib/python3.10/dist-packages/shape_interface/shape_interface_s__rosidl_typesupport_introspection_c.cpython-310-x86_64-linux-gnu.so
[7.153s] -- Set runtime path of "/home/aayush/eYRC/Software/workspace/install/shape_interface/local/lib/python3.10/dist-packages/shape_interface/shape_interface_s__rosidl_typesupport_introspection_c.cpython-310-x86_64-linux-gnu.so" to ""
[7.153s] -- Installing: /home/aayush/eYRC/Software/workspace/install/shape_interface/local/lib/python3.10/dist-packages/shape_interface/shape_interface_s__rosidl_typesupport_c.cpython-310-x86_64-linux-gnu.so
[7.153s] -- Set runtime path of "/home/aayush/eYRC/Software/workspace/install/shape_interface/local/lib/python3.10/dist-packages/shape_interface/shape_interface_s__rosidl_typesupport_c.cpython-310-x86_64-linux-gnu.so" to ""
[7.153s] -- Installing: /home/aayush/eYRC/Software/workspace/install/shape_interface/lib/libshape_interface__rosidl_generator_py.so
[7.153s] -- Set runtime path of "/home/aayush/eYRC/Software/workspace/install/shape_interface/lib/libshape_interface__rosidl_generator_py.so" to ""
[7.154s] -- Installing: /home/aayush/eYRC/Software/workspace/install/shape_interface/share/shape_interface/rust
[7.154s] -- Installing: /home/aayush/eYRC/Software/workspace/install/shape_interface/share/shape_interface/rust/src
[7.154s] -- Installing: /home/aayush/eYRC/Software/workspace/install/shape_interface/share/shape_interface/rust/src/srv.rs
[7.154s] -- Installing: /home/aayush/eYRC/Software/workspace/install/shape_interface/share/shape_interface/rust/src/srv
[7.154s] -- Installing: /home/aayush/eYRC/Software/workspace/install/shape_interface/share/shape_interface/rust/src/srv/rmw.rs
[7.155s] -- Installing: /home/aayush/eYRC/Software/workspace/install/shape_interface/share/shape_interface/rust/src/msg
[7.155s] -- Installing: /home/aayush/eYRC/Software/workspace/install/shape_interface/share/shape_interface/rust/src/msg/rmw.rs
[7.155s] -- Installing: /home/aayush/eYRC/Software/workspace/install/shape_interface/share/shape_interface/rust/src/msg.rs
[7.155s] -- Installing: /home/aayush/eYRC/Software/workspace/install/shape_interface/share/shape_interface/rust/src/lib.rs
[7.155s] -- Installing: /home/aayush/eYRC/Software/workspace/install/shape_interface/share/shape_interface/rust/build.rs
[7.156s] -- Installing: /home/aayush/eYRC/Software/workspace/install/shape_interface/share/shape_interface/rust/Cargo.toml
[7.156s] -- Installing: /home/aayush/eYRC/Software/workspace/install/shape_interface/share/shape_interface/srv/GetShape.idl
[7.156s] -- Installing: /home/aayush/eYRC/Software/workspace/install/shape_interface/share/shape_interface/srv/PixelToWorld.idl
[7.156s] -- Installing: /home/aayush/eYRC/Software/workspace/install/shape_interface/share/shape_interface/msg/Shape.idl
[7.156s] -- Installing: /home/aayush/eYRC/Software/workspace/install/shape_interface/share/shape_interface/srv/GetShape.srv
[7.156s] -- Installing: /home/aayush/eYRC/Software/workspace/install/shape_interface/share/shape_interface/srv/GetShape_Request.msg
[7.156s] -- Installing: /home/aayush/eYRC/Software/workspace/install/shape_interface/share/shape_interface/srv/GetShape_Response.msg
[7.156s] -- Installing: /home/aayush/eYRC/Software/workspace/install/shape_interface/share/shape_interface/srv/PixelToWorld.srv
[7.157s] -- Installing: /home/aayush/eYRC/Software/workspace/install/shape_interface/share/shape_interface/srv/PixelToWorld_Request.msg
[7.157s] -- Installing: /home/aayush/eYRC/Software/workspace/install/shape_interface/share/shape_interface/srv/PixelToWorld_Response.msg
[7.157s] -- Installing: /home/aayush/eYRC/Software/workspace/install/shape_interface/share/shape_interface/msg/Shape.msg
[7.157s] -- Installing: /home/aayush/eYRC/Software/workspace/install/shape_interface/share/ament_index/resource_index/package_run_dependencies/shape_interface
[7.157s] -- Installing: /home/aayush/eYRC/Software/workspace/install/shape_interface/share/ament_index/resource_index/parent_prefix_path/shape_interface
[7.157s] -- Installing: /home/aayush/eYRC/Software/workspace/install/shape_interface/share/shape_interface/environment/ament_prefix_path.sh
[7.158s] -- Installing: /home/aayush/eYRC/Software/workspace/install/shape_interface/share/shape_interface/environment/ament_prefix_path.dsv
[7.158s] -- Installing: /home/aayush/eYRC/Software/workspace/install/shape_interface/share/shape_interface/environment/path.sh
[7.158s] -- Installing: /home/aayush/eYRC/Software/workspace/install/shape_interface/share/shape_interface/environment/path.dsv
[7.159s] -- Installing: /home/aayush/eYRC/Software/workspace/install/shape_interface/share/shape_interface/local_setup.bash
[7.159s] -- Installing: /home/aayush/eYRC/Software/workspace/install/shape_interface/share/shape_interface/local_setup.sh
[7.159s] -- Installing: /home/aayush/eYRC/Software/workspace/install/shape_interface/share/shape_interface/local_setup.zsh
[7.159s] -- Installing: /home/aayush/eYRC/Software/workspace/install/shape_interface/share/shape_interface/local_setup.dsv
[7.159s] -- Installing: /home/aayush/eYRC/Software/workspace/install/shape_interface/share/shape_interface/package.dsv
[7.159s] -- Installing: /home/aayush/eYRC/Software/workspace/install/shape_interface/share/ament_index/resource_index/packages/shape_interface
[7.159s] -- Installing: /home/aayush/eYRC/Software/workspace/install/shape_interface/share/shape_interface/cmake/export_shape_interface__rosidl_generator_cExport.cmake
[7.159s] -- Installing: /home/aayush/eYRC/Software/workspace/install/shape_interface/share/shape_interface/cmake/export_shape_interface__rosidl_generator_cExport-noconfig.cmake
[7.160s] -- Installing: /home/aayush/eYRC/Software/workspace/install/shape_interface/share/shape_interface/cmake/export_shape_interface__rosidl_typesupport_fastrtps_cExport.cmake
[7.160s] -- Installing: /home/aayush/eYRC/Software/workspace/install/shape_interface/share/shape_interface/cmake/export_shape_interface__rosidl_typesupport_fastrtps_cExport-noconfig.cmake
[7.160s] -- Installing: /home/aayush/eYRC/Software/workspace/install/shape_interface/share/shape_interface/cmake/shape_interface__rosidl_typesupport_introspection_cExport.cmake
[7.160s] -- Installing: /home/aayush/eYRC/Software/workspace/install/shape_interface/share/shape_interface/cmake/shape_interface__rosidl_typesupport_introspection_cExport-noconfig.cmake
[7.160s] -- Installing: /home/aayush/eYRC/Software/workspace/install/shape_interface/share/shape_interface/cmake/shape_interface__rosidl_typesupport_cExport.cmake
[7.160s] -- Installing: /home/aayush/eYRC/Software/workspace/install/shape_interface/share/shape_interface/cmake/shape_interface__rosidl_typesupport_cExport-noconfig.cmake
[7.160s] -- Installing: /home/aayush/eYRC/Software/workspace/install/shape_interface/share/shape_interface/cmake/export_shape_interface__rosidl_generator_cppExport.cmake
[7.160s] -- Installing: /home/aayush/eYRC/Software/workspace/install/shape_interface/share/shape_interface/cmake/export_shape_interface__rosidl_typesupport_fastrtps_cppExport.cmake
[7.160s] -- Installing: /home/aayush/eYRC/Software/workspace/install/shape_interface/share/shape_interface/cmake/export_shape_interface__rosidl_typesupport_fastrtps_cppExport-noconfig.cmake
[7.160s] -- Installing: /home/aayush/eYRC/Software/workspace/install/shape_interface/share/shape_interface/cmake/shape_interface__rosidl_typesupport_introspection_cppExport.cmake
[7.161s] -- Installing: /home/aayush/eYRC/Software/workspace/install/shape_interface/share/shape_interface/cmake/shape_interface__rosidl_typesupport_introspection_cppExport-noconfig.cmake
[7.161s] -- Installing: /home/aayush/eYRC/Software/workspace/install/shape_interface/share/shape_interface/cmake/shape_interface__rosidl_typesupport_cppExport.cmake
[7.161s] -- Installing: /home/aayush/eYRC/Software/workspace/install/shape_interface/share/shape_interface/cmake/shape_interface__rosidl_typesupport_cppExport-noconfig.cmake
[7.161s] -- Installing: /home/aayush/eYRC/Software/workspace/install/shape_interface/share/shape_interface/cmake/export_shape_interface__rosidl_generator_pyExport.cmake
[7.161s] -- Installing: /home/aayush/eYRC/Software/workspace/install/shape_interface/share/shape_interface/cmake/export_shape_interface__rosidl_generator_pyExport-noconfig.cmake
[7.161s] -- Installing: /home/aayush/eYRC/Software/workspace/install/shape_interface/share/shape_interface/cmake/rosidl_cmake-extras.cmake
[7.161s] -- Installing: /home/aayush/eYRC/Software/workspace/install/shape_interface/share/shape_interface/cmake/ament_cmake_export_include_directories-extras.cmake
[7.161s] -- Installing: /home/aayush/eYRC/Software/workspace/install/shape_interface/share/shape_interface/cmake/ament_cmake_export_libraries-extras.cmake
[7.161s] -- Installing: /home/aayush/eYRC/Software/workspace/install/shape_interface/share/shape_interface/cmake/ament_cmake_export_targets-extras.cmake
[7.161s] -- Installing: /home/aayush/eYRC/Software/workspace/install/shape_interface/share/shape_interface/cmake/rosidl_cmake_export_typesupport_targets-extras.cmake
[7.161s] -- Installing: /home/aayush/eYRC/Software/workspace/install/shape_interface/share/shape_interface/cmake/ament_cmake_export_dependencies-extras.cmake
[7.162s] -- Installing: /home/aayush/eYRC/Software/workspace/install/shape_interface/share/shape_interface/cmake/rosidl_cmake_export_typesupport_libraries-extras.cmake
[7.162s] -- Installing: /home/aayush/eYRC/Software/workspace/install/shape_interface/share/shape_interface/cmake/rosidl_cmake_aggregate_target-extras.cmake
[7.162s] -- Installing: /home/aayush/eYRC/Software/workspace/install/shape_interface/share/shape_interface/cmake/shape_interfaceConfig.cmake
[7.162s] -- Installing: /home/aayush/eYRC/Software/workspace/install/shape_interface/share/shape_interface/cmake/shape_interfaceConfig-version.cmake
[7.162s] -- Installing: /home/aayush/eYRC/Software/workspace/install/shape_interface/share/shape_interface/package.xml
[7.163s] Invoked command in '/home/aayush/eYRC/Software/workspace/build/shape_interface' returned '0': CMAKE_PREFIX_PATH=/opt/ros/humble /usr/bin/cmake --install /home/aayush/eYRC/Software/workspace/build/shape_interface
