[0.008s] Invoking command in '/home/aayush/eYRC/Software/workspace/build/task_1c': CMAKE_PREFIX_PATH=/home/aayush/eYRC/Software/workspace/install/shape_interface:/home/aayush/eYRC/Software/workspace/install/task_1c:/home/aayush/eYRC/Software/workspace/install/task_1b:/home/aayush/eYRC/Software/workspace/install/hb_description:/home/aayush/eYRC/Software/workspace/install/task_1a:/opt/ros/humble LD_LIBRARY_PATH=/home/aayush/eYRC/Software/workspace/install/shape_interface/lib:/home/aayush/eYRC/Software/workspace/install/hb_description/lib:/opt/ros/humble/opt/rviz_ogre_vendor/lib:/opt/ros/humble/lib/x86_64-linux-gnu:/opt/ros/humble/lib:/opt/mujoco/lib /usr/bin/cmake --build /home/aayush/eYRC/Software/workspace/build/task_1c -- -j6 -l6
[0.046s] Invoked command in '/home/aayush/eYRC/Software/workspace/build/task_1c' returned '0': CMAKE_PREFIX_PATH=/home/aayush/eYRC/Software/workspace/install/shape_interface:/home/aayush/eYRC/Software/workspace/install/task_1c:/home/aayush/eYRC/Software/workspace/install/task_1b:/home/aayush/eYRC/Software/workspace/install/hb_description:/home/aayush/eYRC/Software/workspace/install/task_1a:/opt/ros/humble LD_LIBRARY_PATH=/home/aayush/eYRC/Software/workspace/install/shape_interface/lib:/home/aayush/eYRC/Software/workspace/install/hb_description/lib:/opt/ros/humble/opt/rviz_ogre_vendor/lib:/opt/ros/humble/lib/x86_64-linux-gnu:/opt/ros/humble/lib:/opt/mujoco/lib /usr/bin/cmake --build /home/aayush/eYRC/Software/workspace/build/task_1c -- -j6 -l6
[0.047s] Invoking command in '/home/aayush/eYRC/Software/workspace/build/task_1c': CMAKE_PREFIX_PATH=/home/aayush/eYRC/Software/workspace/install/shape_interface:/home/aayush/eYRC/Software/workspace/install/task_1c:/home/aayush/eYRC/Software/workspace/install/task_1b:/home/aayush/eYRC/Software/workspace/install/hb_description:/home/aayush/eYRC/Software/workspace/install/task_1a:/opt/ros/humble LD_LIBRARY_PATH=/home/aayush/eYRC/Software/workspace/install/shape_interface/lib:/home/aayush/eYRC/Software/workspace/install/hb_description/lib:/opt/ros/humble/opt/rviz_ogre_vendor/lib:/opt/ros/humble/lib/x86_64-linux-gnu:/opt/ros/humble/lib:/opt/mujoco/lib /usr/bin/cmake --install /home/aayush/eYRC/Software/workspace/build/task_1c
[0.055s] -- Install configuration: ""
[0.055s] -- Up-to-date: /home/aayush/eYRC/Software/workspace/install/task_1c/lib/task_1c/sim_control
[0.055s] -- Up-to-date: /home/aayush/eYRC/Software/workspace/install/task_1c/lib/task_1c/shape_service
[0.055s] -- Up-to-date: /home/aayush/eYRC/Software/workspace/install/task_1c/share/ament_index/resource_index/package_run_dependencies/task_1c
[0.055s] -- Up-to-date: /home/aayush/eYRC/Software/workspace/install/task_1c/share/ament_index/resource_index/parent_prefix_path/task_1c
[0.056s] -- Up-to-date: /home/aayush/eYRC/Software/workspace/install/task_1c/share/task_1c/environment/ament_prefix_path.sh
[0.056s] -- Up-to-date: /home/aayush/eYRC/Software/workspace/install/task_1c/share/task_1c/environment/ament_prefix_path.dsv
[0.056s] -- Up-to-date: /home/aayush/eYRC/Software/workspace/install/task_1c/share/task_1c/environment/path.sh
[0.056s] -- Up-to-date: /home/aayush/eYRC/Software/workspace/install/task_1c/share/task_1c/environment/path.dsv
[0.056s] -- Up-to-date: /home/aayush/eYRC/Software/workspace/install/task_1c/share/task_1c/local_setup.bash
[0.056s] -- Up-to-date: /home/aayush/eYRC/Software/workspace/install/task_1c/share/task_1c/local_setup.sh
[0.056s] -- Up-to-date: /home/aayush/eYRC/Software/workspace/install/task_1c/share/task_1c/local_setup.zsh
[0.056s] -- Up-to-date: /home/aayush/eYRC/Software/workspace/install/task_1c/share/task_1c/local_setup.dsv
[0.056s] -- Installing: /home/aayush/eYRC/Software/workspace/install/task_1c/share/task_1c/package.dsv
[0.056s] -- Up-to-date: /home/aayush/eYRC/Software/workspace/install/task_1c/share/ament_index/resource_index/packages/task_1c
[0.056s] -- Up-to-date: /home/aayush/eYRC/Software/workspace/install/task_1c/share/task_1c/cmake/task_1cConfig.cmake
[0.056s] -- Up-to-date: /home/aayush/eYRC/Software/workspace/install/task_1c/share/task_1c/cmake/task_1cConfig-version.cmake
[0.056s] -- Up-to-date: /home/aayush/eYRC/Software/workspace/install/task_1c/share/task_1c/package.xml
[0.058s] Invoked command in '/home/aayush/eYRC/Software/workspace/build/task_1c' returned '0': CMAKE_PREFIX_PATH=/home/aayush/eYRC/Software/workspace/install/shape_interface:/home/aayush/eYRC/Software/workspace/install/task_1c:/home/aayush/eYRC/Software/workspace/install/task_1b:/home/aayush/eYRC/Software/workspace/install/hb_description:/home/aayush/eYRC/Software/workspace/install/task_1a:/opt/ros/humble LD_LIBRARY_PATH=/home/aayush/eYRC/Software/workspace/install/shape_interface/lib:/home/aayush/eYRC/Software/workspace/install/hb_description/lib:/opt/ros/humble/opt/rviz_ogre_vendor/lib:/opt/ros/humble/lib/x86_64-linux-gnu:/opt/ros/humble/lib:/opt/mujoco/lib /usr/bin/cmake --install /home/aayush/eYRC/Software/workspace/build/task_1c
