[0.012s] Invoking command in '/home/p1kachu/eYRC_26-27_Hola-The-Explorer/Software/workspace/build/hb_description': AMENT_PREFIX_PATH=/home/p1kachu/eYRC_26-27_Hola-The-Explorer/Software/workspace/install/task_1a:/home/p1kachu/eYRC_26-27_Hola-The-Explorer/Software/workspace/install/shape_interface:${AMENT_PREFIX_PATH} CMAKE_PREFIX_PATH=/home/p1kachu/eYRC_26-27_Hola-The-Explorer/Software/workspace/install/task_1a:/home/p1kachu/eYRC_26-27_Hola-The-Explorer/Software/workspace/install/shape_interface:/opt/ros/humble LD_LIBRARY_PATH=/home/p1kachu/eYRC_26-27_Hola-The-Explorer/Software/workspace/install/shape_interface/lib:${LD_LIBRARY_PATH} PYTHONPATH=/home/p1kachu/eYRC_26-27_Hola-The-Explorer/Software/workspace/install/task_1a/local/lib/python3.10/dist-packages:/home/p1kachu/eYRC_26-27_Hola-The-Explorer/Software/workspace/install/shape_interface/local/lib/python3.10/dist-packages:${PYTHONPATH} /usr/bin/cmake /home/p1kachu/eYRC_26-27_Hola-The-Explorer/Software/workspace/src/hb_description -DCMAKE_INSTALL_PREFIX=/home/p1kachu/eYRC_26-27_Hola-The-Explorer/Software/workspace/install/hb_description
[0.082s] -- The C compiler identification is GNU 11.4.0
[0.154s] -- The CXX compiler identification is GNU 11.4.0
[0.163s] -- Detecting C compiler ABI info
[0.254s] -- Detecting C compiler ABI info - done
[0.265s] -- Check for working C compiler: /usr/bin/cc - skipped
[0.265s] -- Detecting C compile features
[0.265s] -- Detecting C compile features - done
[0.269s] -- Detecting CXX compiler ABI info
[0.375s] -- Detecting CXX compiler ABI info - done
[0.385s] -- Check for working CXX compiler: /usr/bin/c++ - skipped
[0.385s] -- Detecting CXX compile features
[0.386s] -- Detecting CXX compile features - done
[0.388s] -- Found ament_cmake: 1.3.14 (/opt/ros/humble/share/ament_cmake/cmake)
[0.575s] -- Found Python3: /usr/bin/python3 (found version "3.10.12") found components: Interpreter 
[0.763s] -- Configuring done
[0.766s] -- Generating done
[0.768s] -- Build files have been written to: /home/p1kachu/eYRC_26-27_Hola-The-Explorer/Software/workspace/build/hb_description
[0.777s] Invoked command in '/home/p1kachu/eYRC_26-27_Hola-The-Explorer/Software/workspace/build/hb_description' returned '0': AMENT_PREFIX_PATH=/home/p1kachu/eYRC_26-27_Hola-The-Explorer/Software/workspace/install/task_1a:/home/p1kachu/eYRC_26-27_Hola-The-Explorer/Software/workspace/install/shape_interface:${AMENT_PREFIX_PATH} CMAKE_PREFIX_PATH=/home/p1kachu/eYRC_26-27_Hola-The-Explorer/Software/workspace/install/task_1a:/home/p1kachu/eYRC_26-27_Hola-The-Explorer/Software/workspace/install/shape_interface:/opt/ros/humble LD_LIBRARY_PATH=/home/p1kachu/eYRC_26-27_Hola-The-Explorer/Software/workspace/install/shape_interface/lib:${LD_LIBRARY_PATH} PYTHONPATH=/home/p1kachu/eYRC_26-27_Hola-The-Explorer/Software/workspace/install/task_1a/local/lib/python3.10/dist-packages:/home/p1kachu/eYRC_26-27_Hola-The-Explorer/Software/workspace/install/shape_interface/local/lib/python3.10/dist-packages:${PYTHONPATH} /usr/bin/cmake /home/p1kachu/eYRC_26-27_Hola-The-Explorer/Software/workspace/src/hb_description -DCMAKE_INSTALL_PREFIX=/home/p1kachu/eYRC_26-27_Hola-The-Explorer/Software/workspace/install/hb_description
[0.778s] Invoking command in '/home/p1kachu/eYRC_26-27_Hola-The-Explorer/Software/workspace/build/hb_description': AMENT_PREFIX_PATH=/home/p1kachu/eYRC_26-27_Hola-The-Explorer/Software/workspace/install/task_1a:/home/p1kachu/eYRC_26-27_Hola-The-Explorer/Software/workspace/install/shape_interface:${AMENT_PREFIX_PATH} CMAKE_PREFIX_PATH=/home/p1kachu/eYRC_26-27_Hola-The-Explorer/Software/workspace/install/task_1a:/home/p1kachu/eYRC_26-27_Hola-The-Explorer/Software/workspace/install/shape_interface:/opt/ros/humble LD_LIBRARY_PATH=/home/p1kachu/eYRC_26-27_Hola-The-Explorer/Software/workspace/install/shape_interface/lib:${LD_LIBRARY_PATH} PYTHONPATH=/home/p1kachu/eYRC_26-27_Hola-The-Explorer/Software/workspace/install/task_1a/local/lib/python3.10/dist-packages:/home/p1kachu/eYRC_26-27_Hola-The-Explorer/Software/workspace/install/shape_interface/local/lib/python3.10/dist-packages:${PYTHONPATH} /usr/bin/cmake --build /home/p1kachu/eYRC_26-27_Hola-The-Explorer/Software/workspace/build/hb_description -- -j18 -l18
[0.823s] Invoked command in '/home/p1kachu/eYRC_26-27_Hola-The-Explorer/Software/workspace/build/hb_description' returned '0': AMENT_PREFIX_PATH=/home/p1kachu/eYRC_26-27_Hola-The-Explorer/Software/workspace/install/task_1a:/home/p1kachu/eYRC_26-27_Hola-The-Explorer/Software/workspace/install/shape_interface:${AMENT_PREFIX_PATH} CMAKE_PREFIX_PATH=/home/p1kachu/eYRC_26-27_Hola-The-Explorer/Software/workspace/install/task_1a:/home/p1kachu/eYRC_26-27_Hola-The-Explorer/Software/workspace/install/shape_interface:/opt/ros/humble LD_LIBRARY_PATH=/home/p1kachu/eYRC_26-27_Hola-The-Explorer/Software/workspace/install/shape_interface/lib:${LD_LIBRARY_PATH} PYTHONPATH=/home/p1kachu/eYRC_26-27_Hola-The-Explorer/Software/workspace/install/task_1a/local/lib/python3.10/dist-packages:/home/p1kachu/eYRC_26-27_Hola-The-Explorer/Software/workspace/install/shape_interface/local/lib/python3.10/dist-packages:${PYTHONPATH} /usr/bin/cmake --build /home/p1kachu/eYRC_26-27_Hola-The-Explorer/Software/workspace/build/hb_description -- -j18 -l18
[0.825s] Invoking command in '/home/p1kachu/eYRC_26-27_Hola-The-Explorer/Software/workspace/build/hb_description': AMENT_PREFIX_PATH=/home/p1kachu/eYRC_26-27_Hola-The-Explorer/Software/workspace/install/task_1a:/home/p1kachu/eYRC_26-27_Hola-The-Explorer/Software/workspace/install/shape_interface:${AMENT_PREFIX_PATH} CMAKE_PREFIX_PATH=/home/p1kachu/eYRC_26-27_Hola-The-Explorer/Software/workspace/install/task_1a:/home/p1kachu/eYRC_26-27_Hola-The-Explorer/Software/workspace/install/shape_interface:/opt/ros/humble LD_LIBRARY_PATH=/home/p1kachu/eYRC_26-27_Hola-The-Explorer/Software/workspace/install/shape_interface/lib:${LD_LIBRARY_PATH} PYTHONPATH=/home/p1kachu/eYRC_26-27_Hola-The-Explorer/Software/workspace/install/task_1a/local/lib/python3.10/dist-packages:/home/p1kachu/eYRC_26-27_Hola-The-Explorer/Software/workspace/install/shape_interface/local/lib/python3.10/dist-packages:${PYTHONPATH} /usr/bin/cmake --install /home/p1kachu/eYRC_26-27_Hola-The-Explorer/Software/workspace/build/hb_description
[0.836s] -- Install configuration: ""
[0.836s] -- Installing: /home/p1kachu/eYRC_26-27_Hola-The-Explorer/Software/workspace/install/hb_description/lib/hb_description/task1a_bridge
[0.851s] -- Installing: /home/p1kachu/eYRC_26-27_Hola-The-Explorer/Software/workspace/install/hb_description/lib/hb_description/task1a_camera
[0.863s] -- Installing: /home/p1kachu/eYRC_26-27_Hola-The-Explorer/Software/workspace/install/hb_description/lib/hb_description/task1c_bridge
[0.884s] -- Installing: /home/p1kachu/eYRC_26-27_Hola-The-Explorer/Software/workspace/install/hb_description/lib/hb_description/task1c_camera
[0.905s] -- Installing: /home/p1kachu/eYRC_26-27_Hola-The-Explorer/Software/workspace/install/hb_description/lib/hb_description/camera_stream
[0.905s] -- Up-to-date: /home/p1kachu/eYRC_26-27_Hola-The-Explorer/Software/workspace/install/hb_description/lib
[0.905s] -- Installing: /home/p1kachu/eYRC_26-27_Hola-The-Explorer/Software/workspace/install/hb_description/lib/libhb_source__rosidl_typesupport_introspection_cpp.so
[0.906s] -- Installing: /home/p1kachu/eYRC_26-27_Hola-The-Explorer/Software/workspace/install/hb_description/lib/libhb_source__rosidl_typesupport_c.so
[0.906s] -- Installing: /home/p1kachu/eYRC_26-27_Hola-The-Explorer/Software/workspace/install/hb_description/lib/libhb_source__rosidl_typesupport_fastrtps_c.so
[0.906s] -- Installing: /home/p1kachu/eYRC_26-27_Hola-The-Explorer/Software/workspace/install/hb_description/lib/libhb_source__rosidl_typesupport_cpp.so
[0.906s] -- Installing: /home/p1kachu/eYRC_26-27_Hola-The-Explorer/Software/workspace/install/hb_description/lib/libhb_source__rosidl_typesupport_introspection_c.so
[0.906s] -- Installing: /home/p1kachu/eYRC_26-27_Hola-The-Explorer/Software/workspace/install/hb_description/lib/libhb_source__rosidl_generator_py.so
[0.906s] -- Installing: /home/p1kachu/eYRC_26-27_Hola-The-Explorer/Software/workspace/install/hb_description/lib/libhb_source__rosidl_generator_c.so
[0.906s] -- Installing: /home/p1kachu/eYRC_26-27_Hola-The-Explorer/Software/workspace/install/hb_description/lib/libmujoco.so
[0.906s] -- Installing: /home/p1kachu/eYRC_26-27_Hola-The-Explorer/Software/workspace/install/hb_description/lib/libhb_source__rosidl_typesupport_fastrtps_cpp.so
[0.906s] -- Installing: /home/p1kachu/eYRC_26-27_Hola-The-Explorer/Software/workspace/install/hb_description/lib/libmujoco.so.3.4.0
[0.911s] -- Installing: /home/p1kachu/eYRC_26-27_Hola-The-Explorer/Software/workspace/install/hb_description/share/hb_description/launch
[0.911s] -- Installing: /home/p1kachu/eYRC_26-27_Hola-The-Explorer/Software/workspace/install/hb_description/share/hb_description/launch/task1a.launch.py
[0.911s] -- Installing: /home/p1kachu/eYRC_26-27_Hola-The-Explorer/Software/workspace/install/hb_description/share/hb_description/launch/task1c.launch.py
[0.911s] -- Installing: /home/p1kachu/eYRC_26-27_Hola-The-Explorer/Software/workspace/install/hb_description/share/hb_description/launch/task1b.launch.py
[0.911s] -- Installing: /home/p1kachu/eYRC_26-27_Hola-The-Explorer/Software/workspace/install/hb_description/share/ament_index/resource_index/package_run_dependencies/hb_description
[0.911s] -- Installing: /home/p1kachu/eYRC_26-27_Hola-The-Explorer/Software/workspace/install/hb_description/share/ament_index/resource_index/parent_prefix_path/hb_description
[0.911s] -- Installing: /home/p1kachu/eYRC_26-27_Hola-The-Explorer/Software/workspace/install/hb_description/share/hb_description/environment/ament_prefix_path.sh
[0.911s] -- Installing: /home/p1kachu/eYRC_26-27_Hola-The-Explorer/Software/workspace/install/hb_description/share/hb_description/environment/ament_prefix_path.dsv
[0.911s] -- Installing: /home/p1kachu/eYRC_26-27_Hola-The-Explorer/Software/workspace/install/hb_description/share/hb_description/environment/path.sh
[0.912s] -- Installing: /home/p1kachu/eYRC_26-27_Hola-The-Explorer/Software/workspace/install/hb_description/share/hb_description/environment/path.dsv
[0.912s] -- Installing: /home/p1kachu/eYRC_26-27_Hola-The-Explorer/Software/workspace/install/hb_description/share/hb_description/local_setup.bash
[0.912s] -- Installing: /home/p1kachu/eYRC_26-27_Hola-The-Explorer/Software/workspace/install/hb_description/share/hb_description/local_setup.sh
[0.912s] -- Installing: /home/p1kachu/eYRC_26-27_Hola-The-Explorer/Software/workspace/install/hb_description/share/hb_description/local_setup.zsh
[0.912s] -- Installing: /home/p1kachu/eYRC_26-27_Hola-The-Explorer/Software/workspace/install/hb_description/share/hb_description/local_setup.dsv
[0.912s] -- Installing: /home/p1kachu/eYRC_26-27_Hola-The-Explorer/Software/workspace/install/hb_description/share/hb_description/package.dsv
[0.912s] -- Installing: /home/p1kachu/eYRC_26-27_Hola-The-Explorer/Software/workspace/install/hb_description/share/ament_index/resource_index/packages/hb_description
[0.912s] -- Installing: /home/p1kachu/eYRC_26-27_Hola-The-Explorer/Software/workspace/install/hb_description/share/hb_description/cmake/hb_descriptionConfig.cmake
[0.912s] -- Installing: /home/p1kachu/eYRC_26-27_Hola-The-Explorer/Software/workspace/install/hb_description/share/hb_description/cmake/hb_descriptionConfig-version.cmake
[0.912s] -- Installing: /home/p1kachu/eYRC_26-27_Hola-The-Explorer/Software/workspace/install/hb_description/share/hb_description/package.xml
[0.916s] Invoked command in '/home/p1kachu/eYRC_26-27_Hola-The-Explorer/Software/workspace/build/hb_description' returned '0': AMENT_PREFIX_PATH=/home/p1kachu/eYRC_26-27_Hola-The-Explorer/Software/workspace/install/task_1a:/home/p1kachu/eYRC_26-27_Hola-The-Explorer/Software/workspace/install/shape_interface:${AMENT_PREFIX_PATH} CMAKE_PREFIX_PATH=/home/p1kachu/eYRC_26-27_Hola-The-Explorer/Software/workspace/install/task_1a:/home/p1kachu/eYRC_26-27_Hola-The-Explorer/Software/workspace/install/shape_interface:/opt/ros/humble LD_LIBRARY_PATH=/home/p1kachu/eYRC_26-27_Hola-The-Explorer/Software/workspace/install/shape_interface/lib:${LD_LIBRARY_PATH} PYTHONPATH=/home/p1kachu/eYRC_26-27_Hola-The-Explorer/Software/workspace/install/task_1a/local/lib/python3.10/dist-packages:/home/p1kachu/eYRC_26-27_Hola-The-Explorer/Software/workspace/install/shape_interface/local/lib/python3.10/dist-packages:${PYTHONPATH} /usr/bin/cmake --install /home/p1kachu/eYRC_26-27_Hola-The-Explorer/Software/workspace/build/hb_description
