[0.139s] DEBUG:colcon:Command line arguments: ['/usr/bin/colcon', 'build']
[0.139s] DEBUG:colcon:Parsed command line arguments: Namespace(log_base=None, log_level=None, verb_name='build', build_base='build', install_base='install', merge_install=False, symlink_install=False, test_result_base=None, continue_on_error=False, executor='parallel', parallel_workers=6, event_handlers=None, ignore_user_meta=False, metas=['./colcon.meta'], base_paths=['.'], packages_ignore=None, packages_ignore_regex=None, paths=None, packages_up_to=None, packages_up_to_regex=None, packages_above=None, packages_above_and_dependencies=None, packages_above_depth=None, packages_select_by_dep=None, packages_skip_by_dep=None, packages_skip_up_to=None, packages_select_build_failed=False, packages_skip_build_finished=False, packages_select_test_failures=False, packages_skip_test_passed=False, packages_select=None, packages_skip=None, packages_select_regex=None, packages_skip_regex=None, packages_start=None, packages_end=None, allow_overriding=[], cmake_args=None, cmake_target=None, cmake_target_skip_unavailable=False, cmake_clean_cache=False, cmake_clean_first=False, cmake_force_configure=False, ament_cmake_args=None, catkin_cmake_args=None, catkin_skip_building_tests=False, mixin_files=None, mixin=None, verb_parser=<colcon_mixin.mixin.mixin_argument.MixinArgumentDecorator object at 0x7b97e0b6b250>, verb_extension=<colcon_core.verb.build.BuildVerb object at 0x7b97e0b6aad0>, main=<bound method BuildVerb.main of <colcon_core.verb.build.BuildVerb object at 0x7b97e0b6aad0>>, mixin_verb=('build',))
[0.305s] Level 1:colcon.colcon_core.package_discovery:discover_packages(colcon_meta) check parameters
[0.305s] Level 1:colcon.colcon_core.package_discovery:discover_packages(recursive) check parameters
[0.305s] Level 1:colcon.colcon_core.package_discovery:discover_packages(ignore) check parameters
[0.305s] Level 1:colcon.colcon_core.package_discovery:discover_packages(path) check parameters
[0.305s] Level 1:colcon.colcon_core.package_discovery:discover_packages(colcon_meta) discover
[0.305s] Level 1:colcon.colcon_core.package_discovery:discover_packages(recursive) discover
[0.305s] INFO:colcon.colcon_core.package_discovery:Crawling recursively for packages in '/home/aayush/eYRC/Software/workspace'
[0.305s] Level 1:colcon.colcon_core.package_identification:_identify(.) by extensions ['ignore', 'ignore_ament_install']
[0.305s] Level 1:colcon.colcon_core.package_identification:_identify(.) by extension 'ignore'
[0.305s] Level 1:colcon.colcon_core.package_identification:_identify(.) by extension 'ignore_ament_install'
[0.305s] Level 1:colcon.colcon_core.package_identification:_identify(.) by extensions ['colcon_pkg']
[0.305s] Level 1:colcon.colcon_core.package_identification:_identify(.) by extension 'colcon_pkg'
[0.305s] Level 1:colcon.colcon_core.package_identification:_identify(.) by extensions ['colcon_meta']
[0.305s] Level 1:colcon.colcon_core.package_identification:_identify(.) by extension 'colcon_meta'
[0.305s] Level 1:colcon.colcon_core.package_identification:_identify(.) by extensions ['ros']
[0.305s] Level 1:colcon.colcon_core.package_identification:_identify(.) by extension 'ros'
[0.315s] Level 1:colcon.colcon_core.package_identification:_identify(.) by extensions ['cmake', 'python']
[0.315s] Level 1:colcon.colcon_core.package_identification:_identify(.) by extension 'cmake'
[0.315s] Level 1:colcon.colcon_core.package_identification:_identify(.) by extension 'python'
[0.315s] Level 1:colcon.colcon_core.package_identification:_identify(.) by extensions ['python_setup_py']
[0.315s] Level 1:colcon.colcon_core.package_identification:_identify(.) by extension 'python_setup_py'
[0.315s] Level 1:colcon.colcon_core.package_identification:_identify(build) by extensions ['ignore', 'ignore_ament_install']
[0.315s] Level 1:colcon.colcon_core.package_identification:_identify(build) by extension 'ignore'
[0.315s] Level 1:colcon.colcon_core.package_identification:_identify(build) ignored
[0.315s] Level 1:colcon.colcon_core.package_identification:_identify(install) by extensions ['ignore', 'ignore_ament_install']
[0.315s] Level 1:colcon.colcon_core.package_identification:_identify(install) by extension 'ignore'
[0.315s] Level 1:colcon.colcon_core.package_identification:_identify(install) ignored
[0.315s] Level 1:colcon.colcon_core.package_identification:_identify(log) by extensions ['ignore', 'ignore_ament_install']
[0.315s] Level 1:colcon.colcon_core.package_identification:_identify(log) by extension 'ignore'
[0.315s] Level 1:colcon.colcon_core.package_identification:_identify(log) ignored
[0.315s] Level 1:colcon.colcon_core.package_identification:_identify(src) by extensions ['ignore', 'ignore_ament_install']
[0.315s] Level 1:colcon.colcon_core.package_identification:_identify(src) by extension 'ignore'
[0.315s] Level 1:colcon.colcon_core.package_identification:_identify(src) by extension 'ignore_ament_install'
[0.315s] Level 1:colcon.colcon_core.package_identification:_identify(src) by extensions ['colcon_pkg']
[0.315s] Level 1:colcon.colcon_core.package_identification:_identify(src) by extension 'colcon_pkg'
[0.315s] Level 1:colcon.colcon_core.package_identification:_identify(src) by extensions ['colcon_meta']
[0.315s] Level 1:colcon.colcon_core.package_identification:_identify(src) by extension 'colcon_meta'
[0.315s] Level 1:colcon.colcon_core.package_identification:_identify(src) by extensions ['ros']
[0.315s] Level 1:colcon.colcon_core.package_identification:_identify(src) by extension 'ros'
[0.316s] Level 1:colcon.colcon_core.package_identification:_identify(src) by extensions ['cmake', 'python']
[0.316s] Level 1:colcon.colcon_core.package_identification:_identify(src) by extension 'cmake'
[0.316s] Level 1:colcon.colcon_core.package_identification:_identify(src) by extension 'python'
[0.316s] Level 1:colcon.colcon_core.package_identification:_identify(src) by extensions ['python_setup_py']
[0.316s] Level 1:colcon.colcon_core.package_identification:_identify(src) by extension 'python_setup_py'
[0.316s] Level 1:colcon.colcon_core.package_identification:_identify(src/hb_description) by extensions ['ignore', 'ignore_ament_install']
[0.316s] Level 1:colcon.colcon_core.package_identification:_identify(src/hb_description) by extension 'ignore'
[0.316s] Level 1:colcon.colcon_core.package_identification:_identify(src/hb_description) by extension 'ignore_ament_install'
[0.316s] Level 1:colcon.colcon_core.package_identification:_identify(src/hb_description) by extensions ['colcon_pkg']
[0.316s] Level 1:colcon.colcon_core.package_identification:_identify(src/hb_description) by extension 'colcon_pkg'
[0.316s] Level 1:colcon.colcon_core.package_identification:_identify(src/hb_description) by extensions ['colcon_meta']
[0.316s] Level 1:colcon.colcon_core.package_identification:_identify(src/hb_description) by extension 'colcon_meta'
[0.316s] Level 1:colcon.colcon_core.package_identification:_identify(src/hb_description) by extensions ['ros']
[0.316s] Level 1:colcon.colcon_core.package_identification:_identify(src/hb_description) by extension 'ros'
[0.317s] DEBUG:colcon.colcon_core.package_identification:Package 'src/hb_description' with type 'ros.ament_cmake' and name 'hb_description'
[0.318s] Level 1:colcon.colcon_core.package_identification:_identify(src/shape_interface) by extensions ['ignore', 'ignore_ament_install']
[0.318s] Level 1:colcon.colcon_core.package_identification:_identify(src/shape_interface) by extension 'ignore'
[0.318s] Level 1:colcon.colcon_core.package_identification:_identify(src/shape_interface) by extension 'ignore_ament_install'
[0.318s] Level 1:colcon.colcon_core.package_identification:_identify(src/shape_interface) by extensions ['colcon_pkg']
[0.318s] Level 1:colcon.colcon_core.package_identification:_identify(src/shape_interface) by extension 'colcon_pkg'
[0.318s] Level 1:colcon.colcon_core.package_identification:_identify(src/shape_interface) by extensions ['colcon_meta']
[0.318s] Level 1:colcon.colcon_core.package_identification:_identify(src/shape_interface) by extension 'colcon_meta'
[0.318s] Level 1:colcon.colcon_core.package_identification:_identify(src/shape_interface) by extensions ['ros']
[0.318s] Level 1:colcon.colcon_core.package_identification:_identify(src/shape_interface) by extension 'ros'
[0.318s] DEBUG:colcon.colcon_core.package_identification:Package 'src/shape_interface' with type 'ros.ament_cmake' and name 'shape_interface'
[0.318s] Level 1:colcon.colcon_core.package_identification:_identify(src/task_1a) by extensions ['ignore', 'ignore_ament_install']
[0.318s] Level 1:colcon.colcon_core.package_identification:_identify(src/task_1a) by extension 'ignore'
[0.318s] Level 1:colcon.colcon_core.package_identification:_identify(src/task_1a) by extension 'ignore_ament_install'
[0.318s] Level 1:colcon.colcon_core.package_identification:_identify(src/task_1a) by extensions ['colcon_pkg']
[0.318s] Level 1:colcon.colcon_core.package_identification:_identify(src/task_1a) by extension 'colcon_pkg'
[0.318s] Level 1:colcon.colcon_core.package_identification:_identify(src/task_1a) by extensions ['colcon_meta']
[0.318s] Level 1:colcon.colcon_core.package_identification:_identify(src/task_1a) by extension 'colcon_meta'
[0.318s] Level 1:colcon.colcon_core.package_identification:_identify(src/task_1a) by extensions ['ros']
[0.318s] Level 1:colcon.colcon_core.package_identification:_identify(src/task_1a) by extension 'ros'
[0.319s] DEBUG:colcon.colcon_core.package_identification:Package 'src/task_1a' with type 'ros.ament_cmake' and name 'task_1a'
[0.319s] Level 1:colcon.colcon_core.package_identification:_identify(src/task_1b) by extensions ['ignore', 'ignore_ament_install']
[0.319s] Level 1:colcon.colcon_core.package_identification:_identify(src/task_1b) by extension 'ignore'
[0.319s] Level 1:colcon.colcon_core.package_identification:_identify(src/task_1b) by extension 'ignore_ament_install'
[0.319s] Level 1:colcon.colcon_core.package_identification:_identify(src/task_1b) by extensions ['colcon_pkg']
[0.319s] Level 1:colcon.colcon_core.package_identification:_identify(src/task_1b) by extension 'colcon_pkg'
[0.319s] Level 1:colcon.colcon_core.package_identification:_identify(src/task_1b) by extensions ['colcon_meta']
[0.319s] Level 1:colcon.colcon_core.package_identification:_identify(src/task_1b) by extension 'colcon_meta'
[0.319s] Level 1:colcon.colcon_core.package_identification:_identify(src/task_1b) by extensions ['ros']
[0.319s] Level 1:colcon.colcon_core.package_identification:_identify(src/task_1b) by extension 'ros'
[0.319s] DEBUG:colcon.colcon_core.package_identification:Package 'src/task_1b' with type 'ros.ament_cmake' and name 'task_1b'
[0.319s] Level 1:colcon.colcon_core.package_identification:_identify(src/task_1c) by extensions ['ignore', 'ignore_ament_install']
[0.319s] Level 1:colcon.colcon_core.package_identification:_identify(src/task_1c) by extension 'ignore'
[0.319s] Level 1:colcon.colcon_core.package_identification:_identify(src/task_1c) by extension 'ignore_ament_install'
[0.319s] Level 1:colcon.colcon_core.package_identification:_identify(src/task_1c) by extensions ['colcon_pkg']
[0.319s] Level 1:colcon.colcon_core.package_identification:_identify(src/task_1c) by extension 'colcon_pkg'
[0.319s] Level 1:colcon.colcon_core.package_identification:_identify(src/task_1c) by extensions ['colcon_meta']
[0.319s] Level 1:colcon.colcon_core.package_identification:_identify(src/task_1c) by extension 'colcon_meta'
[0.319s] Level 1:colcon.colcon_core.package_identification:_identify(src/task_1c) by extensions ['ros']
[0.319s] Level 1:colcon.colcon_core.package_identification:_identify(src/task_1c) by extension 'ros'
[0.321s] DEBUG:colcon.colcon_core.package_identification:Package 'src/task_1c' with type 'ros.ament_cmake' and name 'task_1c'
[0.321s] Level 1:colcon.colcon_core.package_discovery:discover_packages(recursive) using defaults
[0.321s] Level 1:colcon.colcon_core.package_discovery:discover_packages(ignore) discover
[0.321s] Level 1:colcon.colcon_core.package_discovery:discover_packages(ignore) using defaults
[0.321s] Level 1:colcon.colcon_core.package_discovery:discover_packages(path) discover
[0.321s] Level 1:colcon.colcon_core.package_discovery:discover_packages(path) using defaults
[0.355s] Level 1:colcon.colcon_core.package_discovery:discover_packages(prefix_path) check parameters
[0.355s] Level 1:colcon.colcon_core.package_discovery:discover_packages(prefix_path) discover
[0.356s] DEBUG:colcon.colcon_installed_package_information.package_discovery:Found 5 installed packages in /home/aayush/eYRC/Software/workspace/install
[0.357s] DEBUG:colcon.colcon_installed_package_information.package_discovery:Found 273 installed packages in /opt/ros/humble
[0.358s] Level 1:colcon.colcon_core.package_discovery:discover_packages(prefix_path) using defaults
[0.378s] Level 5:colcon.colcon_core.verb:set package 'shape_interface' build argument 'cmake_args' from command line to 'None'
[0.378s] Level 5:colcon.colcon_core.verb:set package 'shape_interface' build argument 'cmake_target' from command line to 'None'
[0.378s] Level 5:colcon.colcon_core.verb:set package 'shape_interface' build argument 'cmake_target_skip_unavailable' from command line to 'False'
[0.378s] Level 5:colcon.colcon_core.verb:set package 'shape_interface' build argument 'cmake_clean_cache' from command line to 'False'
[0.379s] Level 5:colcon.colcon_core.verb:set package 'shape_interface' build argument 'cmake_clean_first' from command line to 'False'
[0.379s] Level 5:colcon.colcon_core.verb:set package 'shape_interface' build argument 'cmake_force_configure' from command line to 'False'
[0.379s] Level 5:colcon.colcon_core.verb:set package 'shape_interface' build argument 'ament_cmake_args' from command line to 'None'
[0.379s] Level 5:colcon.colcon_core.verb:set package 'shape_interface' build argument 'catkin_cmake_args' from command line to 'None'
[0.379s] Level 5:colcon.colcon_core.verb:set package 'shape_interface' build argument 'catkin_skip_building_tests' from command line to 'False'
[0.379s] DEBUG:colcon.colcon_core.verb:Building package 'shape_interface' with the following arguments: {'ament_cmake_args': None, 'build_base': '/home/aayush/eYRC/Software/workspace/build/shape_interface', 'catkin_cmake_args': None, 'catkin_skip_building_tests': False, 'cmake_args': None, 'cmake_clean_cache': False, 'cmake_clean_first': False, 'cmake_force_configure': False, 'cmake_target': None, 'cmake_target_skip_unavailable': False, 'install_base': '/home/aayush/eYRC/Software/workspace/install/shape_interface', 'merge_install': False, 'path': '/home/aayush/eYRC/Software/workspace/src/shape_interface', 'symlink_install': False, 'test_result_base': None}
[0.379s] Level 5:colcon.colcon_core.verb:set package 'task_1b' build argument 'cmake_args' from command line to 'None'
[0.379s] Level 5:colcon.colcon_core.verb:set package 'task_1b' build argument 'cmake_target' from command line to 'None'
[0.379s] Level 5:colcon.colcon_core.verb:set package 'task_1b' build argument 'cmake_target_skip_unavailable' from command line to 'False'
[0.379s] Level 5:colcon.colcon_core.verb:set package 'task_1b' build argument 'cmake_clean_cache' from command line to 'False'
[0.379s] Level 5:colcon.colcon_core.verb:set package 'task_1b' build argument 'cmake_clean_first' from command line to 'False'
[0.379s] Level 5:colcon.colcon_core.verb:set package 'task_1b' build argument 'cmake_force_configure' from command line to 'False'
[0.379s] Level 5:colcon.colcon_core.verb:set package 'task_1b' build argument 'ament_cmake_args' from command line to 'None'
[0.379s] Level 5:colcon.colcon_core.verb:set package 'task_1b' build argument 'catkin_cmake_args' from command line to 'None'
[0.379s] Level 5:colcon.colcon_core.verb:set package 'task_1b' build argument 'catkin_skip_building_tests' from command line to 'False'
[0.379s] DEBUG:colcon.colcon_core.verb:Building package 'task_1b' with the following arguments: {'ament_cmake_args': None, 'build_base': '/home/aayush/eYRC/Software/workspace/build/task_1b', 'catkin_cmake_args': None, 'catkin_skip_building_tests': False, 'cmake_args': None, 'cmake_clean_cache': False, 'cmake_clean_first': False, 'cmake_force_configure': False, 'cmake_target': None, 'cmake_target_skip_unavailable': False, 'install_base': '/home/aayush/eYRC/Software/workspace/install/task_1b', 'merge_install': False, 'path': '/home/aayush/eYRC/Software/workspace/src/task_1b', 'symlink_install': False, 'test_result_base': None}
[0.379s] Level 5:colcon.colcon_core.verb:set package 'task_1a' build argument 'cmake_args' from command line to 'None'
[0.379s] Level 5:colcon.colcon_core.verb:set package 'task_1a' build argument 'cmake_target' from command line to 'None'
[0.379s] Level 5:colcon.colcon_core.verb:set package 'task_1a' build argument 'cmake_target_skip_unavailable' from command line to 'False'
[0.379s] Level 5:colcon.colcon_core.verb:set package 'task_1a' build argument 'cmake_clean_cache' from command line to 'False'
[0.379s] Level 5:colcon.colcon_core.verb:set package 'task_1a' build argument 'cmake_clean_first' from command line to 'False'
[0.379s] Level 5:colcon.colcon_core.verb:set package 'task_1a' build argument 'cmake_force_configure' from command line to 'False'
[0.379s] Level 5:colcon.colcon_core.verb:set package 'task_1a' build argument 'ament_cmake_args' from command line to 'None'
[0.379s] Level 5:colcon.colcon_core.verb:set package 'task_1a' build argument 'catkin_cmake_args' from command line to 'None'
[0.379s] Level 5:colcon.colcon_core.verb:set package 'task_1a' build argument 'catkin_skip_building_tests' from command line to 'False'
[0.379s] DEBUG:colcon.colcon_core.verb:Building package 'task_1a' with the following arguments: {'ament_cmake_args': None, 'build_base': '/home/aayush/eYRC/Software/workspace/build/task_1a', 'catkin_cmake_args': None, 'catkin_skip_building_tests': False, 'cmake_args': None, 'cmake_clean_cache': False, 'cmake_clean_first': False, 'cmake_force_configure': False, 'cmake_target': None, 'cmake_target_skip_unavailable': False, 'install_base': '/home/aayush/eYRC/Software/workspace/install/task_1a', 'merge_install': False, 'path': '/home/aayush/eYRC/Software/workspace/src/task_1a', 'symlink_install': False, 'test_result_base': None}
[0.380s] Level 5:colcon.colcon_core.verb:set package 'task_1c' build argument 'cmake_args' from command line to 'None'
[0.380s] Level 5:colcon.colcon_core.verb:set package 'task_1c' build argument 'cmake_target' from command line to 'None'
[0.380s] Level 5:colcon.colcon_core.verb:set package 'task_1c' build argument 'cmake_target_skip_unavailable' from command line to 'False'
[0.380s] Level 5:colcon.colcon_core.verb:set package 'task_1c' build argument 'cmake_clean_cache' from command line to 'False'
[0.380s] Level 5:colcon.colcon_core.verb:set package 'task_1c' build argument 'cmake_clean_first' from command line to 'False'
[0.380s] Level 5:colcon.colcon_core.verb:set package 'task_1c' build argument 'cmake_force_configure' from command line to 'False'
[0.380s] Level 5:colcon.colcon_core.verb:set package 'task_1c' build argument 'ament_cmake_args' from command line to 'None'
[0.380s] Level 5:colcon.colcon_core.verb:set package 'task_1c' build argument 'catkin_cmake_args' from command line to 'None'
[0.380s] Level 5:colcon.colcon_core.verb:set package 'task_1c' build argument 'catkin_skip_building_tests' from command line to 'False'
[0.380s] DEBUG:colcon.colcon_core.verb:Building package 'task_1c' with the following arguments: {'ament_cmake_args': None, 'build_base': '/home/aayush/eYRC/Software/workspace/build/task_1c', 'catkin_cmake_args': None, 'catkin_skip_building_tests': False, 'cmake_args': None, 'cmake_clean_cache': False, 'cmake_clean_first': False, 'cmake_force_configure': False, 'cmake_target': None, 'cmake_target_skip_unavailable': False, 'install_base': '/home/aayush/eYRC/Software/workspace/install/task_1c', 'merge_install': False, 'path': '/home/aayush/eYRC/Software/workspace/src/task_1c', 'symlink_install': False, 'test_result_base': None}
[0.380s] Level 5:colcon.colcon_core.verb:set package 'hb_description' build argument 'cmake_args' from command line to 'None'
[0.380s] Level 5:colcon.colcon_core.verb:set package 'hb_description' build argument 'cmake_target' from command line to 'None'
[0.380s] Level 5:colcon.colcon_core.verb:set package 'hb_description' build argument 'cmake_target_skip_unavailable' from command line to 'False'
[0.380s] Level 5:colcon.colcon_core.verb:set package 'hb_description' build argument 'cmake_clean_cache' from command line to 'False'
[0.380s] Level 5:colcon.colcon_core.verb:set package 'hb_description' build argument 'cmake_clean_first' from command line to 'False'
[0.380s] Level 5:colcon.colcon_core.verb:set package 'hb_description' build argument 'cmake_force_configure' from command line to 'False'
[0.380s] Level 5:colcon.colcon_core.verb:set package 'hb_description' build argument 'ament_cmake_args' from command line to 'None'
[0.380s] Level 5:colcon.colcon_core.verb:set package 'hb_description' build argument 'catkin_cmake_args' from command line to 'None'
[0.380s] Level 5:colcon.colcon_core.verb:set package 'hb_description' build argument 'catkin_skip_building_tests' from command line to 'False'
[0.380s] DEBUG:colcon.colcon_core.verb:Building package 'hb_description' with the following arguments: {'ament_cmake_args': None, 'build_base': '/home/aayush/eYRC/Software/workspace/build/hb_description', 'catkin_cmake_args': None, 'catkin_skip_building_tests': False, 'cmake_args': None, 'cmake_clean_cache': False, 'cmake_clean_first': False, 'cmake_force_configure': False, 'cmake_target': None, 'cmake_target_skip_unavailable': False, 'install_base': '/home/aayush/eYRC/Software/workspace/install/hb_description', 'merge_install': False, 'path': '/home/aayush/eYRC/Software/workspace/src/hb_description', 'symlink_install': False, 'test_result_base': None}
[0.380s] INFO:colcon.colcon_core.executor:Executing jobs using 'parallel' executor
[0.381s] DEBUG:colcon.colcon_parallel_executor.executor.parallel:run_until_complete
[0.382s] INFO:colcon.colcon_ros.task.ament_cmake.build:Building ROS package in '/home/aayush/eYRC/Software/workspace/src/shape_interface' with build type 'ament_cmake'
[0.382s] INFO:colcon.colcon_cmake.task.cmake.build:Building CMake package in '/home/aayush/eYRC/Software/workspace/src/shape_interface'
[0.386s] INFO:colcon.colcon_core.plugin_system:Skipping extension 'colcon_core.shell.bat': Not used on non-Windows systems
[0.386s] INFO:colcon.colcon_core.shell:Skip shell extension 'powershell' for command environment: Not usable outside of PowerShell
[0.387s] DEBUG:colcon.colcon_core.shell:Skip shell extension 'dsv' for command environment
[0.389s] INFO:colcon.colcon_ros.task.ament_cmake.build:Building ROS package in '/home/aayush/eYRC/Software/workspace/src/task_1b' with build type 'ament_cmake'
[0.389s] INFO:colcon.colcon_cmake.task.cmake.build:Building CMake package in '/home/aayush/eYRC/Software/workspace/src/task_1b'
[0.389s] INFO:colcon.colcon_core.shell:Skip shell extension 'powershell' for command environment: Not usable outside of PowerShell
[0.389s] DEBUG:colcon.colcon_core.shell:Skip shell extension 'dsv' for command environment
[0.394s] DEBUG:colcon.colcon_core.event_handler.log_command:Invoking command in '/home/aayush/eYRC/Software/workspace/build/shape_interface': CMAKE_PREFIX_PATH=${CMAKE_PREFIX_PATH}:/opt/ros/humble /usr/bin/cmake --build /home/aayush/eYRC/Software/workspace/build/shape_interface -- -j6 -l6
[0.396s] DEBUG:colcon.colcon_core.event_handler.log_command:Invoking command in '/home/aayush/eYRC/Software/workspace/build/task_1b': CMAKE_PREFIX_PATH=${CMAKE_PREFIX_PATH}:/opt/ros/humble /usr/bin/cmake --build /home/aayush/eYRC/Software/workspace/build/task_1b -- -j6 -l6
[0.859s] DEBUG:colcon.colcon_core.event_handler.log_command:Invoked command in '/home/aayush/eYRC/Software/workspace/build/task_1b' returned '0': CMAKE_PREFIX_PATH=${CMAKE_PREFIX_PATH}:/opt/ros/humble /usr/bin/cmake --build /home/aayush/eYRC/Software/workspace/build/task_1b -- -j6 -l6
[0.879s] DEBUG:colcon.colcon_core.event_handler.log_command:Invoking command in '/home/aayush/eYRC/Software/workspace/build/task_1b': CMAKE_PREFIX_PATH=${CMAKE_PREFIX_PATH}:/opt/ros/humble /usr/bin/cmake --install /home/aayush/eYRC/Software/workspace/build/task_1b
[0.928s] DEBUG:colcon.colcon_core.event_handler.log_command:Invoked command in '/home/aayush/eYRC/Software/workspace/build/shape_interface' returned '0': CMAKE_PREFIX_PATH=${CMAKE_PREFIX_PATH}:/opt/ros/humble /usr/bin/cmake --build /home/aayush/eYRC/Software/workspace/build/shape_interface -- -j6 -l6
[0.930s] DEBUG:colcon.colcon_core.event_handler.log_command:Invoking command in '/home/aayush/eYRC/Software/workspace/build/shape_interface': CMAKE_PREFIX_PATH=${CMAKE_PREFIX_PATH}:/opt/ros/humble /usr/bin/cmake --install /home/aayush/eYRC/Software/workspace/build/shape_interface
[0.955s] Level 1:colcon.colcon_core.environment:create_environment_scripts_only(task_1b)
[0.956s] DEBUG:colcon.colcon_core.event_handler.log_command:Invoked command in '/home/aayush/eYRC/Software/workspace/build/task_1b' returned '0': CMAKE_PREFIX_PATH=${CMAKE_PREFIX_PATH}:/opt/ros/humble /usr/bin/cmake --install /home/aayush/eYRC/Software/workspace/build/task_1b
[0.988s] Level 1:colcon.colcon_core.environment:checking '/home/aayush/eYRC/Software/workspace/install/task_1b' for CMake module files
[0.989s] Level 1:colcon.colcon_core.environment:checking '/home/aayush/eYRC/Software/workspace/install/task_1b' for CMake config files
[0.989s] Level 1:colcon.colcon_core.shell:create_environment_hook('task_1b', 'cmake_prefix_path')
[0.989s] INFO:colcon.colcon_core.shell:Creating environment hook '/home/aayush/eYRC/Software/workspace/install/task_1b/share/task_1b/hook/cmake_prefix_path.ps1'
[0.990s] INFO:colcon.colcon_core.shell:Creating environment descriptor '/home/aayush/eYRC/Software/workspace/install/task_1b/share/task_1b/hook/cmake_prefix_path.dsv'
[0.990s] INFO:colcon.colcon_core.shell:Creating environment hook '/home/aayush/eYRC/Software/workspace/install/task_1b/share/task_1b/hook/cmake_prefix_path.sh'
[0.991s] Level 1:colcon.colcon_core.environment:checking '/home/aayush/eYRC/Software/workspace/install/task_1b/lib'
[0.991s] Level 1:colcon.colcon_core.environment:checking '/home/aayush/eYRC/Software/workspace/install/task_1b/bin'
[0.991s] Level 1:colcon.colcon_core.environment:checking '/home/aayush/eYRC/Software/workspace/install/task_1b/lib/pkgconfig/task_1b.pc'
[0.991s] Level 1:colcon.colcon_core.environment:checking '/home/aayush/eYRC/Software/workspace/install/task_1b/lib/python3.10/site-packages'
[0.991s] Level 1:colcon.colcon_core.environment:checking '/home/aayush/eYRC/Software/workspace/install/task_1b/bin'
[0.991s] INFO:colcon.colcon_core.shell:Creating package script '/home/aayush/eYRC/Software/workspace/install/task_1b/share/task_1b/package.ps1'
[0.992s] INFO:colcon.colcon_core.shell:Creating package descriptor '/home/aayush/eYRC/Software/workspace/install/task_1b/share/task_1b/package.dsv'
[0.992s] INFO:colcon.colcon_core.shell:Creating package script '/home/aayush/eYRC/Software/workspace/install/task_1b/share/task_1b/package.sh'
[0.993s] INFO:colcon.colcon_core.shell:Creating package script '/home/aayush/eYRC/Software/workspace/install/task_1b/share/task_1b/package.bash'
[0.993s] INFO:colcon.colcon_core.shell:Creating package script '/home/aayush/eYRC/Software/workspace/install/task_1b/share/task_1b/package.zsh'
[0.994s] Level 1:colcon.colcon_core.environment:create_file_with_runtime_dependencies(/home/aayush/eYRC/Software/workspace/install/task_1b/share/colcon-core/packages/task_1b)
[0.994s] Level 1:colcon.colcon_core.environment:create_environment_scripts_only(task_1b)
[0.994s] Level 1:colcon.colcon_core.environment:checking '/home/aayush/eYRC/Software/workspace/install/task_1b' for CMake module files
[0.994s] Level 1:colcon.colcon_core.environment:checking '/home/aayush/eYRC/Software/workspace/install/task_1b' for CMake config files
[0.994s] Level 1:colcon.colcon_core.shell:create_environment_hook('task_1b', 'cmake_prefix_path')
[0.994s] INFO:colcon.colcon_core.shell:Creating environment hook '/home/aayush/eYRC/Software/workspace/install/task_1b/share/task_1b/hook/cmake_prefix_path.ps1'
[0.995s] INFO:colcon.colcon_core.shell:Creating environment descriptor '/home/aayush/eYRC/Software/workspace/install/task_1b/share/task_1b/hook/cmake_prefix_path.dsv'
[0.995s] INFO:colcon.colcon_core.shell:Creating environment hook '/home/aayush/eYRC/Software/workspace/install/task_1b/share/task_1b/hook/cmake_prefix_path.sh'
[0.995s] Level 1:colcon.colcon_core.environment:checking '/home/aayush/eYRC/Software/workspace/install/task_1b/lib'
[0.995s] Level 1:colcon.colcon_core.environment:checking '/home/aayush/eYRC/Software/workspace/install/task_1b/bin'
[0.995s] Level 1:colcon.colcon_core.environment:checking '/home/aayush/eYRC/Software/workspace/install/task_1b/lib/pkgconfig/task_1b.pc'
[0.995s] Level 1:colcon.colcon_core.environment:checking '/home/aayush/eYRC/Software/workspace/install/task_1b/lib/python3.10/site-packages'
[0.995s] Level 1:colcon.colcon_core.environment:checking '/home/aayush/eYRC/Software/workspace/install/task_1b/bin'
[0.996s] INFO:colcon.colcon_core.shell:Creating package script '/home/aayush/eYRC/Software/workspace/install/task_1b/share/task_1b/package.ps1'
[0.996s] INFO:colcon.colcon_core.shell:Creating package descriptor '/home/aayush/eYRC/Software/workspace/install/task_1b/share/task_1b/package.dsv'
[0.996s] INFO:colcon.colcon_core.shell:Creating package script '/home/aayush/eYRC/Software/workspace/install/task_1b/share/task_1b/package.sh'
[0.996s] INFO:colcon.colcon_core.shell:Creating package script '/home/aayush/eYRC/Software/workspace/install/task_1b/share/task_1b/package.bash'
[0.997s] INFO:colcon.colcon_core.shell:Creating package script '/home/aayush/eYRC/Software/workspace/install/task_1b/share/task_1b/package.zsh'
[0.997s] Level 1:colcon.colcon_core.environment:create_file_with_runtime_dependencies(/home/aayush/eYRC/Software/workspace/install/task_1b/share/colcon-core/packages/task_1b)
[1.027s] Level 1:colcon.colcon_core.environment:create_environment_scripts_only(shape_interface)
[1.027s] Level 1:colcon.colcon_core.environment:checking '/home/aayush/eYRC/Software/workspace/install/shape_interface' for CMake module files
[1.027s] DEBUG:colcon.colcon_core.event_handler.log_command:Invoked command in '/home/aayush/eYRC/Software/workspace/build/shape_interface' returned '0': CMAKE_PREFIX_PATH=${CMAKE_PREFIX_PATH}:/opt/ros/humble /usr/bin/cmake --install /home/aayush/eYRC/Software/workspace/build/shape_interface
[1.028s] Level 1:colcon.colcon_core.environment:checking '/home/aayush/eYRC/Software/workspace/install/shape_interface' for CMake config files
[1.028s] Level 1:colcon.colcon_core.shell:create_environment_hook('shape_interface', 'cmake_prefix_path')
[1.028s] INFO:colcon.colcon_core.shell:Creating environment hook '/home/aayush/eYRC/Software/workspace/install/shape_interface/share/shape_interface/hook/cmake_prefix_path.ps1'
[1.028s] INFO:colcon.colcon_core.shell:Creating environment descriptor '/home/aayush/eYRC/Software/workspace/install/shape_interface/share/shape_interface/hook/cmake_prefix_path.dsv'
[1.029s] INFO:colcon.colcon_core.shell:Creating environment hook '/home/aayush/eYRC/Software/workspace/install/shape_interface/share/shape_interface/hook/cmake_prefix_path.sh'
[1.029s] Level 1:colcon.colcon_core.environment:checking '/home/aayush/eYRC/Software/workspace/install/shape_interface/lib'
[1.029s] Level 1:colcon.colcon_core.shell:create_environment_hook('shape_interface', 'ld_library_path_lib')
[1.029s] INFO:colcon.colcon_core.shell:Creating environment hook '/home/aayush/eYRC/Software/workspace/install/shape_interface/share/shape_interface/hook/ld_library_path_lib.ps1'
[1.029s] INFO:colcon.colcon_core.shell:Creating environment descriptor '/home/aayush/eYRC/Software/workspace/install/shape_interface/share/shape_interface/hook/ld_library_path_lib.dsv'
[1.029s] INFO:colcon.colcon_core.shell:Creating environment hook '/home/aayush/eYRC/Software/workspace/install/shape_interface/share/shape_interface/hook/ld_library_path_lib.sh'
[1.030s] Level 1:colcon.colcon_core.environment:checking '/home/aayush/eYRC/Software/workspace/install/shape_interface/bin'
[1.030s] Level 1:colcon.colcon_core.environment:checking '/home/aayush/eYRC/Software/workspace/install/shape_interface/lib/pkgconfig/shape_interface.pc'
[1.030s] Level 1:colcon.colcon_core.environment:checking '/home/aayush/eYRC/Software/workspace/install/shape_interface/lib/python3.10/site-packages'
[1.030s] Level 1:colcon.colcon_core.environment:checking '/home/aayush/eYRC/Software/workspace/install/shape_interface/bin'
[1.030s] INFO:colcon.colcon_core.shell:Creating package script '/home/aayush/eYRC/Software/workspace/install/shape_interface/share/shape_interface/package.ps1'
[1.030s] INFO:colcon.colcon_core.shell:Creating package descriptor '/home/aayush/eYRC/Software/workspace/install/shape_interface/share/shape_interface/package.dsv'
[1.031s] INFO:colcon.colcon_core.shell:Creating package script '/home/aayush/eYRC/Software/workspace/install/shape_interface/share/shape_interface/package.sh'
[1.031s] INFO:colcon.colcon_core.shell:Creating package script '/home/aayush/eYRC/Software/workspace/install/shape_interface/share/shape_interface/package.bash'
[1.031s] INFO:colcon.colcon_core.shell:Creating package script '/home/aayush/eYRC/Software/workspace/install/shape_interface/share/shape_interface/package.zsh'
[1.031s] Level 1:colcon.colcon_core.environment:create_file_with_runtime_dependencies(/home/aayush/eYRC/Software/workspace/install/shape_interface/share/colcon-core/packages/shape_interface)
[1.032s] Level 1:colcon.colcon_core.environment:create_environment_scripts_only(shape_interface)
[1.032s] Level 1:colcon.colcon_core.environment:checking '/home/aayush/eYRC/Software/workspace/install/shape_interface' for CMake module files
[1.032s] Level 1:colcon.colcon_core.environment:checking '/home/aayush/eYRC/Software/workspace/install/shape_interface' for CMake config files
[1.032s] Level 1:colcon.colcon_core.shell:create_environment_hook('shape_interface', 'cmake_prefix_path')
[1.032s] INFO:colcon.colcon_core.shell:Creating environment hook '/home/aayush/eYRC/Software/workspace/install/shape_interface/share/shape_interface/hook/cmake_prefix_path.ps1'
[1.088s] INFO:colcon.colcon_core.shell:Creating environment descriptor '/home/aayush/eYRC/Software/workspace/install/shape_interface/share/shape_interface/hook/cmake_prefix_path.dsv'
[1.088s] INFO:colcon.colcon_core.shell:Creating environment hook '/home/aayush/eYRC/Software/workspace/install/shape_interface/share/shape_interface/hook/cmake_prefix_path.sh'
[1.089s] Level 1:colcon.colcon_core.environment:checking '/home/aayush/eYRC/Software/workspace/install/shape_interface/lib'
[1.089s] Level 1:colcon.colcon_core.shell:create_environment_hook('shape_interface', 'ld_library_path_lib')
[1.089s] INFO:colcon.colcon_core.shell:Creating environment hook '/home/aayush/eYRC/Software/workspace/install/shape_interface/share/shape_interface/hook/ld_library_path_lib.ps1'
[1.089s] INFO:colcon.colcon_core.shell:Creating environment descriptor '/home/aayush/eYRC/Software/workspace/install/shape_interface/share/shape_interface/hook/ld_library_path_lib.dsv'
[1.089s] INFO:colcon.colcon_core.shell:Creating environment hook '/home/aayush/eYRC/Software/workspace/install/shape_interface/share/shape_interface/hook/ld_library_path_lib.sh'
[1.089s] Level 1:colcon.colcon_core.environment:checking '/home/aayush/eYRC/Software/workspace/install/shape_interface/bin'
[1.089s] Level 1:colcon.colcon_core.environment:checking '/home/aayush/eYRC/Software/workspace/install/shape_interface/lib/pkgconfig/shape_interface.pc'
[1.089s] Level 1:colcon.colcon_core.environment:checking '/home/aayush/eYRC/Software/workspace/install/shape_interface/lib/python3.10/site-packages'
[1.090s] Level 1:colcon.colcon_core.environment:checking '/home/aayush/eYRC/Software/workspace/install/shape_interface/bin'
[1.090s] INFO:colcon.colcon_core.shell:Creating package script '/home/aayush/eYRC/Software/workspace/install/shape_interface/share/shape_interface/package.ps1'
[1.090s] INFO:colcon.colcon_core.shell:Creating package descriptor '/home/aayush/eYRC/Software/workspace/install/shape_interface/share/shape_interface/package.dsv'
[1.090s] INFO:colcon.colcon_core.shell:Creating package script '/home/aayush/eYRC/Software/workspace/install/shape_interface/share/shape_interface/package.sh'
[1.091s] INFO:colcon.colcon_core.shell:Creating package script '/home/aayush/eYRC/Software/workspace/install/shape_interface/share/shape_interface/package.bash'
[1.091s] INFO:colcon.colcon_core.shell:Creating package script '/home/aayush/eYRC/Software/workspace/install/shape_interface/share/shape_interface/package.zsh'
[1.091s] Level 1:colcon.colcon_core.environment:create_file_with_runtime_dependencies(/home/aayush/eYRC/Software/workspace/install/shape_interface/share/colcon-core/packages/shape_interface)
[1.091s] INFO:colcon.colcon_ros.task.ament_cmake.build:Building ROS package in '/home/aayush/eYRC/Software/workspace/src/task_1a' with build type 'ament_cmake'
[1.091s] INFO:colcon.colcon_cmake.task.cmake.build:Building CMake package in '/home/aayush/eYRC/Software/workspace/src/task_1a'
[1.091s] INFO:colcon.colcon_core.shell:Skip shell extension 'powershell' for command environment: Not usable outside of PowerShell
[1.091s] DEBUG:colcon.colcon_core.shell:Skip shell extension 'dsv' for command environment
[1.094s] INFO:colcon.colcon_ros.task.ament_cmake.build:Building ROS package in '/home/aayush/eYRC/Software/workspace/src/task_1c' with build type 'ament_cmake'
[1.094s] INFO:colcon.colcon_cmake.task.cmake.build:Building CMake package in '/home/aayush/eYRC/Software/workspace/src/task_1c'
[1.094s] INFO:colcon.colcon_core.shell:Skip shell extension 'powershell' for command environment: Not usable outside of PowerShell
[1.094s] DEBUG:colcon.colcon_core.shell:Skip shell extension 'dsv' for command environment
[1.101s] DEBUG:colcon.colcon_core.event_handler.log_command:Invoking command in '/home/aayush/eYRC/Software/workspace/build/task_1a': CMAKE_PREFIX_PATH=/home/aayush/eYRC/Software/workspace/install/shape_interface:/home/aayush/eYRC/Software/workspace/install/task_1c:/home/aayush/eYRC/Software/workspace/install/task_1b:/home/aayush/eYRC/Software/workspace/install/hb_description:/home/aayush/eYRC/Software/workspace/install/task_1a:/opt/ros/humble LD_LIBRARY_PATH=/home/aayush/eYRC/Software/workspace/install/shape_interface/lib:/home/aayush/eYRC/Software/workspace/install/hb_description/lib:/opt/ros/humble/opt/rviz_ogre_vendor/lib:/opt/ros/humble/lib/x86_64-linux-gnu:/opt/ros/humble/lib:/opt/mujoco/lib /usr/bin/cmake --build /home/aayush/eYRC/Software/workspace/build/task_1a -- -j6 -l6
[1.103s] DEBUG:colcon.colcon_core.event_handler.log_command:Invoking command in '/home/aayush/eYRC/Software/workspace/build/task_1c': CMAKE_PREFIX_PATH=/home/aayush/eYRC/Software/workspace/install/shape_interface:/home/aayush/eYRC/Software/workspace/install/task_1c:/home/aayush/eYRC/Software/workspace/install/task_1b:/home/aayush/eYRC/Software/workspace/install/hb_description:/home/aayush/eYRC/Software/workspace/install/task_1a:/opt/ros/humble LD_LIBRARY_PATH=/home/aayush/eYRC/Software/workspace/install/shape_interface/lib:/home/aayush/eYRC/Software/workspace/install/hb_description/lib:/opt/ros/humble/opt/rviz_ogre_vendor/lib:/opt/ros/humble/lib/x86_64-linux-gnu:/opt/ros/humble/lib:/opt/mujoco/lib /usr/bin/cmake --build /home/aayush/eYRC/Software/workspace/build/task_1c -- -j6 -l6
[1.141s] DEBUG:colcon.colcon_core.event_handler.log_command:Invoked command in '/home/aayush/eYRC/Software/workspace/build/task_1c' returned '0': CMAKE_PREFIX_PATH=/home/aayush/eYRC/Software/workspace/install/shape_interface:/home/aayush/eYRC/Software/workspace/install/task_1c:/home/aayush/eYRC/Software/workspace/install/task_1b:/home/aayush/eYRC/Software/workspace/install/hb_description:/home/aayush/eYRC/Software/workspace/install/task_1a:/opt/ros/humble LD_LIBRARY_PATH=/home/aayush/eYRC/Software/workspace/install/shape_interface/lib:/home/aayush/eYRC/Software/workspace/install/hb_description/lib:/opt/ros/humble/opt/rviz_ogre_vendor/lib:/opt/ros/humble/lib/x86_64-linux-gnu:/opt/ros/humble/lib:/opt/mujoco/lib /usr/bin/cmake --build /home/aayush/eYRC/Software/workspace/build/task_1c -- -j6 -l6
[1.142s] DEBUG:colcon.colcon_core.event_handler.log_command:Invoking command in '/home/aayush/eYRC/Software/workspace/build/task_1c': CMAKE_PREFIX_PATH=/home/aayush/eYRC/Software/workspace/install/shape_interface:/home/aayush/eYRC/Software/workspace/install/task_1c:/home/aayush/eYRC/Software/workspace/install/task_1b:/home/aayush/eYRC/Software/workspace/install/hb_description:/home/aayush/eYRC/Software/workspace/install/task_1a:/opt/ros/humble LD_LIBRARY_PATH=/home/aayush/eYRC/Software/workspace/install/shape_interface/lib:/home/aayush/eYRC/Software/workspace/install/hb_description/lib:/opt/ros/humble/opt/rviz_ogre_vendor/lib:/opt/ros/humble/lib/x86_64-linux-gnu:/opt/ros/humble/lib:/opt/mujoco/lib /usr/bin/cmake --install /home/aayush/eYRC/Software/workspace/build/task_1c
[1.152s] Level 1:colcon.colcon_core.environment:create_environment_scripts_only(task_1c)
[1.152s] Level 1:colcon.colcon_core.environment:checking '/home/aayush/eYRC/Software/workspace/install/task_1c' for CMake module files
[1.152s] DEBUG:colcon.colcon_core.event_handler.log_command:Invoked command in '/home/aayush/eYRC/Software/workspace/build/task_1c' returned '0': CMAKE_PREFIX_PATH=/home/aayush/eYRC/Software/workspace/install/shape_interface:/home/aayush/eYRC/Software/workspace/install/task_1c:/home/aayush/eYRC/Software/workspace/install/task_1b:/home/aayush/eYRC/Software/workspace/install/hb_description:/home/aayush/eYRC/Software/workspace/install/task_1a:/opt/ros/humble LD_LIBRARY_PATH=/home/aayush/eYRC/Software/workspace/install/shape_interface/lib:/home/aayush/eYRC/Software/workspace/install/hb_description/lib:/opt/ros/humble/opt/rviz_ogre_vendor/lib:/opt/ros/humble/lib/x86_64-linux-gnu:/opt/ros/humble/lib:/opt/mujoco/lib /usr/bin/cmake --install /home/aayush/eYRC/Software/workspace/build/task_1c
[1.153s] Level 1:colcon.colcon_core.environment:checking '/home/aayush/eYRC/Software/workspace/install/task_1c' for CMake config files
[1.153s] Level 1:colcon.colcon_core.shell:create_environment_hook('task_1c', 'cmake_prefix_path')
[1.153s] INFO:colcon.colcon_core.shell:Creating environment hook '/home/aayush/eYRC/Software/workspace/install/task_1c/share/task_1c/hook/cmake_prefix_path.ps1'
[1.154s] INFO:colcon.colcon_core.shell:Creating environment descriptor '/home/aayush/eYRC/Software/workspace/install/task_1c/share/task_1c/hook/cmake_prefix_path.dsv'
[1.154s] INFO:colcon.colcon_core.shell:Creating environment hook '/home/aayush/eYRC/Software/workspace/install/task_1c/share/task_1c/hook/cmake_prefix_path.sh'
[1.154s] Level 1:colcon.colcon_core.environment:checking '/home/aayush/eYRC/Software/workspace/install/task_1c/lib'
[1.154s] Level 1:colcon.colcon_core.environment:checking '/home/aayush/eYRC/Software/workspace/install/task_1c/bin'
[1.154s] Level 1:colcon.colcon_core.environment:checking '/home/aayush/eYRC/Software/workspace/install/task_1c/lib/pkgconfig/task_1c.pc'
[1.155s] Level 1:colcon.colcon_core.environment:checking '/home/aayush/eYRC/Software/workspace/install/task_1c/lib/python3.10/site-packages'
[1.155s] Level 1:colcon.colcon_core.environment:checking '/home/aayush/eYRC/Software/workspace/install/task_1c/bin'
[1.155s] INFO:colcon.colcon_core.shell:Creating package script '/home/aayush/eYRC/Software/workspace/install/task_1c/share/task_1c/package.ps1'
[1.156s] INFO:colcon.colcon_core.shell:Creating package descriptor '/home/aayush/eYRC/Software/workspace/install/task_1c/share/task_1c/package.dsv'
[1.156s] INFO:colcon.colcon_core.shell:Creating package script '/home/aayush/eYRC/Software/workspace/install/task_1c/share/task_1c/package.sh'
[1.156s] INFO:colcon.colcon_core.shell:Creating package script '/home/aayush/eYRC/Software/workspace/install/task_1c/share/task_1c/package.bash'
[1.156s] INFO:colcon.colcon_core.shell:Creating package script '/home/aayush/eYRC/Software/workspace/install/task_1c/share/task_1c/package.zsh'
[1.157s] Level 1:colcon.colcon_core.environment:create_file_with_runtime_dependencies(/home/aayush/eYRC/Software/workspace/install/task_1c/share/colcon-core/packages/task_1c)
[1.157s] Level 1:colcon.colcon_core.environment:create_environment_scripts_only(task_1c)
[1.157s] Level 1:colcon.colcon_core.environment:checking '/home/aayush/eYRC/Software/workspace/install/task_1c' for CMake module files
[1.157s] Level 1:colcon.colcon_core.environment:checking '/home/aayush/eYRC/Software/workspace/install/task_1c' for CMake config files
[1.157s] Level 1:colcon.colcon_core.shell:create_environment_hook('task_1c', 'cmake_prefix_path')
[1.157s] INFO:colcon.colcon_core.shell:Creating environment hook '/home/aayush/eYRC/Software/workspace/install/task_1c/share/task_1c/hook/cmake_prefix_path.ps1'
[1.158s] INFO:colcon.colcon_core.shell:Creating environment descriptor '/home/aayush/eYRC/Software/workspace/install/task_1c/share/task_1c/hook/cmake_prefix_path.dsv'
[1.158s] INFO:colcon.colcon_core.shell:Creating environment hook '/home/aayush/eYRC/Software/workspace/install/task_1c/share/task_1c/hook/cmake_prefix_path.sh'
[1.158s] Level 1:colcon.colcon_core.environment:checking '/home/aayush/eYRC/Software/workspace/install/task_1c/lib'
[1.158s] Level 1:colcon.colcon_core.environment:checking '/home/aayush/eYRC/Software/workspace/install/task_1c/bin'
[1.158s] Level 1:colcon.colcon_core.environment:checking '/home/aayush/eYRC/Software/workspace/install/task_1c/lib/pkgconfig/task_1c.pc'
[1.158s] Level 1:colcon.colcon_core.environment:checking '/home/aayush/eYRC/Software/workspace/install/task_1c/lib/python3.10/site-packages'
[1.159s] Level 1:colcon.colcon_core.environment:checking '/home/aayush/eYRC/Software/workspace/install/task_1c/bin'
[1.159s] INFO:colcon.colcon_core.shell:Creating package script '/home/aayush/eYRC/Software/workspace/install/task_1c/share/task_1c/package.ps1'
[1.159s] INFO:colcon.colcon_core.shell:Creating package descriptor '/home/aayush/eYRC/Software/workspace/install/task_1c/share/task_1c/package.dsv'
[1.159s] INFO:colcon.colcon_core.shell:Creating package script '/home/aayush/eYRC/Software/workspace/install/task_1c/share/task_1c/package.sh'
[1.159s] INFO:colcon.colcon_core.shell:Creating package script '/home/aayush/eYRC/Software/workspace/install/task_1c/share/task_1c/package.bash'
[1.160s] INFO:colcon.colcon_core.shell:Creating package script '/home/aayush/eYRC/Software/workspace/install/task_1c/share/task_1c/package.zsh'
[1.160s] Level 1:colcon.colcon_core.environment:create_file_with_runtime_dependencies(/home/aayush/eYRC/Software/workspace/install/task_1c/share/colcon-core/packages/task_1c)
[1.382s] DEBUG:colcon.colcon_core.event_handler.log_command:Invoked command in '/home/aayush/eYRC/Software/workspace/build/task_1a' returned '0': CMAKE_PREFIX_PATH=/home/aayush/eYRC/Software/workspace/install/shape_interface:/home/aayush/eYRC/Software/workspace/install/task_1c:/home/aayush/eYRC/Software/workspace/install/task_1b:/home/aayush/eYRC/Software/workspace/install/hb_description:/home/aayush/eYRC/Software/workspace/install/task_1a:/opt/ros/humble LD_LIBRARY_PATH=/home/aayush/eYRC/Software/workspace/install/shape_interface/lib:/home/aayush/eYRC/Software/workspace/install/hb_description/lib:/opt/ros/humble/opt/rviz_ogre_vendor/lib:/opt/ros/humble/lib/x86_64-linux-gnu:/opt/ros/humble/lib:/opt/mujoco/lib /usr/bin/cmake --build /home/aayush/eYRC/Software/workspace/build/task_1a -- -j6 -l6
[1.383s] DEBUG:colcon.colcon_core.event_handler.log_command:Invoking command in '/home/aayush/eYRC/Software/workspace/build/task_1a': CMAKE_PREFIX_PATH=/home/aayush/eYRC/Software/workspace/install/shape_interface:/home/aayush/eYRC/Software/workspace/install/task_1c:/home/aayush/eYRC/Software/workspace/install/task_1b:/home/aayush/eYRC/Software/workspace/install/hb_description:/home/aayush/eYRC/Software/workspace/install/task_1a:/opt/ros/humble LD_LIBRARY_PATH=/home/aayush/eYRC/Software/workspace/install/shape_interface/lib:/home/aayush/eYRC/Software/workspace/install/hb_description/lib:/opt/ros/humble/opt/rviz_ogre_vendor/lib:/opt/ros/humble/lib/x86_64-linux-gnu:/opt/ros/humble/lib:/opt/mujoco/lib /usr/bin/cmake --install /home/aayush/eYRC/Software/workspace/build/task_1a
[1.442s] Level 1:colcon.colcon_core.environment:create_environment_scripts_only(task_1a)
[1.443s] Level 1:colcon.colcon_core.environment:checking '/home/aayush/eYRC/Software/workspace/install/task_1a' for CMake module files
[1.443s] DEBUG:colcon.colcon_core.event_handler.log_command:Invoked command in '/home/aayush/eYRC/Software/workspace/build/task_1a' returned '0': CMAKE_PREFIX_PATH=/home/aayush/eYRC/Software/workspace/install/shape_interface:/home/aayush/eYRC/Software/workspace/install/task_1c:/home/aayush/eYRC/Software/workspace/install/task_1b:/home/aayush/eYRC/Software/workspace/install/hb_description:/home/aayush/eYRC/Software/workspace/install/task_1a:/opt/ros/humble LD_LIBRARY_PATH=/home/aayush/eYRC/Software/workspace/install/shape_interface/lib:/home/aayush/eYRC/Software/workspace/install/hb_description/lib:/opt/ros/humble/opt/rviz_ogre_vendor/lib:/opt/ros/humble/lib/x86_64-linux-gnu:/opt/ros/humble/lib:/opt/mujoco/lib /usr/bin/cmake --install /home/aayush/eYRC/Software/workspace/build/task_1a
[1.443s] Level 1:colcon.colcon_core.environment:checking '/home/aayush/eYRC/Software/workspace/install/task_1a' for CMake config files
[1.444s] Level 1:colcon.colcon_core.shell:create_environment_hook('task_1a', 'cmake_prefix_path')
[1.444s] INFO:colcon.colcon_core.shell:Creating environment hook '/home/aayush/eYRC/Software/workspace/install/task_1a/share/task_1a/hook/cmake_prefix_path.ps1'
[1.444s] INFO:colcon.colcon_core.shell:Creating environment descriptor '/home/aayush/eYRC/Software/workspace/install/task_1a/share/task_1a/hook/cmake_prefix_path.dsv'
[1.444s] INFO:colcon.colcon_core.shell:Creating environment hook '/home/aayush/eYRC/Software/workspace/install/task_1a/share/task_1a/hook/cmake_prefix_path.sh'
[1.445s] Level 1:colcon.colcon_core.environment:checking '/home/aayush/eYRC/Software/workspace/install/task_1a/lib'
[1.445s] Level 1:colcon.colcon_core.environment:checking '/home/aayush/eYRC/Software/workspace/install/task_1a/bin'
[1.445s] Level 1:colcon.colcon_core.environment:checking '/home/aayush/eYRC/Software/workspace/install/task_1a/lib/pkgconfig/task_1a.pc'
[1.445s] Level 1:colcon.colcon_core.environment:checking '/home/aayush/eYRC/Software/workspace/install/task_1a/lib/python3.10/site-packages'
[1.445s] Level 1:colcon.colcon_core.environment:checking '/home/aayush/eYRC/Software/workspace/install/task_1a/bin'
[1.445s] INFO:colcon.colcon_core.shell:Creating package script '/home/aayush/eYRC/Software/workspace/install/task_1a/share/task_1a/package.ps1'
[1.445s] INFO:colcon.colcon_core.shell:Creating package descriptor '/home/aayush/eYRC/Software/workspace/install/task_1a/share/task_1a/package.dsv'
[1.446s] INFO:colcon.colcon_core.shell:Creating package script '/home/aayush/eYRC/Software/workspace/install/task_1a/share/task_1a/package.sh'
[1.446s] INFO:colcon.colcon_core.shell:Creating package script '/home/aayush/eYRC/Software/workspace/install/task_1a/share/task_1a/package.bash'
[1.446s] INFO:colcon.colcon_core.shell:Creating package script '/home/aayush/eYRC/Software/workspace/install/task_1a/share/task_1a/package.zsh'
[1.446s] Level 1:colcon.colcon_core.environment:create_file_with_runtime_dependencies(/home/aayush/eYRC/Software/workspace/install/task_1a/share/colcon-core/packages/task_1a)
[1.447s] Level 1:colcon.colcon_core.environment:create_environment_scripts_only(task_1a)
[1.447s] Level 1:colcon.colcon_core.environment:checking '/home/aayush/eYRC/Software/workspace/install/task_1a' for CMake module files
[1.447s] Level 1:colcon.colcon_core.environment:checking '/home/aayush/eYRC/Software/workspace/install/task_1a' for CMake config files
[1.447s] Level 1:colcon.colcon_core.shell:create_environment_hook('task_1a', 'cmake_prefix_path')
[1.447s] INFO:colcon.colcon_core.shell:Creating environment hook '/home/aayush/eYRC/Software/workspace/install/task_1a/share/task_1a/hook/cmake_prefix_path.ps1'
[1.447s] INFO:colcon.colcon_core.shell:Creating environment descriptor '/home/aayush/eYRC/Software/workspace/install/task_1a/share/task_1a/hook/cmake_prefix_path.dsv'
[1.448s] INFO:colcon.colcon_core.shell:Creating environment hook '/home/aayush/eYRC/Software/workspace/install/task_1a/share/task_1a/hook/cmake_prefix_path.sh'
[1.448s] Level 1:colcon.colcon_core.environment:checking '/home/aayush/eYRC/Software/workspace/install/task_1a/lib'
[1.448s] Level 1:colcon.colcon_core.environment:checking '/home/aayush/eYRC/Software/workspace/install/task_1a/bin'
[1.448s] Level 1:colcon.colcon_core.environment:checking '/home/aayush/eYRC/Software/workspace/install/task_1a/lib/pkgconfig/task_1a.pc'
[1.448s] Level 1:colcon.colcon_core.environment:checking '/home/aayush/eYRC/Software/workspace/install/task_1a/lib/python3.10/site-packages'
[1.449s] Level 1:colcon.colcon_core.environment:checking '/home/aayush/eYRC/Software/workspace/install/task_1a/bin'
[1.449s] INFO:colcon.colcon_core.shell:Creating package script '/home/aayush/eYRC/Software/workspace/install/task_1a/share/task_1a/package.ps1'
[1.450s] INFO:colcon.colcon_core.shell:Creating package descriptor '/home/aayush/eYRC/Software/workspace/install/task_1a/share/task_1a/package.dsv'
[1.450s] INFO:colcon.colcon_core.shell:Creating package script '/home/aayush/eYRC/Software/workspace/install/task_1a/share/task_1a/package.sh'
[1.450s] INFO:colcon.colcon_core.shell:Creating package script '/home/aayush/eYRC/Software/workspace/install/task_1a/share/task_1a/package.bash'
[1.451s] INFO:colcon.colcon_core.shell:Creating package script '/home/aayush/eYRC/Software/workspace/install/task_1a/share/task_1a/package.zsh'
[1.451s] Level 1:colcon.colcon_core.environment:create_file_with_runtime_dependencies(/home/aayush/eYRC/Software/workspace/install/task_1a/share/colcon-core/packages/task_1a)
[1.451s] INFO:colcon.colcon_ros.task.ament_cmake.build:Building ROS package in '/home/aayush/eYRC/Software/workspace/src/hb_description' with build type 'ament_cmake'
[1.451s] INFO:colcon.colcon_cmake.task.cmake.build:Building CMake package in '/home/aayush/eYRC/Software/workspace/src/hb_description'
[1.451s] INFO:colcon.colcon_core.shell:Skip shell extension 'powershell' for command environment: Not usable outside of PowerShell
[1.451s] DEBUG:colcon.colcon_core.shell:Skip shell extension 'dsv' for command environment
[1.460s] DEBUG:colcon.colcon_core.event_handler.log_command:Invoking command in '/home/aayush/eYRC/Software/workspace/build/hb_description': CMAKE_PREFIX_PATH=/home/aayush/eYRC/Software/workspace/install/task_1a:/home/aayush/eYRC/Software/workspace/install/shape_interface:/home/aayush/eYRC/Software/workspace/install/task_1c:/home/aayush/eYRC/Software/workspace/install/task_1b:/home/aayush/eYRC/Software/workspace/install/hb_description:/opt/ros/humble LD_LIBRARY_PATH=/home/aayush/eYRC/Software/workspace/install/shape_interface/lib:/home/aayush/eYRC/Software/workspace/install/hb_description/lib:/opt/ros/humble/opt/rviz_ogre_vendor/lib:/opt/ros/humble/lib/x86_64-linux-gnu:/opt/ros/humble/lib:/opt/mujoco/lib /usr/bin/cmake --build /home/aayush/eYRC/Software/workspace/build/hb_description -- -j6 -l6
[1.508s] DEBUG:colcon.colcon_core.event_handler.log_command:Invoked command in '/home/aayush/eYRC/Software/workspace/build/hb_description' returned '0': CMAKE_PREFIX_PATH=/home/aayush/eYRC/Software/workspace/install/task_1a:/home/aayush/eYRC/Software/workspace/install/shape_interface:/home/aayush/eYRC/Software/workspace/install/task_1c:/home/aayush/eYRC/Software/workspace/install/task_1b:/home/aayush/eYRC/Software/workspace/install/hb_description:/opt/ros/humble LD_LIBRARY_PATH=/home/aayush/eYRC/Software/workspace/install/shape_interface/lib:/home/aayush/eYRC/Software/workspace/install/hb_description/lib:/opt/ros/humble/opt/rviz_ogre_vendor/lib:/opt/ros/humble/lib/x86_64-linux-gnu:/opt/ros/humble/lib:/opt/mujoco/lib /usr/bin/cmake --build /home/aayush/eYRC/Software/workspace/build/hb_description -- -j6 -l6
[1.508s] DEBUG:colcon.colcon_core.event_handler.log_command:Invoking command in '/home/aayush/eYRC/Software/workspace/build/hb_description': CMAKE_PREFIX_PATH=/home/aayush/eYRC/Software/workspace/install/task_1a:/home/aayush/eYRC/Software/workspace/install/shape_interface:/home/aayush/eYRC/Software/workspace/install/task_1c:/home/aayush/eYRC/Software/workspace/install/task_1b:/home/aayush/eYRC/Software/workspace/install/hb_description:/opt/ros/humble LD_LIBRARY_PATH=/home/aayush/eYRC/Software/workspace/install/shape_interface/lib:/home/aayush/eYRC/Software/workspace/install/hb_description/lib:/opt/ros/humble/opt/rviz_ogre_vendor/lib:/opt/ros/humble/lib/x86_64-linux-gnu:/opt/ros/humble/lib:/opt/mujoco/lib /usr/bin/cmake --install /home/aayush/eYRC/Software/workspace/build/hb_description
[1.582s] Level 1:colcon.colcon_core.environment:create_environment_scripts_only(hb_description)
[1.582s] Level 1:colcon.colcon_core.environment:checking '/home/aayush/eYRC/Software/workspace/install/hb_description' for CMake module files
[1.583s] Level 1:colcon.colcon_core.environment:checking '/home/aayush/eYRC/Software/workspace/install/hb_description' for CMake config files
[1.583s] Level 1:colcon.colcon_core.shell:create_environment_hook('hb_description', 'cmake_prefix_path')
[1.584s] INFO:colcon.colcon_core.shell:Creating environment hook '/home/aayush/eYRC/Software/workspace/install/hb_description/share/hb_description/hook/cmake_prefix_path.ps1'
[1.588s] DEBUG:colcon.colcon_core.event_handler.log_command:Invoked command in '/home/aayush/eYRC/Software/workspace/build/hb_description' returned '0': CMAKE_PREFIX_PATH=/home/aayush/eYRC/Software/workspace/install/task_1a:/home/aayush/eYRC/Software/workspace/install/shape_interface:/home/aayush/eYRC/Software/workspace/install/task_1c:/home/aayush/eYRC/Software/workspace/install/task_1b:/home/aayush/eYRC/Software/workspace/install/hb_description:/opt/ros/humble LD_LIBRARY_PATH=/home/aayush/eYRC/Software/workspace/install/shape_interface/lib:/home/aayush/eYRC/Software/workspace/install/hb_description/lib:/opt/ros/humble/opt/rviz_ogre_vendor/lib:/opt/ros/humble/lib/x86_64-linux-gnu:/opt/ros/humble/lib:/opt/mujoco/lib /usr/bin/cmake --install /home/aayush/eYRC/Software/workspace/build/hb_description
[1.588s] INFO:colcon.colcon_core.shell:Creating environment descriptor '/home/aayush/eYRC/Software/workspace/install/hb_description/share/hb_description/hook/cmake_prefix_path.dsv'
[1.589s] INFO:colcon.colcon_core.shell:Creating environment hook '/home/aayush/eYRC/Software/workspace/install/hb_description/share/hb_description/hook/cmake_prefix_path.sh'
[1.590s] Level 1:colcon.colcon_core.environment:checking '/home/aayush/eYRC/Software/workspace/install/hb_description/lib'
[1.590s] Level 1:colcon.colcon_core.shell:create_environment_hook('hb_description', 'ld_library_path_lib')
[1.590s] INFO:colcon.colcon_core.shell:Creating environment hook '/home/aayush/eYRC/Software/workspace/install/hb_description/share/hb_description/hook/ld_library_path_lib.ps1'
[1.591s] INFO:colcon.colcon_core.shell:Creating environment descriptor '/home/aayush/eYRC/Software/workspace/install/hb_description/share/hb_description/hook/ld_library_path_lib.dsv'
[1.591s] INFO:colcon.colcon_core.shell:Creating environment hook '/home/aayush/eYRC/Software/workspace/install/hb_description/share/hb_description/hook/ld_library_path_lib.sh'
[1.592s] Level 1:colcon.colcon_core.environment:checking '/home/aayush/eYRC/Software/workspace/install/hb_description/bin'
[1.592s] Level 1:colcon.colcon_core.environment:checking '/home/aayush/eYRC/Software/workspace/install/hb_description/lib/pkgconfig/hb_description.pc'
[1.592s] Level 1:colcon.colcon_core.environment:checking '/home/aayush/eYRC/Software/workspace/install/hb_description/lib/python3.10/site-packages'
[1.593s] Level 1:colcon.colcon_core.environment:checking '/home/aayush/eYRC/Software/workspace/install/hb_description/bin'
[1.594s] INFO:colcon.colcon_core.shell:Creating package script '/home/aayush/eYRC/Software/workspace/install/hb_description/share/hb_description/package.ps1'
[1.595s] INFO:colcon.colcon_core.shell:Creating package descriptor '/home/aayush/eYRC/Software/workspace/install/hb_description/share/hb_description/package.dsv'
[1.596s] INFO:colcon.colcon_core.shell:Creating package script '/home/aayush/eYRC/Software/workspace/install/hb_description/share/hb_description/package.sh'
[1.596s] INFO:colcon.colcon_core.shell:Creating package script '/home/aayush/eYRC/Software/workspace/install/hb_description/share/hb_description/package.bash'
[1.597s] INFO:colcon.colcon_core.shell:Creating package script '/home/aayush/eYRC/Software/workspace/install/hb_description/share/hb_description/package.zsh'
[1.597s] Level 1:colcon.colcon_core.environment:create_file_with_runtime_dependencies(/home/aayush/eYRC/Software/workspace/install/hb_description/share/colcon-core/packages/hb_description)
[1.598s] Level 1:colcon.colcon_core.environment:create_environment_scripts_only(hb_description)
[1.598s] Level 1:colcon.colcon_core.environment:checking '/home/aayush/eYRC/Software/workspace/install/hb_description' for CMake module files
[1.599s] Level 1:colcon.colcon_core.environment:checking '/home/aayush/eYRC/Software/workspace/install/hb_description' for CMake config files
[1.599s] Level 1:colcon.colcon_core.shell:create_environment_hook('hb_description', 'cmake_prefix_path')
[1.600s] INFO:colcon.colcon_core.shell:Creating environment hook '/home/aayush/eYRC/Software/workspace/install/hb_description/share/hb_description/hook/cmake_prefix_path.ps1'
[1.676s] INFO:colcon.colcon_core.shell:Creating environment descriptor '/home/aayush/eYRC/Software/workspace/install/hb_description/share/hb_description/hook/cmake_prefix_path.dsv'
[1.677s] INFO:colcon.colcon_core.shell:Creating environment hook '/home/aayush/eYRC/Software/workspace/install/hb_description/share/hb_description/hook/cmake_prefix_path.sh'
[1.677s] Level 1:colcon.colcon_core.environment:checking '/home/aayush/eYRC/Software/workspace/install/hb_description/lib'
[1.677s] Level 1:colcon.colcon_core.shell:create_environment_hook('hb_description', 'ld_library_path_lib')
[1.678s] INFO:colcon.colcon_core.shell:Creating environment hook '/home/aayush/eYRC/Software/workspace/install/hb_description/share/hb_description/hook/ld_library_path_lib.ps1'
[1.678s] INFO:colcon.colcon_core.shell:Creating environment descriptor '/home/aayush/eYRC/Software/workspace/install/hb_description/share/hb_description/hook/ld_library_path_lib.dsv'
[1.679s] INFO:colcon.colcon_core.shell:Creating environment hook '/home/aayush/eYRC/Software/workspace/install/hb_description/share/hb_description/hook/ld_library_path_lib.sh'
[1.679s] Level 1:colcon.colcon_core.environment:checking '/home/aayush/eYRC/Software/workspace/install/hb_description/bin'
[1.679s] Level 1:colcon.colcon_core.environment:checking '/home/aayush/eYRC/Software/workspace/install/hb_description/lib/pkgconfig/hb_description.pc'
[1.679s] Level 1:colcon.colcon_core.environment:checking '/home/aayush/eYRC/Software/workspace/install/hb_description/lib/python3.10/site-packages'
[1.680s] Level 1:colcon.colcon_core.environment:checking '/home/aayush/eYRC/Software/workspace/install/hb_description/bin'
[1.680s] INFO:colcon.colcon_core.shell:Creating package script '/home/aayush/eYRC/Software/workspace/install/hb_description/share/hb_description/package.ps1'
[1.681s] INFO:colcon.colcon_core.shell:Creating package descriptor '/home/aayush/eYRC/Software/workspace/install/hb_description/share/hb_description/package.dsv'
[1.682s] INFO:colcon.colcon_core.shell:Creating package script '/home/aayush/eYRC/Software/workspace/install/hb_description/share/hb_description/package.sh'
[1.682s] INFO:colcon.colcon_core.shell:Creating package script '/home/aayush/eYRC/Software/workspace/install/hb_description/share/hb_description/package.bash'
[1.683s] INFO:colcon.colcon_core.shell:Creating package script '/home/aayush/eYRC/Software/workspace/install/hb_description/share/hb_description/package.zsh'
[1.683s] Level 1:colcon.colcon_core.environment:create_file_with_runtime_dependencies(/home/aayush/eYRC/Software/workspace/install/hb_description/share/colcon-core/packages/hb_description)
[1.683s] DEBUG:colcon.colcon_parallel_executor.executor.parallel:closing loop
[1.684s] DEBUG:colcon.colcon_parallel_executor.executor.parallel:loop closed
[1.684s] DEBUG:colcon.colcon_parallel_executor.executor.parallel:run_until_complete finished with '0'
[1.684s] DEBUG:colcon.colcon_core.event_reactor:joining thread
[1.690s] INFO:colcon.colcon_core.plugin_system:Skipping extension 'colcon_notification.desktop_notification.terminal_notifier': Not used on non-Darwin systems
[1.690s] INFO:colcon.colcon_core.plugin_system:Skipping extension 'colcon_notification.desktop_notification.win32': Not used on non-Windows systems
[1.691s] INFO:colcon.colcon_notification.desktop_notification:Sending desktop notification using 'notify2'
[1.705s] DEBUG:colcon.colcon_core.event_reactor:joined thread
[1.705s] INFO:colcon.colcon_core.shell:Creating prefix script '/home/aayush/eYRC/Software/workspace/install/local_setup.ps1'
[1.707s] INFO:colcon.colcon_core.shell:Creating prefix util module '/home/aayush/eYRC/Software/workspace/install/_local_setup_util_ps1.py'
[1.709s] INFO:colcon.colcon_core.shell:Creating prefix chain script '/home/aayush/eYRC/Software/workspace/install/setup.ps1'
[1.713s] INFO:colcon.colcon_core.shell:Creating prefix script '/home/aayush/eYRC/Software/workspace/install/local_setup.sh'
[1.714s] INFO:colcon.colcon_core.shell:Creating prefix util module '/home/aayush/eYRC/Software/workspace/install/_local_setup_util_sh.py'
[1.714s] INFO:colcon.colcon_core.shell:Creating prefix chain script '/home/aayush/eYRC/Software/workspace/install/setup.sh'
[1.715s] INFO:colcon.colcon_core.shell:Creating prefix script '/home/aayush/eYRC/Software/workspace/install/local_setup.bash'
[1.715s] INFO:colcon.colcon_core.shell:Creating prefix chain script '/home/aayush/eYRC/Software/workspace/install/setup.bash'
[1.716s] INFO:colcon.colcon_core.shell:Creating prefix script '/home/aayush/eYRC/Software/workspace/install/local_setup.zsh'
[1.717s] INFO:colcon.colcon_core.shell:Creating prefix chain script '/home/aayush/eYRC/Software/workspace/install/setup.zsh'
