[0.009s] Invoking command in '/home/aayush/eYRC/Software/workspace/build/hb_description': AMENT_PREFIX_PATH=/home/aayush/eYRC/Software/workspace/install/task_1a:/home/aayush/eYRC/Software/workspace/install/shape_interface:${AMENT_PREFIX_PATH} CMAKE_PREFIX_PATH=/home/aayush/eYRC/Software/workspace/install/task_1a:/home/aayush/eYRC/Software/workspace/install/shape_interface:/opt/ros/humble LD_LIBRARY_PATH=/home/aayush/eYRC/Software/workspace/install/shape_interface/lib:${LD_LIBRARY_PATH} PYTHONPATH=/home/aayush/eYRC/Software/workspace/install/task_1a/local/lib/python3.10/dist-packages:/home/aayush/eYRC/Software/workspace/install/shape_interface/local/lib/python3.10/dist-packages:${PYTHONPATH} /usr/bin/cmake /home/aayush/eYRC/Software/workspace/src/hb_description -DCMAKE_INSTALL_PREFIX=/home/aayush/eYRC/Software/workspace/install/hb_description
[0.157s] -- The C compiler identification is GNU 11.4.0
[0.258s] -- The CXX compiler identification is GNU 11.4.0
[0.266s] -- Detecting C compiler ABI info
[0.419s] -- Detecting C compiler ABI info - done
[0.427s] -- Check for working C compiler: /usr/bin/cc - skipped
[0.427s] -- Detecting C compile features
[0.428s] -- Detecting C compile features - done
[0.432s] -- Detecting CXX compiler ABI info
[0.507s] -- Detecting CXX compiler ABI info - done
[0.515s] -- Check for working CXX compiler: /usr/bin/c++ - skipped
[0.516s] -- Detecting CXX compile features
[0.516s] -- Detecting CXX compile features - done
[0.517s] -- Found ament_cmake: 1.3.14 (/opt/ros/humble/share/ament_cmake/cmake)
[0.633s] -- Found Python3: /usr/bin/python3 (found version "3.10.12") found components: Interpreter 
[0.745s] -- Configuring done
[0.747s] -- Generating done
[0.748s] -- Build files have been written to: /home/aayush/eYRC/Software/workspace/build/hb_description
[0.752s] Invoked command in '/home/aayush/eYRC/Software/workspace/build/hb_description' returned '0': AMENT_PREFIX_PATH=/home/aayush/eYRC/Software/workspace/install/task_1a:/home/aayush/eYRC/Software/workspace/install/shape_interface:${AMENT_PREFIX_PATH} CMAKE_PREFIX_PATH=/home/aayush/eYRC/Software/workspace/install/task_1a:/home/aayush/eYRC/Software/workspace/install/shape_interface:/opt/ros/humble LD_LIBRARY_PATH=/home/aayush/eYRC/Software/workspace/install/shape_interface/lib:${LD_LIBRARY_PATH} PYTHONPATH=/home/aayush/eYRC/Software/workspace/install/task_1a/local/lib/python3.10/dist-packages:/home/aayush/eYRC/Software/workspace/install/shape_interface/local/lib/python3.10/dist-packages:${PYTHONPATH} /usr/bin/cmake /home/aayush/eYRC/Software/workspace/src/hb_description -DCMAKE_INSTALL_PREFIX=/home/aayush/eYRC/Software/workspace/install/hb_description
[0.753s] Invoking command in '/home/aayush/eYRC/Software/workspace/build/hb_description': AMENT_PREFIX_PATH=/home/aayush/eYRC/Software/workspace/install/task_1a:/home/aayush/eYRC/Software/workspace/install/shape_interface:${AMENT_PREFIX_PATH} CMAKE_PREFIX_PATH=/home/aayush/eYRC/Software/workspace/install/task_1a:/home/aayush/eYRC/Software/workspace/install/shape_interface:/opt/ros/humble LD_LIBRARY_PATH=/home/aayush/eYRC/Software/workspace/install/shape_interface/lib:${LD_LIBRARY_PATH} PYTHONPATH=/home/aayush/eYRC/Software/workspace/install/task_1a/local/lib/python3.10/dist-packages:/home/aayush/eYRC/Software/workspace/install/shape_interface/local/lib/python3.10/dist-packages:${PYTHONPATH} /usr/bin/cmake --build /home/aayush/eYRC/Software/workspace/build/hb_description -- -j6 -l6
[0.790s] Invoked command in '/home/aayush/eYRC/Software/workspace/build/hb_description' returned '0': AMENT_PREFIX_PATH=/home/aayush/eYRC/Software/workspace/install/task_1a:/home/aayush/eYRC/Software/workspace/install/shape_interface:${AMENT_PREFIX_PATH} CMAKE_PREFIX_PATH=/home/aayush/eYRC/Software/workspace/install/task_1a:/home/aayush/eYRC/Software/workspace/install/shape_interface:/opt/ros/humble LD_LIBRARY_PATH=/home/aayush/eYRC/Software/workspace/install/shape_interface/lib:${LD_LIBRARY_PATH} PYTHONPATH=/home/aayush/eYRC/Software/workspace/install/task_1a/local/lib/python3.10/dist-packages:/home/aayush/eYRC/Software/workspace/install/shape_interface/local/lib/python3.10/dist-packages:${PYTHONPATH} /usr/bin/cmake --build /home/aayush/eYRC/Software/workspace/build/hb_description -- -j6 -l6
[0.792s] Invoking command in '/home/aayush/eYRC/Software/workspace/build/hb_description': AMENT_PREFIX_PATH=/home/aayush/eYRC/Software/workspace/install/task_1a:/home/aayush/eYRC/Software/workspace/install/shape_interface:${AMENT_PREFIX_PATH} CMAKE_PREFIX_PATH=/home/aayush/eYRC/Software/workspace/install/task_1a:/home/aayush/eYRC/Software/workspace/install/shape_interface:/opt/ros/humble LD_LIBRARY_PATH=/home/aayush/eYRC/Software/workspace/install/shape_interface/lib:${LD_LIBRARY_PATH} PYTHONPATH=/home/aayush/eYRC/Software/workspace/install/task_1a/local/lib/python3.10/dist-packages:/home/aayush/eYRC/Software/workspace/install/shape_interface/local/lib/python3.10/dist-packages:${PYTHONPATH} /usr/bin/cmake --install /home/aayush/eYRC/Software/workspace/build/hb_description
[0.798s] -- Install configuration: ""
[0.798s] -- Installing: /home/aayush/eYRC/Software/workspace/install/hb_description/lib/hb_description/task1a_bridge
[0.946s] -- Installing: /home/aayush/eYRC/Software/workspace/install/hb_description/lib/hb_description/task1a_camera
[0.994s] -- Installing: /home/aayush/eYRC/Software/workspace/install/hb_description/lib/hb_description/task1c_bridge
[1.065s] -- Installing: /home/aayush/eYRC/Software/workspace/install/hb_description/lib/hb_description/task1c_camera
[1.131s] -- Installing: /home/aayush/eYRC/Software/workspace/install/hb_description/lib/hb_description/camera_stream
[1.132s] -- Up-to-date: /home/aayush/eYRC/Software/workspace/install/hb_description/lib
[1.132s] -- Installing: /home/aayush/eYRC/Software/workspace/install/hb_description/lib/libhb_source__rosidl_typesupport_introspection_cpp.so
[1.134s] -- Installing: /home/aayush/eYRC/Software/workspace/install/hb_description/lib/libhb_source__rosidl_generator_c.so
[1.135s] -- Installing: /home/aayush/eYRC/Software/workspace/install/hb_description/lib/libhb_source__rosidl_typesupport_introspection_c.so
[1.136s] -- Installing: /home/aayush/eYRC/Software/workspace/install/hb_description/lib/libhb_source__rosidl_typesupport_fastrtps_cpp.so
[1.137s] -- Installing: /home/aayush/eYRC/Software/workspace/install/hb_description/lib/libhb_source__rosidl_typesupport_c.so
[1.137s] -- Installing: /home/aayush/eYRC/Software/workspace/install/hb_description/lib/libhb_source__rosidl_typesupport_cpp.so
[1.138s] -- Installing: /home/aayush/eYRC/Software/workspace/install/hb_description/lib/libhb_source__rosidl_typesupport_fastrtps_c.so
[1.139s] -- Installing: /home/aayush/eYRC/Software/workspace/install/hb_description/lib/libhb_source__rosidl_generator_py.so
[1.139s] -- Installing: /home/aayush/eYRC/Software/workspace/install/hb_description/lib/libmujoco.so
[1.140s] -- Installing: /home/aayush/eYRC/Software/workspace/install/hb_description/lib/libmujoco.so.3.4.0
[1.157s] -- Installing: /home/aayush/eYRC/Software/workspace/install/hb_description/share/hb_description/launch
[1.157s] -- Installing: /home/aayush/eYRC/Software/workspace/install/hb_description/share/hb_description/launch/task1a.launch.py
[1.157s] -- Installing: /home/aayush/eYRC/Software/workspace/install/hb_description/share/hb_description/launch/task1c.launch.py
[1.157s] -- Installing: /home/aayush/eYRC/Software/workspace/install/hb_description/share/hb_description/launch/task1b.launch.py
[1.157s] -- Installing: /home/aayush/eYRC/Software/workspace/install/hb_description/share/ament_index/resource_index/package_run_dependencies/hb_description
[1.157s] -- Installing: /home/aayush/eYRC/Software/workspace/install/hb_description/share/ament_index/resource_index/parent_prefix_path/hb_description
[1.158s] -- Installing: /home/aayush/eYRC/Software/workspace/install/hb_description/share/hb_description/environment/ament_prefix_path.sh
[1.158s] -- Installing: /home/aayush/eYRC/Software/workspace/install/hb_description/share/hb_description/environment/ament_prefix_path.dsv
[1.158s] -- Installing: /home/aayush/eYRC/Software/workspace/install/hb_description/share/hb_description/environment/path.sh
[1.158s] -- Installing: /home/aayush/eYRC/Software/workspace/install/hb_description/share/hb_description/environment/path.dsv
[1.158s] -- Installing: /home/aayush/eYRC/Software/workspace/install/hb_description/share/hb_description/local_setup.bash
[1.158s] -- Installing: /home/aayush/eYRC/Software/workspace/install/hb_description/share/hb_description/local_setup.sh
[1.158s] -- Installing: /home/aayush/eYRC/Software/workspace/install/hb_description/share/hb_description/local_setup.zsh
[1.158s] -- Installing: /home/aayush/eYRC/Software/workspace/install/hb_description/share/hb_description/local_setup.dsv
[1.158s] -- Installing: /home/aayush/eYRC/Software/workspace/install/hb_description/share/hb_description/package.dsv
[1.158s] -- Installing: /home/aayush/eYRC/Software/workspace/install/hb_description/share/ament_index/resource_index/packages/hb_description
[1.159s] -- Installing: /home/aayush/eYRC/Software/workspace/install/hb_description/share/hb_description/cmake/hb_descriptionConfig.cmake
[1.159s] -- Installing: /home/aayush/eYRC/Software/workspace/install/hb_description/share/hb_description/cmake/hb_descriptionConfig-version.cmake
[1.159s] -- Installing: /home/aayush/eYRC/Software/workspace/install/hb_description/share/hb_description/package.xml
[1.160s] Invoked command in '/home/aayush/eYRC/Software/workspace/build/hb_description' returned '0': AMENT_PREFIX_PATH=/home/aayush/eYRC/Software/workspace/install/task_1a:/home/aayush/eYRC/Software/workspace/install/shape_interface:${AMENT_PREFIX_PATH} CMAKE_PREFIX_PATH=/home/aayush/eYRC/Software/workspace/install/task_1a:/home/aayush/eYRC/Software/workspace/install/shape_interface:/opt/ros/humble LD_LIBRARY_PATH=/home/aayush/eYRC/Software/workspace/install/shape_interface/lib:${LD_LIBRARY_PATH} PYTHONPATH=/home/aayush/eYRC/Software/workspace/install/task_1a/local/lib/python3.10/dist-packages:/home/aayush/eYRC/Software/workspace/install/shape_interface/local/lib/python3.10/dist-packages:${PYTHONPATH} /usr/bin/cmake --install /home/aayush/eYRC/Software/workspace/build/hb_description
