[0.059s] DEBUG:colcon:Command line arguments: ['/usr/bin/colcon', 'build']
[0.059s] DEBUG:colcon:Parsed command line arguments: Namespace(log_base=None, log_level=None, verb_name='build', build_base='build', install_base='install', merge_install=False, symlink_install=False, test_result_base=None, continue_on_error=False, executor='parallel', parallel_workers=6, event_handlers=None, ignore_user_meta=False, metas=['./colcon.meta'], base_paths=['.'], packages_ignore=None, packages_ignore_regex=None, paths=None, packages_up_to=None, packages_up_to_regex=None, packages_above=None, packages_above_and_dependencies=None, packages_above_depth=None, packages_select_by_dep=None, packages_skip_by_dep=None, packages_skip_up_to=None, packages_select_build_failed=False, packages_skip_build_finished=False, packages_select_test_failures=False, packages_skip_test_passed=False, packages_select=None, packages_skip=None, packages_select_regex=None, packages_skip_regex=None, packages_start=None, packages_end=None, allow_overriding=[], cmake_args=None, cmake_target=None, cmake_target_skip_unavailable=False, cmake_clean_cache=False, cmake_clean_first=False, cmake_force_configure=False, ament_cmake_args=None, catkin_cmake_args=None, catkin_skip_building_tests=False, mixin_files=None, mixin=None, verb_parser=<colcon_mixin.mixin.mixin_argument.MixinArgumentDecorator object at 0x7c20dbd3f250>, verb_extension=<colcon_core.verb.build.BuildVerb object at 0x7c20dbd3ead0>, main=<bound method BuildVerb.main of <colcon_core.verb.build.BuildVerb object at 0x7c20dbd3ead0>>, mixin_verb=('build',))
[0.148s] Level 1:colcon.colcon_core.package_discovery:discover_packages(colcon_meta) check parameters
[0.148s] Level 1:colcon.colcon_core.package_discovery:discover_packages(recursive) check parameters
[0.149s] Level 1:colcon.colcon_core.package_discovery:discover_packages(ignore) check parameters
[0.149s] Level 1:colcon.colcon_core.package_discovery:discover_packages(path) check parameters
[0.149s] Level 1:colcon.colcon_core.package_discovery:discover_packages(colcon_meta) discover
[0.149s] Level 1:colcon.colcon_core.package_discovery:discover_packages(recursive) discover
[0.149s] INFO:colcon.colcon_core.package_discovery:Crawling recursively for packages in '/home/aayush/eYRC/Software/workspace'
[0.149s] Level 1:colcon.colcon_core.package_identification:_identify(.) by extensions ['ignore', 'ignore_ament_install']
[0.149s] Level 1:colcon.colcon_core.package_identification:_identify(.) by extension 'ignore'
[0.149s] Level 1:colcon.colcon_core.package_identification:_identify(.) by extension 'ignore_ament_install'
[0.149s] Level 1:colcon.colcon_core.package_identification:_identify(.) by extensions ['colcon_pkg']
[0.149s] Level 1:colcon.colcon_core.package_identification:_identify(.) by extension 'colcon_pkg'
[0.149s] Level 1:colcon.colcon_core.package_identification:_identify(.) by extensions ['colcon_meta']
[0.149s] Level 1:colcon.colcon_core.package_identification:_identify(.) by extension 'colcon_meta'
[0.149s] Level 1:colcon.colcon_core.package_identification:_identify(.) by extensions ['ros']
[0.149s] Level 1:colcon.colcon_core.package_identification:_identify(.) by extension 'ros'
[0.155s] Level 1:colcon.colcon_core.package_identification:_identify(.) by extensions ['cmake', 'python']
[0.155s] Level 1:colcon.colcon_core.package_identification:_identify(.) by extension 'cmake'
[0.155s] Level 1:colcon.colcon_core.package_identification:_identify(.) by extension 'python'
[0.155s] Level 1:colcon.colcon_core.package_identification:_identify(.) by extensions ['python_setup_py']
[0.155s] Level 1:colcon.colcon_core.package_identification:_identify(.) by extension 'python_setup_py'
[0.155s] Level 1:colcon.colcon_core.package_identification:_identify(build) by extensions ['ignore', 'ignore_ament_install']
[0.155s] Level 1:colcon.colcon_core.package_identification:_identify(build) by extension 'ignore'
[0.155s] Level 1:colcon.colcon_core.package_identification:_identify(build) ignored
[0.155s] Level 1:colcon.colcon_core.package_identification:_identify(install) by extensions ['ignore', 'ignore_ament_install']
[0.155s] Level 1:colcon.colcon_core.package_identification:_identify(install) by extension 'ignore'
[0.155s] Level 1:colcon.colcon_core.package_identification:_identify(install) ignored
[0.155s] Level 1:colcon.colcon_core.package_identification:_identify(log) by extensions ['ignore', 'ignore_ament_install']
[0.155s] Level 1:colcon.colcon_core.package_identification:_identify(log) by extension 'ignore'
[0.156s] Level 1:colcon.colcon_core.package_identification:_identify(log) ignored
[0.156s] Level 1:colcon.colcon_core.package_identification:_identify(src) by extensions ['ignore', 'ignore_ament_install']
[0.156s] Level 1:colcon.colcon_core.package_identification:_identify(src) by extension 'ignore'
[0.156s] Level 1:colcon.colcon_core.package_identification:_identify(src) by extension 'ignore_ament_install'
[0.156s] Level 1:colcon.colcon_core.package_identification:_identify(src) by extensions ['colcon_pkg']
[0.156s] Level 1:colcon.colcon_core.package_identification:_identify(src) by extension 'colcon_pkg'
[0.156s] Level 1:colcon.colcon_core.package_identification:_identify(src) by extensions ['colcon_meta']
[0.156s] Level 1:colcon.colcon_core.package_identification:_identify(src) by extension 'colcon_meta'
[0.156s] Level 1:colcon.colcon_core.package_identification:_identify(src) by extensions ['ros']
[0.156s] Level 1:colcon.colcon_core.package_identification:_identify(src) by extension 'ros'
[0.156s] Level 1:colcon.colcon_core.package_identification:_identify(src) by extensions ['cmake', 'python']
[0.156s] Level 1:colcon.colcon_core.package_identification:_identify(src) by extension 'cmake'
[0.156s] Level 1:colcon.colcon_core.package_identification:_identify(src) by extension 'python'
[0.156s] Level 1:colcon.colcon_core.package_identification:_identify(src) by extensions ['python_setup_py']
[0.156s] Level 1:colcon.colcon_core.package_identification:_identify(src) by extension 'python_setup_py'
[0.156s] Level 1:colcon.colcon_core.package_identification:_identify(src/hb_description) by extensions ['ignore', 'ignore_ament_install']
[0.156s] Level 1:colcon.colcon_core.package_identification:_identify(src/hb_description) by extension 'ignore'
[0.156s] Level 1:colcon.colcon_core.package_identification:_identify(src/hb_description) by extension 'ignore_ament_install'
[0.156s] Level 1:colcon.colcon_core.package_identification:_identify(src/hb_description) by extensions ['colcon_pkg']
[0.156s] Level 1:colcon.colcon_core.package_identification:_identify(src/hb_description) by extension 'colcon_pkg'
[0.156s] Level 1:colcon.colcon_core.package_identification:_identify(src/hb_description) by extensions ['colcon_meta']
[0.156s] Level 1:colcon.colcon_core.package_identification:_identify(src/hb_description) by extension 'colcon_meta'
[0.156s] Level 1:colcon.colcon_core.package_identification:_identify(src/hb_description) by extensions ['ros']
[0.156s] Level 1:colcon.colcon_core.package_identification:_identify(src/hb_description) by extension 'ros'
[0.158s] DEBUG:colcon.colcon_core.package_identification:Package 'src/hb_description' with type 'ros.ament_cmake' and name 'hb_description'
[0.158s] Level 1:colcon.colcon_core.package_identification:_identify(src/shape_interface) by extensions ['ignore', 'ignore_ament_install']
[0.158s] Level 1:colcon.colcon_core.package_identification:_identify(src/shape_interface) by extension 'ignore'
[0.158s] Level 1:colcon.colcon_core.package_identification:_identify(src/shape_interface) by extension 'ignore_ament_install'
[0.158s] Level 1:colcon.colcon_core.package_identification:_identify(src/shape_interface) by extensions ['colcon_pkg']
[0.158s] Level 1:colcon.colcon_core.package_identification:_identify(src/shape_interface) by extension 'colcon_pkg'
[0.158s] Level 1:colcon.colcon_core.package_identification:_identify(src/shape_interface) by extensions ['colcon_meta']
[0.158s] Level 1:colcon.colcon_core.package_identification:_identify(src/shape_interface) by extension 'colcon_meta'
[0.158s] Level 1:colcon.colcon_core.package_identification:_identify(src/shape_interface) by extensions ['ros']
[0.158s] Level 1:colcon.colcon_core.package_identification:_identify(src/shape_interface) by extension 'ros'
[0.158s] DEBUG:colcon.colcon_core.package_identification:Package 'src/shape_interface' with type 'ros.ament_cmake' and name 'shape_interface'
[0.158s] Level 1:colcon.colcon_core.package_identification:_identify(src/task_1a) by extensions ['ignore', 'ignore_ament_install']
[0.158s] Level 1:colcon.colcon_core.package_identification:_identify(src/task_1a) by extension 'ignore'
[0.158s] Level 1:colcon.colcon_core.package_identification:_identify(src/task_1a) by extension 'ignore_ament_install'
[0.158s] Level 1:colcon.colcon_core.package_identification:_identify(src/task_1a) by extensions ['colcon_pkg']
[0.158s] Level 1:colcon.colcon_core.package_identification:_identify(src/task_1a) by extension 'colcon_pkg'
[0.158s] Level 1:colcon.colcon_core.package_identification:_identify(src/task_1a) by extensions ['colcon_meta']
[0.158s] Level 1:colcon.colcon_core.package_identification:_identify(src/task_1a) by extension 'colcon_meta'
[0.158s] Level 1:colcon.colcon_core.package_identification:_identify(src/task_1a) by extensions ['ros']
[0.158s] Level 1:colcon.colcon_core.package_identification:_identify(src/task_1a) by extension 'ros'
[0.159s] DEBUG:colcon.colcon_core.package_identification:Package 'src/task_1a' with type 'ros.ament_cmake' and name 'task_1a'
[0.159s] Level 1:colcon.colcon_core.package_identification:_identify(src/task_1b) by extensions ['ignore', 'ignore_ament_install']
[0.159s] Level 1:colcon.colcon_core.package_identification:_identify(src/task_1b) by extension 'ignore'
[0.159s] Level 1:colcon.colcon_core.package_identification:_identify(src/task_1b) by extension 'ignore_ament_install'
[0.159s] Level 1:colcon.colcon_core.package_identification:_identify(src/task_1b) by extensions ['colcon_pkg']
[0.159s] Level 1:colcon.colcon_core.package_identification:_identify(src/task_1b) by extension 'colcon_pkg'
[0.159s] Level 1:colcon.colcon_core.package_identification:_identify(src/task_1b) by extensions ['colcon_meta']
[0.159s] Level 1:colcon.colcon_core.package_identification:_identify(src/task_1b) by extension 'colcon_meta'
[0.159s] Level 1:colcon.colcon_core.package_identification:_identify(src/task_1b) by extensions ['ros']
[0.159s] Level 1:colcon.colcon_core.package_identification:_identify(src/task_1b) by extension 'ros'
[0.159s] DEBUG:colcon.colcon_core.package_identification:Package 'src/task_1b' with type 'ros.ament_cmake' and name 'task_1b'
[0.159s] Level 1:colcon.colcon_core.package_identification:_identify(src/task_1c) by extensions ['ignore', 'ignore_ament_install']
[0.159s] Level 1:colcon.colcon_core.package_identification:_identify(src/task_1c) by extension 'ignore'
[0.159s] Level 1:colcon.colcon_core.package_identification:_identify(src/task_1c) by extension 'ignore_ament_install'
[0.159s] Level 1:colcon.colcon_core.package_identification:_identify(src/task_1c) by extensions ['colcon_pkg']
[0.159s] Level 1:colcon.colcon_core.package_identification:_identify(src/task_1c) by extension 'colcon_pkg'
[0.159s] Level 1:colcon.colcon_core.package_identification:_identify(src/task_1c) by extensions ['colcon_meta']
[0.159s] Level 1:colcon.colcon_core.package_identification:_identify(src/task_1c) by extension 'colcon_meta'
[0.159s] Level 1:colcon.colcon_core.package_identification:_identify(src/task_1c) by extensions ['ros']
[0.159s] Level 1:colcon.colcon_core.package_identification:_identify(src/task_1c) by extension 'ros'
[0.161s] DEBUG:colcon.colcon_core.package_identification:Package 'src/task_1c' with type 'ros.ament_cmake' and name 'task_1c'
[0.161s] Level 1:colcon.colcon_core.package_discovery:discover_packages(recursive) using defaults
[0.161s] Level 1:colcon.colcon_core.package_discovery:discover_packages(ignore) discover
[0.161s] Level 1:colcon.colcon_core.package_discovery:discover_packages(ignore) using defaults
[0.161s] Level 1:colcon.colcon_core.package_discovery:discover_packages(path) discover
[0.161s] Level 1:colcon.colcon_core.package_discovery:discover_packages(path) using defaults
[0.180s] Level 1:colcon.colcon_core.package_discovery:discover_packages(prefix_path) check parameters
[0.180s] Level 1:colcon.colcon_core.package_discovery:discover_packages(prefix_path) discover
[0.181s] DEBUG:colcon.colcon_installed_package_information.package_discovery:Found 5 installed packages in /home/aayush/eYRC/Software/workspace/install
[0.182s] DEBUG:colcon.colcon_installed_package_information.package_discovery:Found 273 installed packages in /opt/ros/humble
[0.182s] Level 1:colcon.colcon_core.package_discovery:discover_packages(prefix_path) using defaults
[0.201s] Level 5:colcon.colcon_core.verb:set package 'shape_interface' build argument 'cmake_args' from command line to 'None'
[0.201s] Level 5:colcon.colcon_core.verb:set package 'shape_interface' build argument 'cmake_target' from command line to 'None'
[0.201s] Level 5:colcon.colcon_core.verb:set package 'shape_interface' build argument 'cmake_target_skip_unavailable' from command line to 'False'
[0.202s] Level 5:colcon.colcon_core.verb:set package 'shape_interface' build argument 'cmake_clean_cache' from command line to 'False'
[0.202s] Level 5:colcon.colcon_core.verb:set package 'shape_interface' build argument 'cmake_clean_first' from command line to 'False'
[0.202s] Level 5:colcon.colcon_core.verb:set package 'shape_interface' build argument 'cmake_force_configure' from command line to 'False'
[0.202s] Level 5:colcon.colcon_core.verb:set package 'shape_interface' build argument 'ament_cmake_args' from command line to 'None'
[0.202s] Level 5:colcon.colcon_core.verb:set package 'shape_interface' build argument 'catkin_cmake_args' from command line to 'None'
[0.202s] Level 5:colcon.colcon_core.verb:set package 'shape_interface' build argument 'catkin_skip_building_tests' from command line to 'False'
[0.202s] DEBUG:colcon.colcon_core.verb:Building package 'shape_interface' with the following arguments: {'ament_cmake_args': None, 'build_base': '/home/aayush/eYRC/Software/workspace/build/shape_interface', 'catkin_cmake_args': None, 'catkin_skip_building_tests': False, 'cmake_args': None, 'cmake_clean_cache': False, 'cmake_clean_first': False, 'cmake_force_configure': False, 'cmake_target': None, 'cmake_target_skip_unavailable': False, 'install_base': '/home/aayush/eYRC/Software/workspace/install/shape_interface', 'merge_install': False, 'path': '/home/aayush/eYRC/Software/workspace/src/shape_interface', 'symlink_install': False, 'test_result_base': None}
[0.202s] Level 5:colcon.colcon_core.verb:set package 'task_1b' build argument 'cmake_args' from command line to 'None'
[0.202s] Level 5:colcon.colcon_core.verb:set package 'task_1b' build argument 'cmake_target' from command line to 'None'
[0.202s] Level 5:colcon.colcon_core.verb:set package 'task_1b' build argument 'cmake_target_skip_unavailable' from command line to 'False'
[0.202s] Level 5:colcon.colcon_core.verb:set package 'task_1b' build argument 'cmake_clean_cache' from command line to 'False'
[0.202s] Level 5:colcon.colcon_core.verb:set package 'task_1b' build argument 'cmake_clean_first' from command line to 'False'
[0.202s] Level 5:colcon.colcon_core.verb:set package 'task_1b' build argument 'cmake_force_configure' from command line to 'False'
[0.202s] Level 5:colcon.colcon_core.verb:set package 'task_1b' build argument 'ament_cmake_args' from command line to 'None'
[0.202s] Level 5:colcon.colcon_core.verb:set package 'task_1b' build argument 'catkin_cmake_args' from command line to 'None'
[0.202s] Level 5:colcon.colcon_core.verb:set package 'task_1b' build argument 'catkin_skip_building_tests' from command line to 'False'
[0.202s] DEBUG:colcon.colcon_core.verb:Building package 'task_1b' with the following arguments: {'ament_cmake_args': None, 'build_base': '/home/aayush/eYRC/Software/workspace/build/task_1b', 'catkin_cmake_args': None, 'catkin_skip_building_tests': False, 'cmake_args': None, 'cmake_clean_cache': False, 'cmake_clean_first': False, 'cmake_force_configure': False, 'cmake_target': None, 'cmake_target_skip_unavailable': False, 'install_base': '/home/aayush/eYRC/Software/workspace/install/task_1b', 'merge_install': False, 'path': '/home/aayush/eYRC/Software/workspace/src/task_1b', 'symlink_install': False, 'test_result_base': None}
[0.202s] Level 5:colcon.colcon_core.verb:set package 'task_1a' build argument 'cmake_args' from command line to 'None'
[0.202s] Level 5:colcon.colcon_core.verb:set package 'task_1a' build argument 'cmake_target' from command line to 'None'
[0.202s] Level 5:colcon.colcon_core.verb:set package 'task_1a' build argument 'cmake_target_skip_unavailable' from command line to 'False'
[0.202s] Level 5:colcon.colcon_core.verb:set package 'task_1a' build argument 'cmake_clean_cache' from command line to 'False'
[0.202s] Level 5:colcon.colcon_core.verb:set package 'task_1a' build argument 'cmake_clean_first' from command line to 'False'
[0.202s] Level 5:colcon.colcon_core.verb:set package 'task_1a' build argument 'cmake_force_configure' from command line to 'False'
[0.202s] Level 5:colcon.colcon_core.verb:set package 'task_1a' build argument 'ament_cmake_args' from command line to 'None'
[0.202s] Level 5:colcon.colcon_core.verb:set package 'task_1a' build argument 'catkin_cmake_args' from command line to 'None'
[0.202s] Level 5:colcon.colcon_core.verb:set package 'task_1a' build argument 'catkin_skip_building_tests' from command line to 'False'
[0.202s] DEBUG:colcon.colcon_core.verb:Building package 'task_1a' with the following arguments: {'ament_cmake_args': None, 'build_base': '/home/aayush/eYRC/Software/workspace/build/task_1a', 'catkin_cmake_args': None, 'catkin_skip_building_tests': False, 'cmake_args': None, 'cmake_clean_cache': False, 'cmake_clean_first': False, 'cmake_force_configure': False, 'cmake_target': None, 'cmake_target_skip_unavailable': False, 'install_base': '/home/aayush/eYRC/Software/workspace/install/task_1a', 'merge_install': False, 'path': '/home/aayush/eYRC/Software/workspace/src/task_1a', 'symlink_install': False, 'test_result_base': None}
[0.202s] Level 5:colcon.colcon_core.verb:set package 'task_1c' build argument 'cmake_args' from command line to 'None'
[0.202s] Level 5:colcon.colcon_core.verb:set package 'task_1c' build argument 'cmake_target' from command line to 'None'
[0.202s] Level 5:colcon.colcon_core.verb:set package 'task_1c' build argument 'cmake_target_skip_unavailable' from command line to 'False'
[0.203s] Level 5:colcon.colcon_core.verb:set package 'task_1c' build argument 'cmake_clean_cache' from command line to 'False'
[0.203s] Level 5:colcon.colcon_core.verb:set package 'task_1c' build argument 'cmake_clean_first' from command line to 'False'
[0.203s] Level 5:colcon.colcon_core.verb:set package 'task_1c' build argument 'cmake_force_configure' from command line to 'False'
[0.203s] Level 5:colcon.colcon_core.verb:set package 'task_1c' build argument 'ament_cmake_args' from command line to 'None'
[0.203s] Level 5:colcon.colcon_core.verb:set package 'task_1c' build argument 'catkin_cmake_args' from command line to 'None'
[0.203s] Level 5:colcon.colcon_core.verb:set package 'task_1c' build argument 'catkin_skip_building_tests' from command line to 'False'
[0.203s] DEBUG:colcon.colcon_core.verb:Building package 'task_1c' with the following arguments: {'ament_cmake_args': None, 'build_base': '/home/aayush/eYRC/Software/workspace/build/task_1c', 'catkin_cmake_args': None, 'catkin_skip_building_tests': False, 'cmake_args': None, 'cmake_clean_cache': False, 'cmake_clean_first': False, 'cmake_force_configure': False, 'cmake_target': None, 'cmake_target_skip_unavailable': False, 'install_base': '/home/aayush/eYRC/Software/workspace/install/task_1c', 'merge_install': False, 'path': '/home/aayush/eYRC/Software/workspace/src/task_1c', 'symlink_install': False, 'test_result_base': None}
[0.203s] Level 5:colcon.colcon_core.verb:set package 'hb_description' build argument 'cmake_args' from command line to 'None'
[0.203s] Level 5:colcon.colcon_core.verb:set package 'hb_description' build argument 'cmake_target' from command line to 'None'
[0.203s] Level 5:colcon.colcon_core.verb:set package 'hb_description' build argument 'cmake_target_skip_unavailable' from command line to 'False'
[0.203s] Level 5:colcon.colcon_core.verb:set package 'hb_description' build argument 'cmake_clean_cache' from command line to 'False'
[0.203s] Level 5:colcon.colcon_core.verb:set package 'hb_description' build argument 'cmake_clean_first' from command line to 'False'
[0.203s] Level 5:colcon.colcon_core.verb:set package 'hb_description' build argument 'cmake_force_configure' from command line to 'False'
[0.203s] Level 5:colcon.colcon_core.verb:set package 'hb_description' build argument 'ament_cmake_args' from command line to 'None'
[0.203s] Level 5:colcon.colcon_core.verb:set package 'hb_description' build argument 'catkin_cmake_args' from command line to 'None'
[0.203s] Level 5:colcon.colcon_core.verb:set package 'hb_description' build argument 'catkin_skip_building_tests' from command line to 'False'
[0.203s] DEBUG:colcon.colcon_core.verb:Building package 'hb_description' with the following arguments: {'ament_cmake_args': None, 'build_base': '/home/aayush/eYRC/Software/workspace/build/hb_description', 'catkin_cmake_args': None, 'catkin_skip_building_tests': False, 'cmake_args': None, 'cmake_clean_cache': False, 'cmake_clean_first': False, 'cmake_force_configure': False, 'cmake_target': None, 'cmake_target_skip_unavailable': False, 'install_base': '/home/aayush/eYRC/Software/workspace/install/hb_description', 'merge_install': False, 'path': '/home/aayush/eYRC/Software/workspace/src/hb_description', 'symlink_install': False, 'test_result_base': None}
[0.203s] INFO:colcon.colcon_core.executor:Executing jobs using 'parallel' executor
[0.204s] DEBUG:colcon.colcon_parallel_executor.executor.parallel:run_until_complete
[0.204s] INFO:colcon.colcon_ros.task.ament_cmake.build:Building ROS package in '/home/aayush/eYRC/Software/workspace/src/shape_interface' with build type 'ament_cmake'
[0.204s] INFO:colcon.colcon_cmake.task.cmake.build:Building CMake package in '/home/aayush/eYRC/Software/workspace/src/shape_interface'
[0.205s] INFO:colcon.colcon_core.plugin_system:Skipping extension 'colcon_core.shell.bat': Not used on non-Windows systems
[0.205s] INFO:colcon.colcon_core.shell:Skip shell extension 'powershell' for command environment: Not usable outside of PowerShell
[0.205s] DEBUG:colcon.colcon_core.shell:Skip shell extension 'dsv' for command environment
[0.207s] INFO:colcon.colcon_ros.task.ament_cmake.build:Building ROS package in '/home/aayush/eYRC/Software/workspace/src/task_1b' with build type 'ament_cmake'
[0.207s] INFO:colcon.colcon_cmake.task.cmake.build:Building CMake package in '/home/aayush/eYRC/Software/workspace/src/task_1b'
[0.207s] INFO:colcon.colcon_core.shell:Skip shell extension 'powershell' for command environment: Not usable outside of PowerShell
[0.207s] DEBUG:colcon.colcon_core.shell:Skip shell extension 'dsv' for command environment
[0.212s] DEBUG:colcon.colcon_core.event_handler.log_command:Invoking command in '/home/aayush/eYRC/Software/workspace/build/shape_interface': CMAKE_PREFIX_PATH=${CMAKE_PREFIX_PATH}:/opt/ros/humble /usr/bin/cmake --build /home/aayush/eYRC/Software/workspace/build/shape_interface -- -j6 -l6
[0.215s] DEBUG:colcon.colcon_core.event_handler.log_command:Invoking command in '/home/aayush/eYRC/Software/workspace/build/task_1b': CMAKE_PREFIX_PATH=${CMAKE_PREFIX_PATH}:/opt/ros/humble /usr/bin/cmake --build /home/aayush/eYRC/Software/workspace/build/task_1b -- -j6 -l6
[0.486s] DEBUG:colcon.colcon_core.event_handler.log_command:Invoked command in '/home/aayush/eYRC/Software/workspace/build/task_1b' returned '0': CMAKE_PREFIX_PATH=${CMAKE_PREFIX_PATH}:/opt/ros/humble /usr/bin/cmake --build /home/aayush/eYRC/Software/workspace/build/task_1b -- -j6 -l6
[0.496s] DEBUG:colcon.colcon_core.event_handler.log_command:Invoking command in '/home/aayush/eYRC/Software/workspace/build/task_1b': CMAKE_PREFIX_PATH=${CMAKE_PREFIX_PATH}:/opt/ros/humble /usr/bin/cmake --install /home/aayush/eYRC/Software/workspace/build/task_1b
[0.544s] Level 1:colcon.colcon_core.environment:create_environment_scripts_only(task_1b)
[0.545s] DEBUG:colcon.colcon_core.event_handler.log_command:Invoked command in '/home/aayush/eYRC/Software/workspace/build/task_1b' returned '0': CMAKE_PREFIX_PATH=${CMAKE_PREFIX_PATH}:/opt/ros/humble /usr/bin/cmake --install /home/aayush/eYRC/Software/workspace/build/task_1b
[0.546s] Level 1:colcon.colcon_core.environment:checking '/home/aayush/eYRC/Software/workspace/install/task_1b' for CMake module files
[0.546s] Level 1:colcon.colcon_core.environment:checking '/home/aayush/eYRC/Software/workspace/install/task_1b' for CMake config files
[0.547s] Level 1:colcon.colcon_core.shell:create_environment_hook('task_1b', 'cmake_prefix_path')
[0.547s] INFO:colcon.colcon_core.shell:Creating environment hook '/home/aayush/eYRC/Software/workspace/install/task_1b/share/task_1b/hook/cmake_prefix_path.ps1'
[0.547s] INFO:colcon.colcon_core.shell:Creating environment descriptor '/home/aayush/eYRC/Software/workspace/install/task_1b/share/task_1b/hook/cmake_prefix_path.dsv'
[0.548s] INFO:colcon.colcon_core.shell:Creating environment hook '/home/aayush/eYRC/Software/workspace/install/task_1b/share/task_1b/hook/cmake_prefix_path.sh'
[0.548s] Level 1:colcon.colcon_core.environment:checking '/home/aayush/eYRC/Software/workspace/install/task_1b/lib'
[0.548s] Level 1:colcon.colcon_core.environment:checking '/home/aayush/eYRC/Software/workspace/install/task_1b/bin'
[0.548s] Level 1:colcon.colcon_core.environment:checking '/home/aayush/eYRC/Software/workspace/install/task_1b/lib/pkgconfig/task_1b.pc'
[0.548s] Level 1:colcon.colcon_core.environment:checking '/home/aayush/eYRC/Software/workspace/install/task_1b/lib/python3.10/site-packages'
[0.549s] Level 1:colcon.colcon_core.environment:checking '/home/aayush/eYRC/Software/workspace/install/task_1b/bin'
[0.549s] INFO:colcon.colcon_core.shell:Creating package script '/home/aayush/eYRC/Software/workspace/install/task_1b/share/task_1b/package.ps1'
[0.550s] INFO:colcon.colcon_core.shell:Creating package descriptor '/home/aayush/eYRC/Software/workspace/install/task_1b/share/task_1b/package.dsv'
[0.550s] INFO:colcon.colcon_core.shell:Creating package script '/home/aayush/eYRC/Software/workspace/install/task_1b/share/task_1b/package.sh'
[0.551s] INFO:colcon.colcon_core.shell:Creating package script '/home/aayush/eYRC/Software/workspace/install/task_1b/share/task_1b/package.bash'
[0.551s] INFO:colcon.colcon_core.shell:Creating package script '/home/aayush/eYRC/Software/workspace/install/task_1b/share/task_1b/package.zsh'
[0.551s] Level 1:colcon.colcon_core.environment:create_file_with_runtime_dependencies(/home/aayush/eYRC/Software/workspace/install/task_1b/share/colcon-core/packages/task_1b)
[0.552s] Level 1:colcon.colcon_core.environment:create_environment_scripts_only(task_1b)
[0.552s] Level 1:colcon.colcon_core.environment:checking '/home/aayush/eYRC/Software/workspace/install/task_1b' for CMake module files
[0.552s] Level 1:colcon.colcon_core.environment:checking '/home/aayush/eYRC/Software/workspace/install/task_1b' for CMake config files
[0.552s] Level 1:colcon.colcon_core.shell:create_environment_hook('task_1b', 'cmake_prefix_path')
[0.553s] INFO:colcon.colcon_core.shell:Creating environment hook '/home/aayush/eYRC/Software/workspace/install/task_1b/share/task_1b/hook/cmake_prefix_path.ps1'
[0.553s] INFO:colcon.colcon_core.shell:Creating environment descriptor '/home/aayush/eYRC/Software/workspace/install/task_1b/share/task_1b/hook/cmake_prefix_path.dsv'
[0.553s] INFO:colcon.colcon_core.shell:Creating environment hook '/home/aayush/eYRC/Software/workspace/install/task_1b/share/task_1b/hook/cmake_prefix_path.sh'
[0.554s] Level 1:colcon.colcon_core.environment:checking '/home/aayush/eYRC/Software/workspace/install/task_1b/lib'
[0.554s] Level 1:colcon.colcon_core.environment:checking '/home/aayush/eYRC/Software/workspace/install/task_1b/bin'
[0.554s] Level 1:colcon.colcon_core.environment:checking '/home/aayush/eYRC/Software/workspace/install/task_1b/lib/pkgconfig/task_1b.pc'
[0.554s] Level 1:colcon.colcon_core.environment:checking '/home/aayush/eYRC/Software/workspace/install/task_1b/lib/python3.10/site-packages'
[0.554s] Level 1:colcon.colcon_core.environment:checking '/home/aayush/eYRC/Software/workspace/install/task_1b/bin'
[0.554s] INFO:colcon.colcon_core.shell:Creating package script '/home/aayush/eYRC/Software/workspace/install/task_1b/share/task_1b/package.ps1'
[0.555s] INFO:colcon.colcon_core.shell:Creating package descriptor '/home/aayush/eYRC/Software/workspace/install/task_1b/share/task_1b/package.dsv'
[0.555s] INFO:colcon.colcon_core.shell:Creating package script '/home/aayush/eYRC/Software/workspace/install/task_1b/share/task_1b/package.sh'
[0.555s] INFO:colcon.colcon_core.shell:Creating package script '/home/aayush/eYRC/Software/workspace/install/task_1b/share/task_1b/package.bash'
[0.555s] INFO:colcon.colcon_core.shell:Creating package script '/home/aayush/eYRC/Software/workspace/install/task_1b/share/task_1b/package.zsh'
[0.556s] Level 1:colcon.colcon_core.environment:create_file_with_runtime_dependencies(/home/aayush/eYRC/Software/workspace/install/task_1b/share/colcon-core/packages/task_1b)
[0.584s] DEBUG:colcon.colcon_core.event_handler.log_command:Invoked command in '/home/aayush/eYRC/Software/workspace/build/shape_interface' returned '0': CMAKE_PREFIX_PATH=${CMAKE_PREFIX_PATH}:/opt/ros/humble /usr/bin/cmake --build /home/aayush/eYRC/Software/workspace/build/shape_interface -- -j6 -l6
[0.586s] DEBUG:colcon.colcon_core.event_handler.log_command:Invoking command in '/home/aayush/eYRC/Software/workspace/build/shape_interface': CMAKE_PREFIX_PATH=${CMAKE_PREFIX_PATH}:/opt/ros/humble /usr/bin/cmake --install /home/aayush/eYRC/Software/workspace/build/shape_interface
[0.626s] Level 1:colcon.colcon_core.environment:create_environment_scripts_only(shape_interface)
[0.626s] Level 1:colcon.colcon_core.environment:checking '/home/aayush/eYRC/Software/workspace/install/shape_interface' for CMake module files
[0.627s] DEBUG:colcon.colcon_core.event_handler.log_command:Invoked command in '/home/aayush/eYRC/Software/workspace/build/shape_interface' returned '0': CMAKE_PREFIX_PATH=${CMAKE_PREFIX_PATH}:/opt/ros/humble /usr/bin/cmake --install /home/aayush/eYRC/Software/workspace/build/shape_interface
[0.627s] Level 1:colcon.colcon_core.environment:checking '/home/aayush/eYRC/Software/workspace/install/shape_interface' for CMake config files
[0.627s] Level 1:colcon.colcon_core.shell:create_environment_hook('shape_interface', 'cmake_prefix_path')
[0.628s] INFO:colcon.colcon_core.shell:Creating environment hook '/home/aayush/eYRC/Software/workspace/install/shape_interface/share/shape_interface/hook/cmake_prefix_path.ps1'
[0.628s] INFO:colcon.colcon_core.shell:Creating environment descriptor '/home/aayush/eYRC/Software/workspace/install/shape_interface/share/shape_interface/hook/cmake_prefix_path.dsv'
[0.628s] INFO:colcon.colcon_core.shell:Creating environment hook '/home/aayush/eYRC/Software/workspace/install/shape_interface/share/shape_interface/hook/cmake_prefix_path.sh'
[0.629s] Level 1:colcon.colcon_core.environment:checking '/home/aayush/eYRC/Software/workspace/install/shape_interface/lib'
[0.629s] Level 1:colcon.colcon_core.shell:create_environment_hook('shape_interface', 'ld_library_path_lib')
[0.629s] INFO:colcon.colcon_core.shell:Creating environment hook '/home/aayush/eYRC/Software/workspace/install/shape_interface/share/shape_interface/hook/ld_library_path_lib.ps1'
[0.629s] INFO:colcon.colcon_core.shell:Creating environment descriptor '/home/aayush/eYRC/Software/workspace/install/shape_interface/share/shape_interface/hook/ld_library_path_lib.dsv'
[0.629s] INFO:colcon.colcon_core.shell:Creating environment hook '/home/aayush/eYRC/Software/workspace/install/shape_interface/share/shape_interface/hook/ld_library_path_lib.sh'
[0.629s] Level 1:colcon.colcon_core.environment:checking '/home/aayush/eYRC/Software/workspace/install/shape_interface/bin'
[0.629s] Level 1:colcon.colcon_core.environment:checking '/home/aayush/eYRC/Software/workspace/install/shape_interface/lib/pkgconfig/shape_interface.pc'
[0.630s] Level 1:colcon.colcon_core.environment:checking '/home/aayush/eYRC/Software/workspace/install/shape_interface/lib/python3.10/site-packages'
[0.630s] Level 1:colcon.colcon_core.environment:checking '/home/aayush/eYRC/Software/workspace/install/shape_interface/bin'
[0.630s] INFO:colcon.colcon_core.shell:Creating package script '/home/aayush/eYRC/Software/workspace/install/shape_interface/share/shape_interface/package.ps1'
[0.630s] INFO:colcon.colcon_core.shell:Creating package descriptor '/home/aayush/eYRC/Software/workspace/install/shape_interface/share/shape_interface/package.dsv'
[0.631s] INFO:colcon.colcon_core.shell:Creating package script '/home/aayush/eYRC/Software/workspace/install/shape_interface/share/shape_interface/package.sh'
[0.631s] INFO:colcon.colcon_core.shell:Creating package script '/home/aayush/eYRC/Software/workspace/install/shape_interface/share/shape_interface/package.bash'
[0.631s] INFO:colcon.colcon_core.shell:Creating package script '/home/aayush/eYRC/Software/workspace/install/shape_interface/share/shape_interface/package.zsh'
[0.631s] Level 1:colcon.colcon_core.environment:create_file_with_runtime_dependencies(/home/aayush/eYRC/Software/workspace/install/shape_interface/share/colcon-core/packages/shape_interface)
[0.632s] Level 1:colcon.colcon_core.environment:create_environment_scripts_only(shape_interface)
[0.632s] Level 1:colcon.colcon_core.environment:checking '/home/aayush/eYRC/Software/workspace/install/shape_interface' for CMake module files
[0.632s] Level 1:colcon.colcon_core.environment:checking '/home/aayush/eYRC/Software/workspace/install/shape_interface' for CMake config files
[0.632s] Level 1:colcon.colcon_core.shell:create_environment_hook('shape_interface', 'cmake_prefix_path')
[0.632s] INFO:colcon.colcon_core.shell:Creating environment hook '/home/aayush/eYRC/Software/workspace/install/shape_interface/share/shape_interface/hook/cmake_prefix_path.ps1'
[0.662s] INFO:colcon.colcon_core.shell:Creating environment descriptor '/home/aayush/eYRC/Software/workspace/install/shape_interface/share/shape_interface/hook/cmake_prefix_path.dsv'
[0.663s] INFO:colcon.colcon_core.shell:Creating environment hook '/home/aayush/eYRC/Software/workspace/install/shape_interface/share/shape_interface/hook/cmake_prefix_path.sh'
[0.664s] Level 1:colcon.colcon_core.environment:checking '/home/aayush/eYRC/Software/workspace/install/shape_interface/lib'
[0.665s] Level 1:colcon.colcon_core.shell:create_environment_hook('shape_interface', 'ld_library_path_lib')
[0.665s] INFO:colcon.colcon_core.shell:Creating environment hook '/home/aayush/eYRC/Software/workspace/install/shape_interface/share/shape_interface/hook/ld_library_path_lib.ps1'
[0.666s] INFO:colcon.colcon_core.shell:Creating environment descriptor '/home/aayush/eYRC/Software/workspace/install/shape_interface/share/shape_interface/hook/ld_library_path_lib.dsv'
[0.666s] INFO:colcon.colcon_core.shell:Creating environment hook '/home/aayush/eYRC/Software/workspace/install/shape_interface/share/shape_interface/hook/ld_library_path_lib.sh'
[0.667s] Level 1:colcon.colcon_core.environment:checking '/home/aayush/eYRC/Software/workspace/install/shape_interface/bin'
[0.667s] Level 1:colcon.colcon_core.environment:checking '/home/aayush/eYRC/Software/workspace/install/shape_interface/lib/pkgconfig/shape_interface.pc'
[0.667s] Level 1:colcon.colcon_core.environment:checking '/home/aayush/eYRC/Software/workspace/install/shape_interface/lib/python3.10/site-packages'
[0.667s] Level 1:colcon.colcon_core.environment:checking '/home/aayush/eYRC/Software/workspace/install/shape_interface/bin'
[0.667s] INFO:colcon.colcon_core.shell:Creating package script '/home/aayush/eYRC/Software/workspace/install/shape_interface/share/shape_interface/package.ps1'
[0.668s] INFO:colcon.colcon_core.shell:Creating package descriptor '/home/aayush/eYRC/Software/workspace/install/shape_interface/share/shape_interface/package.dsv'
[0.669s] INFO:colcon.colcon_core.shell:Creating package script '/home/aayush/eYRC/Software/workspace/install/shape_interface/share/shape_interface/package.sh'
[0.669s] INFO:colcon.colcon_core.shell:Creating package script '/home/aayush/eYRC/Software/workspace/install/shape_interface/share/shape_interface/package.bash'
[0.669s] INFO:colcon.colcon_core.shell:Creating package script '/home/aayush/eYRC/Software/workspace/install/shape_interface/share/shape_interface/package.zsh'
[0.670s] Level 1:colcon.colcon_core.environment:create_file_with_runtime_dependencies(/home/aayush/eYRC/Software/workspace/install/shape_interface/share/colcon-core/packages/shape_interface)
[0.670s] INFO:colcon.colcon_ros.task.ament_cmake.build:Building ROS package in '/home/aayush/eYRC/Software/workspace/src/task_1a' with build type 'ament_cmake'
[0.670s] INFO:colcon.colcon_cmake.task.cmake.build:Building CMake package in '/home/aayush/eYRC/Software/workspace/src/task_1a'
[0.670s] INFO:colcon.colcon_core.shell:Skip shell extension 'powershell' for command environment: Not usable outside of PowerShell
[0.670s] DEBUG:colcon.colcon_core.shell:Skip shell extension 'dsv' for command environment
[0.673s] INFO:colcon.colcon_ros.task.ament_cmake.build:Building ROS package in '/home/aayush/eYRC/Software/workspace/src/task_1c' with build type 'ament_cmake'
[0.673s] INFO:colcon.colcon_cmake.task.cmake.build:Building CMake package in '/home/aayush/eYRC/Software/workspace/src/task_1c'
[0.673s] INFO:colcon.colcon_core.shell:Skip shell extension 'powershell' for command environment: Not usable outside of PowerShell
[0.673s] DEBUG:colcon.colcon_core.shell:Skip shell extension 'dsv' for command environment
[0.684s] DEBUG:colcon.colcon_core.event_handler.log_command:Invoking command in '/home/aayush/eYRC/Software/workspace/build/task_1a': CMAKE_PREFIX_PATH=/home/aayush/eYRC/Software/workspace/install/shape_interface:/home/aayush/eYRC/Software/workspace/install/task_1c:/home/aayush/eYRC/Software/workspace/install/task_1b:/home/aayush/eYRC/Software/workspace/install/hb_description:/home/aayush/eYRC/Software/workspace/install/task_1a:/opt/ros/humble LD_LIBRARY_PATH=/home/aayush/eYRC/Software/workspace/install/shape_interface/lib:/home/aayush/eYRC/Software/workspace/install/hb_description/lib:/opt/ros/humble/opt/rviz_ogre_vendor/lib:/opt/ros/humble/lib/x86_64-linux-gnu:/opt/ros/humble/lib:/opt/mujoco/lib /usr/bin/cmake --build /home/aayush/eYRC/Software/workspace/build/task_1a -- -j6 -l6
[0.686s] DEBUG:colcon.colcon_core.event_handler.log_command:Invoking command in '/home/aayush/eYRC/Software/workspace/build/task_1c': CMAKE_PREFIX_PATH=/home/aayush/eYRC/Software/workspace/install/shape_interface:/home/aayush/eYRC/Software/workspace/install/task_1c:/home/aayush/eYRC/Software/workspace/install/task_1b:/home/aayush/eYRC/Software/workspace/install/hb_description:/home/aayush/eYRC/Software/workspace/install/task_1a:/opt/ros/humble LD_LIBRARY_PATH=/home/aayush/eYRC/Software/workspace/install/shape_interface/lib:/home/aayush/eYRC/Software/workspace/install/hb_description/lib:/opt/ros/humble/opt/rviz_ogre_vendor/lib:/opt/ros/humble/lib/x86_64-linux-gnu:/opt/ros/humble/lib:/opt/mujoco/lib /usr/bin/cmake --build /home/aayush/eYRC/Software/workspace/build/task_1c -- -j6 -l6
[0.738s] DEBUG:colcon.colcon_core.event_handler.log_command:Invoked command in '/home/aayush/eYRC/Software/workspace/build/task_1c' returned '0': CMAKE_PREFIX_PATH=/home/aayush/eYRC/Software/workspace/install/shape_interface:/home/aayush/eYRC/Software/workspace/install/task_1c:/home/aayush/eYRC/Software/workspace/install/task_1b:/home/aayush/eYRC/Software/workspace/install/hb_description:/home/aayush/eYRC/Software/workspace/install/task_1a:/opt/ros/humble LD_LIBRARY_PATH=/home/aayush/eYRC/Software/workspace/install/shape_interface/lib:/home/aayush/eYRC/Software/workspace/install/hb_description/lib:/opt/ros/humble/opt/rviz_ogre_vendor/lib:/opt/ros/humble/lib/x86_64-linux-gnu:/opt/ros/humble/lib:/opt/mujoco/lib /usr/bin/cmake --build /home/aayush/eYRC/Software/workspace/build/task_1c -- -j6 -l6
[0.739s] DEBUG:colcon.colcon_core.event_handler.log_command:Invoking command in '/home/aayush/eYRC/Software/workspace/build/task_1c': CMAKE_PREFIX_PATH=/home/aayush/eYRC/Software/workspace/install/shape_interface:/home/aayush/eYRC/Software/workspace/install/task_1c:/home/aayush/eYRC/Software/workspace/install/task_1b:/home/aayush/eYRC/Software/workspace/install/hb_description:/home/aayush/eYRC/Software/workspace/install/task_1a:/opt/ros/humble LD_LIBRARY_PATH=/home/aayush/eYRC/Software/workspace/install/shape_interface/lib:/home/aayush/eYRC/Software/workspace/install/hb_description/lib:/opt/ros/humble/opt/rviz_ogre_vendor/lib:/opt/ros/humble/lib/x86_64-linux-gnu:/opt/ros/humble/lib:/opt/mujoco/lib /usr/bin/cmake --install /home/aayush/eYRC/Software/workspace/build/task_1c
[0.755s] Level 1:colcon.colcon_core.environment:create_environment_scripts_only(task_1c)
[0.756s] Level 1:colcon.colcon_core.environment:checking '/home/aayush/eYRC/Software/workspace/install/task_1c' for CMake module files
[0.757s] DEBUG:colcon.colcon_core.event_handler.log_command:Invoked command in '/home/aayush/eYRC/Software/workspace/build/task_1c' returned '0': CMAKE_PREFIX_PATH=/home/aayush/eYRC/Software/workspace/install/shape_interface:/home/aayush/eYRC/Software/workspace/install/task_1c:/home/aayush/eYRC/Software/workspace/install/task_1b:/home/aayush/eYRC/Software/workspace/install/hb_description:/home/aayush/eYRC/Software/workspace/install/task_1a:/opt/ros/humble LD_LIBRARY_PATH=/home/aayush/eYRC/Software/workspace/install/shape_interface/lib:/home/aayush/eYRC/Software/workspace/install/hb_description/lib:/opt/ros/humble/opt/rviz_ogre_vendor/lib:/opt/ros/humble/lib/x86_64-linux-gnu:/opt/ros/humble/lib:/opt/mujoco/lib /usr/bin/cmake --install /home/aayush/eYRC/Software/workspace/build/task_1c
[0.758s] Level 1:colcon.colcon_core.environment:checking '/home/aayush/eYRC/Software/workspace/install/task_1c' for CMake config files
[0.759s] Level 1:colcon.colcon_core.shell:create_environment_hook('task_1c', 'cmake_prefix_path')
[0.759s] INFO:colcon.colcon_core.shell:Creating environment hook '/home/aayush/eYRC/Software/workspace/install/task_1c/share/task_1c/hook/cmake_prefix_path.ps1'
[0.760s] INFO:colcon.colcon_core.shell:Creating environment descriptor '/home/aayush/eYRC/Software/workspace/install/task_1c/share/task_1c/hook/cmake_prefix_path.dsv'
[0.761s] INFO:colcon.colcon_core.shell:Creating environment hook '/home/aayush/eYRC/Software/workspace/install/task_1c/share/task_1c/hook/cmake_prefix_path.sh'
[0.761s] Level 1:colcon.colcon_core.environment:checking '/home/aayush/eYRC/Software/workspace/install/task_1c/lib'
[0.761s] Level 1:colcon.colcon_core.environment:checking '/home/aayush/eYRC/Software/workspace/install/task_1c/bin'
[0.762s] Level 1:colcon.colcon_core.environment:checking '/home/aayush/eYRC/Software/workspace/install/task_1c/lib/pkgconfig/task_1c.pc'
[0.762s] Level 1:colcon.colcon_core.environment:checking '/home/aayush/eYRC/Software/workspace/install/task_1c/lib/python3.10/site-packages'
[0.762s] Level 1:colcon.colcon_core.environment:checking '/home/aayush/eYRC/Software/workspace/install/task_1c/bin'
[0.763s] INFO:colcon.colcon_core.shell:Creating package script '/home/aayush/eYRC/Software/workspace/install/task_1c/share/task_1c/package.ps1'
[0.763s] INFO:colcon.colcon_core.shell:Creating package descriptor '/home/aayush/eYRC/Software/workspace/install/task_1c/share/task_1c/package.dsv'
[0.764s] INFO:colcon.colcon_core.shell:Creating package script '/home/aayush/eYRC/Software/workspace/install/task_1c/share/task_1c/package.sh'
[0.764s] INFO:colcon.colcon_core.shell:Creating package script '/home/aayush/eYRC/Software/workspace/install/task_1c/share/task_1c/package.bash'
[0.765s] INFO:colcon.colcon_core.shell:Creating package script '/home/aayush/eYRC/Software/workspace/install/task_1c/share/task_1c/package.zsh'
[0.765s] Level 1:colcon.colcon_core.environment:create_file_with_runtime_dependencies(/home/aayush/eYRC/Software/workspace/install/task_1c/share/colcon-core/packages/task_1c)
[0.767s] Level 1:colcon.colcon_core.environment:create_environment_scripts_only(task_1c)
[0.767s] Level 1:colcon.colcon_core.environment:checking '/home/aayush/eYRC/Software/workspace/install/task_1c' for CMake module files
[0.767s] Level 1:colcon.colcon_core.environment:checking '/home/aayush/eYRC/Software/workspace/install/task_1c' for CMake config files
[0.768s] Level 1:colcon.colcon_core.shell:create_environment_hook('task_1c', 'cmake_prefix_path')
[0.768s] INFO:colcon.colcon_core.shell:Creating environment hook '/home/aayush/eYRC/Software/workspace/install/task_1c/share/task_1c/hook/cmake_prefix_path.ps1'
[0.818s] INFO:colcon.colcon_core.shell:Creating environment descriptor '/home/aayush/eYRC/Software/workspace/install/task_1c/share/task_1c/hook/cmake_prefix_path.dsv'
[0.819s] INFO:colcon.colcon_core.shell:Creating environment hook '/home/aayush/eYRC/Software/workspace/install/task_1c/share/task_1c/hook/cmake_prefix_path.sh'
[0.819s] Level 1:colcon.colcon_core.environment:checking '/home/aayush/eYRC/Software/workspace/install/task_1c/lib'
[0.820s] Level 1:colcon.colcon_core.environment:checking '/home/aayush/eYRC/Software/workspace/install/task_1c/bin'
[0.820s] Level 1:colcon.colcon_core.environment:checking '/home/aayush/eYRC/Software/workspace/install/task_1c/lib/pkgconfig/task_1c.pc'
[0.820s] Level 1:colcon.colcon_core.environment:checking '/home/aayush/eYRC/Software/workspace/install/task_1c/lib/python3.10/site-packages'
[0.820s] Level 1:colcon.colcon_core.environment:checking '/home/aayush/eYRC/Software/workspace/install/task_1c/bin'
[0.821s] INFO:colcon.colcon_core.shell:Creating package script '/home/aayush/eYRC/Software/workspace/install/task_1c/share/task_1c/package.ps1'
[0.822s] INFO:colcon.colcon_core.shell:Creating package descriptor '/home/aayush/eYRC/Software/workspace/install/task_1c/share/task_1c/package.dsv'
[0.822s] INFO:colcon.colcon_core.shell:Creating package script '/home/aayush/eYRC/Software/workspace/install/task_1c/share/task_1c/package.sh'
[0.823s] INFO:colcon.colcon_core.shell:Creating package script '/home/aayush/eYRC/Software/workspace/install/task_1c/share/task_1c/package.bash'
[0.823s] INFO:colcon.colcon_core.shell:Creating package script '/home/aayush/eYRC/Software/workspace/install/task_1c/share/task_1c/package.zsh'
[0.823s] Level 1:colcon.colcon_core.environment:create_file_with_runtime_dependencies(/home/aayush/eYRC/Software/workspace/install/task_1c/share/colcon-core/packages/task_1c)
[1.189s] DEBUG:colcon.colcon_core.event_handler.log_command:Invoked command in '/home/aayush/eYRC/Software/workspace/build/task_1a' returned '0': CMAKE_PREFIX_PATH=/home/aayush/eYRC/Software/workspace/install/shape_interface:/home/aayush/eYRC/Software/workspace/install/task_1c:/home/aayush/eYRC/Software/workspace/install/task_1b:/home/aayush/eYRC/Software/workspace/install/hb_description:/home/aayush/eYRC/Software/workspace/install/task_1a:/opt/ros/humble LD_LIBRARY_PATH=/home/aayush/eYRC/Software/workspace/install/shape_interface/lib:/home/aayush/eYRC/Software/workspace/install/hb_description/lib:/opt/ros/humble/opt/rviz_ogre_vendor/lib:/opt/ros/humble/lib/x86_64-linux-gnu:/opt/ros/humble/lib:/opt/mujoco/lib /usr/bin/cmake --build /home/aayush/eYRC/Software/workspace/build/task_1a -- -j6 -l6
[1.191s] DEBUG:colcon.colcon_core.event_handler.log_command:Invoking command in '/home/aayush/eYRC/Software/workspace/build/task_1a': CMAKE_PREFIX_PATH=/home/aayush/eYRC/Software/workspace/install/shape_interface:/home/aayush/eYRC/Software/workspace/install/task_1c:/home/aayush/eYRC/Software/workspace/install/task_1b:/home/aayush/eYRC/Software/workspace/install/hb_description:/home/aayush/eYRC/Software/workspace/install/task_1a:/opt/ros/humble LD_LIBRARY_PATH=/home/aayush/eYRC/Software/workspace/install/shape_interface/lib:/home/aayush/eYRC/Software/workspace/install/hb_description/lib:/opt/ros/humble/opt/rviz_ogre_vendor/lib:/opt/ros/humble/lib/x86_64-linux-gnu:/opt/ros/humble/lib:/opt/mujoco/lib /usr/bin/cmake --install /home/aayush/eYRC/Software/workspace/build/task_1a
[1.259s] Level 1:colcon.colcon_core.environment:create_environment_scripts_only(task_1a)
[1.260s] Level 1:colcon.colcon_core.environment:checking '/home/aayush/eYRC/Software/workspace/install/task_1a' for CMake module files
[1.260s] DEBUG:colcon.colcon_core.event_handler.log_command:Invoked command in '/home/aayush/eYRC/Software/workspace/build/task_1a' returned '0': CMAKE_PREFIX_PATH=/home/aayush/eYRC/Software/workspace/install/shape_interface:/home/aayush/eYRC/Software/workspace/install/task_1c:/home/aayush/eYRC/Software/workspace/install/task_1b:/home/aayush/eYRC/Software/workspace/install/hb_description:/home/aayush/eYRC/Software/workspace/install/task_1a:/opt/ros/humble LD_LIBRARY_PATH=/home/aayush/eYRC/Software/workspace/install/shape_interface/lib:/home/aayush/eYRC/Software/workspace/install/hb_description/lib:/opt/ros/humble/opt/rviz_ogre_vendor/lib:/opt/ros/humble/lib/x86_64-linux-gnu:/opt/ros/humble/lib:/opt/mujoco/lib /usr/bin/cmake --install /home/aayush/eYRC/Software/workspace/build/task_1a
[1.261s] Level 1:colcon.colcon_core.environment:checking '/home/aayush/eYRC/Software/workspace/install/task_1a' for CMake config files
[1.261s] Level 1:colcon.colcon_core.shell:create_environment_hook('task_1a', 'cmake_prefix_path')
[1.261s] INFO:colcon.colcon_core.shell:Creating environment hook '/home/aayush/eYRC/Software/workspace/install/task_1a/share/task_1a/hook/cmake_prefix_path.ps1'
[1.261s] INFO:colcon.colcon_core.shell:Creating environment descriptor '/home/aayush/eYRC/Software/workspace/install/task_1a/share/task_1a/hook/cmake_prefix_path.dsv'
[1.262s] INFO:colcon.colcon_core.shell:Creating environment hook '/home/aayush/eYRC/Software/workspace/install/task_1a/share/task_1a/hook/cmake_prefix_path.sh'
[1.262s] Level 1:colcon.colcon_core.environment:checking '/home/aayush/eYRC/Software/workspace/install/task_1a/lib'
[1.263s] Level 1:colcon.colcon_core.environment:checking '/home/aayush/eYRC/Software/workspace/install/task_1a/bin'
[1.263s] Level 1:colcon.colcon_core.environment:checking '/home/aayush/eYRC/Software/workspace/install/task_1a/lib/pkgconfig/task_1a.pc'
[1.263s] Level 1:colcon.colcon_core.environment:checking '/home/aayush/eYRC/Software/workspace/install/task_1a/lib/python3.10/site-packages'
[1.263s] Level 1:colcon.colcon_core.environment:checking '/home/aayush/eYRC/Software/workspace/install/task_1a/bin'
[1.264s] INFO:colcon.colcon_core.shell:Creating package script '/home/aayush/eYRC/Software/workspace/install/task_1a/share/task_1a/package.ps1'
[1.266s] INFO:colcon.colcon_core.shell:Creating package descriptor '/home/aayush/eYRC/Software/workspace/install/task_1a/share/task_1a/package.dsv'
[1.266s] INFO:colcon.colcon_core.shell:Creating package script '/home/aayush/eYRC/Software/workspace/install/task_1a/share/task_1a/package.sh'
[1.267s] INFO:colcon.colcon_core.shell:Creating package script '/home/aayush/eYRC/Software/workspace/install/task_1a/share/task_1a/package.bash'
[1.268s] INFO:colcon.colcon_core.shell:Creating package script '/home/aayush/eYRC/Software/workspace/install/task_1a/share/task_1a/package.zsh'
[1.268s] Level 1:colcon.colcon_core.environment:create_file_with_runtime_dependencies(/home/aayush/eYRC/Software/workspace/install/task_1a/share/colcon-core/packages/task_1a)
[1.269s] Level 1:colcon.colcon_core.environment:create_environment_scripts_only(task_1a)
[1.270s] Level 1:colcon.colcon_core.environment:checking '/home/aayush/eYRC/Software/workspace/install/task_1a' for CMake module files
[1.270s] Level 1:colcon.colcon_core.environment:checking '/home/aayush/eYRC/Software/workspace/install/task_1a' for CMake config files
[1.270s] Level 1:colcon.colcon_core.shell:create_environment_hook('task_1a', 'cmake_prefix_path')
[1.270s] INFO:colcon.colcon_core.shell:Creating environment hook '/home/aayush/eYRC/Software/workspace/install/task_1a/share/task_1a/hook/cmake_prefix_path.ps1'
[1.271s] INFO:colcon.colcon_core.shell:Creating environment descriptor '/home/aayush/eYRC/Software/workspace/install/task_1a/share/task_1a/hook/cmake_prefix_path.dsv'
[1.271s] INFO:colcon.colcon_core.shell:Creating environment hook '/home/aayush/eYRC/Software/workspace/install/task_1a/share/task_1a/hook/cmake_prefix_path.sh'
[1.272s] Level 1:colcon.colcon_core.environment:checking '/home/aayush/eYRC/Software/workspace/install/task_1a/lib'
[1.272s] Level 1:colcon.colcon_core.environment:checking '/home/aayush/eYRC/Software/workspace/install/task_1a/bin'
[1.272s] Level 1:colcon.colcon_core.environment:checking '/home/aayush/eYRC/Software/workspace/install/task_1a/lib/pkgconfig/task_1a.pc'
[1.272s] Level 1:colcon.colcon_core.environment:checking '/home/aayush/eYRC/Software/workspace/install/task_1a/lib/python3.10/site-packages'
[1.273s] Level 1:colcon.colcon_core.environment:checking '/home/aayush/eYRC/Software/workspace/install/task_1a/bin'
[1.273s] INFO:colcon.colcon_core.shell:Creating package script '/home/aayush/eYRC/Software/workspace/install/task_1a/share/task_1a/package.ps1'
[1.274s] INFO:colcon.colcon_core.shell:Creating package descriptor '/home/aayush/eYRC/Software/workspace/install/task_1a/share/task_1a/package.dsv'
[1.275s] INFO:colcon.colcon_core.shell:Creating package script '/home/aayush/eYRC/Software/workspace/install/task_1a/share/task_1a/package.sh'
[1.275s] INFO:colcon.colcon_core.shell:Creating package script '/home/aayush/eYRC/Software/workspace/install/task_1a/share/task_1a/package.bash'
[1.275s] INFO:colcon.colcon_core.shell:Creating package script '/home/aayush/eYRC/Software/workspace/install/task_1a/share/task_1a/package.zsh'
[1.276s] Level 1:colcon.colcon_core.environment:create_file_with_runtime_dependencies(/home/aayush/eYRC/Software/workspace/install/task_1a/share/colcon-core/packages/task_1a)
[1.276s] INFO:colcon.colcon_ros.task.ament_cmake.build:Building ROS package in '/home/aayush/eYRC/Software/workspace/src/hb_description' with build type 'ament_cmake'
[1.277s] INFO:colcon.colcon_cmake.task.cmake.build:Building CMake package in '/home/aayush/eYRC/Software/workspace/src/hb_description'
[1.277s] INFO:colcon.colcon_core.shell:Skip shell extension 'powershell' for command environment: Not usable outside of PowerShell
[1.277s] DEBUG:colcon.colcon_core.shell:Skip shell extension 'dsv' for command environment
[1.290s] DEBUG:colcon.colcon_core.event_handler.log_command:Invoking command in '/home/aayush/eYRC/Software/workspace/build/hb_description': CMAKE_PREFIX_PATH=/home/aayush/eYRC/Software/workspace/install/task_1a:/home/aayush/eYRC/Software/workspace/install/shape_interface:/home/aayush/eYRC/Software/workspace/install/task_1c:/home/aayush/eYRC/Software/workspace/install/task_1b:/home/aayush/eYRC/Software/workspace/install/hb_description:/opt/ros/humble LD_LIBRARY_PATH=/home/aayush/eYRC/Software/workspace/install/shape_interface/lib:/home/aayush/eYRC/Software/workspace/install/hb_description/lib:/opt/ros/humble/opt/rviz_ogre_vendor/lib:/opt/ros/humble/lib/x86_64-linux-gnu:/opt/ros/humble/lib:/opt/mujoco/lib /usr/bin/cmake --build /home/aayush/eYRC/Software/workspace/build/hb_description -- -j6 -l6
[1.339s] DEBUG:colcon.colcon_core.event_handler.log_command:Invoked command in '/home/aayush/eYRC/Software/workspace/build/hb_description' returned '0': CMAKE_PREFIX_PATH=/home/aayush/eYRC/Software/workspace/install/task_1a:/home/aayush/eYRC/Software/workspace/install/shape_interface:/home/aayush/eYRC/Software/workspace/install/task_1c:/home/aayush/eYRC/Software/workspace/install/task_1b:/home/aayush/eYRC/Software/workspace/install/hb_description:/opt/ros/humble LD_LIBRARY_PATH=/home/aayush/eYRC/Software/workspace/install/shape_interface/lib:/home/aayush/eYRC/Software/workspace/install/hb_description/lib:/opt/ros/humble/opt/rviz_ogre_vendor/lib:/opt/ros/humble/lib/x86_64-linux-gnu:/opt/ros/humble/lib:/opt/mujoco/lib /usr/bin/cmake --build /home/aayush/eYRC/Software/workspace/build/hb_description -- -j6 -l6
[1.340s] DEBUG:colcon.colcon_core.event_handler.log_command:Invoking command in '/home/aayush/eYRC/Software/workspace/build/hb_description': CMAKE_PREFIX_PATH=/home/aayush/eYRC/Software/workspace/install/task_1a:/home/aayush/eYRC/Software/workspace/install/shape_interface:/home/aayush/eYRC/Software/workspace/install/task_1c:/home/aayush/eYRC/Software/workspace/install/task_1b:/home/aayush/eYRC/Software/workspace/install/hb_description:/opt/ros/humble LD_LIBRARY_PATH=/home/aayush/eYRC/Software/workspace/install/shape_interface/lib:/home/aayush/eYRC/Software/workspace/install/hb_description/lib:/opt/ros/humble/opt/rviz_ogre_vendor/lib:/opt/ros/humble/lib/x86_64-linux-gnu:/opt/ros/humble/lib:/opt/mujoco/lib /usr/bin/cmake --install /home/aayush/eYRC/Software/workspace/build/hb_description
[1.354s] Level 1:colcon.colcon_core.environment:create_environment_scripts_only(hb_description)
[1.354s] Level 1:colcon.colcon_core.environment:checking '/home/aayush/eYRC/Software/workspace/install/hb_description' for CMake module files
[1.355s] DEBUG:colcon.colcon_core.event_handler.log_command:Invoked command in '/home/aayush/eYRC/Software/workspace/build/hb_description' returned '0': CMAKE_PREFIX_PATH=/home/aayush/eYRC/Software/workspace/install/task_1a:/home/aayush/eYRC/Software/workspace/install/shape_interface:/home/aayush/eYRC/Software/workspace/install/task_1c:/home/aayush/eYRC/Software/workspace/install/task_1b:/home/aayush/eYRC/Software/workspace/install/hb_description:/opt/ros/humble LD_LIBRARY_PATH=/home/aayush/eYRC/Software/workspace/install/shape_interface/lib:/home/aayush/eYRC/Software/workspace/install/hb_description/lib:/opt/ros/humble/opt/rviz_ogre_vendor/lib:/opt/ros/humble/lib/x86_64-linux-gnu:/opt/ros/humble/lib:/opt/mujoco/lib /usr/bin/cmake --install /home/aayush/eYRC/Software/workspace/build/hb_description
[1.355s] Level 1:colcon.colcon_core.environment:checking '/home/aayush/eYRC/Software/workspace/install/hb_description' for CMake config files
[1.356s] Level 1:colcon.colcon_core.shell:create_environment_hook('hb_description', 'cmake_prefix_path')
[1.356s] INFO:colcon.colcon_core.shell:Creating environment hook '/home/aayush/eYRC/Software/workspace/install/hb_description/share/hb_description/hook/cmake_prefix_path.ps1'
[1.356s] INFO:colcon.colcon_core.shell:Creating environment descriptor '/home/aayush/eYRC/Software/workspace/install/hb_description/share/hb_description/hook/cmake_prefix_path.dsv'
[1.357s] INFO:colcon.colcon_core.shell:Creating environment hook '/home/aayush/eYRC/Software/workspace/install/hb_description/share/hb_description/hook/cmake_prefix_path.sh'
[1.357s] Level 1:colcon.colcon_core.environment:checking '/home/aayush/eYRC/Software/workspace/install/hb_description/lib'
[1.358s] Level 1:colcon.colcon_core.shell:create_environment_hook('hb_description', 'ld_library_path_lib')
[1.358s] INFO:colcon.colcon_core.shell:Creating environment hook '/home/aayush/eYRC/Software/workspace/install/hb_description/share/hb_description/hook/ld_library_path_lib.ps1'
[1.359s] INFO:colcon.colcon_core.shell:Creating environment descriptor '/home/aayush/eYRC/Software/workspace/install/hb_description/share/hb_description/hook/ld_library_path_lib.dsv'
[1.359s] INFO:colcon.colcon_core.shell:Creating environment hook '/home/aayush/eYRC/Software/workspace/install/hb_description/share/hb_description/hook/ld_library_path_lib.sh'
[1.360s] Level 1:colcon.colcon_core.environment:checking '/home/aayush/eYRC/Software/workspace/install/hb_description/bin'
[1.360s] Level 1:colcon.colcon_core.environment:checking '/home/aayush/eYRC/Software/workspace/install/hb_description/lib/pkgconfig/hb_description.pc'
[1.360s] Level 1:colcon.colcon_core.environment:checking '/home/aayush/eYRC/Software/workspace/install/hb_description/lib/python3.10/site-packages'
[1.361s] Level 1:colcon.colcon_core.environment:checking '/home/aayush/eYRC/Software/workspace/install/hb_description/bin'
[1.361s] INFO:colcon.colcon_core.shell:Creating package script '/home/aayush/eYRC/Software/workspace/install/hb_description/share/hb_description/package.ps1'
[1.362s] INFO:colcon.colcon_core.shell:Creating package descriptor '/home/aayush/eYRC/Software/workspace/install/hb_description/share/hb_description/package.dsv'
[1.363s] INFO:colcon.colcon_core.shell:Creating package script '/home/aayush/eYRC/Software/workspace/install/hb_description/share/hb_description/package.sh'
[1.363s] INFO:colcon.colcon_core.shell:Creating package script '/home/aayush/eYRC/Software/workspace/install/hb_description/share/hb_description/package.bash'
[1.364s] INFO:colcon.colcon_core.shell:Creating package script '/home/aayush/eYRC/Software/workspace/install/hb_description/share/hb_description/package.zsh'
[1.364s] Level 1:colcon.colcon_core.environment:create_file_with_runtime_dependencies(/home/aayush/eYRC/Software/workspace/install/hb_description/share/colcon-core/packages/hb_description)
[1.365s] Level 1:colcon.colcon_core.environment:create_environment_scripts_only(hb_description)
[1.365s] Level 1:colcon.colcon_core.environment:checking '/home/aayush/eYRC/Software/workspace/install/hb_description' for CMake module files
[1.366s] Level 1:colcon.colcon_core.environment:checking '/home/aayush/eYRC/Software/workspace/install/hb_description' for CMake config files
[1.366s] Level 1:colcon.colcon_core.shell:create_environment_hook('hb_description', 'cmake_prefix_path')
[1.367s] INFO:colcon.colcon_core.shell:Creating environment hook '/home/aayush/eYRC/Software/workspace/install/hb_description/share/hb_description/hook/cmake_prefix_path.ps1'
[1.436s] INFO:colcon.colcon_core.shell:Creating environment descriptor '/home/aayush/eYRC/Software/workspace/install/hb_description/share/hb_description/hook/cmake_prefix_path.dsv'
[1.437s] INFO:colcon.colcon_core.shell:Creating environment hook '/home/aayush/eYRC/Software/workspace/install/hb_description/share/hb_description/hook/cmake_prefix_path.sh'
[1.438s] Level 1:colcon.colcon_core.environment:checking '/home/aayush/eYRC/Software/workspace/install/hb_description/lib'
[1.438s] Level 1:colcon.colcon_core.shell:create_environment_hook('hb_description', 'ld_library_path_lib')
[1.439s] INFO:colcon.colcon_core.shell:Creating environment hook '/home/aayush/eYRC/Software/workspace/install/hb_description/share/hb_description/hook/ld_library_path_lib.ps1'
[1.440s] INFO:colcon.colcon_core.shell:Creating environment descriptor '/home/aayush/eYRC/Software/workspace/install/hb_description/share/hb_description/hook/ld_library_path_lib.dsv'
[1.440s] INFO:colcon.colcon_core.shell:Creating environment hook '/home/aayush/eYRC/Software/workspace/install/hb_description/share/hb_description/hook/ld_library_path_lib.sh'
[1.441s] Level 1:colcon.colcon_core.environment:checking '/home/aayush/eYRC/Software/workspace/install/hb_description/bin'
[1.441s] Level 1:colcon.colcon_core.environment:checking '/home/aayush/eYRC/Software/workspace/install/hb_description/lib/pkgconfig/hb_description.pc'
[1.441s] Level 1:colcon.colcon_core.environment:checking '/home/aayush/eYRC/Software/workspace/install/hb_description/lib/python3.10/site-packages'
[1.442s] Level 1:colcon.colcon_core.environment:checking '/home/aayush/eYRC/Software/workspace/install/hb_description/bin'
[1.442s] INFO:colcon.colcon_core.shell:Creating package script '/home/aayush/eYRC/Software/workspace/install/hb_description/share/hb_description/package.ps1'
[1.443s] INFO:colcon.colcon_core.shell:Creating package descriptor '/home/aayush/eYRC/Software/workspace/install/hb_description/share/hb_description/package.dsv'
[1.444s] INFO:colcon.colcon_core.shell:Creating package script '/home/aayush/eYRC/Software/workspace/install/hb_description/share/hb_description/package.sh'
[1.444s] INFO:colcon.colcon_core.shell:Creating package script '/home/aayush/eYRC/Software/workspace/install/hb_description/share/hb_description/package.bash'
[1.445s] INFO:colcon.colcon_core.shell:Creating package script '/home/aayush/eYRC/Software/workspace/install/hb_description/share/hb_description/package.zsh'
[1.445s] Level 1:colcon.colcon_core.environment:create_file_with_runtime_dependencies(/home/aayush/eYRC/Software/workspace/install/hb_description/share/colcon-core/packages/hb_description)
[1.446s] DEBUG:colcon.colcon_parallel_executor.executor.parallel:closing loop
[1.446s] DEBUG:colcon.colcon_parallel_executor.executor.parallel:loop closed
[1.447s] DEBUG:colcon.colcon_parallel_executor.executor.parallel:run_until_complete finished with '0'
[1.447s] DEBUG:colcon.colcon_core.event_reactor:joining thread
[1.453s] INFO:colcon.colcon_core.plugin_system:Skipping extension 'colcon_notification.desktop_notification.terminal_notifier': Not used on non-Darwin systems
[1.453s] INFO:colcon.colcon_core.plugin_system:Skipping extension 'colcon_notification.desktop_notification.win32': Not used on non-Windows systems
[1.453s] INFO:colcon.colcon_notification.desktop_notification:Sending desktop notification using 'notify2'
[1.466s] DEBUG:colcon.colcon_core.event_reactor:joined thread
[1.466s] INFO:colcon.colcon_core.shell:Creating prefix script '/home/aayush/eYRC/Software/workspace/install/local_setup.ps1'
[1.468s] INFO:colcon.colcon_core.shell:Creating prefix util module '/home/aayush/eYRC/Software/workspace/install/_local_setup_util_ps1.py'
[1.470s] INFO:colcon.colcon_core.shell:Creating prefix chain script '/home/aayush/eYRC/Software/workspace/install/setup.ps1'
[1.471s] INFO:colcon.colcon_core.shell:Creating prefix script '/home/aayush/eYRC/Software/workspace/install/local_setup.sh'
[1.472s] INFO:colcon.colcon_core.shell:Creating prefix util module '/home/aayush/eYRC/Software/workspace/install/_local_setup_util_sh.py'
[1.472s] INFO:colcon.colcon_core.shell:Creating prefix chain script '/home/aayush/eYRC/Software/workspace/install/setup.sh'
[1.474s] INFO:colcon.colcon_core.shell:Creating prefix script '/home/aayush/eYRC/Software/workspace/install/local_setup.bash'
[1.474s] INFO:colcon.colcon_core.shell:Creating prefix chain script '/home/aayush/eYRC/Software/workspace/install/setup.bash'
[1.475s] INFO:colcon.colcon_core.shell:Creating prefix script '/home/aayush/eYRC/Software/workspace/install/local_setup.zsh'
[1.476s] INFO:colcon.colcon_core.shell:Creating prefix chain script '/home/aayush/eYRC/Software/workspace/install/setup.zsh'
