[0.024s] Invoking command in '/home/p1kachu/eYRC_26-27_Hola-The-Explorer/Software/workspace/build/task_1a': CMAKE_PREFIX_PATH=/home/p1kachu/eYRC_26-27_Hola-The-Explorer/Software/workspace/install/shape_interface:/home/p1kachu/eYRC_26-27_Hola-The-Explorer/Software/workspace/install/task_1c:/home/p1kachu/eYRC_26-27_Hola-The-Explorer/Software/workspace/install/task_1b:/home/p1kachu/eYRC_26-27_Hola-The-Explorer/Software/workspace/install/hb_description:/home/p1kachu/eYRC_26-27_Hola-The-Explorer/Software/workspace/install/task_1a:/opt/ros/humble LD_LIBRARY_PATH=/home/p1kachu/eYRC_26-27_Hola-The-Explorer/Software/workspace/install/shape_interface/lib:/home/p1kachu/eYRC_26-27_Hola-The-Explorer/Software/workspace/install/hb_description/lib:/opt/ros/humble/opt/rviz_ogre_vendor/lib:/opt/ros/humble/lib/x86_64-linux-gnu:/opt/ros/humble/lib /usr/bin/cmake --build /home/p1kachu/eYRC_26-27_Hola-The-Explorer/Software/workspace/build/task_1a -- -j18 -l18
[0.106s] Built target ament_cmake_python_copy_task_1a
[0.377s] running egg_info
[0.378s] writing task_1a.egg-info/PKG-INFO
[0.379s] writing dependency_links to task_1a.egg-info/dependency_links.txt
[0.379s] writing top-level names to task_1a.egg-info/top_level.txt
[0.382s] reading manifest file 'task_1a.egg-info/SOURCES.txt'
[0.383s] writing manifest file 'task_1a.egg-info/SOURCES.txt'
[0.416s] Built target ament_cmake_python_build_task_1a_egg
[0.434s] Invoked command in '/home/p1kachu/eYRC_26-27_Hola-The-Explorer/Software/workspace/build/task_1a' returned '0': CMAKE_PREFIX_PATH=/home/p1kachu/eYRC_26-27_Hola-The-Explorer/Software/workspace/install/shape_interface:/home/p1kachu/eYRC_26-27_Hola-The-Explorer/Software/workspace/install/task_1c:/home/p1kachu/eYRC_26-27_Hola-The-Explorer/Software/workspace/install/task_1b:/home/p1kachu/eYRC_26-27_Hola-The-Explorer/Software/workspace/install/hb_description:/home/p1kachu/eYRC_26-27_Hola-The-Explorer/Software/workspace/install/task_1a:/opt/ros/humble LD_LIBRARY_PATH=/home/p1kachu/eYRC_26-27_Hola-The-Explorer/Software/workspace/install/shape_interface/lib:/home/p1kachu/eYRC_26-27_Hola-The-Explorer/Software/workspace/install/hb_description/lib:/opt/ros/humble/opt/rviz_ogre_vendor/lib:/opt/ros/humble/lib/x86_64-linux-gnu:/opt/ros/humble/lib /usr/bin/cmake --build /home/p1kachu/eYRC_26-27_Hola-The-Explorer/Software/workspace/build/task_1a -- -j18 -l18
[0.438s] Invoking command in '/home/p1kachu/eYRC_26-27_Hola-The-Explorer/Software/workspace/build/task_1a': CMAKE_PREFIX_PATH=/home/p1kachu/eYRC_26-27_Hola-The-Explorer/Software/workspace/install/shape_interface:/home/p1kachu/eYRC_26-27_Hola-The-Explorer/Software/workspace/install/task_1c:/home/p1kachu/eYRC_26-27_Hola-The-Explorer/Software/workspace/install/task_1b:/home/p1kachu/eYRC_26-27_Hola-The-Explorer/Software/workspace/install/hb_description:/home/p1kachu/eYRC_26-27_Hola-The-Explorer/Software/workspace/install/task_1a:/opt/ros/humble LD_LIBRARY_PATH=/home/p1kachu/eYRC_26-27_Hola-The-Explorer/Software/workspace/install/shape_interface/lib:/home/p1kachu/eYRC_26-27_Hola-The-Explorer/Software/workspace/install/hb_description/lib:/opt/ros/humble/opt/rviz_ogre_vendor/lib:/opt/ros/humble/lib/x86_64-linux-gnu:/opt/ros/humble/lib /usr/bin/cmake --install /home/p1kachu/eYRC_26-27_Hola-The-Explorer/Software/workspace/build/task_1a
[0.448s] -- Install configuration: ""
[0.449s] -- Up-to-date: /home/p1kachu/eYRC_26-27_Hola-The-Explorer/Software/workspace/install/task_1a/lib/task_1a/pixel_to_world_service
[0.449s] -- Up-to-date: /home/p1kachu/eYRC_26-27_Hola-The-Explorer/Software/workspace/install/task_1a/share/task_1a/environment/pythonpath.sh
[0.449s] -- Up-to-date: /home/p1kachu/eYRC_26-27_Hola-The-Explorer/Software/workspace/install/task_1a/share/task_1a/environment/pythonpath.dsv
[0.449s] -- Up-to-date: /home/p1kachu/eYRC_26-27_Hola-The-Explorer/Software/workspace/install/task_1a/local/lib/python3.10/dist-packages/task_1a-0.0.1-py3.10.egg-info
[0.449s] -- Installing: /home/p1kachu/eYRC_26-27_Hola-The-Explorer/Software/workspace/install/task_1a/local/lib/python3.10/dist-packages/task_1a-0.0.1-py3.10.egg-info/SOURCES.txt
[0.449s] -- Installing: /home/p1kachu/eYRC_26-27_Hola-The-Explorer/Software/workspace/install/task_1a/local/lib/python3.10/dist-packages/task_1a-0.0.1-py3.10.egg-info/top_level.txt
[0.449s] -- Installing: /home/p1kachu/eYRC_26-27_Hola-The-Explorer/Software/workspace/install/task_1a/local/lib/python3.10/dist-packages/task_1a-0.0.1-py3.10.egg-info/PKG-INFO
[0.449s] -- Installing: /home/p1kachu/eYRC_26-27_Hola-The-Explorer/Software/workspace/install/task_1a/local/lib/python3.10/dist-packages/task_1a-0.0.1-py3.10.egg-info/dependency_links.txt
[0.450s] -- Up-to-date: /home/p1kachu/eYRC_26-27_Hola-The-Explorer/Software/workspace/install/task_1a/local/lib/python3.10/dist-packages/task_1a
[0.450s] -- Up-to-date: /home/p1kachu/eYRC_26-27_Hola-The-Explorer/Software/workspace/install/task_1a/local/lib/python3.10/dist-packages/task_1a/__init__.py
[0.450s] -- Up-to-date: /home/p1kachu/eYRC_26-27_Hola-The-Explorer/Software/workspace/install/task_1a/local/lib/python3.10/dist-packages/task_1a/camera_detection.py
[0.486s] Listing '/home/p1kachu/eYRC_26-27_Hola-The-Explorer/Software/workspace/install/task_1a/local/lib/python3.10/dist-packages/task_1a'...
[0.491s] -- Up-to-date: /home/p1kachu/eYRC_26-27_Hola-The-Explorer/Software/workspace/install/task_1a/lib/task_1a/camera_detection
[0.491s] -- Up-to-date: /home/p1kachu/eYRC_26-27_Hola-The-Explorer/Software/workspace/install/task_1a/share/ament_index/resource_index/package_run_dependencies/task_1a
[0.491s] -- Up-to-date: /home/p1kachu/eYRC_26-27_Hola-The-Explorer/Software/workspace/install/task_1a/share/ament_index/resource_index/parent_prefix_path/task_1a
[0.491s] -- Up-to-date: /home/p1kachu/eYRC_26-27_Hola-The-Explorer/Software/workspace/install/task_1a/share/task_1a/environment/ament_prefix_path.sh
[0.492s] -- Up-to-date: /home/p1kachu/eYRC_26-27_Hola-The-Explorer/Software/workspace/install/task_1a/share/task_1a/environment/ament_prefix_path.dsv
[0.492s] -- Up-to-date: /home/p1kachu/eYRC_26-27_Hola-The-Explorer/Software/workspace/install/task_1a/share/task_1a/environment/path.sh
[0.492s] -- Up-to-date: /home/p1kachu/eYRC_26-27_Hola-The-Explorer/Software/workspace/install/task_1a/share/task_1a/environment/path.dsv
[0.492s] -- Up-to-date: /home/p1kachu/eYRC_26-27_Hola-The-Explorer/Software/workspace/install/task_1a/share/task_1a/local_setup.bash
[0.492s] -- Up-to-date: /home/p1kachu/eYRC_26-27_Hola-The-Explorer/Software/workspace/install/task_1a/share/task_1a/local_setup.sh
[0.492s] -- Up-to-date: /home/p1kachu/eYRC_26-27_Hola-The-Explorer/Software/workspace/install/task_1a/share/task_1a/local_setup.zsh
[0.492s] -- Up-to-date: /home/p1kachu/eYRC_26-27_Hola-The-Explorer/Software/workspace/install/task_1a/share/task_1a/local_setup.dsv
[0.492s] -- Installing: /home/p1kachu/eYRC_26-27_Hola-The-Explorer/Software/workspace/install/task_1a/share/task_1a/package.dsv
[0.492s] -- Up-to-date: /home/p1kachu/eYRC_26-27_Hola-The-Explorer/Software/workspace/install/task_1a/share/ament_index/resource_index/packages/task_1a
[0.493s] -- Up-to-date: /home/p1kachu/eYRC_26-27_Hola-The-Explorer/Software/workspace/install/task_1a/share/task_1a/cmake/task_1aConfig.cmake
[0.493s] -- Up-to-date: /home/p1kachu/eYRC_26-27_Hola-The-Explorer/Software/workspace/install/task_1a/share/task_1a/cmake/task_1aConfig-version.cmake
[0.493s] -- Up-to-date: /home/p1kachu/eYRC_26-27_Hola-The-Explorer/Software/workspace/install/task_1a/share/task_1a/package.xml
[0.496s] Invoked command in '/home/p1kachu/eYRC_26-27_Hola-The-Explorer/Software/workspace/build/task_1a' returned '0': CMAKE_PREFIX_PATH=/home/p1kachu/eYRC_26-27_Hola-The-Explorer/Software/workspace/install/shape_interface:/home/p1kachu/eYRC_26-27_Hola-The-Explorer/Software/workspace/install/task_1c:/home/p1kachu/eYRC_26-27_Hola-The-Explorer/Software/workspace/install/task_1b:/home/p1kachu/eYRC_26-27_Hola-The-Explorer/Software/workspace/install/hb_description:/home/p1kachu/eYRC_26-27_Hola-The-Explorer/Software/workspace/install/task_1a:/opt/ros/humble LD_LIBRARY_PATH=/home/p1kachu/eYRC_26-27_Hola-The-Explorer/Software/workspace/install/shape_interface/lib:/home/p1kachu/eYRC_26-27_Hola-The-Explorer/Software/workspace/install/hb_description/lib:/opt/ros/humble/opt/rviz_ogre_vendor/lib:/opt/ros/humble/lib/x86_64-linux-gnu:/opt/ros/humble/lib /usr/bin/cmake --install /home/p1kachu/eYRC_26-27_Hola-The-Explorer/Software/workspace/build/task_1a
