[0.239s] DEBUG:colcon:Command line arguments: ['/usr/bin/colcon', 'build']
[0.239s] DEBUG:colcon:Parsed command line arguments: Namespace(log_base=None, log_level=None, verb_name='build', build_base='build', install_base='install', merge_install=False, symlink_install=False, test_result_base=None, continue_on_error=False, executor='parallel', parallel_workers=6, event_handlers=None, ignore_user_meta=False, metas=['./colcon.meta'], base_paths=['.'], packages_ignore=None, packages_ignore_regex=None, paths=None, packages_up_to=None, packages_up_to_regex=None, packages_above=None, packages_above_and_dependencies=None, packages_above_depth=None, packages_select_by_dep=None, packages_skip_by_dep=None, packages_skip_up_to=None, packages_select_build_failed=False, packages_skip_build_finished=False, packages_select_test_failures=False, packages_skip_test_passed=False, packages_select=None, packages_skip=None, packages_select_regex=None, packages_skip_regex=None, packages_start=None, packages_end=None, allow_overriding=[], cmake_args=None, cmake_target=None, cmake_target_skip_unavailable=False, cmake_clean_cache=False, cmake_clean_first=False, cmake_force_configure=False, ament_cmake_args=None, catkin_cmake_args=None, catkin_skip_building_tests=False, mixin_files=None, mixin=None, verb_parser=<colcon_mixin.mixin.mixin_argument.MixinArgumentDecorator object at 0x789a948fe620>, verb_extension=<colcon_core.verb.build.BuildVerb object at 0x789a948fde10>, main=<bound method BuildVerb.main of <colcon_core.verb.build.BuildVerb object at 0x789a948fde10>>, mixin_verb=('build',))
[0.534s] Level 1:colcon.colcon_core.package_discovery:discover_packages(colcon_meta) check parameters
[0.535s] Level 1:colcon.colcon_core.package_discovery:discover_packages(recursive) check parameters
[0.535s] Level 1:colcon.colcon_core.package_discovery:discover_packages(ignore) check parameters
[0.535s] Level 1:colcon.colcon_core.package_discovery:discover_packages(path) check parameters
[0.535s] Level 1:colcon.colcon_core.package_discovery:discover_packages(colcon_meta) discover
[0.535s] Level 1:colcon.colcon_core.package_discovery:discover_packages(recursive) discover
[0.535s] INFO:colcon.colcon_core.package_discovery:Crawling recursively for packages in '/home/aayush/eYRC/Software/workspace'
[0.535s] Level 1:colcon.colcon_core.package_identification:_identify(.) by extensions ['ignore', 'ignore_ament_install']
[0.535s] Level 1:colcon.colcon_core.package_identification:_identify(.) by extension 'ignore'
[0.535s] Level 1:colcon.colcon_core.package_identification:_identify(.) by extension 'ignore_ament_install'
[0.535s] Level 1:colcon.colcon_core.package_identification:_identify(.) by extensions ['colcon_pkg']
[0.535s] Level 1:colcon.colcon_core.package_identification:_identify(.) by extension 'colcon_pkg'
[0.535s] Level 1:colcon.colcon_core.package_identification:_identify(.) by extensions ['colcon_meta']
[0.535s] Level 1:colcon.colcon_core.package_identification:_identify(.) by extension 'colcon_meta'
[0.535s] Level 1:colcon.colcon_core.package_identification:_identify(.) by extensions ['ros']
[0.535s] Level 1:colcon.colcon_core.package_identification:_identify(.) by extension 'ros'
[0.550s] Level 1:colcon.colcon_core.package_identification:_identify(.) by extensions ['cmake', 'python']
[0.550s] Level 1:colcon.colcon_core.package_identification:_identify(.) by extension 'cmake'
[0.550s] Level 1:colcon.colcon_core.package_identification:_identify(.) by extension 'python'
[0.550s] Level 1:colcon.colcon_core.package_identification:_identify(.) by extensions ['python_setup_py']
[0.550s] Level 1:colcon.colcon_core.package_identification:_identify(.) by extension 'python_setup_py'
[0.550s] Level 1:colcon.colcon_core.package_identification:_identify(build) by extensions ['ignore', 'ignore_ament_install']
[0.550s] Level 1:colcon.colcon_core.package_identification:_identify(build) by extension 'ignore'
[0.550s] Level 1:colcon.colcon_core.package_identification:_identify(build) ignored
[0.550s] Level 1:colcon.colcon_core.package_identification:_identify(install) by extensions ['ignore', 'ignore_ament_install']
[0.550s] Level 1:colcon.colcon_core.package_identification:_identify(install) by extension 'ignore'
[0.550s] Level 1:colcon.colcon_core.package_identification:_identify(install) ignored
[0.551s] Level 1:colcon.colcon_core.package_identification:_identify(log) by extensions ['ignore', 'ignore_ament_install']
[0.551s] Level 1:colcon.colcon_core.package_identification:_identify(log) by extension 'ignore'
[0.551s] Level 1:colcon.colcon_core.package_identification:_identify(log) ignored
[0.551s] Level 1:colcon.colcon_core.package_identification:_identify(src) by extensions ['ignore', 'ignore_ament_install']
[0.551s] Level 1:colcon.colcon_core.package_identification:_identify(src) by extension 'ignore'
[0.551s] Level 1:colcon.colcon_core.package_identification:_identify(src) by extension 'ignore_ament_install'
[0.551s] Level 1:colcon.colcon_core.package_identification:_identify(src) by extensions ['colcon_pkg']
[0.551s] Level 1:colcon.colcon_core.package_identification:_identify(src) by extension 'colcon_pkg'
[0.551s] Level 1:colcon.colcon_core.package_identification:_identify(src) by extensions ['colcon_meta']
[0.551s] Level 1:colcon.colcon_core.package_identification:_identify(src) by extension 'colcon_meta'
[0.551s] Level 1:colcon.colcon_core.package_identification:_identify(src) by extensions ['ros']
[0.551s] Level 1:colcon.colcon_core.package_identification:_identify(src) by extension 'ros'
[0.551s] Level 1:colcon.colcon_core.package_identification:_identify(src) by extensions ['cmake', 'python']
[0.551s] Level 1:colcon.colcon_core.package_identification:_identify(src) by extension 'cmake'
[0.551s] Level 1:colcon.colcon_core.package_identification:_identify(src) by extension 'python'
[0.551s] Level 1:colcon.colcon_core.package_identification:_identify(src) by extensions ['python_setup_py']
[0.551s] Level 1:colcon.colcon_core.package_identification:_identify(src) by extension 'python_setup_py'
[0.551s] Level 1:colcon.colcon_core.package_identification:_identify(src/hb_description) by extensions ['ignore', 'ignore_ament_install']
[0.551s] Level 1:colcon.colcon_core.package_identification:_identify(src/hb_description) by extension 'ignore'
[0.551s] Level 1:colcon.colcon_core.package_identification:_identify(src/hb_description) by extension 'ignore_ament_install'
[0.551s] Level 1:colcon.colcon_core.package_identification:_identify(src/hb_description) by extensions ['colcon_pkg']
[0.551s] Level 1:colcon.colcon_core.package_identification:_identify(src/hb_description) by extension 'colcon_pkg'
[0.551s] Level 1:colcon.colcon_core.package_identification:_identify(src/hb_description) by extensions ['colcon_meta']
[0.551s] Level 1:colcon.colcon_core.package_identification:_identify(src/hb_description) by extension 'colcon_meta'
[0.551s] Level 1:colcon.colcon_core.package_identification:_identify(src/hb_description) by extensions ['ros']
[0.551s] Level 1:colcon.colcon_core.package_identification:_identify(src/hb_description) by extension 'ros'
[0.555s] DEBUG:colcon.colcon_core.package_identification:Package 'src/hb_description' with type 'ros.ament_cmake' and name 'hb_description'
[0.555s] Level 1:colcon.colcon_core.package_identification:_identify(src/shape_interface) by extensions ['ignore', 'ignore_ament_install']
[0.555s] Level 1:colcon.colcon_core.package_identification:_identify(src/shape_interface) by extension 'ignore'
[0.555s] Level 1:colcon.colcon_core.package_identification:_identify(src/shape_interface) by extension 'ignore_ament_install'
[0.555s] Level 1:colcon.colcon_core.package_identification:_identify(src/shape_interface) by extensions ['colcon_pkg']
[0.555s] Level 1:colcon.colcon_core.package_identification:_identify(src/shape_interface) by extension 'colcon_pkg'
[0.555s] Level 1:colcon.colcon_core.package_identification:_identify(src/shape_interface) by extensions ['colcon_meta']
[0.555s] Level 1:colcon.colcon_core.package_identification:_identify(src/shape_interface) by extension 'colcon_meta'
[0.555s] Level 1:colcon.colcon_core.package_identification:_identify(src/shape_interface) by extensions ['ros']
[0.555s] Level 1:colcon.colcon_core.package_identification:_identify(src/shape_interface) by extension 'ros'
[0.556s] DEBUG:colcon.colcon_core.package_identification:Package 'src/shape_interface' with type 'ros.ament_cmake' and name 'shape_interface'
[0.556s] Level 1:colcon.colcon_core.package_identification:_identify(src/task_1a) by extensions ['ignore', 'ignore_ament_install']
[0.556s] Level 1:colcon.colcon_core.package_identification:_identify(src/task_1a) by extension 'ignore'
[0.556s] Level 1:colcon.colcon_core.package_identification:_identify(src/task_1a) by extension 'ignore_ament_install'
[0.556s] Level 1:colcon.colcon_core.package_identification:_identify(src/task_1a) by extensions ['colcon_pkg']
[0.556s] Level 1:colcon.colcon_core.package_identification:_identify(src/task_1a) by extension 'colcon_pkg'
[0.556s] Level 1:colcon.colcon_core.package_identification:_identify(src/task_1a) by extensions ['colcon_meta']
[0.556s] Level 1:colcon.colcon_core.package_identification:_identify(src/task_1a) by extension 'colcon_meta'
[0.556s] Level 1:colcon.colcon_core.package_identification:_identify(src/task_1a) by extensions ['ros']
[0.556s] Level 1:colcon.colcon_core.package_identification:_identify(src/task_1a) by extension 'ros'
[0.557s] DEBUG:colcon.colcon_core.package_identification:Package 'src/task_1a' with type 'ros.ament_cmake' and name 'task_1a'
[0.557s] Level 1:colcon.colcon_core.package_identification:_identify(src/task_1b) by extensions ['ignore', 'ignore_ament_install']
[0.557s] Level 1:colcon.colcon_core.package_identification:_identify(src/task_1b) by extension 'ignore'
[0.557s] Level 1:colcon.colcon_core.package_identification:_identify(src/task_1b) by extension 'ignore_ament_install'
[0.557s] Level 1:colcon.colcon_core.package_identification:_identify(src/task_1b) by extensions ['colcon_pkg']
[0.557s] Level 1:colcon.colcon_core.package_identification:_identify(src/task_1b) by extension 'colcon_pkg'
[0.557s] Level 1:colcon.colcon_core.package_identification:_identify(src/task_1b) by extensions ['colcon_meta']
[0.557s] Level 1:colcon.colcon_core.package_identification:_identify(src/task_1b) by extension 'colcon_meta'
[0.557s] Level 1:colcon.colcon_core.package_identification:_identify(src/task_1b) by extensions ['ros']
[0.557s] Level 1:colcon.colcon_core.package_identification:_identify(src/task_1b) by extension 'ros'
[0.558s] DEBUG:colcon.colcon_core.package_identification:Package 'src/task_1b' with type 'ros.ament_cmake' and name 'task_1b'
[0.558s] Level 1:colcon.colcon_core.package_identification:_identify(src/task_1c) by extensions ['ignore', 'ignore_ament_install']
[0.558s] Level 1:colcon.colcon_core.package_identification:_identify(src/task_1c) by extension 'ignore'
[0.558s] Level 1:colcon.colcon_core.package_identification:_identify(src/task_1c) by extension 'ignore_ament_install'
[0.558s] Level 1:colcon.colcon_core.package_identification:_identify(src/task_1c) by extensions ['colcon_pkg']
[0.558s] Level 1:colcon.colcon_core.package_identification:_identify(src/task_1c) by extension 'colcon_pkg'
[0.558s] Level 1:colcon.colcon_core.package_identification:_identify(src/task_1c) by extensions ['colcon_meta']
[0.558s] Level 1:colcon.colcon_core.package_identification:_identify(src/task_1c) by extension 'colcon_meta'
[0.558s] Level 1:colcon.colcon_core.package_identification:_identify(src/task_1c) by extensions ['ros']
[0.558s] Level 1:colcon.colcon_core.package_identification:_identify(src/task_1c) by extension 'ros'
[0.560s] DEBUG:colcon.colcon_core.package_identification:Package 'src/task_1c' with type 'ros.ament_cmake' and name 'task_1c'
[0.560s] Level 1:colcon.colcon_core.package_discovery:discover_packages(recursive) using defaults
[0.560s] Level 1:colcon.colcon_core.package_discovery:discover_packages(ignore) discover
[0.560s] Level 1:colcon.colcon_core.package_discovery:discover_packages(ignore) using defaults
[0.560s] Level 1:colcon.colcon_core.package_discovery:discover_packages(path) discover
[0.560s] Level 1:colcon.colcon_core.package_discovery:discover_packages(path) using defaults
[0.662s] Level 1:colcon.colcon_core.package_discovery:discover_packages(prefix_path) check parameters
[0.662s] Level 1:colcon.colcon_core.package_discovery:discover_packages(prefix_path) discover
[0.667s] DEBUG:colcon.colcon_installed_package_information.package_discovery:Found 273 installed packages in /opt/ros/humble
[0.669s] Level 1:colcon.colcon_core.package_discovery:discover_packages(prefix_path) using defaults
[0.699s] Level 5:colcon.colcon_core.verb:set package 'shape_interface' build argument 'cmake_args' from command line to 'None'
[0.699s] Level 5:colcon.colcon_core.verb:set package 'shape_interface' build argument 'cmake_target' from command line to 'None'
[0.699s] Level 5:colcon.colcon_core.verb:set package 'shape_interface' build argument 'cmake_target_skip_unavailable' from command line to 'False'
[0.699s] Level 5:colcon.colcon_core.verb:set package 'shape_interface' build argument 'cmake_clean_cache' from command line to 'False'
[0.699s] Level 5:colcon.colcon_core.verb:set package 'shape_interface' build argument 'cmake_clean_first' from command line to 'False'
[0.699s] Level 5:colcon.colcon_core.verb:set package 'shape_interface' build argument 'cmake_force_configure' from command line to 'False'
[0.699s] Level 5:colcon.colcon_core.verb:set package 'shape_interface' build argument 'ament_cmake_args' from command line to 'None'
[0.699s] Level 5:colcon.colcon_core.verb:set package 'shape_interface' build argument 'catkin_cmake_args' from command line to 'None'
[0.699s] Level 5:colcon.colcon_core.verb:set package 'shape_interface' build argument 'catkin_skip_building_tests' from command line to 'False'
[0.699s] DEBUG:colcon.colcon_core.verb:Building package 'shape_interface' with the following arguments: {'ament_cmake_args': None, 'build_base': '/home/aayush/eYRC/Software/workspace/build/shape_interface', 'catkin_cmake_args': None, 'catkin_skip_building_tests': False, 'cmake_args': None, 'cmake_clean_cache': False, 'cmake_clean_first': False, 'cmake_force_configure': False, 'cmake_target': None, 'cmake_target_skip_unavailable': False, 'install_base': '/home/aayush/eYRC/Software/workspace/install/shape_interface', 'merge_install': False, 'path': '/home/aayush/eYRC/Software/workspace/src/shape_interface', 'symlink_install': False, 'test_result_base': None}
[0.699s] Level 5:colcon.colcon_core.verb:set package 'task_1b' build argument 'cmake_args' from command line to 'None'
[0.699s] Level 5:colcon.colcon_core.verb:set package 'task_1b' build argument 'cmake_target' from command line to 'None'
[0.699s] Level 5:colcon.colcon_core.verb:set package 'task_1b' build argument 'cmake_target_skip_unavailable' from command line to 'False'
[0.699s] Level 5:colcon.colcon_core.verb:set package 'task_1b' build argument 'cmake_clean_cache' from command line to 'False'
[0.699s] Level 5:colcon.colcon_core.verb:set package 'task_1b' build argument 'cmake_clean_first' from command line to 'False'
[0.699s] Level 5:colcon.colcon_core.verb:set package 'task_1b' build argument 'cmake_force_configure' from command line to 'False'
[0.699s] Level 5:colcon.colcon_core.verb:set package 'task_1b' build argument 'ament_cmake_args' from command line to 'None'
[0.699s] Level 5:colcon.colcon_core.verb:set package 'task_1b' build argument 'catkin_cmake_args' from command line to 'None'
[0.699s] Level 5:colcon.colcon_core.verb:set package 'task_1b' build argument 'catkin_skip_building_tests' from command line to 'False'
[0.699s] DEBUG:colcon.colcon_core.verb:Building package 'task_1b' with the following arguments: {'ament_cmake_args': None, 'build_base': '/home/aayush/eYRC/Software/workspace/build/task_1b', 'catkin_cmake_args': None, 'catkin_skip_building_tests': False, 'cmake_args': None, 'cmake_clean_cache': False, 'cmake_clean_first': False, 'cmake_force_configure': False, 'cmake_target': None, 'cmake_target_skip_unavailable': False, 'install_base': '/home/aayush/eYRC/Software/workspace/install/task_1b', 'merge_install': False, 'path': '/home/aayush/eYRC/Software/workspace/src/task_1b', 'symlink_install': False, 'test_result_base': None}
[0.699s] Level 5:colcon.colcon_core.verb:set package 'task_1a' build argument 'cmake_args' from command line to 'None'
[0.699s] Level 5:colcon.colcon_core.verb:set package 'task_1a' build argument 'cmake_target' from command line to 'None'
[0.699s] Level 5:colcon.colcon_core.verb:set package 'task_1a' build argument 'cmake_target_skip_unavailable' from command line to 'False'
[0.699s] Level 5:colcon.colcon_core.verb:set package 'task_1a' build argument 'cmake_clean_cache' from command line to 'False'
[0.699s] Level 5:colcon.colcon_core.verb:set package 'task_1a' build argument 'cmake_clean_first' from command line to 'False'
[0.699s] Level 5:colcon.colcon_core.verb:set package 'task_1a' build argument 'cmake_force_configure' from command line to 'False'
[0.699s] Level 5:colcon.colcon_core.verb:set package 'task_1a' build argument 'ament_cmake_args' from command line to 'None'
[0.699s] Level 5:colcon.colcon_core.verb:set package 'task_1a' build argument 'catkin_cmake_args' from command line to 'None'
[0.699s] Level 5:colcon.colcon_core.verb:set package 'task_1a' build argument 'catkin_skip_building_tests' from command line to 'False'
[0.699s] DEBUG:colcon.colcon_core.verb:Building package 'task_1a' with the following arguments: {'ament_cmake_args': None, 'build_base': '/home/aayush/eYRC/Software/workspace/build/task_1a', 'catkin_cmake_args': None, 'catkin_skip_building_tests': False, 'cmake_args': None, 'cmake_clean_cache': False, 'cmake_clean_first': False, 'cmake_force_configure': False, 'cmake_target': None, 'cmake_target_skip_unavailable': False, 'install_base': '/home/aayush/eYRC/Software/workspace/install/task_1a', 'merge_install': False, 'path': '/home/aayush/eYRC/Software/workspace/src/task_1a', 'symlink_install': False, 'test_result_base': None}
[0.700s] Level 5:colcon.colcon_core.verb:set package 'task_1c' build argument 'cmake_args' from command line to 'None'
[0.700s] Level 5:colcon.colcon_core.verb:set package 'task_1c' build argument 'cmake_target' from command line to 'None'
[0.700s] Level 5:colcon.colcon_core.verb:set package 'task_1c' build argument 'cmake_target_skip_unavailable' from command line to 'False'
[0.700s] Level 5:colcon.colcon_core.verb:set package 'task_1c' build argument 'cmake_clean_cache' from command line to 'False'
[0.700s] Level 5:colcon.colcon_core.verb:set package 'task_1c' build argument 'cmake_clean_first' from command line to 'False'
[0.700s] Level 5:colcon.colcon_core.verb:set package 'task_1c' build argument 'cmake_force_configure' from command line to 'False'
[0.700s] Level 5:colcon.colcon_core.verb:set package 'task_1c' build argument 'ament_cmake_args' from command line to 'None'
[0.700s] Level 5:colcon.colcon_core.verb:set package 'task_1c' build argument 'catkin_cmake_args' from command line to 'None'
[0.700s] Level 5:colcon.colcon_core.verb:set package 'task_1c' build argument 'catkin_skip_building_tests' from command line to 'False'
[0.700s] DEBUG:colcon.colcon_core.verb:Building package 'task_1c' with the following arguments: {'ament_cmake_args': None, 'build_base': '/home/aayush/eYRC/Software/workspace/build/task_1c', 'catkin_cmake_args': None, 'catkin_skip_building_tests': False, 'cmake_args': None, 'cmake_clean_cache': False, 'cmake_clean_first': False, 'cmake_force_configure': False, 'cmake_target': None, 'cmake_target_skip_unavailable': False, 'install_base': '/home/aayush/eYRC/Software/workspace/install/task_1c', 'merge_install': False, 'path': '/home/aayush/eYRC/Software/workspace/src/task_1c', 'symlink_install': False, 'test_result_base': None}
[0.700s] Level 5:colcon.colcon_core.verb:set package 'hb_description' build argument 'cmake_args' from command line to 'None'
[0.700s] Level 5:colcon.colcon_core.verb:set package 'hb_description' build argument 'cmake_target' from command line to 'None'
[0.700s] Level 5:colcon.colcon_core.verb:set package 'hb_description' build argument 'cmake_target_skip_unavailable' from command line to 'False'
[0.700s] Level 5:colcon.colcon_core.verb:set package 'hb_description' build argument 'cmake_clean_cache' from command line to 'False'
[0.700s] Level 5:colcon.colcon_core.verb:set package 'hb_description' build argument 'cmake_clean_first' from command line to 'False'
[0.700s] Level 5:colcon.colcon_core.verb:set package 'hb_description' build argument 'cmake_force_configure' from command line to 'False'
[0.700s] Level 5:colcon.colcon_core.verb:set package 'hb_description' build argument 'ament_cmake_args' from command line to 'None'
[0.700s] Level 5:colcon.colcon_core.verb:set package 'hb_description' build argument 'catkin_cmake_args' from command line to 'None'
[0.700s] Level 5:colcon.colcon_core.verb:set package 'hb_description' build argument 'catkin_skip_building_tests' from command line to 'False'
[0.700s] DEBUG:colcon.colcon_core.verb:Building package 'hb_description' with the following arguments: {'ament_cmake_args': None, 'build_base': '/home/aayush/eYRC/Software/workspace/build/hb_description', 'catkin_cmake_args': None, 'catkin_skip_building_tests': False, 'cmake_args': None, 'cmake_clean_cache': False, 'cmake_clean_first': False, 'cmake_force_configure': False, 'cmake_target': None, 'cmake_target_skip_unavailable': False, 'install_base': '/home/aayush/eYRC/Software/workspace/install/hb_description', 'merge_install': False, 'path': '/home/aayush/eYRC/Software/workspace/src/hb_description', 'symlink_install': False, 'test_result_base': None}
[0.700s] INFO:colcon.colcon_core.executor:Executing jobs using 'parallel' executor
[0.701s] DEBUG:colcon.colcon_parallel_executor.executor.parallel:run_until_complete
[0.701s] INFO:colcon.colcon_ros.task.ament_cmake.build:Building ROS package in '/home/aayush/eYRC/Software/workspace/src/shape_interface' with build type 'ament_cmake'
[0.701s] INFO:colcon.colcon_cmake.task.cmake.build:Building CMake package in '/home/aayush/eYRC/Software/workspace/src/shape_interface'
[0.708s] INFO:colcon.colcon_core.plugin_system:Skipping extension 'colcon_core.shell.bat': Not used on non-Windows systems
[0.708s] INFO:colcon.colcon_core.shell:Skip shell extension 'powershell' for command environment: Not usable outside of PowerShell
[0.708s] DEBUG:colcon.colcon_core.shell:Skip shell extension 'dsv' for command environment
[0.711s] INFO:colcon.colcon_ros.task.ament_cmake.build:Building ROS package in '/home/aayush/eYRC/Software/workspace/src/task_1b' with build type 'ament_cmake'
[0.711s] INFO:colcon.colcon_cmake.task.cmake.build:Building CMake package in '/home/aayush/eYRC/Software/workspace/src/task_1b'
[0.712s] INFO:colcon.colcon_core.shell:Skip shell extension 'powershell' for command environment: Not usable outside of PowerShell
[0.712s] DEBUG:colcon.colcon_core.shell:Skip shell extension 'dsv' for command environment
[0.721s] DEBUG:colcon.colcon_core.event_handler.log_command:Invoking command in '/home/aayush/eYRC/Software/workspace/build/shape_interface': CMAKE_PREFIX_PATH=/opt/ros/humble /usr/bin/cmake /home/aayush/eYRC/Software/workspace/src/shape_interface -DCMAKE_INSTALL_PREFIX=/home/aayush/eYRC/Software/workspace/install/shape_interface
[0.729s] DEBUG:colcon.colcon_core.event_handler.log_command:Invoking command in '/home/aayush/eYRC/Software/workspace/build/task_1b': CMAKE_PREFIX_PATH=/opt/ros/humble /usr/bin/cmake /home/aayush/eYRC/Software/workspace/src/task_1b -DCMAKE_INSTALL_PREFIX=/home/aayush/eYRC/Software/workspace/install/task_1b
[2.072s] DEBUG:colcon.colcon_core.event_handler.log_command:Invoked command in '/home/aayush/eYRC/Software/workspace/build/task_1b' returned '0': CMAKE_PREFIX_PATH=/opt/ros/humble /usr/bin/cmake /home/aayush/eYRC/Software/workspace/src/task_1b -DCMAKE_INSTALL_PREFIX=/home/aayush/eYRC/Software/workspace/install/task_1b
[2.074s] DEBUG:colcon.colcon_core.event_handler.log_command:Invoking command in '/home/aayush/eYRC/Software/workspace/build/task_1b': CMAKE_PREFIX_PATH=/opt/ros/humble /usr/bin/cmake --build /home/aayush/eYRC/Software/workspace/build/task_1b -- -j6 -l6
[2.504s] DEBUG:colcon.colcon_core.event_handler.log_command:Invoked command in '/home/aayush/eYRC/Software/workspace/build/task_1b' returned '0': CMAKE_PREFIX_PATH=/opt/ros/humble /usr/bin/cmake --build /home/aayush/eYRC/Software/workspace/build/task_1b -- -j6 -l6
[2.513s] DEBUG:colcon.colcon_core.event_handler.log_command:Invoking command in '/home/aayush/eYRC/Software/workspace/build/task_1b': CMAKE_PREFIX_PATH=/opt/ros/humble /usr/bin/cmake --install /home/aayush/eYRC/Software/workspace/build/task_1b
[2.562s] Level 1:colcon.colcon_core.environment:create_environment_scripts_only(task_1b)
[2.563s] DEBUG:colcon.colcon_core.event_handler.log_command:Invoked command in '/home/aayush/eYRC/Software/workspace/build/task_1b' returned '0': CMAKE_PREFIX_PATH=/opt/ros/humble /usr/bin/cmake --install /home/aayush/eYRC/Software/workspace/build/task_1b
[2.568s] Level 1:colcon.colcon_core.environment:checking '/home/aayush/eYRC/Software/workspace/install/task_1b' for CMake module files
[2.568s] Level 1:colcon.colcon_core.environment:checking '/home/aayush/eYRC/Software/workspace/install/task_1b' for CMake config files
[2.568s] Level 1:colcon.colcon_core.shell:create_environment_hook('task_1b', 'cmake_prefix_path')
[2.568s] INFO:colcon.colcon_core.shell:Creating environment hook '/home/aayush/eYRC/Software/workspace/install/task_1b/share/task_1b/hook/cmake_prefix_path.ps1'
[2.569s] INFO:colcon.colcon_core.shell:Creating environment descriptor '/home/aayush/eYRC/Software/workspace/install/task_1b/share/task_1b/hook/cmake_prefix_path.dsv'
[2.570s] INFO:colcon.colcon_core.shell:Creating environment hook '/home/aayush/eYRC/Software/workspace/install/task_1b/share/task_1b/hook/cmake_prefix_path.sh'
[2.571s] Level 1:colcon.colcon_core.environment:checking '/home/aayush/eYRC/Software/workspace/install/task_1b/lib'
[2.571s] Level 1:colcon.colcon_core.environment:checking '/home/aayush/eYRC/Software/workspace/install/task_1b/bin'
[2.571s] Level 1:colcon.colcon_core.environment:checking '/home/aayush/eYRC/Software/workspace/install/task_1b/lib/pkgconfig/task_1b.pc'
[2.571s] Level 1:colcon.colcon_core.environment:checking '/home/aayush/eYRC/Software/workspace/install/task_1b/lib/python3.10/site-packages'
[2.571s] Level 1:colcon.colcon_core.environment:checking '/home/aayush/eYRC/Software/workspace/install/task_1b/bin'
[2.571s] INFO:colcon.colcon_core.shell:Creating package script '/home/aayush/eYRC/Software/workspace/install/task_1b/share/task_1b/package.ps1'
[2.572s] INFO:colcon.colcon_core.shell:Creating package descriptor '/home/aayush/eYRC/Software/workspace/install/task_1b/share/task_1b/package.dsv'
[2.573s] INFO:colcon.colcon_core.shell:Creating package script '/home/aayush/eYRC/Software/workspace/install/task_1b/share/task_1b/package.sh'
[2.574s] INFO:colcon.colcon_core.shell:Creating package script '/home/aayush/eYRC/Software/workspace/install/task_1b/share/task_1b/package.bash'
[2.575s] INFO:colcon.colcon_core.shell:Creating package script '/home/aayush/eYRC/Software/workspace/install/task_1b/share/task_1b/package.zsh'
[2.576s] Level 1:colcon.colcon_core.environment:create_file_with_runtime_dependencies(/home/aayush/eYRC/Software/workspace/install/task_1b/share/colcon-core/packages/task_1b)
[2.577s] Level 1:colcon.colcon_core.environment:create_environment_scripts_only(task_1b)
[2.578s] Level 1:colcon.colcon_core.environment:checking '/home/aayush/eYRC/Software/workspace/install/task_1b' for CMake module files
[2.578s] Level 1:colcon.colcon_core.environment:checking '/home/aayush/eYRC/Software/workspace/install/task_1b' for CMake config files
[2.579s] Level 1:colcon.colcon_core.shell:create_environment_hook('task_1b', 'cmake_prefix_path')
[2.579s] INFO:colcon.colcon_core.shell:Creating environment hook '/home/aayush/eYRC/Software/workspace/install/task_1b/share/task_1b/hook/cmake_prefix_path.ps1'
[2.580s] INFO:colcon.colcon_core.shell:Creating environment descriptor '/home/aayush/eYRC/Software/workspace/install/task_1b/share/task_1b/hook/cmake_prefix_path.dsv'
[2.580s] INFO:colcon.colcon_core.shell:Creating environment hook '/home/aayush/eYRC/Software/workspace/install/task_1b/share/task_1b/hook/cmake_prefix_path.sh'
[2.581s] Level 1:colcon.colcon_core.environment:checking '/home/aayush/eYRC/Software/workspace/install/task_1b/lib'
[2.581s] Level 1:colcon.colcon_core.environment:checking '/home/aayush/eYRC/Software/workspace/install/task_1b/bin'
[2.581s] Level 1:colcon.colcon_core.environment:checking '/home/aayush/eYRC/Software/workspace/install/task_1b/lib/pkgconfig/task_1b.pc'
[2.581s] Level 1:colcon.colcon_core.environment:checking '/home/aayush/eYRC/Software/workspace/install/task_1b/lib/python3.10/site-packages'
[2.582s] Level 1:colcon.colcon_core.environment:checking '/home/aayush/eYRC/Software/workspace/install/task_1b/bin'
[2.582s] INFO:colcon.colcon_core.shell:Creating package script '/home/aayush/eYRC/Software/workspace/install/task_1b/share/task_1b/package.ps1'
[2.583s] INFO:colcon.colcon_core.shell:Creating package descriptor '/home/aayush/eYRC/Software/workspace/install/task_1b/share/task_1b/package.dsv'
[2.584s] INFO:colcon.colcon_core.shell:Creating package script '/home/aayush/eYRC/Software/workspace/install/task_1b/share/task_1b/package.sh'
[2.584s] INFO:colcon.colcon_core.shell:Creating package script '/home/aayush/eYRC/Software/workspace/install/task_1b/share/task_1b/package.bash'
[2.585s] INFO:colcon.colcon_core.shell:Creating package script '/home/aayush/eYRC/Software/workspace/install/task_1b/share/task_1b/package.zsh'
[2.585s] Level 1:colcon.colcon_core.environment:create_file_with_runtime_dependencies(/home/aayush/eYRC/Software/workspace/install/task_1b/share/colcon-core/packages/task_1b)
[3.021s] DEBUG:colcon.colcon_core.event_handler.log_command:Invoked command in '/home/aayush/eYRC/Software/workspace/build/shape_interface' returned '0': CMAKE_PREFIX_PATH=/opt/ros/humble /usr/bin/cmake /home/aayush/eYRC/Software/workspace/src/shape_interface -DCMAKE_INSTALL_PREFIX=/home/aayush/eYRC/Software/workspace/install/shape_interface
[3.023s] DEBUG:colcon.colcon_core.event_handler.log_command:Invoking command in '/home/aayush/eYRC/Software/workspace/build/shape_interface': CMAKE_PREFIX_PATH=/opt/ros/humble /usr/bin/cmake --build /home/aayush/eYRC/Software/workspace/build/shape_interface -- -j6 -l6
[7.791s] DEBUG:colcon.colcon_core.event_handler.log_command:Invoked command in '/home/aayush/eYRC/Software/workspace/build/shape_interface' returned '0': CMAKE_PREFIX_PATH=/opt/ros/humble /usr/bin/cmake --build /home/aayush/eYRC/Software/workspace/build/shape_interface -- -j6 -l6
[7.793s] DEBUG:colcon.colcon_core.event_handler.log_command:Invoking command in '/home/aayush/eYRC/Software/workspace/build/shape_interface': CMAKE_PREFIX_PATH=/opt/ros/humble /usr/bin/cmake --install /home/aayush/eYRC/Software/workspace/build/shape_interface
[7.865s] Level 1:colcon.colcon_core.environment:create_environment_scripts_only(shape_interface)
[7.865s] Level 1:colcon.colcon_core.environment:checking '/home/aayush/eYRC/Software/workspace/install/shape_interface' for CMake module files
[7.866s] DEBUG:colcon.colcon_core.event_handler.log_command:Invoked command in '/home/aayush/eYRC/Software/workspace/build/shape_interface' returned '0': CMAKE_PREFIX_PATH=/opt/ros/humble /usr/bin/cmake --install /home/aayush/eYRC/Software/workspace/build/shape_interface
[7.866s] Level 1:colcon.colcon_core.environment:checking '/home/aayush/eYRC/Software/workspace/install/shape_interface' for CMake config files
[7.867s] Level 1:colcon.colcon_core.shell:create_environment_hook('shape_interface', 'cmake_prefix_path')
[7.867s] INFO:colcon.colcon_core.shell:Creating environment hook '/home/aayush/eYRC/Software/workspace/install/shape_interface/share/shape_interface/hook/cmake_prefix_path.ps1'
[7.867s] INFO:colcon.colcon_core.shell:Creating environment descriptor '/home/aayush/eYRC/Software/workspace/install/shape_interface/share/shape_interface/hook/cmake_prefix_path.dsv'
[7.868s] INFO:colcon.colcon_core.shell:Creating environment hook '/home/aayush/eYRC/Software/workspace/install/shape_interface/share/shape_interface/hook/cmake_prefix_path.sh'
[7.868s] Level 1:colcon.colcon_core.environment:checking '/home/aayush/eYRC/Software/workspace/install/shape_interface/lib'
[7.869s] Level 1:colcon.colcon_core.shell:create_environment_hook('shape_interface', 'ld_library_path_lib')
[7.869s] INFO:colcon.colcon_core.shell:Creating environment hook '/home/aayush/eYRC/Software/workspace/install/shape_interface/share/shape_interface/hook/ld_library_path_lib.ps1'
[7.869s] INFO:colcon.colcon_core.shell:Creating environment descriptor '/home/aayush/eYRC/Software/workspace/install/shape_interface/share/shape_interface/hook/ld_library_path_lib.dsv'
[7.870s] INFO:colcon.colcon_core.shell:Creating environment hook '/home/aayush/eYRC/Software/workspace/install/shape_interface/share/shape_interface/hook/ld_library_path_lib.sh'
[7.870s] Level 1:colcon.colcon_core.environment:checking '/home/aayush/eYRC/Software/workspace/install/shape_interface/bin'
[7.870s] Level 1:colcon.colcon_core.environment:checking '/home/aayush/eYRC/Software/workspace/install/shape_interface/lib/pkgconfig/shape_interface.pc'
[7.870s] Level 1:colcon.colcon_core.environment:checking '/home/aayush/eYRC/Software/workspace/install/shape_interface/lib/python3.10/site-packages'
[7.871s] Level 1:colcon.colcon_core.environment:checking '/home/aayush/eYRC/Software/workspace/install/shape_interface/bin'
[7.871s] INFO:colcon.colcon_core.shell:Creating package script '/home/aayush/eYRC/Software/workspace/install/shape_interface/share/shape_interface/package.ps1'
[7.872s] INFO:colcon.colcon_core.shell:Creating package descriptor '/home/aayush/eYRC/Software/workspace/install/shape_interface/share/shape_interface/package.dsv'
[7.873s] INFO:colcon.colcon_core.shell:Creating package script '/home/aayush/eYRC/Software/workspace/install/shape_interface/share/shape_interface/package.sh'
[7.873s] INFO:colcon.colcon_core.shell:Creating package script '/home/aayush/eYRC/Software/workspace/install/shape_interface/share/shape_interface/package.bash'
[7.873s] INFO:colcon.colcon_core.shell:Creating package script '/home/aayush/eYRC/Software/workspace/install/shape_interface/share/shape_interface/package.zsh'
[7.874s] Level 1:colcon.colcon_core.environment:create_file_with_runtime_dependencies(/home/aayush/eYRC/Software/workspace/install/shape_interface/share/colcon-core/packages/shape_interface)
[7.875s] Level 1:colcon.colcon_core.environment:create_environment_scripts_only(shape_interface)
[7.875s] Level 1:colcon.colcon_core.environment:checking '/home/aayush/eYRC/Software/workspace/install/shape_interface' for CMake module files
[7.876s] Level 1:colcon.colcon_core.environment:checking '/home/aayush/eYRC/Software/workspace/install/shape_interface' for CMake config files
[7.876s] Level 1:colcon.colcon_core.shell:create_environment_hook('shape_interface', 'cmake_prefix_path')
[7.876s] INFO:colcon.colcon_core.shell:Creating environment hook '/home/aayush/eYRC/Software/workspace/install/shape_interface/share/shape_interface/hook/cmake_prefix_path.ps1'
[7.877s] INFO:colcon.colcon_core.shell:Creating environment descriptor '/home/aayush/eYRC/Software/workspace/install/shape_interface/share/shape_interface/hook/cmake_prefix_path.dsv'
[7.877s] INFO:colcon.colcon_core.shell:Creating environment hook '/home/aayush/eYRC/Software/workspace/install/shape_interface/share/shape_interface/hook/cmake_prefix_path.sh'
[7.877s] Level 1:colcon.colcon_core.environment:checking '/home/aayush/eYRC/Software/workspace/install/shape_interface/lib'
[7.877s] Level 1:colcon.colcon_core.shell:create_environment_hook('shape_interface', 'ld_library_path_lib')
[7.878s] INFO:colcon.colcon_core.shell:Creating environment hook '/home/aayush/eYRC/Software/workspace/install/shape_interface/share/shape_interface/hook/ld_library_path_lib.ps1'
[7.878s] INFO:colcon.colcon_core.shell:Creating environment descriptor '/home/aayush/eYRC/Software/workspace/install/shape_interface/share/shape_interface/hook/ld_library_path_lib.dsv'
[7.878s] INFO:colcon.colcon_core.shell:Creating environment hook '/home/aayush/eYRC/Software/workspace/install/shape_interface/share/shape_interface/hook/ld_library_path_lib.sh'
[7.878s] Level 1:colcon.colcon_core.environment:checking '/home/aayush/eYRC/Software/workspace/install/shape_interface/bin'
[7.878s] Level 1:colcon.colcon_core.environment:checking '/home/aayush/eYRC/Software/workspace/install/shape_interface/lib/pkgconfig/shape_interface.pc'
[7.878s] Level 1:colcon.colcon_core.environment:checking '/home/aayush/eYRC/Software/workspace/install/shape_interface/lib/python3.10/site-packages'
[7.878s] Level 1:colcon.colcon_core.environment:checking '/home/aayush/eYRC/Software/workspace/install/shape_interface/bin'
[7.879s] INFO:colcon.colcon_core.shell:Creating package script '/home/aayush/eYRC/Software/workspace/install/shape_interface/share/shape_interface/package.ps1'
[7.879s] INFO:colcon.colcon_core.shell:Creating package descriptor '/home/aayush/eYRC/Software/workspace/install/shape_interface/share/shape_interface/package.dsv'
[7.896s] INFO:colcon.colcon_core.shell:Creating package script '/home/aayush/eYRC/Software/workspace/install/shape_interface/share/shape_interface/package.sh'
[7.897s] INFO:colcon.colcon_core.shell:Creating package script '/home/aayush/eYRC/Software/workspace/install/shape_interface/share/shape_interface/package.bash'
[7.897s] INFO:colcon.colcon_core.shell:Creating package script '/home/aayush/eYRC/Software/workspace/install/shape_interface/share/shape_interface/package.zsh'
[7.897s] Level 1:colcon.colcon_core.environment:create_file_with_runtime_dependencies(/home/aayush/eYRC/Software/workspace/install/shape_interface/share/colcon-core/packages/shape_interface)
[7.897s] INFO:colcon.colcon_ros.task.ament_cmake.build:Building ROS package in '/home/aayush/eYRC/Software/workspace/src/task_1a' with build type 'ament_cmake'
[7.898s] INFO:colcon.colcon_cmake.task.cmake.build:Building CMake package in '/home/aayush/eYRC/Software/workspace/src/task_1a'
[7.898s] INFO:colcon.colcon_core.shell:Skip shell extension 'powershell' for command environment: Not usable outside of PowerShell
[7.898s] DEBUG:colcon.colcon_core.shell:Skip shell extension 'dsv' for command environment
[7.900s] INFO:colcon.colcon_ros.task.ament_cmake.build:Building ROS package in '/home/aayush/eYRC/Software/workspace/src/task_1c' with build type 'ament_cmake'
[7.900s] INFO:colcon.colcon_cmake.task.cmake.build:Building CMake package in '/home/aayush/eYRC/Software/workspace/src/task_1c'
[7.900s] INFO:colcon.colcon_core.shell:Skip shell extension 'powershell' for command environment: Not usable outside of PowerShell
[7.900s] DEBUG:colcon.colcon_core.shell:Skip shell extension 'dsv' for command environment
[7.908s] DEBUG:colcon.colcon_core.event_handler.log_command:Invoking command in '/home/aayush/eYRC/Software/workspace/build/task_1a': AMENT_PREFIX_PATH=/home/aayush/eYRC/Software/workspace/install/shape_interface:${AMENT_PREFIX_PATH} CMAKE_PREFIX_PATH=/home/aayush/eYRC/Software/workspace/install/shape_interface:/opt/ros/humble LD_LIBRARY_PATH=/home/aayush/eYRC/Software/workspace/install/shape_interface/lib:${LD_LIBRARY_PATH} PYTHONPATH=/home/aayush/eYRC/Software/workspace/install/shape_interface/local/lib/python3.10/dist-packages:${PYTHONPATH} /usr/bin/cmake /home/aayush/eYRC/Software/workspace/src/task_1a -DCMAKE_INSTALL_PREFIX=/home/aayush/eYRC/Software/workspace/install/task_1a
[7.910s] DEBUG:colcon.colcon_core.event_handler.log_command:Invoking command in '/home/aayush/eYRC/Software/workspace/build/task_1c': AMENT_PREFIX_PATH=/home/aayush/eYRC/Software/workspace/install/shape_interface:${AMENT_PREFIX_PATH} CMAKE_PREFIX_PATH=/home/aayush/eYRC/Software/workspace/install/shape_interface:/opt/ros/humble LD_LIBRARY_PATH=/home/aayush/eYRC/Software/workspace/install/shape_interface/lib:${LD_LIBRARY_PATH} PYTHONPATH=/home/aayush/eYRC/Software/workspace/install/shape_interface/local/lib/python3.10/dist-packages:${PYTHONPATH} /usr/bin/cmake /home/aayush/eYRC/Software/workspace/src/task_1c -DCMAKE_INSTALL_PREFIX=/home/aayush/eYRC/Software/workspace/install/task_1c
[8.759s] DEBUG:colcon.colcon_core.event_handler.log_command:Invoked command in '/home/aayush/eYRC/Software/workspace/build/task_1a' returned '0': AMENT_PREFIX_PATH=/home/aayush/eYRC/Software/workspace/install/shape_interface:${AMENT_PREFIX_PATH} CMAKE_PREFIX_PATH=/home/aayush/eYRC/Software/workspace/install/shape_interface:/opt/ros/humble LD_LIBRARY_PATH=/home/aayush/eYRC/Software/workspace/install/shape_interface/lib:${LD_LIBRARY_PATH} PYTHONPATH=/home/aayush/eYRC/Software/workspace/install/shape_interface/local/lib/python3.10/dist-packages:${PYTHONPATH} /usr/bin/cmake /home/aayush/eYRC/Software/workspace/src/task_1a -DCMAKE_INSTALL_PREFIX=/home/aayush/eYRC/Software/workspace/install/task_1a
[8.762s] DEBUG:colcon.colcon_core.event_handler.log_command:Invoking command in '/home/aayush/eYRC/Software/workspace/build/task_1a': AMENT_PREFIX_PATH=/home/aayush/eYRC/Software/workspace/install/shape_interface:${AMENT_PREFIX_PATH} CMAKE_PREFIX_PATH=/home/aayush/eYRC/Software/workspace/install/shape_interface:/opt/ros/humble LD_LIBRARY_PATH=/home/aayush/eYRC/Software/workspace/install/shape_interface/lib:${LD_LIBRARY_PATH} PYTHONPATH=/home/aayush/eYRC/Software/workspace/install/shape_interface/local/lib/python3.10/dist-packages:${PYTHONPATH} /usr/bin/cmake --build /home/aayush/eYRC/Software/workspace/build/task_1a -- -j6 -l6
[8.785s] DEBUG:colcon.colcon_core.event_handler.log_command:Invoked command in '/home/aayush/eYRC/Software/workspace/build/task_1c' returned '0': AMENT_PREFIX_PATH=/home/aayush/eYRC/Software/workspace/install/shape_interface:${AMENT_PREFIX_PATH} CMAKE_PREFIX_PATH=/home/aayush/eYRC/Software/workspace/install/shape_interface:/opt/ros/humble LD_LIBRARY_PATH=/home/aayush/eYRC/Software/workspace/install/shape_interface/lib:${LD_LIBRARY_PATH} PYTHONPATH=/home/aayush/eYRC/Software/workspace/install/shape_interface/local/lib/python3.10/dist-packages:${PYTHONPATH} /usr/bin/cmake /home/aayush/eYRC/Software/workspace/src/task_1c -DCMAKE_INSTALL_PREFIX=/home/aayush/eYRC/Software/workspace/install/task_1c
[8.786s] DEBUG:colcon.colcon_core.event_handler.log_command:Invoking command in '/home/aayush/eYRC/Software/workspace/build/task_1c': AMENT_PREFIX_PATH=/home/aayush/eYRC/Software/workspace/install/shape_interface:${AMENT_PREFIX_PATH} CMAKE_PREFIX_PATH=/home/aayush/eYRC/Software/workspace/install/shape_interface:/opt/ros/humble LD_LIBRARY_PATH=/home/aayush/eYRC/Software/workspace/install/shape_interface/lib:${LD_LIBRARY_PATH} PYTHONPATH=/home/aayush/eYRC/Software/workspace/install/shape_interface/local/lib/python3.10/dist-packages:${PYTHONPATH} /usr/bin/cmake --build /home/aayush/eYRC/Software/workspace/build/task_1c -- -j6 -l6
[8.831s] DEBUG:colcon.colcon_core.event_handler.log_command:Invoked command in '/home/aayush/eYRC/Software/workspace/build/task_1c' returned '0': AMENT_PREFIX_PATH=/home/aayush/eYRC/Software/workspace/install/shape_interface:${AMENT_PREFIX_PATH} CMAKE_PREFIX_PATH=/home/aayush/eYRC/Software/workspace/install/shape_interface:/opt/ros/humble LD_LIBRARY_PATH=/home/aayush/eYRC/Software/workspace/install/shape_interface/lib:${LD_LIBRARY_PATH} PYTHONPATH=/home/aayush/eYRC/Software/workspace/install/shape_interface/local/lib/python3.10/dist-packages:${PYTHONPATH} /usr/bin/cmake --build /home/aayush/eYRC/Software/workspace/build/task_1c -- -j6 -l6
[8.833s] DEBUG:colcon.colcon_core.event_handler.log_command:Invoking command in '/home/aayush/eYRC/Software/workspace/build/task_1c': AMENT_PREFIX_PATH=/home/aayush/eYRC/Software/workspace/install/shape_interface:${AMENT_PREFIX_PATH} CMAKE_PREFIX_PATH=/home/aayush/eYRC/Software/workspace/install/shape_interface:/opt/ros/humble LD_LIBRARY_PATH=/home/aayush/eYRC/Software/workspace/install/shape_interface/lib:${LD_LIBRARY_PATH} PYTHONPATH=/home/aayush/eYRC/Software/workspace/install/shape_interface/local/lib/python3.10/dist-packages:${PYTHONPATH} /usr/bin/cmake --install /home/aayush/eYRC/Software/workspace/build/task_1c
[8.852s] Level 1:colcon.colcon_core.environment:create_environment_scripts_only(task_1c)
[8.853s] Level 1:colcon.colcon_core.environment:checking '/home/aayush/eYRC/Software/workspace/install/task_1c' for CMake module files
[8.853s] DEBUG:colcon.colcon_core.event_handler.log_command:Invoked command in '/home/aayush/eYRC/Software/workspace/build/task_1c' returned '0': AMENT_PREFIX_PATH=/home/aayush/eYRC/Software/workspace/install/shape_interface:${AMENT_PREFIX_PATH} CMAKE_PREFIX_PATH=/home/aayush/eYRC/Software/workspace/install/shape_interface:/opt/ros/humble LD_LIBRARY_PATH=/home/aayush/eYRC/Software/workspace/install/shape_interface/lib:${LD_LIBRARY_PATH} PYTHONPATH=/home/aayush/eYRC/Software/workspace/install/shape_interface/local/lib/python3.10/dist-packages:${PYTHONPATH} /usr/bin/cmake --install /home/aayush/eYRC/Software/workspace/build/task_1c
[8.854s] Level 1:colcon.colcon_core.environment:checking '/home/aayush/eYRC/Software/workspace/install/task_1c' for CMake config files
[8.854s] Level 1:colcon.colcon_core.shell:create_environment_hook('task_1c', 'cmake_prefix_path')
[8.854s] INFO:colcon.colcon_core.shell:Creating environment hook '/home/aayush/eYRC/Software/workspace/install/task_1c/share/task_1c/hook/cmake_prefix_path.ps1'
[8.855s] INFO:colcon.colcon_core.shell:Creating environment descriptor '/home/aayush/eYRC/Software/workspace/install/task_1c/share/task_1c/hook/cmake_prefix_path.dsv'
[8.855s] INFO:colcon.colcon_core.shell:Creating environment hook '/home/aayush/eYRC/Software/workspace/install/task_1c/share/task_1c/hook/cmake_prefix_path.sh'
[8.855s] Level 1:colcon.colcon_core.environment:checking '/home/aayush/eYRC/Software/workspace/install/task_1c/lib'
[8.856s] Level 1:colcon.colcon_core.environment:checking '/home/aayush/eYRC/Software/workspace/install/task_1c/bin'
[8.856s] Level 1:colcon.colcon_core.environment:checking '/home/aayush/eYRC/Software/workspace/install/task_1c/lib/pkgconfig/task_1c.pc'
[8.856s] Level 1:colcon.colcon_core.environment:checking '/home/aayush/eYRC/Software/workspace/install/task_1c/lib/python3.10/site-packages'
[8.856s] Level 1:colcon.colcon_core.environment:checking '/home/aayush/eYRC/Software/workspace/install/task_1c/bin'
[8.856s] INFO:colcon.colcon_core.shell:Creating package script '/home/aayush/eYRC/Software/workspace/install/task_1c/share/task_1c/package.ps1'
[8.857s] INFO:colcon.colcon_core.shell:Creating package descriptor '/home/aayush/eYRC/Software/workspace/install/task_1c/share/task_1c/package.dsv'
[8.857s] INFO:colcon.colcon_core.shell:Creating package script '/home/aayush/eYRC/Software/workspace/install/task_1c/share/task_1c/package.sh'
[8.857s] INFO:colcon.colcon_core.shell:Creating package script '/home/aayush/eYRC/Software/workspace/install/task_1c/share/task_1c/package.bash'
[8.857s] INFO:colcon.colcon_core.shell:Creating package script '/home/aayush/eYRC/Software/workspace/install/task_1c/share/task_1c/package.zsh'
[8.858s] Level 1:colcon.colcon_core.environment:create_file_with_runtime_dependencies(/home/aayush/eYRC/Software/workspace/install/task_1c/share/colcon-core/packages/task_1c)
[8.858s] Level 1:colcon.colcon_core.environment:create_environment_scripts_only(task_1c)
[8.858s] Level 1:colcon.colcon_core.environment:checking '/home/aayush/eYRC/Software/workspace/install/task_1c' for CMake module files
[8.859s] Level 1:colcon.colcon_core.environment:checking '/home/aayush/eYRC/Software/workspace/install/task_1c' for CMake config files
[8.859s] Level 1:colcon.colcon_core.shell:create_environment_hook('task_1c', 'cmake_prefix_path')
[8.859s] INFO:colcon.colcon_core.shell:Creating environment hook '/home/aayush/eYRC/Software/workspace/install/task_1c/share/task_1c/hook/cmake_prefix_path.ps1'
[8.860s] INFO:colcon.colcon_core.shell:Creating environment descriptor '/home/aayush/eYRC/Software/workspace/install/task_1c/share/task_1c/hook/cmake_prefix_path.dsv'
[8.860s] INFO:colcon.colcon_core.shell:Creating environment hook '/home/aayush/eYRC/Software/workspace/install/task_1c/share/task_1c/hook/cmake_prefix_path.sh'
[8.861s] Level 1:colcon.colcon_core.environment:checking '/home/aayush/eYRC/Software/workspace/install/task_1c/lib'
[8.861s] Level 1:colcon.colcon_core.environment:checking '/home/aayush/eYRC/Software/workspace/install/task_1c/bin'
[8.861s] Level 1:colcon.colcon_core.environment:checking '/home/aayush/eYRC/Software/workspace/install/task_1c/lib/pkgconfig/task_1c.pc'
[8.861s] Level 1:colcon.colcon_core.environment:checking '/home/aayush/eYRC/Software/workspace/install/task_1c/lib/python3.10/site-packages'
[8.861s] Level 1:colcon.colcon_core.environment:checking '/home/aayush/eYRC/Software/workspace/install/task_1c/bin'
[8.862s] INFO:colcon.colcon_core.shell:Creating package script '/home/aayush/eYRC/Software/workspace/install/task_1c/share/task_1c/package.ps1'
[8.863s] INFO:colcon.colcon_core.shell:Creating package descriptor '/home/aayush/eYRC/Software/workspace/install/task_1c/share/task_1c/package.dsv'
[8.864s] INFO:colcon.colcon_core.shell:Creating package script '/home/aayush/eYRC/Software/workspace/install/task_1c/share/task_1c/package.sh'
[8.864s] INFO:colcon.colcon_core.shell:Creating package script '/home/aayush/eYRC/Software/workspace/install/task_1c/share/task_1c/package.bash'
[8.864s] INFO:colcon.colcon_core.shell:Creating package script '/home/aayush/eYRC/Software/workspace/install/task_1c/share/task_1c/package.zsh'
[8.865s] Level 1:colcon.colcon_core.environment:create_file_with_runtime_dependencies(/home/aayush/eYRC/Software/workspace/install/task_1c/share/colcon-core/packages/task_1c)
[9.047s] DEBUG:colcon.colcon_core.event_handler.log_command:Invoked command in '/home/aayush/eYRC/Software/workspace/build/task_1a' returned '0': AMENT_PREFIX_PATH=/home/aayush/eYRC/Software/workspace/install/shape_interface:${AMENT_PREFIX_PATH} CMAKE_PREFIX_PATH=/home/aayush/eYRC/Software/workspace/install/shape_interface:/opt/ros/humble LD_LIBRARY_PATH=/home/aayush/eYRC/Software/workspace/install/shape_interface/lib:${LD_LIBRARY_PATH} PYTHONPATH=/home/aayush/eYRC/Software/workspace/install/shape_interface/local/lib/python3.10/dist-packages:${PYTHONPATH} /usr/bin/cmake --build /home/aayush/eYRC/Software/workspace/build/task_1a -- -j6 -l6
[9.048s] DEBUG:colcon.colcon_core.event_handler.log_command:Invoking command in '/home/aayush/eYRC/Software/workspace/build/task_1a': AMENT_PREFIX_PATH=/home/aayush/eYRC/Software/workspace/install/shape_interface:${AMENT_PREFIX_PATH} CMAKE_PREFIX_PATH=/home/aayush/eYRC/Software/workspace/install/shape_interface:/opt/ros/humble LD_LIBRARY_PATH=/home/aayush/eYRC/Software/workspace/install/shape_interface/lib:${LD_LIBRARY_PATH} PYTHONPATH=/home/aayush/eYRC/Software/workspace/install/shape_interface/local/lib/python3.10/dist-packages:${PYTHONPATH} /usr/bin/cmake --install /home/aayush/eYRC/Software/workspace/build/task_1a
[9.181s] Level 1:colcon.colcon_core.environment:create_environment_scripts_only(task_1a)
[9.181s] DEBUG:colcon.colcon_core.event_handler.log_command:Invoked command in '/home/aayush/eYRC/Software/workspace/build/task_1a' returned '0': AMENT_PREFIX_PATH=/home/aayush/eYRC/Software/workspace/install/shape_interface:${AMENT_PREFIX_PATH} CMAKE_PREFIX_PATH=/home/aayush/eYRC/Software/workspace/install/shape_interface:/opt/ros/humble LD_LIBRARY_PATH=/home/aayush/eYRC/Software/workspace/install/shape_interface/lib:${LD_LIBRARY_PATH} PYTHONPATH=/home/aayush/eYRC/Software/workspace/install/shape_interface/local/lib/python3.10/dist-packages:${PYTHONPATH} /usr/bin/cmake --install /home/aayush/eYRC/Software/workspace/build/task_1a
[9.181s] Level 1:colcon.colcon_core.environment:checking '/home/aayush/eYRC/Software/workspace/install/task_1a' for CMake module files
[9.182s] Level 1:colcon.colcon_core.environment:checking '/home/aayush/eYRC/Software/workspace/install/task_1a' for CMake config files
[9.182s] Level 1:colcon.colcon_core.shell:create_environment_hook('task_1a', 'cmake_prefix_path')
[9.182s] INFO:colcon.colcon_core.shell:Creating environment hook '/home/aayush/eYRC/Software/workspace/install/task_1a/share/task_1a/hook/cmake_prefix_path.ps1'
[9.183s] INFO:colcon.colcon_core.shell:Creating environment descriptor '/home/aayush/eYRC/Software/workspace/install/task_1a/share/task_1a/hook/cmake_prefix_path.dsv'
[9.184s] INFO:colcon.colcon_core.shell:Creating environment hook '/home/aayush/eYRC/Software/workspace/install/task_1a/share/task_1a/hook/cmake_prefix_path.sh'
[9.186s] Level 1:colcon.colcon_core.environment:checking '/home/aayush/eYRC/Software/workspace/install/task_1a/lib'
[9.186s] Level 1:colcon.colcon_core.environment:checking '/home/aayush/eYRC/Software/workspace/install/task_1a/bin'
[9.186s] Level 1:colcon.colcon_core.environment:checking '/home/aayush/eYRC/Software/workspace/install/task_1a/lib/pkgconfig/task_1a.pc'
[9.186s] Level 1:colcon.colcon_core.environment:checking '/home/aayush/eYRC/Software/workspace/install/task_1a/lib/python3.10/site-packages'
[9.186s] Level 1:colcon.colcon_core.environment:checking '/home/aayush/eYRC/Software/workspace/install/task_1a/bin'
[9.187s] INFO:colcon.colcon_core.shell:Creating package script '/home/aayush/eYRC/Software/workspace/install/task_1a/share/task_1a/package.ps1'
[9.188s] INFO:colcon.colcon_core.shell:Creating package descriptor '/home/aayush/eYRC/Software/workspace/install/task_1a/share/task_1a/package.dsv'
[9.188s] INFO:colcon.colcon_core.shell:Creating package script '/home/aayush/eYRC/Software/workspace/install/task_1a/share/task_1a/package.sh'
[9.189s] INFO:colcon.colcon_core.shell:Creating package script '/home/aayush/eYRC/Software/workspace/install/task_1a/share/task_1a/package.bash'
[9.189s] INFO:colcon.colcon_core.shell:Creating package script '/home/aayush/eYRC/Software/workspace/install/task_1a/share/task_1a/package.zsh'
[9.189s] Level 1:colcon.colcon_core.environment:create_file_with_runtime_dependencies(/home/aayush/eYRC/Software/workspace/install/task_1a/share/colcon-core/packages/task_1a)
[9.190s] Level 1:colcon.colcon_core.environment:create_environment_scripts_only(task_1a)
[9.190s] Level 1:colcon.colcon_core.environment:checking '/home/aayush/eYRC/Software/workspace/install/task_1a' for CMake module files
[9.191s] Level 1:colcon.colcon_core.environment:checking '/home/aayush/eYRC/Software/workspace/install/task_1a' for CMake config files
[9.191s] Level 1:colcon.colcon_core.shell:create_environment_hook('task_1a', 'cmake_prefix_path')
[9.191s] INFO:colcon.colcon_core.shell:Creating environment hook '/home/aayush/eYRC/Software/workspace/install/task_1a/share/task_1a/hook/cmake_prefix_path.ps1'
[9.191s] INFO:colcon.colcon_core.shell:Creating environment descriptor '/home/aayush/eYRC/Software/workspace/install/task_1a/share/task_1a/hook/cmake_prefix_path.dsv'
[9.192s] INFO:colcon.colcon_core.shell:Creating environment hook '/home/aayush/eYRC/Software/workspace/install/task_1a/share/task_1a/hook/cmake_prefix_path.sh'
[9.192s] Level 1:colcon.colcon_core.environment:checking '/home/aayush/eYRC/Software/workspace/install/task_1a/lib'
[9.192s] Level 1:colcon.colcon_core.environment:checking '/home/aayush/eYRC/Software/workspace/install/task_1a/bin'
[9.193s] Level 1:colcon.colcon_core.environment:checking '/home/aayush/eYRC/Software/workspace/install/task_1a/lib/pkgconfig/task_1a.pc'
[9.193s] Level 1:colcon.colcon_core.environment:checking '/home/aayush/eYRC/Software/workspace/install/task_1a/lib/python3.10/site-packages'
[9.193s] Level 1:colcon.colcon_core.environment:checking '/home/aayush/eYRC/Software/workspace/install/task_1a/bin'
[9.193s] INFO:colcon.colcon_core.shell:Creating package script '/home/aayush/eYRC/Software/workspace/install/task_1a/share/task_1a/package.ps1'
[9.194s] INFO:colcon.colcon_core.shell:Creating package descriptor '/home/aayush/eYRC/Software/workspace/install/task_1a/share/task_1a/package.dsv'
[9.195s] INFO:colcon.colcon_core.shell:Creating package script '/home/aayush/eYRC/Software/workspace/install/task_1a/share/task_1a/package.sh'
[9.195s] INFO:colcon.colcon_core.shell:Creating package script '/home/aayush/eYRC/Software/workspace/install/task_1a/share/task_1a/package.bash'
[9.196s] INFO:colcon.colcon_core.shell:Creating package script '/home/aayush/eYRC/Software/workspace/install/task_1a/share/task_1a/package.zsh'
[9.196s] Level 1:colcon.colcon_core.environment:create_file_with_runtime_dependencies(/home/aayush/eYRC/Software/workspace/install/task_1a/share/colcon-core/packages/task_1a)
[9.196s] INFO:colcon.colcon_ros.task.ament_cmake.build:Building ROS package in '/home/aayush/eYRC/Software/workspace/src/hb_description' with build type 'ament_cmake'
[9.196s] INFO:colcon.colcon_cmake.task.cmake.build:Building CMake package in '/home/aayush/eYRC/Software/workspace/src/hb_description'
[9.196s] INFO:colcon.colcon_core.shell:Skip shell extension 'powershell' for command environment: Not usable outside of PowerShell
[9.197s] DEBUG:colcon.colcon_core.shell:Skip shell extension 'dsv' for command environment
[9.206s] DEBUG:colcon.colcon_core.event_handler.log_command:Invoking command in '/home/aayush/eYRC/Software/workspace/build/hb_description': AMENT_PREFIX_PATH=/home/aayush/eYRC/Software/workspace/install/task_1a:/home/aayush/eYRC/Software/workspace/install/shape_interface:${AMENT_PREFIX_PATH} CMAKE_PREFIX_PATH=/home/aayush/eYRC/Software/workspace/install/task_1a:/home/aayush/eYRC/Software/workspace/install/shape_interface:/opt/ros/humble LD_LIBRARY_PATH=/home/aayush/eYRC/Software/workspace/install/shape_interface/lib:${LD_LIBRARY_PATH} PYTHONPATH=/home/aayush/eYRC/Software/workspace/install/task_1a/local/lib/python3.10/dist-packages:/home/aayush/eYRC/Software/workspace/install/shape_interface/local/lib/python3.10/dist-packages:${PYTHONPATH} /usr/bin/cmake /home/aayush/eYRC/Software/workspace/src/hb_description -DCMAKE_INSTALL_PREFIX=/home/aayush/eYRC/Software/workspace/install/hb_description
[9.949s] DEBUG:colcon.colcon_core.event_handler.log_command:Invoked command in '/home/aayush/eYRC/Software/workspace/build/hb_description' returned '0': AMENT_PREFIX_PATH=/home/aayush/eYRC/Software/workspace/install/task_1a:/home/aayush/eYRC/Software/workspace/install/shape_interface:${AMENT_PREFIX_PATH} CMAKE_PREFIX_PATH=/home/aayush/eYRC/Software/workspace/install/task_1a:/home/aayush/eYRC/Software/workspace/install/shape_interface:/opt/ros/humble LD_LIBRARY_PATH=/home/aayush/eYRC/Software/workspace/install/shape_interface/lib:${LD_LIBRARY_PATH} PYTHONPATH=/home/aayush/eYRC/Software/workspace/install/task_1a/local/lib/python3.10/dist-packages:/home/aayush/eYRC/Software/workspace/install/shape_interface/local/lib/python3.10/dist-packages:${PYTHONPATH} /usr/bin/cmake /home/aayush/eYRC/Software/workspace/src/hb_description -DCMAKE_INSTALL_PREFIX=/home/aayush/eYRC/Software/workspace/install/hb_description
[9.950s] DEBUG:colcon.colcon_core.event_handler.log_command:Invoking command in '/home/aayush/eYRC/Software/workspace/build/hb_description': AMENT_PREFIX_PATH=/home/aayush/eYRC/Software/workspace/install/task_1a:/home/aayush/eYRC/Software/workspace/install/shape_interface:${AMENT_PREFIX_PATH} CMAKE_PREFIX_PATH=/home/aayush/eYRC/Software/workspace/install/task_1a:/home/aayush/eYRC/Software/workspace/install/shape_interface:/opt/ros/humble LD_LIBRARY_PATH=/home/aayush/eYRC/Software/workspace/install/shape_interface/lib:${LD_LIBRARY_PATH} PYTHONPATH=/home/aayush/eYRC/Software/workspace/install/task_1a/local/lib/python3.10/dist-packages:/home/aayush/eYRC/Software/workspace/install/shape_interface/local/lib/python3.10/dist-packages:${PYTHONPATH} /usr/bin/cmake --build /home/aayush/eYRC/Software/workspace/build/hb_description -- -j6 -l6
[9.987s] DEBUG:colcon.colcon_core.event_handler.log_command:Invoked command in '/home/aayush/eYRC/Software/workspace/build/hb_description' returned '0': AMENT_PREFIX_PATH=/home/aayush/eYRC/Software/workspace/install/task_1a:/home/aayush/eYRC/Software/workspace/install/shape_interface:${AMENT_PREFIX_PATH} CMAKE_PREFIX_PATH=/home/aayush/eYRC/Software/workspace/install/task_1a:/home/aayush/eYRC/Software/workspace/install/shape_interface:/opt/ros/humble LD_LIBRARY_PATH=/home/aayush/eYRC/Software/workspace/install/shape_interface/lib:${LD_LIBRARY_PATH} PYTHONPATH=/home/aayush/eYRC/Software/workspace/install/task_1a/local/lib/python3.10/dist-packages:/home/aayush/eYRC/Software/workspace/install/shape_interface/local/lib/python3.10/dist-packages:${PYTHONPATH} /usr/bin/cmake --build /home/aayush/eYRC/Software/workspace/build/hb_description -- -j6 -l6
[9.989s] DEBUG:colcon.colcon_core.event_handler.log_command:Invoking command in '/home/aayush/eYRC/Software/workspace/build/hb_description': AMENT_PREFIX_PATH=/home/aayush/eYRC/Software/workspace/install/task_1a:/home/aayush/eYRC/Software/workspace/install/shape_interface:${AMENT_PREFIX_PATH} CMAKE_PREFIX_PATH=/home/aayush/eYRC/Software/workspace/install/task_1a:/home/aayush/eYRC/Software/workspace/install/shape_interface:/opt/ros/humble LD_LIBRARY_PATH=/home/aayush/eYRC/Software/workspace/install/shape_interface/lib:${LD_LIBRARY_PATH} PYTHONPATH=/home/aayush/eYRC/Software/workspace/install/task_1a/local/lib/python3.10/dist-packages:/home/aayush/eYRC/Software/workspace/install/shape_interface/local/lib/python3.10/dist-packages:${PYTHONPATH} /usr/bin/cmake --install /home/aayush/eYRC/Software/workspace/build/hb_description
[10.357s] Level 1:colcon.colcon_core.environment:create_environment_scripts_only(hb_description)
[10.357s] Level 1:colcon.colcon_core.environment:checking '/home/aayush/eYRC/Software/workspace/install/hb_description' for CMake module files
[10.357s] DEBUG:colcon.colcon_core.event_handler.log_command:Invoked command in '/home/aayush/eYRC/Software/workspace/build/hb_description' returned '0': AMENT_PREFIX_PATH=/home/aayush/eYRC/Software/workspace/install/task_1a:/home/aayush/eYRC/Software/workspace/install/shape_interface:${AMENT_PREFIX_PATH} CMAKE_PREFIX_PATH=/home/aayush/eYRC/Software/workspace/install/task_1a:/home/aayush/eYRC/Software/workspace/install/shape_interface:/opt/ros/humble LD_LIBRARY_PATH=/home/aayush/eYRC/Software/workspace/install/shape_interface/lib:${LD_LIBRARY_PATH} PYTHONPATH=/home/aayush/eYRC/Software/workspace/install/task_1a/local/lib/python3.10/dist-packages:/home/aayush/eYRC/Software/workspace/install/shape_interface/local/lib/python3.10/dist-packages:${PYTHONPATH} /usr/bin/cmake --install /home/aayush/eYRC/Software/workspace/build/hb_description
[10.358s] Level 1:colcon.colcon_core.environment:checking '/home/aayush/eYRC/Software/workspace/install/hb_description' for CMake config files
[10.358s] Level 1:colcon.colcon_core.shell:create_environment_hook('hb_description', 'cmake_prefix_path')
[10.358s] INFO:colcon.colcon_core.shell:Creating environment hook '/home/aayush/eYRC/Software/workspace/install/hb_description/share/hb_description/hook/cmake_prefix_path.ps1'
[10.358s] INFO:colcon.colcon_core.shell:Creating environment descriptor '/home/aayush/eYRC/Software/workspace/install/hb_description/share/hb_description/hook/cmake_prefix_path.dsv'
[10.359s] INFO:colcon.colcon_core.shell:Creating environment hook '/home/aayush/eYRC/Software/workspace/install/hb_description/share/hb_description/hook/cmake_prefix_path.sh'
[10.359s] Level 1:colcon.colcon_core.environment:checking '/home/aayush/eYRC/Software/workspace/install/hb_description/lib'
[10.359s] Level 1:colcon.colcon_core.shell:create_environment_hook('hb_description', 'ld_library_path_lib')
[10.359s] INFO:colcon.colcon_core.shell:Creating environment hook '/home/aayush/eYRC/Software/workspace/install/hb_description/share/hb_description/hook/ld_library_path_lib.ps1'
[10.359s] INFO:colcon.colcon_core.shell:Creating environment descriptor '/home/aayush/eYRC/Software/workspace/install/hb_description/share/hb_description/hook/ld_library_path_lib.dsv'
[10.360s] INFO:colcon.colcon_core.shell:Creating environment hook '/home/aayush/eYRC/Software/workspace/install/hb_description/share/hb_description/hook/ld_library_path_lib.sh'
[10.360s] Level 1:colcon.colcon_core.environment:checking '/home/aayush/eYRC/Software/workspace/install/hb_description/bin'
[10.360s] Level 1:colcon.colcon_core.environment:checking '/home/aayush/eYRC/Software/workspace/install/hb_description/lib/pkgconfig/hb_description.pc'
[10.360s] Level 1:colcon.colcon_core.environment:checking '/home/aayush/eYRC/Software/workspace/install/hb_description/lib/python3.10/site-packages'
[10.360s] Level 1:colcon.colcon_core.environment:checking '/home/aayush/eYRC/Software/workspace/install/hb_description/bin'
[10.361s] INFO:colcon.colcon_core.shell:Creating package script '/home/aayush/eYRC/Software/workspace/install/hb_description/share/hb_description/package.ps1'
[10.361s] INFO:colcon.colcon_core.shell:Creating package descriptor '/home/aayush/eYRC/Software/workspace/install/hb_description/share/hb_description/package.dsv'
[10.362s] INFO:colcon.colcon_core.shell:Creating package script '/home/aayush/eYRC/Software/workspace/install/hb_description/share/hb_description/package.sh'
[10.363s] INFO:colcon.colcon_core.shell:Creating package script '/home/aayush/eYRC/Software/workspace/install/hb_description/share/hb_description/package.bash'
[10.363s] INFO:colcon.colcon_core.shell:Creating package script '/home/aayush/eYRC/Software/workspace/install/hb_description/share/hb_description/package.zsh'
[10.363s] Level 1:colcon.colcon_core.environment:create_file_with_runtime_dependencies(/home/aayush/eYRC/Software/workspace/install/hb_description/share/colcon-core/packages/hb_description)
[10.364s] Level 1:colcon.colcon_core.environment:create_environment_scripts_only(hb_description)
[10.364s] Level 1:colcon.colcon_core.environment:checking '/home/aayush/eYRC/Software/workspace/install/hb_description' for CMake module files
[10.364s] Level 1:colcon.colcon_core.environment:checking '/home/aayush/eYRC/Software/workspace/install/hb_description' for CMake config files
[10.364s] Level 1:colcon.colcon_core.shell:create_environment_hook('hb_description', 'cmake_prefix_path')
[10.364s] INFO:colcon.colcon_core.shell:Creating environment hook '/home/aayush/eYRC/Software/workspace/install/hb_description/share/hb_description/hook/cmake_prefix_path.ps1'
[10.365s] INFO:colcon.colcon_core.shell:Creating environment descriptor '/home/aayush/eYRC/Software/workspace/install/hb_description/share/hb_description/hook/cmake_prefix_path.dsv'
[10.365s] INFO:colcon.colcon_core.shell:Creating environment hook '/home/aayush/eYRC/Software/workspace/install/hb_description/share/hb_description/hook/cmake_prefix_path.sh'
[10.366s] Level 1:colcon.colcon_core.environment:checking '/home/aayush/eYRC/Software/workspace/install/hb_description/lib'
[10.366s] Level 1:colcon.colcon_core.shell:create_environment_hook('hb_description', 'ld_library_path_lib')
[10.366s] INFO:colcon.colcon_core.shell:Creating environment hook '/home/aayush/eYRC/Software/workspace/install/hb_description/share/hb_description/hook/ld_library_path_lib.ps1'
[10.367s] INFO:colcon.colcon_core.shell:Creating environment descriptor '/home/aayush/eYRC/Software/workspace/install/hb_description/share/hb_description/hook/ld_library_path_lib.dsv'
[10.367s] INFO:colcon.colcon_core.shell:Creating environment hook '/home/aayush/eYRC/Software/workspace/install/hb_description/share/hb_description/hook/ld_library_path_lib.sh'
[10.368s] Level 1:colcon.colcon_core.environment:checking '/home/aayush/eYRC/Software/workspace/install/hb_description/bin'
[10.368s] Level 1:colcon.colcon_core.environment:checking '/home/aayush/eYRC/Software/workspace/install/hb_description/lib/pkgconfig/hb_description.pc'
[10.368s] Level 1:colcon.colcon_core.environment:checking '/home/aayush/eYRC/Software/workspace/install/hb_description/lib/python3.10/site-packages'
[10.368s] Level 1:colcon.colcon_core.environment:checking '/home/aayush/eYRC/Software/workspace/install/hb_description/bin'
[10.368s] INFO:colcon.colcon_core.shell:Creating package script '/home/aayush/eYRC/Software/workspace/install/hb_description/share/hb_description/package.ps1'
[10.369s] INFO:colcon.colcon_core.shell:Creating package descriptor '/home/aayush/eYRC/Software/workspace/install/hb_description/share/hb_description/package.dsv'
[10.369s] INFO:colcon.colcon_core.shell:Creating package script '/home/aayush/eYRC/Software/workspace/install/hb_description/share/hb_description/package.sh'
[10.370s] INFO:colcon.colcon_core.shell:Creating package script '/home/aayush/eYRC/Software/workspace/install/hb_description/share/hb_description/package.bash'
[10.370s] INFO:colcon.colcon_core.shell:Creating package script '/home/aayush/eYRC/Software/workspace/install/hb_description/share/hb_description/package.zsh'
[10.370s] Level 1:colcon.colcon_core.environment:create_file_with_runtime_dependencies(/home/aayush/eYRC/Software/workspace/install/hb_description/share/colcon-core/packages/hb_description)
[10.371s] DEBUG:colcon.colcon_parallel_executor.executor.parallel:closing loop
[10.371s] DEBUG:colcon.colcon_parallel_executor.executor.parallel:loop closed
[10.371s] DEBUG:colcon.colcon_parallel_executor.executor.parallel:run_until_complete finished with '0'
[10.371s] DEBUG:colcon.colcon_core.event_reactor:joining thread
[10.385s] INFO:colcon.colcon_core.plugin_system:Skipping extension 'colcon_notification.desktop_notification.terminal_notifier': Not used on non-Darwin systems
[10.385s] INFO:colcon.colcon_core.plugin_system:Skipping extension 'colcon_notification.desktop_notification.win32': Not used on non-Windows systems
[10.385s] INFO:colcon.colcon_notification.desktop_notification:Sending desktop notification using 'notify2'
[10.403s] DEBUG:colcon.colcon_core.event_reactor:joined thread
[10.403s] INFO:colcon.colcon_core.shell:Creating prefix script '/home/aayush/eYRC/Software/workspace/install/local_setup.ps1'
[10.405s] INFO:colcon.colcon_core.shell:Creating prefix util module '/home/aayush/eYRC/Software/workspace/install/_local_setup_util_ps1.py'
[10.407s] INFO:colcon.colcon_core.shell:Creating prefix chain script '/home/aayush/eYRC/Software/workspace/install/setup.ps1'
[10.408s] INFO:colcon.colcon_core.shell:Creating prefix script '/home/aayush/eYRC/Software/workspace/install/local_setup.sh'
[10.410s] INFO:colcon.colcon_core.shell:Creating prefix util module '/home/aayush/eYRC/Software/workspace/install/_local_setup_util_sh.py'
[10.410s] INFO:colcon.colcon_core.shell:Creating prefix chain script '/home/aayush/eYRC/Software/workspace/install/setup.sh'
[10.411s] INFO:colcon.colcon_core.shell:Creating prefix script '/home/aayush/eYRC/Software/workspace/install/local_setup.bash'
[10.412s] INFO:colcon.colcon_core.shell:Creating prefix chain script '/home/aayush/eYRC/Software/workspace/install/setup.bash'
[10.413s] INFO:colcon.colcon_core.shell:Creating prefix script '/home/aayush/eYRC/Software/workspace/install/local_setup.zsh'
[10.414s] INFO:colcon.colcon_core.shell:Creating prefix chain script '/home/aayush/eYRC/Software/workspace/install/setup.zsh'
