-- The C compiler identification is GNU 11.4.0
-- The CXX compiler identification is GNU 11.4.0
-- Detecting C compiler ABI info
-- Detecting C compiler ABI info - done
-- Check for working C compiler: /usr/bin/cc - skipped
-- Detecting C compile features
-- Detecting C compile features - done
-- Detecting CXX compiler ABI info
-- Detecting CXX compiler ABI info - done
-- Check for working CXX compiler: /usr/bin/c++ - skipped
-- Detecting CXX compile features
-- Detecting CXX compile features - done
-- Found ament_cmake: 1.3.14 (/opt/ros/humble/share/ament_cmake/cmake)
-- Found Python3: /usr/bin/python3 (found version "3.10.12") found components: Interpreter 
-- Configuring done
-- Generating done
-- Build files have been written to: /home/aayush/eYRC/Software/workspace/build/task_1b
Built target ament_cmake_python_copy_task_1b
running egg_info
creating task_1b.egg-info
writing task_1b.egg-info/PKG-INFO
writing dependency_links to task_1b.egg-info/dependency_links.txt
writing top-level names to task_1b.egg-info/top_level.txt
writing manifest file 'task_1b.egg-info/SOURCES.txt'
reading manifest file 'task_1b.egg-info/SOURCES.txt'
writing manifest file 'task_1b.egg-info/SOURCES.txt'
Built target ament_cmake_python_build_task_1b_egg
-- Install configuration: ""
-- Installing: /home/aayush/eYRC/Software/workspace/install/task_1b/share/task_1b/environment/pythonpath.sh
-- Installing: /home/aayush/eYRC/Software/workspace/install/task_1b/share/task_1b/environment/pythonpath.dsv
-- Installing: /home/aayush/eYRC/Software/workspace/install/task_1b/local/lib/python3.10/dist-packages/task_1b-0.0.1-py3.10.egg-info
-- Installing: /home/aayush/eYRC/Software/workspace/install/task_1b/local/lib/python3.10/dist-packages/task_1b-0.0.1-py3.10.egg-info/SOURCES.txt
-- Installing: /home/aayush/eYRC/Software/workspace/install/task_1b/local/lib/python3.10/dist-packages/task_1b-0.0.1-py3.10.egg-info/top_level.txt
-- Installing: /home/aayush/eYRC/Software/workspace/install/task_1b/local/lib/python3.10/dist-packages/task_1b-0.0.1-py3.10.egg-info/PKG-INFO
-- Installing: /home/aayush/eYRC/Software/workspace/install/task_1b/local/lib/python3.10/dist-packages/task_1b-0.0.1-py3.10.egg-info/dependency_links.txt
-- Installing: /home/aayush/eYRC/Software/workspace/install/task_1b/local/lib/python3.10/dist-packages/task_1b
-- Installing: /home/aayush/eYRC/Software/workspace/install/task_1b/local/lib/python3.10/dist-packages/task_1b/__init__.py
-- Installing: /home/aayush/eYRC/Software/workspace/install/task_1b/local/lib/python3.10/dist-packages/task_1b/inverse_kinematics.py
Listing '/home/aayush/eYRC/Software/workspace/install/task_1b/local/lib/python3.10/dist-packages/task_1b'...
Compiling '/home/aayush/eYRC/Software/workspace/install/task_1b/local/lib/python3.10/dist-packages/task_1b/__init__.py'...
Compiling '/home/aayush/eYRC/Software/workspace/install/task_1b/local/lib/python3.10/dist-packages/task_1b/inverse_kinematics.py'...
-- Installing: /home/aayush/eYRC/Software/workspace/install/task_1b/lib/task_1b/inverse_kinematics
-- Installing: /home/aayush/eYRC/Software/workspace/install/task_1b/lib/task_1b/cmd_vel_publisher
-- Installing: /home/aayush/eYRC/Software/workspace/install/task_1b/share/ament_index/resource_index/package_run_dependencies/task_1b
-- Installing: /home/aayush/eYRC/Software/workspace/install/task_1b/share/ament_index/resource_index/parent_prefix_path/task_1b
-- Installing: /home/aayush/eYRC/Software/workspace/install/task_1b/share/task_1b/environment/ament_prefix_path.sh
-- Installing: /home/aayush/eYRC/Software/workspace/install/task_1b/share/task_1b/environment/ament_prefix_path.dsv
-- Installing: /home/aayush/eYRC/Software/workspace/install/task_1b/share/task_1b/environment/path.sh
-- Installing: /home/aayush/eYRC/Software/workspace/install/task_1b/share/task_1b/environment/path.dsv
-- Installing: /home/aayush/eYRC/Software/workspace/install/task_1b/share/task_1b/local_setup.bash
-- Installing: /home/aayush/eYRC/Software/workspace/install/task_1b/share/task_1b/local_setup.sh
-- Installing: /home/aayush/eYRC/Software/workspace/install/task_1b/share/task_1b/local_setup.zsh
-- Installing: /home/aayush/eYRC/Software/workspace/install/task_1b/share/task_1b/local_setup.dsv
-- Installing: /home/aayush/eYRC/Software/workspace/install/task_1b/share/task_1b/package.dsv
-- Installing: /home/aayush/eYRC/Software/workspace/install/task_1b/share/ament_index/resource_index/packages/task_1b
-- Installing: /home/aayush/eYRC/Software/workspace/install/task_1b/share/task_1b/cmake/task_1bConfig.cmake
-- Installing: /home/aayush/eYRC/Software/workspace/install/task_1b/share/task_1b/cmake/task_1bConfig-version.cmake
-- Installing: /home/aayush/eYRC/Software/workspace/install/task_1b/share/task_1b/package.xml
