[0.017s] Invoking command in '/home/aayush/eYRC/Software/workspace/build/task_1b': CMAKE_PREFIX_PATH=/opt/ros/humble /usr/bin/cmake /home/aayush/eYRC/Software/workspace/src/task_1b -DCMAKE_INSTALL_PREFIX=/home/aayush/eYRC/Software/workspace/install/task_1b
[0.213s] -- The C compiler identification is GNU 11.4.0
[0.407s] -- The CXX compiler identification is GNU 11.4.0
[0.465s] -- Detecting C compiler ABI info
[0.591s] -- Detecting C compiler ABI info - done
[0.604s] -- Check for working C compiler: /usr/bin/cc - skipped
[0.606s] -- Detecting C compile features
[0.608s] -- Detecting C compile features - done
[0.614s] -- Detecting CXX compiler ABI info
[0.778s] -- Detecting CXX compiler ABI info - done
[0.790s] -- Check for working CXX compiler: /usr/bin/c++ - skipped
[0.790s] -- Detecting CXX compile features
[0.791s] -- Detecting CXX compile features - done
[0.796s] -- Found ament_cmake: 1.3.14 (/opt/ros/humble/share/ament_cmake/cmake)
[1.044s] -- Found Python3: /usr/bin/python3 (found version "3.10.12") found components: Interpreter 
[1.352s] -- Configuring done
[1.355s] -- Generating done
[1.356s] -- Build files have been written to: /home/aayush/eYRC/Software/workspace/build/task_1b
[1.360s] Invoked command in '/home/aayush/eYRC/Software/workspace/build/task_1b' returned '0': CMAKE_PREFIX_PATH=/opt/ros/humble /usr/bin/cmake /home/aayush/eYRC/Software/workspace/src/task_1b -DCMAKE_INSTALL_PREFIX=/home/aayush/eYRC/Software/workspace/install/task_1b
[1.362s] Invoking command in '/home/aayush/eYRC/Software/workspace/build/task_1b': CMAKE_PREFIX_PATH=/opt/ros/humble /usr/bin/cmake --build /home/aayush/eYRC/Software/workspace/build/task_1b -- -j6 -l6
[1.423s] Built target ament_cmake_python_copy_task_1b
[1.754s] running egg_info
[1.754s] creating task_1b.egg-info
[1.754s] writing task_1b.egg-info/PKG-INFO
[1.755s] writing dependency_links to task_1b.egg-info/dependency_links.txt
[1.755s] writing top-level names to task_1b.egg-info/top_level.txt
[1.755s] writing manifest file 'task_1b.egg-info/SOURCES.txt'
[1.758s] reading manifest file 'task_1b.egg-info/SOURCES.txt'
[1.758s] writing manifest file 'task_1b.egg-info/SOURCES.txt'
[1.782s] Built target ament_cmake_python_build_task_1b_egg
[1.792s] Invoked command in '/home/aayush/eYRC/Software/workspace/build/task_1b' returned '0': CMAKE_PREFIX_PATH=/opt/ros/humble /usr/bin/cmake --build /home/aayush/eYRC/Software/workspace/build/task_1b -- -j6 -l6
[1.801s] Invoking command in '/home/aayush/eYRC/Software/workspace/build/task_1b': CMAKE_PREFIX_PATH=/opt/ros/humble /usr/bin/cmake --install /home/aayush/eYRC/Software/workspace/build/task_1b
[1.809s] -- Install configuration: ""
[1.809s] -- Installing: /home/aayush/eYRC/Software/workspace/install/task_1b/share/task_1b/environment/pythonpath.sh
[1.809s] -- Installing: /home/aayush/eYRC/Software/workspace/install/task_1b/share/task_1b/environment/pythonpath.dsv
[1.809s] -- Installing: /home/aayush/eYRC/Software/workspace/install/task_1b/local/lib/python3.10/dist-packages/task_1b-0.0.1-py3.10.egg-info
[1.809s] -- Installing: /home/aayush/eYRC/Software/workspace/install/task_1b/local/lib/python3.10/dist-packages/task_1b-0.0.1-py3.10.egg-info/SOURCES.txt
[1.809s] -- Installing: /home/aayush/eYRC/Software/workspace/install/task_1b/local/lib/python3.10/dist-packages/task_1b-0.0.1-py3.10.egg-info/top_level.txt
[1.810s] -- Installing: /home/aayush/eYRC/Software/workspace/install/task_1b/local/lib/python3.10/dist-packages/task_1b-0.0.1-py3.10.egg-info/PKG-INFO
[1.810s] -- Installing: /home/aayush/eYRC/Software/workspace/install/task_1b/local/lib/python3.10/dist-packages/task_1b-0.0.1-py3.10.egg-info/dependency_links.txt
[1.810s] -- Installing: /home/aayush/eYRC/Software/workspace/install/task_1b/local/lib/python3.10/dist-packages/task_1b
[1.810s] -- Installing: /home/aayush/eYRC/Software/workspace/install/task_1b/local/lib/python3.10/dist-packages/task_1b/__init__.py
[1.810s] -- Installing: /home/aayush/eYRC/Software/workspace/install/task_1b/local/lib/python3.10/dist-packages/task_1b/inverse_kinematics.py
[1.837s] Listing '/home/aayush/eYRC/Software/workspace/install/task_1b/local/lib/python3.10/dist-packages/task_1b'...
[1.838s] Compiling '/home/aayush/eYRC/Software/workspace/install/task_1b/local/lib/python3.10/dist-packages/task_1b/__init__.py'...
[1.838s] Compiling '/home/aayush/eYRC/Software/workspace/install/task_1b/local/lib/python3.10/dist-packages/task_1b/inverse_kinematics.py'...
[1.842s] -- Installing: /home/aayush/eYRC/Software/workspace/install/task_1b/lib/task_1b/inverse_kinematics
[1.842s] -- Installing: /home/aayush/eYRC/Software/workspace/install/task_1b/lib/task_1b/cmd_vel_publisher
[1.846s] -- Installing: /home/aayush/eYRC/Software/workspace/install/task_1b/share/ament_index/resource_index/package_run_dependencies/task_1b
[1.846s] -- Installing: /home/aayush/eYRC/Software/workspace/install/task_1b/share/ament_index/resource_index/parent_prefix_path/task_1b
[1.847s] -- Installing: /home/aayush/eYRC/Software/workspace/install/task_1b/share/task_1b/environment/ament_prefix_path.sh
[1.847s] -- Installing: /home/aayush/eYRC/Software/workspace/install/task_1b/share/task_1b/environment/ament_prefix_path.dsv
[1.847s] -- Installing: /home/aayush/eYRC/Software/workspace/install/task_1b/share/task_1b/environment/path.sh
[1.847s] -- Installing: /home/aayush/eYRC/Software/workspace/install/task_1b/share/task_1b/environment/path.dsv
[1.847s] -- Installing: /home/aayush/eYRC/Software/workspace/install/task_1b/share/task_1b/local_setup.bash
[1.847s] -- Installing: /home/aayush/eYRC/Software/workspace/install/task_1b/share/task_1b/local_setup.sh
[1.848s] -- Installing: /home/aayush/eYRC/Software/workspace/install/task_1b/share/task_1b/local_setup.zsh
[1.848s] -- Installing: /home/aayush/eYRC/Software/workspace/install/task_1b/share/task_1b/local_setup.dsv
[1.848s] -- Installing: /home/aayush/eYRC/Software/workspace/install/task_1b/share/task_1b/package.dsv
[1.848s] -- Installing: /home/aayush/eYRC/Software/workspace/install/task_1b/share/ament_index/resource_index/packages/task_1b
[1.848s] -- Installing: /home/aayush/eYRC/Software/workspace/install/task_1b/share/task_1b/cmake/task_1bConfig.cmake
[1.848s] -- Installing: /home/aayush/eYRC/Software/workspace/install/task_1b/share/task_1b/cmake/task_1bConfig-version.cmake
[1.848s] -- Installing: /home/aayush/eYRC/Software/workspace/install/task_1b/share/task_1b/package.xml
[1.851s] Invoked command in '/home/aayush/eYRC/Software/workspace/build/task_1b' returned '0': CMAKE_PREFIX_PATH=/opt/ros/humble /usr/bin/cmake --install /home/aayush/eYRC/Software/workspace/build/task_1b
