[0.154s] DEBUG:colcon:Command line arguments: ['/usr/bin/colcon', 'build']
[0.154s] DEBUG:colcon:Parsed command line arguments: Namespace(log_base=None, log_level=None, verb_name='build', build_base='build', install_base='install', merge_install=False, symlink_install=False, test_result_base=None, continue_on_error=False, executor='parallel', parallel_workers=18, event_handlers=None, ignore_user_meta=False, metas=['./colcon.meta'], base_paths=['.'], packages_ignore=None, packages_ignore_regex=None, paths=None, packages_up_to=None, packages_up_to_regex=None, packages_above=None, packages_above_and_dependencies=None, packages_above_depth=None, packages_select_by_dep=None, packages_skip_by_dep=None, packages_skip_up_to=None, packages_select_build_failed=False, packages_skip_build_finished=False, packages_select_test_failures=False, packages_skip_test_passed=False, packages_select=None, packages_skip=None, packages_select_regex=None, packages_skip_regex=None, packages_start=None, packages_end=None, allow_overriding=[], cmake_args=None, cmake_target=None, cmake_target_skip_unavailable=False, cmake_clean_cache=False, cmake_clean_first=False, cmake_force_configure=False, ament_cmake_args=None, catkin_cmake_args=None, catkin_skip_building_tests=False, mixin_files=None, mixin=None, verb_parser=<colcon_mixin.mixin.mixin_argument.MixinArgumentDecorator object at 0x71232765e770>, verb_extension=<colcon_core.verb.build.BuildVerb object at 0x7123277e7c40>, main=<bound method BuildVerb.main of <colcon_core.verb.build.BuildVerb object at 0x7123277e7c40>>, mixin_verb=('build',))
[0.348s] Level 1:colcon.colcon_core.package_discovery:discover_packages(colcon_meta) check parameters
[0.348s] Level 1:colcon.colcon_core.package_discovery:discover_packages(recursive) check parameters
[0.348s] Level 1:colcon.colcon_core.package_discovery:discover_packages(ignore) check parameters
[0.348s] Level 1:colcon.colcon_core.package_discovery:discover_packages(path) check parameters
[0.348s] Level 1:colcon.colcon_core.package_discovery:discover_packages(colcon_meta) discover
[0.348s] Level 1:colcon.colcon_core.package_discovery:discover_packages(recursive) discover
[0.348s] INFO:colcon.colcon_core.package_discovery:Crawling recursively for packages in '/home/p1kachu/eYRC_26-27_Hola-The-Explorer/Software/workspace'
[0.348s] Level 1:colcon.colcon_core.package_identification:_identify(.) by extensions ['ignore', 'ignore_ament_install']
[0.349s] Level 1:colcon.colcon_core.package_identification:_identify(.) by extension 'ignore'
[0.349s] Level 1:colcon.colcon_core.package_identification:_identify(.) by extension 'ignore_ament_install'
[0.349s] Level 1:colcon.colcon_core.package_identification:_identify(.) by extensions ['colcon_pkg']
[0.349s] Level 1:colcon.colcon_core.package_identification:_identify(.) by extension 'colcon_pkg'
[0.349s] Level 1:colcon.colcon_core.package_identification:_identify(.) by extensions ['colcon_meta']
[0.349s] Level 1:colcon.colcon_core.package_identification:_identify(.) by extension 'colcon_meta'
[0.349s] Level 1:colcon.colcon_core.package_identification:_identify(.) by extensions ['ros']
[0.349s] Level 1:colcon.colcon_core.package_identification:_identify(.) by extension 'ros'
[0.360s] Level 1:colcon.colcon_core.package_identification:_identify(.) by extensions ['cmake', 'python']
[0.360s] Level 1:colcon.colcon_core.package_identification:_identify(.) by extension 'cmake'
[0.360s] Level 1:colcon.colcon_core.package_identification:_identify(.) by extension 'python'
[0.360s] Level 1:colcon.colcon_core.package_identification:_identify(.) by extensions ['python_setup_py']
[0.361s] Level 1:colcon.colcon_core.package_identification:_identify(.) by extension 'python_setup_py'
[0.361s] Level 1:colcon.colcon_core.package_identification:_identify(build) by extensions ['ignore', 'ignore_ament_install']
[0.361s] Level 1:colcon.colcon_core.package_identification:_identify(build) by extension 'ignore'
[0.361s] Level 1:colcon.colcon_core.package_identification:_identify(build) ignored
[0.361s] Level 1:colcon.colcon_core.package_identification:_identify(install) by extensions ['ignore', 'ignore_ament_install']
[0.361s] Level 1:colcon.colcon_core.package_identification:_identify(install) by extension 'ignore'
[0.361s] Level 1:colcon.colcon_core.package_identification:_identify(install) ignored
[0.361s] Level 1:colcon.colcon_core.package_identification:_identify(log) by extensions ['ignore', 'ignore_ament_install']
[0.361s] Level 1:colcon.colcon_core.package_identification:_identify(log) by extension 'ignore'
[0.361s] Level 1:colcon.colcon_core.package_identification:_identify(log) ignored
[0.361s] Level 1:colcon.colcon_core.package_identification:_identify(src) by extensions ['ignore', 'ignore_ament_install']
[0.361s] Level 1:colcon.colcon_core.package_identification:_identify(src) by extension 'ignore'
[0.361s] Level 1:colcon.colcon_core.package_identification:_identify(src) by extension 'ignore_ament_install'
[0.362s] Level 1:colcon.colcon_core.package_identification:_identify(src) by extensions ['colcon_pkg']
[0.362s] Level 1:colcon.colcon_core.package_identification:_identify(src) by extension 'colcon_pkg'
[0.362s] Level 1:colcon.colcon_core.package_identification:_identify(src) by extensions ['colcon_meta']
[0.362s] Level 1:colcon.colcon_core.package_identification:_identify(src) by extension 'colcon_meta'
[0.362s] Level 1:colcon.colcon_core.package_identification:_identify(src) by extensions ['ros']
[0.362s] Level 1:colcon.colcon_core.package_identification:_identify(src) by extension 'ros'
[0.362s] Level 1:colcon.colcon_core.package_identification:_identify(src) by extensions ['cmake', 'python']
[0.362s] Level 1:colcon.colcon_core.package_identification:_identify(src) by extension 'cmake'
[0.362s] Level 1:colcon.colcon_core.package_identification:_identify(src) by extension 'python'
[0.362s] Level 1:colcon.colcon_core.package_identification:_identify(src) by extensions ['python_setup_py']
[0.362s] Level 1:colcon.colcon_core.package_identification:_identify(src) by extension 'python_setup_py'
[0.362s] Level 1:colcon.colcon_core.package_identification:_identify(src/hb_description) by extensions ['ignore', 'ignore_ament_install']
[0.362s] Level 1:colcon.colcon_core.package_identification:_identify(src/hb_description) by extension 'ignore'
[0.362s] Level 1:colcon.colcon_core.package_identification:_identify(src/hb_description) by extension 'ignore_ament_install'
[0.362s] Level 1:colcon.colcon_core.package_identification:_identify(src/hb_description) by extensions ['colcon_pkg']
[0.362s] Level 1:colcon.colcon_core.package_identification:_identify(src/hb_description) by extension 'colcon_pkg'
[0.362s] Level 1:colcon.colcon_core.package_identification:_identify(src/hb_description) by extensions ['colcon_meta']
[0.362s] Level 1:colcon.colcon_core.package_identification:_identify(src/hb_description) by extension 'colcon_meta'
[0.362s] Level 1:colcon.colcon_core.package_identification:_identify(src/hb_description) by extensions ['ros']
[0.362s] Level 1:colcon.colcon_core.package_identification:_identify(src/hb_description) by extension 'ros'
[0.365s] DEBUG:colcon.colcon_core.package_identification:Package 'src/hb_description' with type 'ros.ament_cmake' and name 'hb_description'
[0.365s] Level 1:colcon.colcon_core.package_identification:_identify(src/shape_interface) by extensions ['ignore', 'ignore_ament_install']
[0.365s] Level 1:colcon.colcon_core.package_identification:_identify(src/shape_interface) by extension 'ignore'
[0.365s] Level 1:colcon.colcon_core.package_identification:_identify(src/shape_interface) by extension 'ignore_ament_install'
[0.365s] Level 1:colcon.colcon_core.package_identification:_identify(src/shape_interface) by extensions ['colcon_pkg']
[0.365s] Level 1:colcon.colcon_core.package_identification:_identify(src/shape_interface) by extension 'colcon_pkg'
[0.365s] Level 1:colcon.colcon_core.package_identification:_identify(src/shape_interface) by extensions ['colcon_meta']
[0.365s] Level 1:colcon.colcon_core.package_identification:_identify(src/shape_interface) by extension 'colcon_meta'
[0.365s] Level 1:colcon.colcon_core.package_identification:_identify(src/shape_interface) by extensions ['ros']
[0.365s] Level 1:colcon.colcon_core.package_identification:_identify(src/shape_interface) by extension 'ros'
[0.366s] DEBUG:colcon.colcon_core.package_identification:Package 'src/shape_interface' with type 'ros.ament_cmake' and name 'shape_interface'
[0.366s] Level 1:colcon.colcon_core.package_identification:_identify(src/task_1a) by extensions ['ignore', 'ignore_ament_install']
[0.366s] Level 1:colcon.colcon_core.package_identification:_identify(src/task_1a) by extension 'ignore'
[0.366s] Level 1:colcon.colcon_core.package_identification:_identify(src/task_1a) by extension 'ignore_ament_install'
[0.366s] Level 1:colcon.colcon_core.package_identification:_identify(src/task_1a) by extensions ['colcon_pkg']
[0.366s] Level 1:colcon.colcon_core.package_identification:_identify(src/task_1a) by extension 'colcon_pkg'
[0.366s] Level 1:colcon.colcon_core.package_identification:_identify(src/task_1a) by extensions ['colcon_meta']
[0.366s] Level 1:colcon.colcon_core.package_identification:_identify(src/task_1a) by extension 'colcon_meta'
[0.366s] Level 1:colcon.colcon_core.package_identification:_identify(src/task_1a) by extensions ['ros']
[0.366s] Level 1:colcon.colcon_core.package_identification:_identify(src/task_1a) by extension 'ros'
[0.367s] DEBUG:colcon.colcon_core.package_identification:Package 'src/task_1a' with type 'ros.ament_cmake' and name 'task_1a'
[0.367s] Level 1:colcon.colcon_core.package_identification:_identify(src/task_1b) by extensions ['ignore', 'ignore_ament_install']
[0.367s] Level 1:colcon.colcon_core.package_identification:_identify(src/task_1b) by extension 'ignore'
[0.367s] Level 1:colcon.colcon_core.package_identification:_identify(src/task_1b) by extension 'ignore_ament_install'
[0.367s] Level 1:colcon.colcon_core.package_identification:_identify(src/task_1b) by extensions ['colcon_pkg']
[0.367s] Level 1:colcon.colcon_core.package_identification:_identify(src/task_1b) by extension 'colcon_pkg'
[0.368s] Level 1:colcon.colcon_core.package_identification:_identify(src/task_1b) by extensions ['colcon_meta']
[0.368s] Level 1:colcon.colcon_core.package_identification:_identify(src/task_1b) by extension 'colcon_meta'
[0.368s] Level 1:colcon.colcon_core.package_identification:_identify(src/task_1b) by extensions ['ros']
[0.368s] Level 1:colcon.colcon_core.package_identification:_identify(src/task_1b) by extension 'ros'
[0.368s] DEBUG:colcon.colcon_core.package_identification:Package 'src/task_1b' with type 'ros.ament_cmake' and name 'task_1b'
[0.368s] Level 1:colcon.colcon_core.package_identification:_identify(src/task_1c) by extensions ['ignore', 'ignore_ament_install']
[0.368s] Level 1:colcon.colcon_core.package_identification:_identify(src/task_1c) by extension 'ignore'
[0.368s] Level 1:colcon.colcon_core.package_identification:_identify(src/task_1c) by extension 'ignore_ament_install'
[0.369s] Level 1:colcon.colcon_core.package_identification:_identify(src/task_1c) by extensions ['colcon_pkg']
[0.369s] Level 1:colcon.colcon_core.package_identification:_identify(src/task_1c) by extension 'colcon_pkg'
[0.369s] Level 1:colcon.colcon_core.package_identification:_identify(src/task_1c) by extensions ['colcon_meta']
[0.369s] Level 1:colcon.colcon_core.package_identification:_identify(src/task_1c) by extension 'colcon_meta'
[0.369s] Level 1:colcon.colcon_core.package_identification:_identify(src/task_1c) by extensions ['ros']
[0.369s] Level 1:colcon.colcon_core.package_identification:_identify(src/task_1c) by extension 'ros'
[0.369s] DEBUG:colcon.colcon_core.package_identification:Package 'src/task_1c' with type 'ros.ament_cmake' and name 'task_1c'
[0.369s] Level 1:colcon.colcon_core.package_discovery:discover_packages(recursive) using defaults
[0.369s] Level 1:colcon.colcon_core.package_discovery:discover_packages(ignore) discover
[0.369s] Level 1:colcon.colcon_core.package_discovery:discover_packages(ignore) using defaults
[0.369s] Level 1:colcon.colcon_core.package_discovery:discover_packages(path) discover
[0.370s] Level 1:colcon.colcon_core.package_discovery:discover_packages(path) using defaults
[0.417s] Level 1:colcon.colcon_core.package_discovery:discover_packages(prefix_path) check parameters
[0.417s] Level 1:colcon.colcon_core.package_discovery:discover_packages(prefix_path) discover
[0.419s] DEBUG:colcon.colcon_installed_package_information.package_discovery:Found 5 installed packages in /home/p1kachu/eYRC_26-27_Hola-The-Explorer/Software/workspace/install
[0.420s] DEBUG:colcon.colcon_installed_package_information.package_discovery:Found 273 installed packages in /opt/ros/humble
[0.422s] Level 1:colcon.colcon_core.package_discovery:discover_packages(prefix_path) using defaults
[0.470s] Level 5:colcon.colcon_core.verb:set package 'shape_interface' build argument 'cmake_args' from command line to 'None'
[0.470s] Level 5:colcon.colcon_core.verb:set package 'shape_interface' build argument 'cmake_target' from command line to 'None'
[0.470s] Level 5:colcon.colcon_core.verb:set package 'shape_interface' build argument 'cmake_target_skip_unavailable' from command line to 'False'
[0.470s] Level 5:colcon.colcon_core.verb:set package 'shape_interface' build argument 'cmake_clean_cache' from command line to 'False'
[0.470s] Level 5:colcon.colcon_core.verb:set package 'shape_interface' build argument 'cmake_clean_first' from command line to 'False'
[0.470s] Level 5:colcon.colcon_core.verb:set package 'shape_interface' build argument 'cmake_force_configure' from command line to 'False'
[0.470s] Level 5:colcon.colcon_core.verb:set package 'shape_interface' build argument 'ament_cmake_args' from command line to 'None'
[0.470s] Level 5:colcon.colcon_core.verb:set package 'shape_interface' build argument 'catkin_cmake_args' from command line to 'None'
[0.470s] Level 5:colcon.colcon_core.verb:set package 'shape_interface' build argument 'catkin_skip_building_tests' from command line to 'False'
[0.470s] DEBUG:colcon.colcon_core.verb:Building package 'shape_interface' with the following arguments: {'ament_cmake_args': None, 'build_base': '/home/p1kachu/eYRC_26-27_Hola-The-Explorer/Software/workspace/build/shape_interface', 'catkin_cmake_args': None, 'catkin_skip_building_tests': False, 'cmake_args': None, 'cmake_clean_cache': False, 'cmake_clean_first': False, 'cmake_force_configure': False, 'cmake_target': None, 'cmake_target_skip_unavailable': False, 'install_base': '/home/p1kachu/eYRC_26-27_Hola-The-Explorer/Software/workspace/install/shape_interface', 'merge_install': False, 'path': '/home/p1kachu/eYRC_26-27_Hola-The-Explorer/Software/workspace/src/shape_interface', 'symlink_install': False, 'test_result_base': None}
[0.470s] Level 5:colcon.colcon_core.verb:set package 'task_1b' build argument 'cmake_args' from command line to 'None'
[0.470s] Level 5:colcon.colcon_core.verb:set package 'task_1b' build argument 'cmake_target' from command line to 'None'
[0.470s] Level 5:colcon.colcon_core.verb:set package 'task_1b' build argument 'cmake_target_skip_unavailable' from command line to 'False'
[0.470s] Level 5:colcon.colcon_core.verb:set package 'task_1b' build argument 'cmake_clean_cache' from command line to 'False'
[0.470s] Level 5:colcon.colcon_core.verb:set package 'task_1b' build argument 'cmake_clean_first' from command line to 'False'
[0.470s] Level 5:colcon.colcon_core.verb:set package 'task_1b' build argument 'cmake_force_configure' from command line to 'False'
[0.470s] Level 5:colcon.colcon_core.verb:set package 'task_1b' build argument 'ament_cmake_args' from command line to 'None'
[0.470s] Level 5:colcon.colcon_core.verb:set package 'task_1b' build argument 'catkin_cmake_args' from command line to 'None'
[0.470s] Level 5:colcon.colcon_core.verb:set package 'task_1b' build argument 'catkin_skip_building_tests' from command line to 'False'
[0.471s] DEBUG:colcon.colcon_core.verb:Building package 'task_1b' with the following arguments: {'ament_cmake_args': None, 'build_base': '/home/p1kachu/eYRC_26-27_Hola-The-Explorer/Software/workspace/build/task_1b', 'catkin_cmake_args': None, 'catkin_skip_building_tests': False, 'cmake_args': None, 'cmake_clean_cache': False, 'cmake_clean_first': False, 'cmake_force_configure': False, 'cmake_target': None, 'cmake_target_skip_unavailable': False, 'install_base': '/home/p1kachu/eYRC_26-27_Hola-The-Explorer/Software/workspace/install/task_1b', 'merge_install': False, 'path': '/home/p1kachu/eYRC_26-27_Hola-The-Explorer/Software/workspace/src/task_1b', 'symlink_install': False, 'test_result_base': None}
[0.471s] Level 5:colcon.colcon_core.verb:set package 'task_1a' build argument 'cmake_args' from command line to 'None'
[0.471s] Level 5:colcon.colcon_core.verb:set package 'task_1a' build argument 'cmake_target' from command line to 'None'
[0.471s] Level 5:colcon.colcon_core.verb:set package 'task_1a' build argument 'cmake_target_skip_unavailable' from command line to 'False'
[0.471s] Level 5:colcon.colcon_core.verb:set package 'task_1a' build argument 'cmake_clean_cache' from command line to 'False'
[0.471s] Level 5:colcon.colcon_core.verb:set package 'task_1a' build argument 'cmake_clean_first' from command line to 'False'
[0.471s] Level 5:colcon.colcon_core.verb:set package 'task_1a' build argument 'cmake_force_configure' from command line to 'False'
[0.471s] Level 5:colcon.colcon_core.verb:set package 'task_1a' build argument 'ament_cmake_args' from command line to 'None'
[0.471s] Level 5:colcon.colcon_core.verb:set package 'task_1a' build argument 'catkin_cmake_args' from command line to 'None'
[0.471s] Level 5:colcon.colcon_core.verb:set package 'task_1a' build argument 'catkin_skip_building_tests' from command line to 'False'
[0.471s] DEBUG:colcon.colcon_core.verb:Building package 'task_1a' with the following arguments: {'ament_cmake_args': None, 'build_base': '/home/p1kachu/eYRC_26-27_Hola-The-Explorer/Software/workspace/build/task_1a', 'catkin_cmake_args': None, 'catkin_skip_building_tests': False, 'cmake_args': None, 'cmake_clean_cache': False, 'cmake_clean_first': False, 'cmake_force_configure': False, 'cmake_target': None, 'cmake_target_skip_unavailable': False, 'install_base': '/home/p1kachu/eYRC_26-27_Hola-The-Explorer/Software/workspace/install/task_1a', 'merge_install': False, 'path': '/home/p1kachu/eYRC_26-27_Hola-The-Explorer/Software/workspace/src/task_1a', 'symlink_install': False, 'test_result_base': None}
[0.471s] Level 5:colcon.colcon_core.verb:set package 'task_1c' build argument 'cmake_args' from command line to 'None'
[0.471s] Level 5:colcon.colcon_core.verb:set package 'task_1c' build argument 'cmake_target' from command line to 'None'
[0.471s] Level 5:colcon.colcon_core.verb:set package 'task_1c' build argument 'cmake_target_skip_unavailable' from command line to 'False'
[0.471s] Level 5:colcon.colcon_core.verb:set package 'task_1c' build argument 'cmake_clean_cache' from command line to 'False'
[0.472s] Level 5:colcon.colcon_core.verb:set package 'task_1c' build argument 'cmake_clean_first' from command line to 'False'
[0.472s] Level 5:colcon.colcon_core.verb:set package 'task_1c' build argument 'cmake_force_configure' from command line to 'False'
[0.472s] Level 5:colcon.colcon_core.verb:set package 'task_1c' build argument 'ament_cmake_args' from command line to 'None'
[0.472s] Level 5:colcon.colcon_core.verb:set package 'task_1c' build argument 'catkin_cmake_args' from command line to 'None'
[0.472s] Level 5:colcon.colcon_core.verb:set package 'task_1c' build argument 'catkin_skip_building_tests' from command line to 'False'
[0.472s] DEBUG:colcon.colcon_core.verb:Building package 'task_1c' with the following arguments: {'ament_cmake_args': None, 'build_base': '/home/p1kachu/eYRC_26-27_Hola-The-Explorer/Software/workspace/build/task_1c', 'catkin_cmake_args': None, 'catkin_skip_building_tests': False, 'cmake_args': None, 'cmake_clean_cache': False, 'cmake_clean_first': False, 'cmake_force_configure': False, 'cmake_target': None, 'cmake_target_skip_unavailable': False, 'install_base': '/home/p1kachu/eYRC_26-27_Hola-The-Explorer/Software/workspace/install/task_1c', 'merge_install': False, 'path': '/home/p1kachu/eYRC_26-27_Hola-The-Explorer/Software/workspace/src/task_1c', 'symlink_install': False, 'test_result_base': None}
[0.472s] Level 5:colcon.colcon_core.verb:set package 'hb_description' build argument 'cmake_args' from command line to 'None'
[0.472s] Level 5:colcon.colcon_core.verb:set package 'hb_description' build argument 'cmake_target' from command line to 'None'
[0.472s] Level 5:colcon.colcon_core.verb:set package 'hb_description' build argument 'cmake_target_skip_unavailable' from command line to 'False'
[0.472s] Level 5:colcon.colcon_core.verb:set package 'hb_description' build argument 'cmake_clean_cache' from command line to 'False'
[0.472s] Level 5:colcon.colcon_core.verb:set package 'hb_description' build argument 'cmake_clean_first' from command line to 'False'
[0.472s] Level 5:colcon.colcon_core.verb:set package 'hb_description' build argument 'cmake_force_configure' from command line to 'False'
[0.472s] Level 5:colcon.colcon_core.verb:set package 'hb_description' build argument 'ament_cmake_args' from command line to 'None'
[0.472s] Level 5:colcon.colcon_core.verb:set package 'hb_description' build argument 'catkin_cmake_args' from command line to 'None'
[0.472s] Level 5:colcon.colcon_core.verb:set package 'hb_description' build argument 'catkin_skip_building_tests' from command line to 'False'
[0.472s] DEBUG:colcon.colcon_core.verb:Building package 'hb_description' with the following arguments: {'ament_cmake_args': None, 'build_base': '/home/p1kachu/eYRC_26-27_Hola-The-Explorer/Software/workspace/build/hb_description', 'catkin_cmake_args': None, 'catkin_skip_building_tests': False, 'cmake_args': None, 'cmake_clean_cache': False, 'cmake_clean_first': False, 'cmake_force_configure': False, 'cmake_target': None, 'cmake_target_skip_unavailable': False, 'install_base': '/home/p1kachu/eYRC_26-27_Hola-The-Explorer/Software/workspace/install/hb_description', 'merge_install': False, 'path': '/home/p1kachu/eYRC_26-27_Hola-The-Explorer/Software/workspace/src/hb_description', 'symlink_install': False, 'test_result_base': None}
[0.472s] INFO:colcon.colcon_core.executor:Executing jobs using 'parallel' executor
[0.474s] DEBUG:colcon.colcon_parallel_executor.executor.parallel:run_until_complete
[0.474s] INFO:colcon.colcon_ros.task.ament_cmake.build:Building ROS package in '/home/p1kachu/eYRC_26-27_Hola-The-Explorer/Software/workspace/src/shape_interface' with build type 'ament_cmake'
[0.475s] INFO:colcon.colcon_cmake.task.cmake.build:Building CMake package in '/home/p1kachu/eYRC_26-27_Hola-The-Explorer/Software/workspace/src/shape_interface'
[0.477s] INFO:colcon.colcon_core.plugin_system:Skipping extension 'colcon_core.shell.bat': Not used on non-Windows systems
[0.477s] INFO:colcon.colcon_core.shell:Skip shell extension 'powershell' for command environment: Not usable outside of PowerShell
[0.477s] DEBUG:colcon.colcon_core.shell:Skip shell extension 'dsv' for command environment
[0.481s] INFO:colcon.colcon_ros.task.ament_cmake.build:Building ROS package in '/home/p1kachu/eYRC_26-27_Hola-The-Explorer/Software/workspace/src/task_1b' with build type 'ament_cmake'
[0.481s] INFO:colcon.colcon_cmake.task.cmake.build:Building CMake package in '/home/p1kachu/eYRC_26-27_Hola-The-Explorer/Software/workspace/src/task_1b'
[0.481s] INFO:colcon.colcon_core.shell:Skip shell extension 'powershell' for command environment: Not usable outside of PowerShell
[0.481s] DEBUG:colcon.colcon_core.shell:Skip shell extension 'dsv' for command environment
[0.495s] DEBUG:colcon.colcon_core.event_handler.log_command:Invoking command in '/home/p1kachu/eYRC_26-27_Hola-The-Explorer/Software/workspace/build/shape_interface': CMAKE_PREFIX_PATH=${CMAKE_PREFIX_PATH}:/opt/ros/humble /usr/bin/cmake --build /home/p1kachu/eYRC_26-27_Hola-The-Explorer/Software/workspace/build/shape_interface -- -j18 -l18
[0.497s] DEBUG:colcon.colcon_core.event_handler.log_command:Invoking command in '/home/p1kachu/eYRC_26-27_Hola-The-Explorer/Software/workspace/build/task_1b': CMAKE_PREFIX_PATH=${CMAKE_PREFIX_PATH}:/opt/ros/humble /usr/bin/cmake --build /home/p1kachu/eYRC_26-27_Hola-The-Explorer/Software/workspace/build/task_1b -- -j18 -l18
[1.049s] DEBUG:colcon.colcon_core.event_handler.log_command:Invoked command in '/home/p1kachu/eYRC_26-27_Hola-The-Explorer/Software/workspace/build/task_1b' returned '0': CMAKE_PREFIX_PATH=${CMAKE_PREFIX_PATH}:/opt/ros/humble /usr/bin/cmake --build /home/p1kachu/eYRC_26-27_Hola-The-Explorer/Software/workspace/build/task_1b -- -j18 -l18
[1.064s] DEBUG:colcon.colcon_core.event_handler.log_command:Invoking command in '/home/p1kachu/eYRC_26-27_Hola-The-Explorer/Software/workspace/build/task_1b': CMAKE_PREFIX_PATH=${CMAKE_PREFIX_PATH}:/opt/ros/humble /usr/bin/cmake --install /home/p1kachu/eYRC_26-27_Hola-The-Explorer/Software/workspace/build/task_1b
[1.085s] DEBUG:colcon.colcon_core.event_handler.log_command:Invoked command in '/home/p1kachu/eYRC_26-27_Hola-The-Explorer/Software/workspace/build/shape_interface' returned '0': CMAKE_PREFIX_PATH=${CMAKE_PREFIX_PATH}:/opt/ros/humble /usr/bin/cmake --build /home/p1kachu/eYRC_26-27_Hola-The-Explorer/Software/workspace/build/shape_interface -- -j18 -l18
[1.087s] DEBUG:colcon.colcon_core.event_handler.log_command:Invoking command in '/home/p1kachu/eYRC_26-27_Hola-The-Explorer/Software/workspace/build/shape_interface': CMAKE_PREFIX_PATH=${CMAKE_PREFIX_PATH}:/opt/ros/humble /usr/bin/cmake --install /home/p1kachu/eYRC_26-27_Hola-The-Explorer/Software/workspace/build/shape_interface
[1.133s] Level 1:colcon.colcon_core.environment:create_environment_scripts_only(task_1b)
[1.134s] DEBUG:colcon.colcon_core.event_handler.log_command:Invoked command in '/home/p1kachu/eYRC_26-27_Hola-The-Explorer/Software/workspace/build/task_1b' returned '0': CMAKE_PREFIX_PATH=${CMAKE_PREFIX_PATH}:/opt/ros/humble /usr/bin/cmake --install /home/p1kachu/eYRC_26-27_Hola-The-Explorer/Software/workspace/build/task_1b
[1.137s] Level 1:colcon.colcon_core.environment:checking '/home/p1kachu/eYRC_26-27_Hola-The-Explorer/Software/workspace/install/task_1b' for CMake module files
[1.138s] Level 1:colcon.colcon_core.environment:checking '/home/p1kachu/eYRC_26-27_Hola-The-Explorer/Software/workspace/install/task_1b' for CMake config files
[1.139s] Level 1:colcon.colcon_core.shell:create_environment_hook('task_1b', 'cmake_prefix_path')
[1.139s] INFO:colcon.colcon_core.shell:Creating environment hook '/home/p1kachu/eYRC_26-27_Hola-The-Explorer/Software/workspace/install/task_1b/share/task_1b/hook/cmake_prefix_path.ps1'
[1.140s] INFO:colcon.colcon_core.shell:Creating environment descriptor '/home/p1kachu/eYRC_26-27_Hola-The-Explorer/Software/workspace/install/task_1b/share/task_1b/hook/cmake_prefix_path.dsv'
[1.141s] INFO:colcon.colcon_core.shell:Creating environment hook '/home/p1kachu/eYRC_26-27_Hola-The-Explorer/Software/workspace/install/task_1b/share/task_1b/hook/cmake_prefix_path.sh'
[1.142s] Level 1:colcon.colcon_core.environment:checking '/home/p1kachu/eYRC_26-27_Hola-The-Explorer/Software/workspace/install/task_1b/lib'
[1.142s] Level 1:colcon.colcon_core.environment:checking '/home/p1kachu/eYRC_26-27_Hola-The-Explorer/Software/workspace/install/task_1b/bin'
[1.142s] Level 1:colcon.colcon_core.environment:checking '/home/p1kachu/eYRC_26-27_Hola-The-Explorer/Software/workspace/install/task_1b/lib/pkgconfig/task_1b.pc'
[1.142s] Level 1:colcon.colcon_core.environment:checking '/home/p1kachu/eYRC_26-27_Hola-The-Explorer/Software/workspace/install/task_1b/lib/python3.10/site-packages'
[1.143s] Level 1:colcon.colcon_core.environment:checking '/home/p1kachu/eYRC_26-27_Hola-The-Explorer/Software/workspace/install/task_1b/bin'
[1.143s] INFO:colcon.colcon_core.shell:Creating package script '/home/p1kachu/eYRC_26-27_Hola-The-Explorer/Software/workspace/install/task_1b/share/task_1b/package.ps1'
[1.144s] INFO:colcon.colcon_core.shell:Creating package descriptor '/home/p1kachu/eYRC_26-27_Hola-The-Explorer/Software/workspace/install/task_1b/share/task_1b/package.dsv'
[1.145s] INFO:colcon.colcon_core.shell:Creating package script '/home/p1kachu/eYRC_26-27_Hola-The-Explorer/Software/workspace/install/task_1b/share/task_1b/package.sh'
[1.146s] INFO:colcon.colcon_core.shell:Creating package script '/home/p1kachu/eYRC_26-27_Hola-The-Explorer/Software/workspace/install/task_1b/share/task_1b/package.bash'
[1.147s] INFO:colcon.colcon_core.shell:Creating package script '/home/p1kachu/eYRC_26-27_Hola-The-Explorer/Software/workspace/install/task_1b/share/task_1b/package.zsh'
[1.147s] Level 1:colcon.colcon_core.environment:create_file_with_runtime_dependencies(/home/p1kachu/eYRC_26-27_Hola-The-Explorer/Software/workspace/install/task_1b/share/colcon-core/packages/task_1b)
[1.148s] Level 1:colcon.colcon_core.environment:create_environment_scripts_only(task_1b)
[1.148s] Level 1:colcon.colcon_core.environment:checking '/home/p1kachu/eYRC_26-27_Hola-The-Explorer/Software/workspace/install/task_1b' for CMake module files
[1.149s] Level 1:colcon.colcon_core.environment:checking '/home/p1kachu/eYRC_26-27_Hola-The-Explorer/Software/workspace/install/task_1b' for CMake config files
[1.149s] Level 1:colcon.colcon_core.shell:create_environment_hook('task_1b', 'cmake_prefix_path')
[1.149s] INFO:colcon.colcon_core.shell:Creating environment hook '/home/p1kachu/eYRC_26-27_Hola-The-Explorer/Software/workspace/install/task_1b/share/task_1b/hook/cmake_prefix_path.ps1'
[1.149s] INFO:colcon.colcon_core.shell:Creating environment descriptor '/home/p1kachu/eYRC_26-27_Hola-The-Explorer/Software/workspace/install/task_1b/share/task_1b/hook/cmake_prefix_path.dsv'
[1.150s] INFO:colcon.colcon_core.shell:Creating environment hook '/home/p1kachu/eYRC_26-27_Hola-The-Explorer/Software/workspace/install/task_1b/share/task_1b/hook/cmake_prefix_path.sh'
[1.150s] Level 1:colcon.colcon_core.environment:checking '/home/p1kachu/eYRC_26-27_Hola-The-Explorer/Software/workspace/install/task_1b/lib'
[1.150s] Level 1:colcon.colcon_core.environment:checking '/home/p1kachu/eYRC_26-27_Hola-The-Explorer/Software/workspace/install/task_1b/bin'
[1.150s] Level 1:colcon.colcon_core.environment:checking '/home/p1kachu/eYRC_26-27_Hola-The-Explorer/Software/workspace/install/task_1b/lib/pkgconfig/task_1b.pc'
[1.151s] Level 1:colcon.colcon_core.environment:checking '/home/p1kachu/eYRC_26-27_Hola-The-Explorer/Software/workspace/install/task_1b/lib/python3.10/site-packages'
[1.151s] Level 1:colcon.colcon_core.environment:checking '/home/p1kachu/eYRC_26-27_Hola-The-Explorer/Software/workspace/install/task_1b/bin'
[1.151s] INFO:colcon.colcon_core.shell:Creating package script '/home/p1kachu/eYRC_26-27_Hola-The-Explorer/Software/workspace/install/task_1b/share/task_1b/package.ps1'
[1.152s] INFO:colcon.colcon_core.shell:Creating package descriptor '/home/p1kachu/eYRC_26-27_Hola-The-Explorer/Software/workspace/install/task_1b/share/task_1b/package.dsv'
[1.152s] INFO:colcon.colcon_core.shell:Creating package script '/home/p1kachu/eYRC_26-27_Hola-The-Explorer/Software/workspace/install/task_1b/share/task_1b/package.sh'
[1.153s] INFO:colcon.colcon_core.shell:Creating package script '/home/p1kachu/eYRC_26-27_Hola-The-Explorer/Software/workspace/install/task_1b/share/task_1b/package.bash'
[1.154s] INFO:colcon.colcon_core.shell:Creating package script '/home/p1kachu/eYRC_26-27_Hola-The-Explorer/Software/workspace/install/task_1b/share/task_1b/package.zsh'
[1.155s] Level 1:colcon.colcon_core.environment:create_file_with_runtime_dependencies(/home/p1kachu/eYRC_26-27_Hola-The-Explorer/Software/workspace/install/task_1b/share/colcon-core/packages/task_1b)
[1.175s] Level 1:colcon.colcon_core.environment:create_environment_scripts_only(shape_interface)
[1.176s] Level 1:colcon.colcon_core.environment:checking '/home/p1kachu/eYRC_26-27_Hola-The-Explorer/Software/workspace/install/shape_interface' for CMake module files
[1.179s] DEBUG:colcon.colcon_core.event_handler.log_command:Invoked command in '/home/p1kachu/eYRC_26-27_Hola-The-Explorer/Software/workspace/build/shape_interface' returned '0': CMAKE_PREFIX_PATH=${CMAKE_PREFIX_PATH}:/opt/ros/humble /usr/bin/cmake --install /home/p1kachu/eYRC_26-27_Hola-The-Explorer/Software/workspace/build/shape_interface
[1.180s] Level 1:colcon.colcon_core.environment:checking '/home/p1kachu/eYRC_26-27_Hola-The-Explorer/Software/workspace/install/shape_interface' for CMake config files
[1.181s] Level 1:colcon.colcon_core.shell:create_environment_hook('shape_interface', 'cmake_prefix_path')
[1.181s] INFO:colcon.colcon_core.shell:Creating environment hook '/home/p1kachu/eYRC_26-27_Hola-The-Explorer/Software/workspace/install/shape_interface/share/shape_interface/hook/cmake_prefix_path.ps1'
[1.182s] INFO:colcon.colcon_core.shell:Creating environment descriptor '/home/p1kachu/eYRC_26-27_Hola-The-Explorer/Software/workspace/install/shape_interface/share/shape_interface/hook/cmake_prefix_path.dsv'
[1.183s] INFO:colcon.colcon_core.shell:Creating environment hook '/home/p1kachu/eYRC_26-27_Hola-The-Explorer/Software/workspace/install/shape_interface/share/shape_interface/hook/cmake_prefix_path.sh'
[1.184s] Level 1:colcon.colcon_core.environment:checking '/home/p1kachu/eYRC_26-27_Hola-The-Explorer/Software/workspace/install/shape_interface/lib'
[1.184s] Level 1:colcon.colcon_core.shell:create_environment_hook('shape_interface', 'ld_library_path_lib')
[1.184s] INFO:colcon.colcon_core.shell:Creating environment hook '/home/p1kachu/eYRC_26-27_Hola-The-Explorer/Software/workspace/install/shape_interface/share/shape_interface/hook/ld_library_path_lib.ps1'
[1.185s] INFO:colcon.colcon_core.shell:Creating environment descriptor '/home/p1kachu/eYRC_26-27_Hola-The-Explorer/Software/workspace/install/shape_interface/share/shape_interface/hook/ld_library_path_lib.dsv'
[1.185s] INFO:colcon.colcon_core.shell:Creating environment hook '/home/p1kachu/eYRC_26-27_Hola-The-Explorer/Software/workspace/install/shape_interface/share/shape_interface/hook/ld_library_path_lib.sh'
[1.186s] Level 1:colcon.colcon_core.environment:checking '/home/p1kachu/eYRC_26-27_Hola-The-Explorer/Software/workspace/install/shape_interface/bin'
[1.186s] Level 1:colcon.colcon_core.environment:checking '/home/p1kachu/eYRC_26-27_Hola-The-Explorer/Software/workspace/install/shape_interface/lib/pkgconfig/shape_interface.pc'
[1.186s] Level 1:colcon.colcon_core.environment:checking '/home/p1kachu/eYRC_26-27_Hola-The-Explorer/Software/workspace/install/shape_interface/lib/python3.10/site-packages'
[1.186s] Level 1:colcon.colcon_core.environment:checking '/home/p1kachu/eYRC_26-27_Hola-The-Explorer/Software/workspace/install/shape_interface/bin'
[1.187s] INFO:colcon.colcon_core.shell:Creating package script '/home/p1kachu/eYRC_26-27_Hola-The-Explorer/Software/workspace/install/shape_interface/share/shape_interface/package.ps1'
[1.187s] INFO:colcon.colcon_core.shell:Creating package descriptor '/home/p1kachu/eYRC_26-27_Hola-The-Explorer/Software/workspace/install/shape_interface/share/shape_interface/package.dsv'
[1.188s] INFO:colcon.colcon_core.shell:Creating package script '/home/p1kachu/eYRC_26-27_Hola-The-Explorer/Software/workspace/install/shape_interface/share/shape_interface/package.sh'
[1.188s] INFO:colcon.colcon_core.shell:Creating package script '/home/p1kachu/eYRC_26-27_Hola-The-Explorer/Software/workspace/install/shape_interface/share/shape_interface/package.bash'
[1.189s] INFO:colcon.colcon_core.shell:Creating package script '/home/p1kachu/eYRC_26-27_Hola-The-Explorer/Software/workspace/install/shape_interface/share/shape_interface/package.zsh'
[1.189s] Level 1:colcon.colcon_core.environment:create_file_with_runtime_dependencies(/home/p1kachu/eYRC_26-27_Hola-The-Explorer/Software/workspace/install/shape_interface/share/colcon-core/packages/shape_interface)
[1.190s] Level 1:colcon.colcon_core.environment:create_environment_scripts_only(shape_interface)
[1.190s] Level 1:colcon.colcon_core.environment:checking '/home/p1kachu/eYRC_26-27_Hola-The-Explorer/Software/workspace/install/shape_interface' for CMake module files
[1.191s] Level 1:colcon.colcon_core.environment:checking '/home/p1kachu/eYRC_26-27_Hola-The-Explorer/Software/workspace/install/shape_interface' for CMake config files
[1.191s] Level 1:colcon.colcon_core.shell:create_environment_hook('shape_interface', 'cmake_prefix_path')
[1.191s] INFO:colcon.colcon_core.shell:Creating environment hook '/home/p1kachu/eYRC_26-27_Hola-The-Explorer/Software/workspace/install/shape_interface/share/shape_interface/hook/cmake_prefix_path.ps1'
[1.192s] INFO:colcon.colcon_core.shell:Creating environment descriptor '/home/p1kachu/eYRC_26-27_Hola-The-Explorer/Software/workspace/install/shape_interface/share/shape_interface/hook/cmake_prefix_path.dsv'
[1.192s] INFO:colcon.colcon_core.shell:Creating environment hook '/home/p1kachu/eYRC_26-27_Hola-The-Explorer/Software/workspace/install/shape_interface/share/shape_interface/hook/cmake_prefix_path.sh'
[1.193s] Level 1:colcon.colcon_core.environment:checking '/home/p1kachu/eYRC_26-27_Hola-The-Explorer/Software/workspace/install/shape_interface/lib'
[1.193s] Level 1:colcon.colcon_core.shell:create_environment_hook('shape_interface', 'ld_library_path_lib')
[1.193s] INFO:colcon.colcon_core.shell:Creating environment hook '/home/p1kachu/eYRC_26-27_Hola-The-Explorer/Software/workspace/install/shape_interface/share/shape_interface/hook/ld_library_path_lib.ps1'
[1.194s] INFO:colcon.colcon_core.shell:Creating environment descriptor '/home/p1kachu/eYRC_26-27_Hola-The-Explorer/Software/workspace/install/shape_interface/share/shape_interface/hook/ld_library_path_lib.dsv'
[1.194s] INFO:colcon.colcon_core.shell:Creating environment hook '/home/p1kachu/eYRC_26-27_Hola-The-Explorer/Software/workspace/install/shape_interface/share/shape_interface/hook/ld_library_path_lib.sh'
[1.195s] Level 1:colcon.colcon_core.environment:checking '/home/p1kachu/eYRC_26-27_Hola-The-Explorer/Software/workspace/install/shape_interface/bin'
[1.195s] Level 1:colcon.colcon_core.environment:checking '/home/p1kachu/eYRC_26-27_Hola-The-Explorer/Software/workspace/install/shape_interface/lib/pkgconfig/shape_interface.pc'
[1.195s] Level 1:colcon.colcon_core.environment:checking '/home/p1kachu/eYRC_26-27_Hola-The-Explorer/Software/workspace/install/shape_interface/lib/python3.10/site-packages'
[1.195s] Level 1:colcon.colcon_core.environment:checking '/home/p1kachu/eYRC_26-27_Hola-The-Explorer/Software/workspace/install/shape_interface/bin'
[1.196s] INFO:colcon.colcon_core.shell:Creating package script '/home/p1kachu/eYRC_26-27_Hola-The-Explorer/Software/workspace/install/shape_interface/share/shape_interface/package.ps1'
[1.196s] INFO:colcon.colcon_core.shell:Creating package descriptor '/home/p1kachu/eYRC_26-27_Hola-The-Explorer/Software/workspace/install/shape_interface/share/shape_interface/package.dsv'
[1.197s] INFO:colcon.colcon_core.shell:Creating package script '/home/p1kachu/eYRC_26-27_Hola-The-Explorer/Software/workspace/install/shape_interface/share/shape_interface/package.sh'
[1.197s] INFO:colcon.colcon_core.shell:Creating package script '/home/p1kachu/eYRC_26-27_Hola-The-Explorer/Software/workspace/install/shape_interface/share/shape_interface/package.bash'
[1.198s] INFO:colcon.colcon_core.shell:Creating package script '/home/p1kachu/eYRC_26-27_Hola-The-Explorer/Software/workspace/install/shape_interface/share/shape_interface/package.zsh'
[1.198s] Level 1:colcon.colcon_core.environment:create_file_with_runtime_dependencies(/home/p1kachu/eYRC_26-27_Hola-The-Explorer/Software/workspace/install/shape_interface/share/colcon-core/packages/shape_interface)
[1.199s] INFO:colcon.colcon_ros.task.ament_cmake.build:Building ROS package in '/home/p1kachu/eYRC_26-27_Hola-The-Explorer/Software/workspace/src/task_1a' with build type 'ament_cmake'
[1.199s] INFO:colcon.colcon_cmake.task.cmake.build:Building CMake package in '/home/p1kachu/eYRC_26-27_Hola-The-Explorer/Software/workspace/src/task_1a'
[1.199s] INFO:colcon.colcon_core.shell:Skip shell extension 'powershell' for command environment: Not usable outside of PowerShell
[1.200s] DEBUG:colcon.colcon_core.shell:Skip shell extension 'dsv' for command environment
[1.204s] INFO:colcon.colcon_ros.task.ament_cmake.build:Building ROS package in '/home/p1kachu/eYRC_26-27_Hola-The-Explorer/Software/workspace/src/task_1c' with build type 'ament_cmake'
[1.204s] INFO:colcon.colcon_cmake.task.cmake.build:Building CMake package in '/home/p1kachu/eYRC_26-27_Hola-The-Explorer/Software/workspace/src/task_1c'
[1.204s] INFO:colcon.colcon_core.shell:Skip shell extension 'powershell' for command environment: Not usable outside of PowerShell
[1.205s] DEBUG:colcon.colcon_core.shell:Skip shell extension 'dsv' for command environment
[1.214s] DEBUG:colcon.colcon_core.event_handler.log_command:Invoking command in '/home/p1kachu/eYRC_26-27_Hola-The-Explorer/Software/workspace/build/task_1a': CMAKE_PREFIX_PATH=/home/p1kachu/eYRC_26-27_Hola-The-Explorer/Software/workspace/install/shape_interface:/home/p1kachu/eYRC_26-27_Hola-The-Explorer/Software/workspace/install/task_1c:/home/p1kachu/eYRC_26-27_Hola-The-Explorer/Software/workspace/install/task_1b:/home/p1kachu/eYRC_26-27_Hola-The-Explorer/Software/workspace/install/hb_description:/home/p1kachu/eYRC_26-27_Hola-The-Explorer/Software/workspace/install/task_1a:/opt/ros/humble LD_LIBRARY_PATH=/home/p1kachu/eYRC_26-27_Hola-The-Explorer/Software/workspace/install/shape_interface/lib:/home/p1kachu/eYRC_26-27_Hola-The-Explorer/Software/workspace/install/hb_description/lib:/opt/ros/humble/opt/rviz_ogre_vendor/lib:/opt/ros/humble/lib/x86_64-linux-gnu:/opt/ros/humble/lib /usr/bin/cmake --build /home/p1kachu/eYRC_26-27_Hola-The-Explorer/Software/workspace/build/task_1a -- -j18 -l18
[1.219s] DEBUG:colcon.colcon_core.event_handler.log_command:Invoking command in '/home/p1kachu/eYRC_26-27_Hola-The-Explorer/Software/workspace/build/task_1c': CMAKE_PREFIX_PATH=/home/p1kachu/eYRC_26-27_Hola-The-Explorer/Software/workspace/install/shape_interface:/home/p1kachu/eYRC_26-27_Hola-The-Explorer/Software/workspace/install/task_1c:/home/p1kachu/eYRC_26-27_Hola-The-Explorer/Software/workspace/install/task_1b:/home/p1kachu/eYRC_26-27_Hola-The-Explorer/Software/workspace/install/hb_description:/home/p1kachu/eYRC_26-27_Hola-The-Explorer/Software/workspace/install/task_1a:/opt/ros/humble LD_LIBRARY_PATH=/home/p1kachu/eYRC_26-27_Hola-The-Explorer/Software/workspace/install/shape_interface/lib:/home/p1kachu/eYRC_26-27_Hola-The-Explorer/Software/workspace/install/hb_description/lib:/opt/ros/humble/opt/rviz_ogre_vendor/lib:/opt/ros/humble/lib/x86_64-linux-gnu:/opt/ros/humble/lib /usr/bin/cmake --build /home/p1kachu/eYRC_26-27_Hola-The-Explorer/Software/workspace/build/task_1c -- -j18 -l18
[1.275s] DEBUG:colcon.colcon_core.event_handler.log_command:Invoked command in '/home/p1kachu/eYRC_26-27_Hola-The-Explorer/Software/workspace/build/task_1c' returned '0': CMAKE_PREFIX_PATH=/home/p1kachu/eYRC_26-27_Hola-The-Explorer/Software/workspace/install/shape_interface:/home/p1kachu/eYRC_26-27_Hola-The-Explorer/Software/workspace/install/task_1c:/home/p1kachu/eYRC_26-27_Hola-The-Explorer/Software/workspace/install/task_1b:/home/p1kachu/eYRC_26-27_Hola-The-Explorer/Software/workspace/install/hb_description:/home/p1kachu/eYRC_26-27_Hola-The-Explorer/Software/workspace/install/task_1a:/opt/ros/humble LD_LIBRARY_PATH=/home/p1kachu/eYRC_26-27_Hola-The-Explorer/Software/workspace/install/shape_interface/lib:/home/p1kachu/eYRC_26-27_Hola-The-Explorer/Software/workspace/install/hb_description/lib:/opt/ros/humble/opt/rviz_ogre_vendor/lib:/opt/ros/humble/lib/x86_64-linux-gnu:/opt/ros/humble/lib /usr/bin/cmake --build /home/p1kachu/eYRC_26-27_Hola-The-Explorer/Software/workspace/build/task_1c -- -j18 -l18
[1.278s] DEBUG:colcon.colcon_core.event_handler.log_command:Invoking command in '/home/p1kachu/eYRC_26-27_Hola-The-Explorer/Software/workspace/build/task_1c': CMAKE_PREFIX_PATH=/home/p1kachu/eYRC_26-27_Hola-The-Explorer/Software/workspace/install/shape_interface:/home/p1kachu/eYRC_26-27_Hola-The-Explorer/Software/workspace/install/task_1c:/home/p1kachu/eYRC_26-27_Hola-The-Explorer/Software/workspace/install/task_1b:/home/p1kachu/eYRC_26-27_Hola-The-Explorer/Software/workspace/install/hb_description:/home/p1kachu/eYRC_26-27_Hola-The-Explorer/Software/workspace/install/task_1a:/opt/ros/humble LD_LIBRARY_PATH=/home/p1kachu/eYRC_26-27_Hola-The-Explorer/Software/workspace/install/shape_interface/lib:/home/p1kachu/eYRC_26-27_Hola-The-Explorer/Software/workspace/install/hb_description/lib:/opt/ros/humble/opt/rviz_ogre_vendor/lib:/opt/ros/humble/lib/x86_64-linux-gnu:/opt/ros/humble/lib /usr/bin/cmake --install /home/p1kachu/eYRC_26-27_Hola-The-Explorer/Software/workspace/build/task_1c
[1.295s] Level 1:colcon.colcon_core.environment:create_environment_scripts_only(task_1c)
[1.296s] Level 1:colcon.colcon_core.environment:checking '/home/p1kachu/eYRC_26-27_Hola-The-Explorer/Software/workspace/install/task_1c' for CMake module files
[1.297s] DEBUG:colcon.colcon_core.event_handler.log_command:Invoked command in '/home/p1kachu/eYRC_26-27_Hola-The-Explorer/Software/workspace/build/task_1c' returned '0': CMAKE_PREFIX_PATH=/home/p1kachu/eYRC_26-27_Hola-The-Explorer/Software/workspace/install/shape_interface:/home/p1kachu/eYRC_26-27_Hola-The-Explorer/Software/workspace/install/task_1c:/home/p1kachu/eYRC_26-27_Hola-The-Explorer/Software/workspace/install/task_1b:/home/p1kachu/eYRC_26-27_Hola-The-Explorer/Software/workspace/install/hb_description:/home/p1kachu/eYRC_26-27_Hola-The-Explorer/Software/workspace/install/task_1a:/opt/ros/humble LD_LIBRARY_PATH=/home/p1kachu/eYRC_26-27_Hola-The-Explorer/Software/workspace/install/shape_interface/lib:/home/p1kachu/eYRC_26-27_Hola-The-Explorer/Software/workspace/install/hb_description/lib:/opt/ros/humble/opt/rviz_ogre_vendor/lib:/opt/ros/humble/lib/x86_64-linux-gnu:/opt/ros/humble/lib /usr/bin/cmake --install /home/p1kachu/eYRC_26-27_Hola-The-Explorer/Software/workspace/build/task_1c
[1.298s] Level 1:colcon.colcon_core.environment:checking '/home/p1kachu/eYRC_26-27_Hola-The-Explorer/Software/workspace/install/task_1c' for CMake config files
[1.298s] Level 1:colcon.colcon_core.shell:create_environment_hook('task_1c', 'cmake_prefix_path')
[1.299s] INFO:colcon.colcon_core.shell:Creating environment hook '/home/p1kachu/eYRC_26-27_Hola-The-Explorer/Software/workspace/install/task_1c/share/task_1c/hook/cmake_prefix_path.ps1'
[1.300s] INFO:colcon.colcon_core.shell:Creating environment descriptor '/home/p1kachu/eYRC_26-27_Hola-The-Explorer/Software/workspace/install/task_1c/share/task_1c/hook/cmake_prefix_path.dsv'
[1.301s] INFO:colcon.colcon_core.shell:Creating environment hook '/home/p1kachu/eYRC_26-27_Hola-The-Explorer/Software/workspace/install/task_1c/share/task_1c/hook/cmake_prefix_path.sh'
[1.302s] Level 1:colcon.colcon_core.environment:checking '/home/p1kachu/eYRC_26-27_Hola-The-Explorer/Software/workspace/install/task_1c/lib'
[1.302s] Level 1:colcon.colcon_core.environment:checking '/home/p1kachu/eYRC_26-27_Hola-The-Explorer/Software/workspace/install/task_1c/bin'
[1.302s] Level 1:colcon.colcon_core.environment:checking '/home/p1kachu/eYRC_26-27_Hola-The-Explorer/Software/workspace/install/task_1c/lib/pkgconfig/task_1c.pc'
[1.303s] Level 1:colcon.colcon_core.environment:checking '/home/p1kachu/eYRC_26-27_Hola-The-Explorer/Software/workspace/install/task_1c/lib/python3.10/site-packages'
[1.304s] Level 1:colcon.colcon_core.environment:checking '/home/p1kachu/eYRC_26-27_Hola-The-Explorer/Software/workspace/install/task_1c/bin'
[1.304s] INFO:colcon.colcon_core.shell:Creating package script '/home/p1kachu/eYRC_26-27_Hola-The-Explorer/Software/workspace/install/task_1c/share/task_1c/package.ps1'
[1.305s] INFO:colcon.colcon_core.shell:Creating package descriptor '/home/p1kachu/eYRC_26-27_Hola-The-Explorer/Software/workspace/install/task_1c/share/task_1c/package.dsv'
[1.306s] INFO:colcon.colcon_core.shell:Creating package script '/home/p1kachu/eYRC_26-27_Hola-The-Explorer/Software/workspace/install/task_1c/share/task_1c/package.sh'
[1.307s] INFO:colcon.colcon_core.shell:Creating package script '/home/p1kachu/eYRC_26-27_Hola-The-Explorer/Software/workspace/install/task_1c/share/task_1c/package.bash'
[1.308s] INFO:colcon.colcon_core.shell:Creating package script '/home/p1kachu/eYRC_26-27_Hola-The-Explorer/Software/workspace/install/task_1c/share/task_1c/package.zsh'
[1.308s] Level 1:colcon.colcon_core.environment:create_file_with_runtime_dependencies(/home/p1kachu/eYRC_26-27_Hola-The-Explorer/Software/workspace/install/task_1c/share/colcon-core/packages/task_1c)
[1.309s] Level 1:colcon.colcon_core.environment:create_environment_scripts_only(task_1c)
[1.310s] Level 1:colcon.colcon_core.environment:checking '/home/p1kachu/eYRC_26-27_Hola-The-Explorer/Software/workspace/install/task_1c' for CMake module files
[1.311s] Level 1:colcon.colcon_core.environment:checking '/home/p1kachu/eYRC_26-27_Hola-The-Explorer/Software/workspace/install/task_1c' for CMake config files
[1.311s] Level 1:colcon.colcon_core.shell:create_environment_hook('task_1c', 'cmake_prefix_path')
[1.312s] INFO:colcon.colcon_core.shell:Creating environment hook '/home/p1kachu/eYRC_26-27_Hola-The-Explorer/Software/workspace/install/task_1c/share/task_1c/hook/cmake_prefix_path.ps1'
[1.312s] INFO:colcon.colcon_core.shell:Creating environment descriptor '/home/p1kachu/eYRC_26-27_Hola-The-Explorer/Software/workspace/install/task_1c/share/task_1c/hook/cmake_prefix_path.dsv'
[1.313s] INFO:colcon.colcon_core.shell:Creating environment hook '/home/p1kachu/eYRC_26-27_Hola-The-Explorer/Software/workspace/install/task_1c/share/task_1c/hook/cmake_prefix_path.sh'
[1.314s] Level 1:colcon.colcon_core.environment:checking '/home/p1kachu/eYRC_26-27_Hola-The-Explorer/Software/workspace/install/task_1c/lib'
[1.314s] Level 1:colcon.colcon_core.environment:checking '/home/p1kachu/eYRC_26-27_Hola-The-Explorer/Software/workspace/install/task_1c/bin'
[1.315s] Level 1:colcon.colcon_core.environment:checking '/home/p1kachu/eYRC_26-27_Hola-The-Explorer/Software/workspace/install/task_1c/lib/pkgconfig/task_1c.pc'
[1.315s] Level 1:colcon.colcon_core.environment:checking '/home/p1kachu/eYRC_26-27_Hola-The-Explorer/Software/workspace/install/task_1c/lib/python3.10/site-packages'
[1.316s] Level 1:colcon.colcon_core.environment:checking '/home/p1kachu/eYRC_26-27_Hola-The-Explorer/Software/workspace/install/task_1c/bin'
[1.317s] INFO:colcon.colcon_core.shell:Creating package script '/home/p1kachu/eYRC_26-27_Hola-The-Explorer/Software/workspace/install/task_1c/share/task_1c/package.ps1'
[1.318s] INFO:colcon.colcon_core.shell:Creating package descriptor '/home/p1kachu/eYRC_26-27_Hola-The-Explorer/Software/workspace/install/task_1c/share/task_1c/package.dsv'
[1.319s] INFO:colcon.colcon_core.shell:Creating package script '/home/p1kachu/eYRC_26-27_Hola-The-Explorer/Software/workspace/install/task_1c/share/task_1c/package.sh'
[1.320s] INFO:colcon.colcon_core.shell:Creating package script '/home/p1kachu/eYRC_26-27_Hola-The-Explorer/Software/workspace/install/task_1c/share/task_1c/package.bash'
[1.321s] INFO:colcon.colcon_core.shell:Creating package script '/home/p1kachu/eYRC_26-27_Hola-The-Explorer/Software/workspace/install/task_1c/share/task_1c/package.zsh'
[1.322s] Level 1:colcon.colcon_core.environment:create_file_with_runtime_dependencies(/home/p1kachu/eYRC_26-27_Hola-The-Explorer/Software/workspace/install/task_1c/share/colcon-core/packages/task_1c)
[1.668s] DEBUG:colcon.colcon_core.event_handler.log_command:Invoked command in '/home/p1kachu/eYRC_26-27_Hola-The-Explorer/Software/workspace/build/task_1a' returned '0': CMAKE_PREFIX_PATH=/home/p1kachu/eYRC_26-27_Hola-The-Explorer/Software/workspace/install/shape_interface:/home/p1kachu/eYRC_26-27_Hola-The-Explorer/Software/workspace/install/task_1c:/home/p1kachu/eYRC_26-27_Hola-The-Explorer/Software/workspace/install/task_1b:/home/p1kachu/eYRC_26-27_Hola-The-Explorer/Software/workspace/install/hb_description:/home/p1kachu/eYRC_26-27_Hola-The-Explorer/Software/workspace/install/task_1a:/opt/ros/humble LD_LIBRARY_PATH=/home/p1kachu/eYRC_26-27_Hola-The-Explorer/Software/workspace/install/shape_interface/lib:/home/p1kachu/eYRC_26-27_Hola-The-Explorer/Software/workspace/install/hb_description/lib:/opt/ros/humble/opt/rviz_ogre_vendor/lib:/opt/ros/humble/lib/x86_64-linux-gnu:/opt/ros/humble/lib /usr/bin/cmake --build /home/p1kachu/eYRC_26-27_Hola-The-Explorer/Software/workspace/build/task_1a -- -j18 -l18
[1.672s] DEBUG:colcon.colcon_core.event_handler.log_command:Invoking command in '/home/p1kachu/eYRC_26-27_Hola-The-Explorer/Software/workspace/build/task_1a': CMAKE_PREFIX_PATH=/home/p1kachu/eYRC_26-27_Hola-The-Explorer/Software/workspace/install/shape_interface:/home/p1kachu/eYRC_26-27_Hola-The-Explorer/Software/workspace/install/task_1c:/home/p1kachu/eYRC_26-27_Hola-The-Explorer/Software/workspace/install/task_1b:/home/p1kachu/eYRC_26-27_Hola-The-Explorer/Software/workspace/install/hb_description:/home/p1kachu/eYRC_26-27_Hola-The-Explorer/Software/workspace/install/task_1a:/opt/ros/humble LD_LIBRARY_PATH=/home/p1kachu/eYRC_26-27_Hola-The-Explorer/Software/workspace/install/shape_interface/lib:/home/p1kachu/eYRC_26-27_Hola-The-Explorer/Software/workspace/install/hb_description/lib:/opt/ros/humble/opt/rviz_ogre_vendor/lib:/opt/ros/humble/lib/x86_64-linux-gnu:/opt/ros/humble/lib /usr/bin/cmake --install /home/p1kachu/eYRC_26-27_Hola-The-Explorer/Software/workspace/build/task_1a
[1.747s] Level 1:colcon.colcon_core.environment:create_environment_scripts_only(task_1a)
[1.748s] DEBUG:colcon.colcon_core.event_handler.log_command:Invoked command in '/home/p1kachu/eYRC_26-27_Hola-The-Explorer/Software/workspace/build/task_1a' returned '0': CMAKE_PREFIX_PATH=/home/p1kachu/eYRC_26-27_Hola-The-Explorer/Software/workspace/install/shape_interface:/home/p1kachu/eYRC_26-27_Hola-The-Explorer/Software/workspace/install/task_1c:/home/p1kachu/eYRC_26-27_Hola-The-Explorer/Software/workspace/install/task_1b:/home/p1kachu/eYRC_26-27_Hola-The-Explorer/Software/workspace/install/hb_description:/home/p1kachu/eYRC_26-27_Hola-The-Explorer/Software/workspace/install/task_1a:/opt/ros/humble LD_LIBRARY_PATH=/home/p1kachu/eYRC_26-27_Hola-The-Explorer/Software/workspace/install/shape_interface/lib:/home/p1kachu/eYRC_26-27_Hola-The-Explorer/Software/workspace/install/hb_description/lib:/opt/ros/humble/opt/rviz_ogre_vendor/lib:/opt/ros/humble/lib/x86_64-linux-gnu:/opt/ros/humble/lib /usr/bin/cmake --install /home/p1kachu/eYRC_26-27_Hola-The-Explorer/Software/workspace/build/task_1a
[1.749s] Level 1:colcon.colcon_core.environment:checking '/home/p1kachu/eYRC_26-27_Hola-The-Explorer/Software/workspace/install/task_1a' for CMake module files
[1.750s] Level 1:colcon.colcon_core.environment:checking '/home/p1kachu/eYRC_26-27_Hola-The-Explorer/Software/workspace/install/task_1a' for CMake config files
[1.750s] Level 1:colcon.colcon_core.shell:create_environment_hook('task_1a', 'cmake_prefix_path')
[1.751s] INFO:colcon.colcon_core.shell:Creating environment hook '/home/p1kachu/eYRC_26-27_Hola-The-Explorer/Software/workspace/install/task_1a/share/task_1a/hook/cmake_prefix_path.ps1'
[1.752s] INFO:colcon.colcon_core.shell:Creating environment descriptor '/home/p1kachu/eYRC_26-27_Hola-The-Explorer/Software/workspace/install/task_1a/share/task_1a/hook/cmake_prefix_path.dsv'
[1.752s] INFO:colcon.colcon_core.shell:Creating environment hook '/home/p1kachu/eYRC_26-27_Hola-The-Explorer/Software/workspace/install/task_1a/share/task_1a/hook/cmake_prefix_path.sh'
[1.753s] Level 1:colcon.colcon_core.environment:checking '/home/p1kachu/eYRC_26-27_Hola-The-Explorer/Software/workspace/install/task_1a/lib'
[1.753s] Level 1:colcon.colcon_core.environment:checking '/home/p1kachu/eYRC_26-27_Hola-The-Explorer/Software/workspace/install/task_1a/bin'
[1.753s] Level 1:colcon.colcon_core.environment:checking '/home/p1kachu/eYRC_26-27_Hola-The-Explorer/Software/workspace/install/task_1a/lib/pkgconfig/task_1a.pc'
[1.754s] Level 1:colcon.colcon_core.environment:checking '/home/p1kachu/eYRC_26-27_Hola-The-Explorer/Software/workspace/install/task_1a/lib/python3.10/site-packages'
[1.754s] Level 1:colcon.colcon_core.environment:checking '/home/p1kachu/eYRC_26-27_Hola-The-Explorer/Software/workspace/install/task_1a/bin'
[1.755s] INFO:colcon.colcon_core.shell:Creating package script '/home/p1kachu/eYRC_26-27_Hola-The-Explorer/Software/workspace/install/task_1a/share/task_1a/package.ps1'
[1.756s] INFO:colcon.colcon_core.shell:Creating package descriptor '/home/p1kachu/eYRC_26-27_Hola-The-Explorer/Software/workspace/install/task_1a/share/task_1a/package.dsv'
[1.756s] INFO:colcon.colcon_core.shell:Creating package script '/home/p1kachu/eYRC_26-27_Hola-The-Explorer/Software/workspace/install/task_1a/share/task_1a/package.sh'
[1.757s] INFO:colcon.colcon_core.shell:Creating package script '/home/p1kachu/eYRC_26-27_Hola-The-Explorer/Software/workspace/install/task_1a/share/task_1a/package.bash'
[1.757s] INFO:colcon.colcon_core.shell:Creating package script '/home/p1kachu/eYRC_26-27_Hola-The-Explorer/Software/workspace/install/task_1a/share/task_1a/package.zsh'
[1.758s] Level 1:colcon.colcon_core.environment:create_file_with_runtime_dependencies(/home/p1kachu/eYRC_26-27_Hola-The-Explorer/Software/workspace/install/task_1a/share/colcon-core/packages/task_1a)
[1.759s] Level 1:colcon.colcon_core.environment:create_environment_scripts_only(task_1a)
[1.759s] Level 1:colcon.colcon_core.environment:checking '/home/p1kachu/eYRC_26-27_Hola-The-Explorer/Software/workspace/install/task_1a' for CMake module files
[1.760s] Level 1:colcon.colcon_core.environment:checking '/home/p1kachu/eYRC_26-27_Hola-The-Explorer/Software/workspace/install/task_1a' for CMake config files
[1.760s] Level 1:colcon.colcon_core.shell:create_environment_hook('task_1a', 'cmake_prefix_path')
[1.760s] INFO:colcon.colcon_core.shell:Creating environment hook '/home/p1kachu/eYRC_26-27_Hola-The-Explorer/Software/workspace/install/task_1a/share/task_1a/hook/cmake_prefix_path.ps1'
[1.760s] INFO:colcon.colcon_core.shell:Creating environment descriptor '/home/p1kachu/eYRC_26-27_Hola-The-Explorer/Software/workspace/install/task_1a/share/task_1a/hook/cmake_prefix_path.dsv'
[1.761s] INFO:colcon.colcon_core.shell:Creating environment hook '/home/p1kachu/eYRC_26-27_Hola-The-Explorer/Software/workspace/install/task_1a/share/task_1a/hook/cmake_prefix_path.sh'
[1.761s] Level 1:colcon.colcon_core.environment:checking '/home/p1kachu/eYRC_26-27_Hola-The-Explorer/Software/workspace/install/task_1a/lib'
[1.761s] Level 1:colcon.colcon_core.environment:checking '/home/p1kachu/eYRC_26-27_Hola-The-Explorer/Software/workspace/install/task_1a/bin'
[1.761s] Level 1:colcon.colcon_core.environment:checking '/home/p1kachu/eYRC_26-27_Hola-The-Explorer/Software/workspace/install/task_1a/lib/pkgconfig/task_1a.pc'
[1.762s] Level 1:colcon.colcon_core.environment:checking '/home/p1kachu/eYRC_26-27_Hola-The-Explorer/Software/workspace/install/task_1a/lib/python3.10/site-packages'
[1.762s] Level 1:colcon.colcon_core.environment:checking '/home/p1kachu/eYRC_26-27_Hola-The-Explorer/Software/workspace/install/task_1a/bin'
[1.762s] INFO:colcon.colcon_core.shell:Creating package script '/home/p1kachu/eYRC_26-27_Hola-The-Explorer/Software/workspace/install/task_1a/share/task_1a/package.ps1'
[1.763s] INFO:colcon.colcon_core.shell:Creating package descriptor '/home/p1kachu/eYRC_26-27_Hola-The-Explorer/Software/workspace/install/task_1a/share/task_1a/package.dsv'
[1.763s] INFO:colcon.colcon_core.shell:Creating package script '/home/p1kachu/eYRC_26-27_Hola-The-Explorer/Software/workspace/install/task_1a/share/task_1a/package.sh'
[1.764s] INFO:colcon.colcon_core.shell:Creating package script '/home/p1kachu/eYRC_26-27_Hola-The-Explorer/Software/workspace/install/task_1a/share/task_1a/package.bash'
[1.764s] INFO:colcon.colcon_core.shell:Creating package script '/home/p1kachu/eYRC_26-27_Hola-The-Explorer/Software/workspace/install/task_1a/share/task_1a/package.zsh'
[1.765s] Level 1:colcon.colcon_core.environment:create_file_with_runtime_dependencies(/home/p1kachu/eYRC_26-27_Hola-The-Explorer/Software/workspace/install/task_1a/share/colcon-core/packages/task_1a)
[1.765s] INFO:colcon.colcon_ros.task.ament_cmake.build:Building ROS package in '/home/p1kachu/eYRC_26-27_Hola-The-Explorer/Software/workspace/src/hb_description' with build type 'ament_cmake'
[1.765s] INFO:colcon.colcon_cmake.task.cmake.build:Building CMake package in '/home/p1kachu/eYRC_26-27_Hola-The-Explorer/Software/workspace/src/hb_description'
[1.765s] INFO:colcon.colcon_core.shell:Skip shell extension 'powershell' for command environment: Not usable outside of PowerShell
[1.765s] DEBUG:colcon.colcon_core.shell:Skip shell extension 'dsv' for command environment
[1.784s] DEBUG:colcon.colcon_core.event_handler.log_command:Invoking command in '/home/p1kachu/eYRC_26-27_Hola-The-Explorer/Software/workspace/build/hb_description': CMAKE_PREFIX_PATH=/home/p1kachu/eYRC_26-27_Hola-The-Explorer/Software/workspace/install/task_1a:/home/p1kachu/eYRC_26-27_Hola-The-Explorer/Software/workspace/install/shape_interface:/home/p1kachu/eYRC_26-27_Hola-The-Explorer/Software/workspace/install/task_1c:/home/p1kachu/eYRC_26-27_Hola-The-Explorer/Software/workspace/install/task_1b:/home/p1kachu/eYRC_26-27_Hola-The-Explorer/Software/workspace/install/hb_description:/opt/ros/humble LD_LIBRARY_PATH=/home/p1kachu/eYRC_26-27_Hola-The-Explorer/Software/workspace/install/shape_interface/lib:/home/p1kachu/eYRC_26-27_Hola-The-Explorer/Software/workspace/install/hb_description/lib:/opt/ros/humble/opt/rviz_ogre_vendor/lib:/opt/ros/humble/lib/x86_64-linux-gnu:/opt/ros/humble/lib /usr/bin/cmake --build /home/p1kachu/eYRC_26-27_Hola-The-Explorer/Software/workspace/build/hb_description -- -j18 -l18
[1.846s] DEBUG:colcon.colcon_core.event_handler.log_command:Invoked command in '/home/p1kachu/eYRC_26-27_Hola-The-Explorer/Software/workspace/build/hb_description' returned '0': CMAKE_PREFIX_PATH=/home/p1kachu/eYRC_26-27_Hola-The-Explorer/Software/workspace/install/task_1a:/home/p1kachu/eYRC_26-27_Hola-The-Explorer/Software/workspace/install/shape_interface:/home/p1kachu/eYRC_26-27_Hola-The-Explorer/Software/workspace/install/task_1c:/home/p1kachu/eYRC_26-27_Hola-The-Explorer/Software/workspace/install/task_1b:/home/p1kachu/eYRC_26-27_Hola-The-Explorer/Software/workspace/install/hb_description:/opt/ros/humble LD_LIBRARY_PATH=/home/p1kachu/eYRC_26-27_Hola-The-Explorer/Software/workspace/install/shape_interface/lib:/home/p1kachu/eYRC_26-27_Hola-The-Explorer/Software/workspace/install/hb_description/lib:/opt/ros/humble/opt/rviz_ogre_vendor/lib:/opt/ros/humble/lib/x86_64-linux-gnu:/opt/ros/humble/lib /usr/bin/cmake --build /home/p1kachu/eYRC_26-27_Hola-The-Explorer/Software/workspace/build/hb_description -- -j18 -l18
[1.851s] DEBUG:colcon.colcon_core.event_handler.log_command:Invoking command in '/home/p1kachu/eYRC_26-27_Hola-The-Explorer/Software/workspace/build/hb_description': CMAKE_PREFIX_PATH=/home/p1kachu/eYRC_26-27_Hola-The-Explorer/Software/workspace/install/task_1a:/home/p1kachu/eYRC_26-27_Hola-The-Explorer/Software/workspace/install/shape_interface:/home/p1kachu/eYRC_26-27_Hola-The-Explorer/Software/workspace/install/task_1c:/home/p1kachu/eYRC_26-27_Hola-The-Explorer/Software/workspace/install/task_1b:/home/p1kachu/eYRC_26-27_Hola-The-Explorer/Software/workspace/install/hb_description:/opt/ros/humble LD_LIBRARY_PATH=/home/p1kachu/eYRC_26-27_Hola-The-Explorer/Software/workspace/install/shape_interface/lib:/home/p1kachu/eYRC_26-27_Hola-The-Explorer/Software/workspace/install/hb_description/lib:/opt/ros/humble/opt/rviz_ogre_vendor/lib:/opt/ros/humble/lib/x86_64-linux-gnu:/opt/ros/humble/lib /usr/bin/cmake --install /home/p1kachu/eYRC_26-27_Hola-The-Explorer/Software/workspace/build/hb_description
[1.877s] Level 1:colcon.colcon_core.environment:create_environment_scripts_only(hb_description)
[1.878s] Level 1:colcon.colcon_core.environment:checking '/home/p1kachu/eYRC_26-27_Hola-The-Explorer/Software/workspace/install/hb_description' for CMake module files
[1.879s] DEBUG:colcon.colcon_core.event_handler.log_command:Invoked command in '/home/p1kachu/eYRC_26-27_Hola-The-Explorer/Software/workspace/build/hb_description' returned '0': CMAKE_PREFIX_PATH=/home/p1kachu/eYRC_26-27_Hola-The-Explorer/Software/workspace/install/task_1a:/home/p1kachu/eYRC_26-27_Hola-The-Explorer/Software/workspace/install/shape_interface:/home/p1kachu/eYRC_26-27_Hola-The-Explorer/Software/workspace/install/task_1c:/home/p1kachu/eYRC_26-27_Hola-The-Explorer/Software/workspace/install/task_1b:/home/p1kachu/eYRC_26-27_Hola-The-Explorer/Software/workspace/install/hb_description:/opt/ros/humble LD_LIBRARY_PATH=/home/p1kachu/eYRC_26-27_Hola-The-Explorer/Software/workspace/install/shape_interface/lib:/home/p1kachu/eYRC_26-27_Hola-The-Explorer/Software/workspace/install/hb_description/lib:/opt/ros/humble/opt/rviz_ogre_vendor/lib:/opt/ros/humble/lib/x86_64-linux-gnu:/opt/ros/humble/lib /usr/bin/cmake --install /home/p1kachu/eYRC_26-27_Hola-The-Explorer/Software/workspace/build/hb_description
[1.880s] Level 1:colcon.colcon_core.environment:checking '/home/p1kachu/eYRC_26-27_Hola-The-Explorer/Software/workspace/install/hb_description' for CMake config files
[1.880s] Level 1:colcon.colcon_core.shell:create_environment_hook('hb_description', 'cmake_prefix_path')
[1.881s] INFO:colcon.colcon_core.shell:Creating environment hook '/home/p1kachu/eYRC_26-27_Hola-The-Explorer/Software/workspace/install/hb_description/share/hb_description/hook/cmake_prefix_path.ps1'
[1.882s] INFO:colcon.colcon_core.shell:Creating environment descriptor '/home/p1kachu/eYRC_26-27_Hola-The-Explorer/Software/workspace/install/hb_description/share/hb_description/hook/cmake_prefix_path.dsv'
[1.883s] INFO:colcon.colcon_core.shell:Creating environment hook '/home/p1kachu/eYRC_26-27_Hola-The-Explorer/Software/workspace/install/hb_description/share/hb_description/hook/cmake_prefix_path.sh'
[1.884s] Level 1:colcon.colcon_core.environment:checking '/home/p1kachu/eYRC_26-27_Hola-The-Explorer/Software/workspace/install/hb_description/lib'
[1.884s] Level 1:colcon.colcon_core.shell:create_environment_hook('hb_description', 'ld_library_path_lib')
[1.884s] INFO:colcon.colcon_core.shell:Creating environment hook '/home/p1kachu/eYRC_26-27_Hola-The-Explorer/Software/workspace/install/hb_description/share/hb_description/hook/ld_library_path_lib.ps1'
[1.885s] INFO:colcon.colcon_core.shell:Creating environment descriptor '/home/p1kachu/eYRC_26-27_Hola-The-Explorer/Software/workspace/install/hb_description/share/hb_description/hook/ld_library_path_lib.dsv'
[1.885s] INFO:colcon.colcon_core.shell:Creating environment hook '/home/p1kachu/eYRC_26-27_Hola-The-Explorer/Software/workspace/install/hb_description/share/hb_description/hook/ld_library_path_lib.sh'
[1.886s] Level 1:colcon.colcon_core.environment:checking '/home/p1kachu/eYRC_26-27_Hola-The-Explorer/Software/workspace/install/hb_description/bin'
[1.886s] Level 1:colcon.colcon_core.environment:checking '/home/p1kachu/eYRC_26-27_Hola-The-Explorer/Software/workspace/install/hb_description/lib/pkgconfig/hb_description.pc'
[1.886s] Level 1:colcon.colcon_core.environment:checking '/home/p1kachu/eYRC_26-27_Hola-The-Explorer/Software/workspace/install/hb_description/lib/python3.10/site-packages'
[1.886s] Level 1:colcon.colcon_core.environment:checking '/home/p1kachu/eYRC_26-27_Hola-The-Explorer/Software/workspace/install/hb_description/bin'
[1.887s] INFO:colcon.colcon_core.shell:Creating package script '/home/p1kachu/eYRC_26-27_Hola-The-Explorer/Software/workspace/install/hb_description/share/hb_description/package.ps1'
[1.887s] INFO:colcon.colcon_core.shell:Creating package descriptor '/home/p1kachu/eYRC_26-27_Hola-The-Explorer/Software/workspace/install/hb_description/share/hb_description/package.dsv'
[1.888s] INFO:colcon.colcon_core.shell:Creating package script '/home/p1kachu/eYRC_26-27_Hola-The-Explorer/Software/workspace/install/hb_description/share/hb_description/package.sh'
[1.888s] INFO:colcon.colcon_core.shell:Creating package script '/home/p1kachu/eYRC_26-27_Hola-The-Explorer/Software/workspace/install/hb_description/share/hb_description/package.bash'
[1.889s] INFO:colcon.colcon_core.shell:Creating package script '/home/p1kachu/eYRC_26-27_Hola-The-Explorer/Software/workspace/install/hb_description/share/hb_description/package.zsh'
[1.889s] Level 1:colcon.colcon_core.environment:create_file_with_runtime_dependencies(/home/p1kachu/eYRC_26-27_Hola-The-Explorer/Software/workspace/install/hb_description/share/colcon-core/packages/hb_description)
[1.890s] Level 1:colcon.colcon_core.environment:create_environment_scripts_only(hb_description)
[1.890s] Level 1:colcon.colcon_core.environment:checking '/home/p1kachu/eYRC_26-27_Hola-The-Explorer/Software/workspace/install/hb_description' for CMake module files
[1.890s] Level 1:colcon.colcon_core.environment:checking '/home/p1kachu/eYRC_26-27_Hola-The-Explorer/Software/workspace/install/hb_description' for CMake config files
[1.891s] Level 1:colcon.colcon_core.shell:create_environment_hook('hb_description', 'cmake_prefix_path')
[1.891s] INFO:colcon.colcon_core.shell:Creating environment hook '/home/p1kachu/eYRC_26-27_Hola-The-Explorer/Software/workspace/install/hb_description/share/hb_description/hook/cmake_prefix_path.ps1'
[1.891s] INFO:colcon.colcon_core.shell:Creating environment descriptor '/home/p1kachu/eYRC_26-27_Hola-The-Explorer/Software/workspace/install/hb_description/share/hb_description/hook/cmake_prefix_path.dsv'
[1.892s] INFO:colcon.colcon_core.shell:Creating environment hook '/home/p1kachu/eYRC_26-27_Hola-The-Explorer/Software/workspace/install/hb_description/share/hb_description/hook/cmake_prefix_path.sh'
[1.892s] Level 1:colcon.colcon_core.environment:checking '/home/p1kachu/eYRC_26-27_Hola-The-Explorer/Software/workspace/install/hb_description/lib'
[1.892s] Level 1:colcon.colcon_core.shell:create_environment_hook('hb_description', 'ld_library_path_lib')
[1.892s] INFO:colcon.colcon_core.shell:Creating environment hook '/home/p1kachu/eYRC_26-27_Hola-The-Explorer/Software/workspace/install/hb_description/share/hb_description/hook/ld_library_path_lib.ps1'
[1.893s] INFO:colcon.colcon_core.shell:Creating environment descriptor '/home/p1kachu/eYRC_26-27_Hola-The-Explorer/Software/workspace/install/hb_description/share/hb_description/hook/ld_library_path_lib.dsv'
[1.893s] INFO:colcon.colcon_core.shell:Creating environment hook '/home/p1kachu/eYRC_26-27_Hola-The-Explorer/Software/workspace/install/hb_description/share/hb_description/hook/ld_library_path_lib.sh'
[1.893s] Level 1:colcon.colcon_core.environment:checking '/home/p1kachu/eYRC_26-27_Hola-The-Explorer/Software/workspace/install/hb_description/bin'
[1.894s] Level 1:colcon.colcon_core.environment:checking '/home/p1kachu/eYRC_26-27_Hola-The-Explorer/Software/workspace/install/hb_description/lib/pkgconfig/hb_description.pc'
[1.894s] Level 1:colcon.colcon_core.environment:checking '/home/p1kachu/eYRC_26-27_Hola-The-Explorer/Software/workspace/install/hb_description/lib/python3.10/site-packages'
[1.894s] Level 1:colcon.colcon_core.environment:checking '/home/p1kachu/eYRC_26-27_Hola-The-Explorer/Software/workspace/install/hb_description/bin'
[1.894s] INFO:colcon.colcon_core.shell:Creating package script '/home/p1kachu/eYRC_26-27_Hola-The-Explorer/Software/workspace/install/hb_description/share/hb_description/package.ps1'
[1.895s] INFO:colcon.colcon_core.shell:Creating package descriptor '/home/p1kachu/eYRC_26-27_Hola-The-Explorer/Software/workspace/install/hb_description/share/hb_description/package.dsv'
[1.896s] INFO:colcon.colcon_core.shell:Creating package script '/home/p1kachu/eYRC_26-27_Hola-The-Explorer/Software/workspace/install/hb_description/share/hb_description/package.sh'
[1.896s] INFO:colcon.colcon_core.shell:Creating package script '/home/p1kachu/eYRC_26-27_Hola-The-Explorer/Software/workspace/install/hb_description/share/hb_description/package.bash'
[1.896s] INFO:colcon.colcon_core.shell:Creating package script '/home/p1kachu/eYRC_26-27_Hola-The-Explorer/Software/workspace/install/hb_description/share/hb_description/package.zsh'
[1.897s] Level 1:colcon.colcon_core.environment:create_file_with_runtime_dependencies(/home/p1kachu/eYRC_26-27_Hola-The-Explorer/Software/workspace/install/hb_description/share/colcon-core/packages/hb_description)
[1.897s] DEBUG:colcon.colcon_parallel_executor.executor.parallel:closing loop
[1.897s] DEBUG:colcon.colcon_parallel_executor.executor.parallel:loop closed
[1.897s] DEBUG:colcon.colcon_parallel_executor.executor.parallel:run_until_complete finished with '0'
[1.898s] DEBUG:colcon.colcon_core.event_reactor:joining thread
[1.904s] INFO:colcon.colcon_core.plugin_system:Skipping extension 'colcon_notification.desktop_notification.terminal_notifier': Not used on non-Darwin systems
[1.904s] INFO:colcon.colcon_core.plugin_system:Skipping extension 'colcon_notification.desktop_notification.win32': Not used on non-Windows systems
[1.904s] INFO:colcon.colcon_notification.desktop_notification:Sending desktop notification using 'notify2'
[1.920s] DEBUG:colcon.colcon_core.event_reactor:joined thread
[1.922s] INFO:colcon.colcon_core.shell:Creating prefix script '/home/p1kachu/eYRC_26-27_Hola-The-Explorer/Software/workspace/install/local_setup.ps1'
[1.928s] INFO:colcon.colcon_core.shell:Creating prefix util module '/home/p1kachu/eYRC_26-27_Hola-The-Explorer/Software/workspace/install/_local_setup_util_ps1.py'
[1.932s] INFO:colcon.colcon_core.shell:Creating prefix chain script '/home/p1kachu/eYRC_26-27_Hola-The-Explorer/Software/workspace/install/setup.ps1'
[1.935s] INFO:colcon.colcon_core.shell:Creating prefix script '/home/p1kachu/eYRC_26-27_Hola-The-Explorer/Software/workspace/install/local_setup.sh'
[1.936s] INFO:colcon.colcon_core.shell:Creating prefix util module '/home/p1kachu/eYRC_26-27_Hola-The-Explorer/Software/workspace/install/_local_setup_util_sh.py'
[1.937s] INFO:colcon.colcon_core.shell:Creating prefix chain script '/home/p1kachu/eYRC_26-27_Hola-The-Explorer/Software/workspace/install/setup.sh'
[1.939s] INFO:colcon.colcon_core.shell:Creating prefix script '/home/p1kachu/eYRC_26-27_Hola-The-Explorer/Software/workspace/install/local_setup.bash'
[1.940s] INFO:colcon.colcon_core.shell:Creating prefix chain script '/home/p1kachu/eYRC_26-27_Hola-The-Explorer/Software/workspace/install/setup.bash'
[1.942s] INFO:colcon.colcon_core.shell:Creating prefix script '/home/p1kachu/eYRC_26-27_Hola-The-Explorer/Software/workspace/install/local_setup.zsh'
[1.943s] INFO:colcon.colcon_core.shell:Creating prefix chain script '/home/p1kachu/eYRC_26-27_Hola-The-Explorer/Software/workspace/install/setup.zsh'
