[0.008s] Invoking command in '/home/aayush/eYRC/Software/workspace/build/hb_description': AMENT_PREFIX_PATH=/home/aayush/eYRC/Software/workspace/install/task_1a:/home/aayush/eYRC/Software/workspace/install/shape_interface:${AMENT_PREFIX_PATH} CMAKE_PREFIX_PATH=/home/aayush/eYRC/Software/workspace/install/task_1a:/home/aayush/eYRC/Software/workspace/install/shape_interface:/opt/ros/humble LD_LIBRARY_PATH=/home/aayush/eYRC/Software/workspace/install/shape_interface/lib:${LD_LIBRARY_PATH} PYTHONPATH=/home/aayush/eYRC/Software/workspace/install/task_1a/local/lib/python3.10/dist-packages:/home/aayush/eYRC/Software/workspace/install/shape_interface/local/lib/python3.10/dist-packages:${PYTHONPATH} /usr/bin/cmake --build /home/aayush/eYRC/Software/workspace/build/hb_description -- -j6 -l6
[0.072s] Invoked command in '/home/aayush/eYRC/Software/workspace/build/hb_description' returned '0': AMENT_PREFIX_PATH=/home/aayush/eYRC/Software/workspace/install/task_1a:/home/aayush/eYRC/Software/workspace/install/shape_interface:${AMENT_PREFIX_PATH} CMAKE_PREFIX_PATH=/home/aayush/eYRC/Software/workspace/install/task_1a:/home/aayush/eYRC/Software/workspace/install/shape_interface:/opt/ros/humble LD_LIBRARY_PATH=/home/aayush/eYRC/Software/workspace/install/shape_interface/lib:${LD_LIBRARY_PATH} PYTHONPATH=/home/aayush/eYRC/Software/workspace/install/task_1a/local/lib/python3.10/dist-packages:/home/aayush/eYRC/Software/workspace/install/shape_interface/local/lib/python3.10/dist-packages:${PYTHONPATH} /usr/bin/cmake --build /home/aayush/eYRC/Software/workspace/build/hb_description -- -j6 -l6
[0.083s] Invoking command in '/home/aayush/eYRC/Software/workspace/build/hb_description': AMENT_PREFIX_PATH=/home/aayush/eYRC/Software/workspace/install/task_1a:/home/aayush/eYRC/Software/workspace/install/shape_interface:${AMENT_PREFIX_PATH} CMAKE_PREFIX_PATH=/home/aayush/eYRC/Software/workspace/install/task_1a:/home/aayush/eYRC/Software/workspace/install/shape_interface:/opt/ros/humble LD_LIBRARY_PATH=/home/aayush/eYRC/Software/workspace/install/shape_interface/lib:${LD_LIBRARY_PATH} PYTHONPATH=/home/aayush/eYRC/Software/workspace/install/task_1a/local/lib/python3.10/dist-packages:/home/aayush/eYRC/Software/workspace/install/shape_interface/local/lib/python3.10/dist-packages:${PYTHONPATH} /usr/bin/cmake --install /home/aayush/eYRC/Software/workspace/build/hb_description
[0.092s] -- Install configuration: ""
[0.092s] -- Installing: /home/aayush/eYRC/Software/workspace/install/hb_description/lib/hb_description/task1a_bridge
[0.145s] -- Installing: /home/aayush/eYRC/Software/workspace/install/hb_description/lib/hb_description/task1a_camera
[0.196s] -- Installing: /home/aayush/eYRC/Software/workspace/install/hb_description/lib/hb_description/task1c_bridge
[0.283s] -- Installing: /home/aayush/eYRC/Software/workspace/install/hb_description/lib/hb_description/task1c_camera
[0.357s] -- Installing: /home/aayush/eYRC/Software/workspace/install/hb_description/lib/hb_description/camera_stream
[0.358s] -- Up-to-date: /home/aayush/eYRC/Software/workspace/install/hb_description/lib
[0.358s] -- Up-to-date: /home/aayush/eYRC/Software/workspace/install/hb_description/lib/libhb_source__rosidl_typesupport_introspection_cpp.so
[0.358s] -- Up-to-date: /home/aayush/eYRC/Software/workspace/install/hb_description/lib/libhb_source__rosidl_generator_c.so
[0.358s] -- Up-to-date: /home/aayush/eYRC/Software/workspace/install/hb_description/lib/libhb_source__rosidl_typesupport_introspection_c.so
[0.359s] -- Up-to-date: /home/aayush/eYRC/Software/workspace/install/hb_description/lib/libhb_source__rosidl_typesupport_fastrtps_cpp.so
[0.359s] -- Up-to-date: /home/aayush/eYRC/Software/workspace/install/hb_description/lib/libhb_source__rosidl_typesupport_c.so
[0.359s] -- Up-to-date: /home/aayush/eYRC/Software/workspace/install/hb_description/lib/libhb_source__rosidl_typesupport_cpp.so
[0.359s] -- Up-to-date: /home/aayush/eYRC/Software/workspace/install/hb_description/lib/libhb_source__rosidl_typesupport_fastrtps_c.so
[0.359s] -- Up-to-date: /home/aayush/eYRC/Software/workspace/install/hb_description/lib/libhb_source__rosidl_generator_py.so
[0.359s] -- Installing: /home/aayush/eYRC/Software/workspace/install/hb_description/lib/libmujoco.so
[0.359s] -- Installing: /home/aayush/eYRC/Software/workspace/install/hb_description/lib/libmujoco.so.3.4.0
[0.376s] -- Up-to-date: /home/aayush/eYRC/Software/workspace/install/hb_description/share/hb_description/launch
[0.376s] -- Up-to-date: /home/aayush/eYRC/Software/workspace/install/hb_description/share/hb_description/launch/task1a.launch.py
[0.377s] -- Up-to-date: /home/aayush/eYRC/Software/workspace/install/hb_description/share/hb_description/launch/task1c.launch.py
[0.377s] -- Up-to-date: /home/aayush/eYRC/Software/workspace/install/hb_description/share/hb_description/launch/task1b.launch.py
[0.377s] -- Up-to-date: /home/aayush/eYRC/Software/workspace/install/hb_description/share/ament_index/resource_index/package_run_dependencies/hb_description
[0.377s] -- Up-to-date: /home/aayush/eYRC/Software/workspace/install/hb_description/share/ament_index/resource_index/parent_prefix_path/hb_description
[0.377s] -- Up-to-date: /home/aayush/eYRC/Software/workspace/install/hb_description/share/hb_description/environment/ament_prefix_path.sh
[0.377s] -- Up-to-date: /home/aayush/eYRC/Software/workspace/install/hb_description/share/hb_description/environment/ament_prefix_path.dsv
[0.377s] -- Up-to-date: /home/aayush/eYRC/Software/workspace/install/hb_description/share/hb_description/environment/path.sh
[0.377s] -- Up-to-date: /home/aayush/eYRC/Software/workspace/install/hb_description/share/hb_description/environment/path.dsv
[0.377s] -- Up-to-date: /home/aayush/eYRC/Software/workspace/install/hb_description/share/hb_description/local_setup.bash
[0.377s] -- Up-to-date: /home/aayush/eYRC/Software/workspace/install/hb_description/share/hb_description/local_setup.sh
[0.377s] -- Up-to-date: /home/aayush/eYRC/Software/workspace/install/hb_description/share/hb_description/local_setup.zsh
[0.377s] -- Up-to-date: /home/aayush/eYRC/Software/workspace/install/hb_description/share/hb_description/local_setup.dsv
[0.377s] -- Up-to-date: /home/aayush/eYRC/Software/workspace/install/hb_description/share/hb_description/package.dsv
[0.378s] -- Up-to-date: /home/aayush/eYRC/Software/workspace/install/hb_description/share/ament_index/resource_index/packages/hb_description
[0.378s] -- Up-to-date: /home/aayush/eYRC/Software/workspace/install/hb_description/share/hb_description/cmake/hb_descriptionConfig.cmake
[0.378s] -- Up-to-date: /home/aayush/eYRC/Software/workspace/install/hb_description/share/hb_description/cmake/hb_descriptionConfig-version.cmake
[0.378s] -- Up-to-date: /home/aayush/eYRC/Software/workspace/install/hb_description/share/hb_description/package.xml
[0.379s] Invoked command in '/home/aayush/eYRC/Software/workspace/build/hb_description' returned '0': AMENT_PREFIX_PATH=/home/aayush/eYRC/Software/workspace/install/task_1a:/home/aayush/eYRC/Software/workspace/install/shape_interface:${AMENT_PREFIX_PATH} CMAKE_PREFIX_PATH=/home/aayush/eYRC/Software/workspace/install/task_1a:/home/aayush/eYRC/Software/workspace/install/shape_interface:/opt/ros/humble LD_LIBRARY_PATH=/home/aayush/eYRC/Software/workspace/install/shape_interface/lib:${LD_LIBRARY_PATH} PYTHONPATH=/home/aayush/eYRC/Software/workspace/install/task_1a/local/lib/python3.10/dist-packages:/home/aayush/eYRC/Software/workspace/install/shape_interface/local/lib/python3.10/dist-packages:${PYTHONPATH} /usr/bin/cmake --install /home/aayush/eYRC/Software/workspace/build/hb_description
