-- The C compiler identification is GNU 11.4.0
-- The CXX compiler identification is GNU 11.4.0
-- Detecting C compiler ABI info
-- Detecting C compiler ABI info - done
-- Check for working C compiler: /usr/bin/cc - skipped
-- Detecting C compile features
-- Detecting C compile features - done
-- Detecting CXX compiler ABI info
-- Detecting CXX compiler ABI info - done
-- Check for working CXX compiler: /usr/bin/c++ - skipped
-- Detecting CXX compile features
-- Detecting CXX compile features - done
-- Found ament_cmake: 1.3.14 (/opt/ros/humble/share/ament_cmake/cmake)
-- Found Python3: /usr/bin/python3 (found version "3.10.12") found components: Interpreter 
-- Found ament_lint_auto: 0.12.15 (/opt/ros/humble/share/ament_lint_auto/cmake)
-- Added test 'flake8' to check Python code syntax and style conventions
-- Added test 'lint_cmake' to check CMake code style
-- Added test 'pep257' to check Python code against some of the docstring style conventions in PEP 257
-- Added test 'xmllint' to check XML markup files
-- Configuring done
-- Generating done
-- Build files have been written to: /home/aayush/eYRC/Software/workspace/build/task_1c
-- Install configuration: ""
-- Installing: /home/aayush/eYRC/Software/workspace/install/task_1c/lib/task_1c/sim_control
-- Installing: /home/aayush/eYRC/Software/workspace/install/task_1c/lib/task_1c/shape_service
-- Installing: /home/aayush/eYRC/Software/workspace/install/task_1c/share/ament_index/resource_index/package_run_dependencies/task_1c
-- Installing: /home/aayush/eYRC/Software/workspace/install/task_1c/share/ament_index/resource_index/parent_prefix_path/task_1c
-- Installing: /home/aayush/eYRC/Software/workspace/install/task_1c/share/task_1c/environment/ament_prefix_path.sh
-- Installing: /home/aayush/eYRC/Software/workspace/install/task_1c/share/task_1c/environment/ament_prefix_path.dsv
-- Installing: /home/aayush/eYRC/Software/workspace/install/task_1c/share/task_1c/environment/path.sh
-- Installing: /home/aayush/eYRC/Software/workspace/install/task_1c/share/task_1c/environment/path.dsv
-- Installing: /home/aayush/eYRC/Software/workspace/install/task_1c/share/task_1c/local_setup.bash
-- Installing: /home/aayush/eYRC/Software/workspace/install/task_1c/share/task_1c/local_setup.sh
-- Installing: /home/aayush/eYRC/Software/workspace/install/task_1c/share/task_1c/local_setup.zsh
-- Installing: /home/aayush/eYRC/Software/workspace/install/task_1c/share/task_1c/local_setup.dsv
-- Installing: /home/aayush/eYRC/Software/workspace/install/task_1c/share/task_1c/package.dsv
-- Installing: /home/aayush/eYRC/Software/workspace/install/task_1c/share/ament_index/resource_index/packages/task_1c
-- Installing: /home/aayush/eYRC/Software/workspace/install/task_1c/share/task_1c/cmake/task_1cConfig.cmake
-- Installing: /home/aayush/eYRC/Software/workspace/install/task_1c/share/task_1c/cmake/task_1cConfig-version.cmake
-- Installing: /home/aayush/eYRC/Software/workspace/install/task_1c/share/task_1c/package.xml
