[0.010s] Invoking command in '/home/aayush/eYRC/Software/workspace/build/task_1c': AMENT_PREFIX_PATH=/home/aayush/eYRC/Software/workspace/install/shape_interface:${AMENT_PREFIX_PATH} CMAKE_PREFIX_PATH=/home/aayush/eYRC/Software/workspace/install/shape_interface:/opt/ros/humble LD_LIBRARY_PATH=/home/aayush/eYRC/Software/workspace/install/shape_interface/lib:${LD_LIBRARY_PATH} PYTHONPATH=/home/aayush/eYRC/Software/workspace/install/shape_interface/local/lib/python3.10/dist-packages:${PYTHONPATH} /usr/bin/cmake /home/aayush/eYRC/Software/workspace/src/task_1c -DCMAKE_INSTALL_PREFIX=/home/aayush/eYRC/Software/workspace/install/task_1c
[0.142s] -- The C compiler identification is GNU 11.4.0
[0.197s] -- The CXX compiler identification is GNU 11.4.0
[0.208s] -- Detecting C compiler ABI info
[0.341s] -- Detecting C compiler ABI info - done
[0.348s] -- Check for working C compiler: /usr/bin/cc - skipped
[0.349s] -- Detecting C compile features
[0.349s] -- Detecting C compile features - done
[0.352s] -- Detecting CXX compiler ABI info
[0.477s] -- Detecting CXX compiler ABI info - done
[0.488s] -- Check for working CXX compiler: /usr/bin/c++ - skipped
[0.489s] -- Detecting CXX compile features
[0.489s] -- Detecting CXX compile features - done
[0.492s] -- Found ament_cmake: 1.3.14 (/opt/ros/humble/share/ament_cmake/cmake)
[0.674s] -- Found Python3: /usr/bin/python3 (found version "3.10.12") found components: Interpreter 
[0.774s] -- Found ament_lint_auto: 0.12.15 (/opt/ros/humble/share/ament_lint_auto/cmake)
[0.867s] -- Added test 'flake8' to check Python code syntax and style conventions
[0.868s] -- Added test 'lint_cmake' to check CMake code style
[0.868s] -- Added test 'pep257' to check Python code against some of the docstring style conventions in PEP 257
[0.869s] -- Added test 'xmllint' to check XML markup files
[0.871s] -- Configuring done
[0.875s] -- Generating done
[0.880s] -- Build files have been written to: /home/aayush/eYRC/Software/workspace/build/task_1c
[0.885s] Invoked command in '/home/aayush/eYRC/Software/workspace/build/task_1c' returned '0': AMENT_PREFIX_PATH=/home/aayush/eYRC/Software/workspace/install/shape_interface:${AMENT_PREFIX_PATH} CMAKE_PREFIX_PATH=/home/aayush/eYRC/Software/workspace/install/shape_interface:/opt/ros/humble LD_LIBRARY_PATH=/home/aayush/eYRC/Software/workspace/install/shape_interface/lib:${LD_LIBRARY_PATH} PYTHONPATH=/home/aayush/eYRC/Software/workspace/install/shape_interface/local/lib/python3.10/dist-packages:${PYTHONPATH} /usr/bin/cmake /home/aayush/eYRC/Software/workspace/src/task_1c -DCMAKE_INSTALL_PREFIX=/home/aayush/eYRC/Software/workspace/install/task_1c
[0.886s] Invoking command in '/home/aayush/eYRC/Software/workspace/build/task_1c': AMENT_PREFIX_PATH=/home/aayush/eYRC/Software/workspace/install/shape_interface:${AMENT_PREFIX_PATH} CMAKE_PREFIX_PATH=/home/aayush/eYRC/Software/workspace/install/shape_interface:/opt/ros/humble LD_LIBRARY_PATH=/home/aayush/eYRC/Software/workspace/install/shape_interface/lib:${LD_LIBRARY_PATH} PYTHONPATH=/home/aayush/eYRC/Software/workspace/install/shape_interface/local/lib/python3.10/dist-packages:${PYTHONPATH} /usr/bin/cmake --build /home/aayush/eYRC/Software/workspace/build/task_1c -- -j6 -l6
[0.931s] Invoked command in '/home/aayush/eYRC/Software/workspace/build/task_1c' returned '0': AMENT_PREFIX_PATH=/home/aayush/eYRC/Software/workspace/install/shape_interface:${AMENT_PREFIX_PATH} CMAKE_PREFIX_PATH=/home/aayush/eYRC/Software/workspace/install/shape_interface:/opt/ros/humble LD_LIBRARY_PATH=/home/aayush/eYRC/Software/workspace/install/shape_interface/lib:${LD_LIBRARY_PATH} PYTHONPATH=/home/aayush/eYRC/Software/workspace/install/shape_interface/local/lib/python3.10/dist-packages:${PYTHONPATH} /usr/bin/cmake --build /home/aayush/eYRC/Software/workspace/build/task_1c -- -j6 -l6
[0.933s] Invoking command in '/home/aayush/eYRC/Software/workspace/build/task_1c': AMENT_PREFIX_PATH=/home/aayush/eYRC/Software/workspace/install/shape_interface:${AMENT_PREFIX_PATH} CMAKE_PREFIX_PATH=/home/aayush/eYRC/Software/workspace/install/shape_interface:/opt/ros/humble LD_LIBRARY_PATH=/home/aayush/eYRC/Software/workspace/install/shape_interface/lib:${LD_LIBRARY_PATH} PYTHONPATH=/home/aayush/eYRC/Software/workspace/install/shape_interface/local/lib/python3.10/dist-packages:${PYTHONPATH} /usr/bin/cmake --install /home/aayush/eYRC/Software/workspace/build/task_1c
[0.941s] -- Install configuration: ""
[0.941s] -- Installing: /home/aayush/eYRC/Software/workspace/install/task_1c/lib/task_1c/sim_control
[0.942s] -- Installing: /home/aayush/eYRC/Software/workspace/install/task_1c/lib/task_1c/shape_service
[0.949s] -- Installing: /home/aayush/eYRC/Software/workspace/install/task_1c/share/ament_index/resource_index/package_run_dependencies/task_1c
[0.949s] -- Installing: /home/aayush/eYRC/Software/workspace/install/task_1c/share/ament_index/resource_index/parent_prefix_path/task_1c
[0.951s] -- Installing: /home/aayush/eYRC/Software/workspace/install/task_1c/share/task_1c/environment/ament_prefix_path.sh
[0.951s] -- Installing: /home/aayush/eYRC/Software/workspace/install/task_1c/share/task_1c/environment/ament_prefix_path.dsv
[0.951s] -- Installing: /home/aayush/eYRC/Software/workspace/install/task_1c/share/task_1c/environment/path.sh
[0.951s] -- Installing: /home/aayush/eYRC/Software/workspace/install/task_1c/share/task_1c/environment/path.dsv
[0.951s] -- Installing: /home/aayush/eYRC/Software/workspace/install/task_1c/share/task_1c/local_setup.bash
[0.951s] -- Installing: /home/aayush/eYRC/Software/workspace/install/task_1c/share/task_1c/local_setup.sh
[0.951s] -- Installing: /home/aayush/eYRC/Software/workspace/install/task_1c/share/task_1c/local_setup.zsh
[0.951s] -- Installing: /home/aayush/eYRC/Software/workspace/install/task_1c/share/task_1c/local_setup.dsv
[0.951s] -- Installing: /home/aayush/eYRC/Software/workspace/install/task_1c/share/task_1c/package.dsv
[0.951s] -- Installing: /home/aayush/eYRC/Software/workspace/install/task_1c/share/ament_index/resource_index/packages/task_1c
[0.951s] -- Installing: /home/aayush/eYRC/Software/workspace/install/task_1c/share/task_1c/cmake/task_1cConfig.cmake
[0.951s] -- Installing: /home/aayush/eYRC/Software/workspace/install/task_1c/share/task_1c/cmake/task_1cConfig-version.cmake
[0.951s] -- Installing: /home/aayush/eYRC/Software/workspace/install/task_1c/share/task_1c/package.xml
[0.953s] Invoked command in '/home/aayush/eYRC/Software/workspace/build/task_1c' returned '0': AMENT_PREFIX_PATH=/home/aayush/eYRC/Software/workspace/install/shape_interface:${AMENT_PREFIX_PATH} CMAKE_PREFIX_PATH=/home/aayush/eYRC/Software/workspace/install/shape_interface:/opt/ros/humble LD_LIBRARY_PATH=/home/aayush/eYRC/Software/workspace/install/shape_interface/lib:${LD_LIBRARY_PATH} PYTHONPATH=/home/aayush/eYRC/Software/workspace/install/shape_interface/local/lib/python3.10/dist-packages:${PYTHONPATH} /usr/bin/cmake --install /home/aayush/eYRC/Software/workspace/build/task_1c
