[0.240s] DEBUG:colcon:Command line arguments: ['/usr/bin/colcon', 'build']
[0.240s] DEBUG:colcon:Parsed command line arguments: Namespace(log_base=None, log_level=None, verb_name='build', build_base='build', install_base='install', merge_install=False, symlink_install=False, test_result_base=None, continue_on_error=False, executor='parallel', parallel_workers=18, event_handlers=None, ignore_user_meta=False, metas=['./colcon.meta'], base_paths=['.'], packages_ignore=None, packages_ignore_regex=None, paths=None, packages_up_to=None, packages_up_to_regex=None, packages_above=None, packages_above_and_dependencies=None, packages_above_depth=None, packages_select_by_dep=None, packages_skip_by_dep=None, packages_skip_up_to=None, packages_select_build_failed=False, packages_skip_build_finished=False, packages_select_test_failures=False, packages_skip_test_passed=False, packages_select=None, packages_skip=None, packages_select_regex=None, packages_skip_regex=None, packages_start=None, packages_end=None, allow_overriding=[], cmake_args=None, cmake_target=None, cmake_target_skip_unavailable=False, cmake_clean_cache=False, cmake_clean_first=False, cmake_force_configure=False, ament_cmake_args=None, catkin_cmake_args=None, catkin_skip_building_tests=False, mixin_files=None, mixin=None, verb_parser=<colcon_mixin.mixin.mixin_argument.MixinArgumentDecorator object at 0x7b54aa5627d0>, verb_extension=<colcon_core.verb.build.BuildVerb object at 0x7b54aa6e7ca0>, main=<bound method BuildVerb.main of <colcon_core.verb.build.BuildVerb object at 0x7b54aa6e7ca0>>, mixin_verb=('build',))
[0.468s] Level 1:colcon.colcon_core.package_discovery:discover_packages(colcon_meta) check parameters
[0.469s] Level 1:colcon.colcon_core.package_discovery:discover_packages(recursive) check parameters
[0.469s] Level 1:colcon.colcon_core.package_discovery:discover_packages(ignore) check parameters
[0.469s] Level 1:colcon.colcon_core.package_discovery:discover_packages(path) check parameters
[0.469s] Level 1:colcon.colcon_core.package_discovery:discover_packages(colcon_meta) discover
[0.469s] Level 1:colcon.colcon_core.package_discovery:discover_packages(recursive) discover
[0.469s] INFO:colcon.colcon_core.package_discovery:Crawling recursively for packages in '/home/p1kachu/eYRC_26-27_Hola-The-Explorer/Software/workspace'
[0.469s] Level 1:colcon.colcon_core.package_identification:_identify(.) by extensions ['ignore', 'ignore_ament_install']
[0.469s] Level 1:colcon.colcon_core.package_identification:_identify(.) by extension 'ignore'
[0.469s] Level 1:colcon.colcon_core.package_identification:_identify(.) by extension 'ignore_ament_install'
[0.469s] Level 1:colcon.colcon_core.package_identification:_identify(.) by extensions ['colcon_pkg']
[0.469s] Level 1:colcon.colcon_core.package_identification:_identify(.) by extension 'colcon_pkg'
[0.469s] Level 1:colcon.colcon_core.package_identification:_identify(.) by extensions ['colcon_meta']
[0.469s] Level 1:colcon.colcon_core.package_identification:_identify(.) by extension 'colcon_meta'
[0.469s] Level 1:colcon.colcon_core.package_identification:_identify(.) by extensions ['ros']
[0.469s] Level 1:colcon.colcon_core.package_identification:_identify(.) by extension 'ros'
[0.483s] Level 1:colcon.colcon_core.package_identification:_identify(.) by extensions ['cmake', 'python']
[0.483s] Level 1:colcon.colcon_core.package_identification:_identify(.) by extension 'cmake'
[0.483s] Level 1:colcon.colcon_core.package_identification:_identify(.) by extension 'python'
[0.483s] Level 1:colcon.colcon_core.package_identification:_identify(.) by extensions ['python_setup_py']
[0.483s] Level 1:colcon.colcon_core.package_identification:_identify(.) by extension 'python_setup_py'
[0.483s] Level 1:colcon.colcon_core.package_identification:_identify(build) by extensions ['ignore', 'ignore_ament_install']
[0.483s] Level 1:colcon.colcon_core.package_identification:_identify(build) by extension 'ignore'
[0.483s] Level 1:colcon.colcon_core.package_identification:_identify(build) ignored
[0.483s] Level 1:colcon.colcon_core.package_identification:_identify(install) by extensions ['ignore', 'ignore_ament_install']
[0.483s] Level 1:colcon.colcon_core.package_identification:_identify(install) by extension 'ignore'
[0.483s] Level 1:colcon.colcon_core.package_identification:_identify(install) ignored
[0.483s] Level 1:colcon.colcon_core.package_identification:_identify(log) by extensions ['ignore', 'ignore_ament_install']
[0.483s] Level 1:colcon.colcon_core.package_identification:_identify(log) by extension 'ignore'
[0.483s] Level 1:colcon.colcon_core.package_identification:_identify(log) ignored
[0.484s] Level 1:colcon.colcon_core.package_identification:_identify(src) by extensions ['ignore', 'ignore_ament_install']
[0.484s] Level 1:colcon.colcon_core.package_identification:_identify(src) by extension 'ignore'
[0.484s] Level 1:colcon.colcon_core.package_identification:_identify(src) by extension 'ignore_ament_install'
[0.484s] Level 1:colcon.colcon_core.package_identification:_identify(src) by extensions ['colcon_pkg']
[0.484s] Level 1:colcon.colcon_core.package_identification:_identify(src) by extension 'colcon_pkg'
[0.484s] Level 1:colcon.colcon_core.package_identification:_identify(src) by extensions ['colcon_meta']
[0.484s] Level 1:colcon.colcon_core.package_identification:_identify(src) by extension 'colcon_meta'
[0.484s] Level 1:colcon.colcon_core.package_identification:_identify(src) by extensions ['ros']
[0.484s] Level 1:colcon.colcon_core.package_identification:_identify(src) by extension 'ros'
[0.484s] Level 1:colcon.colcon_core.package_identification:_identify(src) by extensions ['cmake', 'python']
[0.484s] Level 1:colcon.colcon_core.package_identification:_identify(src) by extension 'cmake'
[0.484s] Level 1:colcon.colcon_core.package_identification:_identify(src) by extension 'python'
[0.484s] Level 1:colcon.colcon_core.package_identification:_identify(src) by extensions ['python_setup_py']
[0.484s] Level 1:colcon.colcon_core.package_identification:_identify(src) by extension 'python_setup_py'
[0.484s] Level 1:colcon.colcon_core.package_identification:_identify(src/hb_description) by extensions ['ignore', 'ignore_ament_install']
[0.484s] Level 1:colcon.colcon_core.package_identification:_identify(src/hb_description) by extension 'ignore'
[0.484s] Level 1:colcon.colcon_core.package_identification:_identify(src/hb_description) by extension 'ignore_ament_install'
[0.485s] Level 1:colcon.colcon_core.package_identification:_identify(src/hb_description) by extensions ['colcon_pkg']
[0.485s] Level 1:colcon.colcon_core.package_identification:_identify(src/hb_description) by extension 'colcon_pkg'
[0.485s] Level 1:colcon.colcon_core.package_identification:_identify(src/hb_description) by extensions ['colcon_meta']
[0.485s] Level 1:colcon.colcon_core.package_identification:_identify(src/hb_description) by extension 'colcon_meta'
[0.485s] Level 1:colcon.colcon_core.package_identification:_identify(src/hb_description) by extensions ['ros']
[0.485s] Level 1:colcon.colcon_core.package_identification:_identify(src/hb_description) by extension 'ros'
[0.488s] DEBUG:colcon.colcon_core.package_identification:Package 'src/hb_description' with type 'ros.ament_cmake' and name 'hb_description'
[0.488s] Level 1:colcon.colcon_core.package_identification:_identify(src/shape_interface) by extensions ['ignore', 'ignore_ament_install']
[0.488s] Level 1:colcon.colcon_core.package_identification:_identify(src/shape_interface) by extension 'ignore'
[0.488s] Level 1:colcon.colcon_core.package_identification:_identify(src/shape_interface) by extension 'ignore_ament_install'
[0.488s] Level 1:colcon.colcon_core.package_identification:_identify(src/shape_interface) by extensions ['colcon_pkg']
[0.488s] Level 1:colcon.colcon_core.package_identification:_identify(src/shape_interface) by extension 'colcon_pkg'
[0.488s] Level 1:colcon.colcon_core.package_identification:_identify(src/shape_interface) by extensions ['colcon_meta']
[0.488s] Level 1:colcon.colcon_core.package_identification:_identify(src/shape_interface) by extension 'colcon_meta'
[0.488s] Level 1:colcon.colcon_core.package_identification:_identify(src/shape_interface) by extensions ['ros']
[0.488s] Level 1:colcon.colcon_core.package_identification:_identify(src/shape_interface) by extension 'ros'
[0.489s] DEBUG:colcon.colcon_core.package_identification:Package 'src/shape_interface' with type 'ros.ament_cmake' and name 'shape_interface'
[0.489s] Level 1:colcon.colcon_core.package_identification:_identify(src/task_1a) by extensions ['ignore', 'ignore_ament_install']
[0.489s] Level 1:colcon.colcon_core.package_identification:_identify(src/task_1a) by extension 'ignore'
[0.489s] Level 1:colcon.colcon_core.package_identification:_identify(src/task_1a) by extension 'ignore_ament_install'
[0.489s] Level 1:colcon.colcon_core.package_identification:_identify(src/task_1a) by extensions ['colcon_pkg']
[0.489s] Level 1:colcon.colcon_core.package_identification:_identify(src/task_1a) by extension 'colcon_pkg'
[0.490s] Level 1:colcon.colcon_core.package_identification:_identify(src/task_1a) by extensions ['colcon_meta']
[0.490s] Level 1:colcon.colcon_core.package_identification:_identify(src/task_1a) by extension 'colcon_meta'
[0.490s] Level 1:colcon.colcon_core.package_identification:_identify(src/task_1a) by extensions ['ros']
[0.490s] Level 1:colcon.colcon_core.package_identification:_identify(src/task_1a) by extension 'ros'
[0.490s] DEBUG:colcon.colcon_core.package_identification:Package 'src/task_1a' with type 'ros.ament_cmake' and name 'task_1a'
[0.491s] Level 1:colcon.colcon_core.package_identification:_identify(src/task_1b) by extensions ['ignore', 'ignore_ament_install']
[0.491s] Level 1:colcon.colcon_core.package_identification:_identify(src/task_1b) by extension 'ignore'
[0.491s] Level 1:colcon.colcon_core.package_identification:_identify(src/task_1b) by extension 'ignore_ament_install'
[0.491s] Level 1:colcon.colcon_core.package_identification:_identify(src/task_1b) by extensions ['colcon_pkg']
[0.491s] Level 1:colcon.colcon_core.package_identification:_identify(src/task_1b) by extension 'colcon_pkg'
[0.491s] Level 1:colcon.colcon_core.package_identification:_identify(src/task_1b) by extensions ['colcon_meta']
[0.491s] Level 1:colcon.colcon_core.package_identification:_identify(src/task_1b) by extension 'colcon_meta'
[0.491s] Level 1:colcon.colcon_core.package_identification:_identify(src/task_1b) by extensions ['ros']
[0.491s] Level 1:colcon.colcon_core.package_identification:_identify(src/task_1b) by extension 'ros'
[0.492s] DEBUG:colcon.colcon_core.package_identification:Package 'src/task_1b' with type 'ros.ament_cmake' and name 'task_1b'
[0.492s] Level 1:colcon.colcon_core.package_identification:_identify(src/task_1c) by extensions ['ignore', 'ignore_ament_install']
[0.492s] Level 1:colcon.colcon_core.package_identification:_identify(src/task_1c) by extension 'ignore'
[0.492s] Level 1:colcon.colcon_core.package_identification:_identify(src/task_1c) by extension 'ignore_ament_install'
[0.492s] Level 1:colcon.colcon_core.package_identification:_identify(src/task_1c) by extensions ['colcon_pkg']
[0.492s] Level 1:colcon.colcon_core.package_identification:_identify(src/task_1c) by extension 'colcon_pkg'
[0.492s] Level 1:colcon.colcon_core.package_identification:_identify(src/task_1c) by extensions ['colcon_meta']
[0.492s] Level 1:colcon.colcon_core.package_identification:_identify(src/task_1c) by extension 'colcon_meta'
[0.492s] Level 1:colcon.colcon_core.package_identification:_identify(src/task_1c) by extensions ['ros']
[0.492s] Level 1:colcon.colcon_core.package_identification:_identify(src/task_1c) by extension 'ros'
[0.493s] DEBUG:colcon.colcon_core.package_identification:Package 'src/task_1c' with type 'ros.ament_cmake' and name 'task_1c'
[0.493s] Level 1:colcon.colcon_core.package_discovery:discover_packages(recursive) using defaults
[0.493s] Level 1:colcon.colcon_core.package_discovery:discover_packages(ignore) discover
[0.493s] Level 1:colcon.colcon_core.package_discovery:discover_packages(ignore) using defaults
[0.493s] Level 1:colcon.colcon_core.package_discovery:discover_packages(path) discover
[0.493s] Level 1:colcon.colcon_core.package_discovery:discover_packages(path) using defaults
[0.536s] Level 1:colcon.colcon_core.package_discovery:discover_packages(prefix_path) check parameters
[0.536s] Level 1:colcon.colcon_core.package_discovery:discover_packages(prefix_path) discover
[0.539s] DEBUG:colcon.colcon_installed_package_information.package_discovery:Found 5 installed packages in /home/p1kachu/eYRC_26-27_Hola-The-Explorer/Software/workspace/install
[0.540s] DEBUG:colcon.colcon_installed_package_information.package_discovery:Found 273 installed packages in /opt/ros/humble
[0.542s] Level 1:colcon.colcon_core.package_discovery:discover_packages(prefix_path) using defaults
[0.580s] Level 5:colcon.colcon_core.verb:set package 'shape_interface' build argument 'cmake_args' from command line to 'None'
[0.580s] Level 5:colcon.colcon_core.verb:set package 'shape_interface' build argument 'cmake_target' from command line to 'None'
[0.580s] Level 5:colcon.colcon_core.verb:set package 'shape_interface' build argument 'cmake_target_skip_unavailable' from command line to 'False'
[0.580s] Level 5:colcon.colcon_core.verb:set package 'shape_interface' build argument 'cmake_clean_cache' from command line to 'False'
[0.580s] Level 5:colcon.colcon_core.verb:set package 'shape_interface' build argument 'cmake_clean_first' from command line to 'False'
[0.580s] Level 5:colcon.colcon_core.verb:set package 'shape_interface' build argument 'cmake_force_configure' from command line to 'False'
[0.580s] Level 5:colcon.colcon_core.verb:set package 'shape_interface' build argument 'ament_cmake_args' from command line to 'None'
[0.580s] Level 5:colcon.colcon_core.verb:set package 'shape_interface' build argument 'catkin_cmake_args' from command line to 'None'
[0.580s] Level 5:colcon.colcon_core.verb:set package 'shape_interface' build argument 'catkin_skip_building_tests' from command line to 'False'
[0.580s] DEBUG:colcon.colcon_core.verb:Building package 'shape_interface' with the following arguments: {'ament_cmake_args': None, 'build_base': '/home/p1kachu/eYRC_26-27_Hola-The-Explorer/Software/workspace/build/shape_interface', 'catkin_cmake_args': None, 'catkin_skip_building_tests': False, 'cmake_args': None, 'cmake_clean_cache': False, 'cmake_clean_first': False, 'cmake_force_configure': False, 'cmake_target': None, 'cmake_target_skip_unavailable': False, 'install_base': '/home/p1kachu/eYRC_26-27_Hola-The-Explorer/Software/workspace/install/shape_interface', 'merge_install': False, 'path': '/home/p1kachu/eYRC_26-27_Hola-The-Explorer/Software/workspace/src/shape_interface', 'symlink_install': False, 'test_result_base': None}
[0.580s] Level 5:colcon.colcon_core.verb:set package 'task_1b' build argument 'cmake_args' from command line to 'None'
[0.580s] Level 5:colcon.colcon_core.verb:set package 'task_1b' build argument 'cmake_target' from command line to 'None'
[0.580s] Level 5:colcon.colcon_core.verb:set package 'task_1b' build argument 'cmake_target_skip_unavailable' from command line to 'False'
[0.580s] Level 5:colcon.colcon_core.verb:set package 'task_1b' build argument 'cmake_clean_cache' from command line to 'False'
[0.581s] Level 5:colcon.colcon_core.verb:set package 'task_1b' build argument 'cmake_clean_first' from command line to 'False'
[0.581s] Level 5:colcon.colcon_core.verb:set package 'task_1b' build argument 'cmake_force_configure' from command line to 'False'
[0.581s] Level 5:colcon.colcon_core.verb:set package 'task_1b' build argument 'ament_cmake_args' from command line to 'None'
[0.581s] Level 5:colcon.colcon_core.verb:set package 'task_1b' build argument 'catkin_cmake_args' from command line to 'None'
[0.581s] Level 5:colcon.colcon_core.verb:set package 'task_1b' build argument 'catkin_skip_building_tests' from command line to 'False'
[0.581s] DEBUG:colcon.colcon_core.verb:Building package 'task_1b' with the following arguments: {'ament_cmake_args': None, 'build_base': '/home/p1kachu/eYRC_26-27_Hola-The-Explorer/Software/workspace/build/task_1b', 'catkin_cmake_args': None, 'catkin_skip_building_tests': False, 'cmake_args': None, 'cmake_clean_cache': False, 'cmake_clean_first': False, 'cmake_force_configure': False, 'cmake_target': None, 'cmake_target_skip_unavailable': False, 'install_base': '/home/p1kachu/eYRC_26-27_Hola-The-Explorer/Software/workspace/install/task_1b', 'merge_install': False, 'path': '/home/p1kachu/eYRC_26-27_Hola-The-Explorer/Software/workspace/src/task_1b', 'symlink_install': False, 'test_result_base': None}
[0.581s] Level 5:colcon.colcon_core.verb:set package 'task_1a' build argument 'cmake_args' from command line to 'None'
[0.581s] Level 5:colcon.colcon_core.verb:set package 'task_1a' build argument 'cmake_target' from command line to 'None'
[0.581s] Level 5:colcon.colcon_core.verb:set package 'task_1a' build argument 'cmake_target_skip_unavailable' from command line to 'False'
[0.581s] Level 5:colcon.colcon_core.verb:set package 'task_1a' build argument 'cmake_clean_cache' from command line to 'False'
[0.581s] Level 5:colcon.colcon_core.verb:set package 'task_1a' build argument 'cmake_clean_first' from command line to 'False'
[0.581s] Level 5:colcon.colcon_core.verb:set package 'task_1a' build argument 'cmake_force_configure' from command line to 'False'
[0.581s] Level 5:colcon.colcon_core.verb:set package 'task_1a' build argument 'ament_cmake_args' from command line to 'None'
[0.581s] Level 5:colcon.colcon_core.verb:set package 'task_1a' build argument 'catkin_cmake_args' from command line to 'None'
[0.581s] Level 5:colcon.colcon_core.verb:set package 'task_1a' build argument 'catkin_skip_building_tests' from command line to 'False'
[0.581s] DEBUG:colcon.colcon_core.verb:Building package 'task_1a' with the following arguments: {'ament_cmake_args': None, 'build_base': '/home/p1kachu/eYRC_26-27_Hola-The-Explorer/Software/workspace/build/task_1a', 'catkin_cmake_args': None, 'catkin_skip_building_tests': False, 'cmake_args': None, 'cmake_clean_cache': False, 'cmake_clean_first': False, 'cmake_force_configure': False, 'cmake_target': None, 'cmake_target_skip_unavailable': False, 'install_base': '/home/p1kachu/eYRC_26-27_Hola-The-Explorer/Software/workspace/install/task_1a', 'merge_install': False, 'path': '/home/p1kachu/eYRC_26-27_Hola-The-Explorer/Software/workspace/src/task_1a', 'symlink_install': False, 'test_result_base': None}
[0.581s] Level 5:colcon.colcon_core.verb:set package 'task_1c' build argument 'cmake_args' from command line to 'None'
[0.581s] Level 5:colcon.colcon_core.verb:set package 'task_1c' build argument 'cmake_target' from command line to 'None'
[0.581s] Level 5:colcon.colcon_core.verb:set package 'task_1c' build argument 'cmake_target_skip_unavailable' from command line to 'False'
[0.582s] Level 5:colcon.colcon_core.verb:set package 'task_1c' build argument 'cmake_clean_cache' from command line to 'False'
[0.582s] Level 5:colcon.colcon_core.verb:set package 'task_1c' build argument 'cmake_clean_first' from command line to 'False'
[0.582s] Level 5:colcon.colcon_core.verb:set package 'task_1c' build argument 'cmake_force_configure' from command line to 'False'
[0.582s] Level 5:colcon.colcon_core.verb:set package 'task_1c' build argument 'ament_cmake_args' from command line to 'None'
[0.582s] Level 5:colcon.colcon_core.verb:set package 'task_1c' build argument 'catkin_cmake_args' from command line to 'None'
[0.582s] Level 5:colcon.colcon_core.verb:set package 'task_1c' build argument 'catkin_skip_building_tests' from command line to 'False'
[0.582s] DEBUG:colcon.colcon_core.verb:Building package 'task_1c' with the following arguments: {'ament_cmake_args': None, 'build_base': '/home/p1kachu/eYRC_26-27_Hola-The-Explorer/Software/workspace/build/task_1c', 'catkin_cmake_args': None, 'catkin_skip_building_tests': False, 'cmake_args': None, 'cmake_clean_cache': False, 'cmake_clean_first': False, 'cmake_force_configure': False, 'cmake_target': None, 'cmake_target_skip_unavailable': False, 'install_base': '/home/p1kachu/eYRC_26-27_Hola-The-Explorer/Software/workspace/install/task_1c', 'merge_install': False, 'path': '/home/p1kachu/eYRC_26-27_Hola-The-Explorer/Software/workspace/src/task_1c', 'symlink_install': False, 'test_result_base': None}
[0.582s] Level 5:colcon.colcon_core.verb:set package 'hb_description' build argument 'cmake_args' from command line to 'None'
[0.582s] Level 5:colcon.colcon_core.verb:set package 'hb_description' build argument 'cmake_target' from command line to 'None'
[0.582s] Level 5:colcon.colcon_core.verb:set package 'hb_description' build argument 'cmake_target_skip_unavailable' from command line to 'False'
[0.582s] Level 5:colcon.colcon_core.verb:set package 'hb_description' build argument 'cmake_clean_cache' from command line to 'False'
[0.582s] Level 5:colcon.colcon_core.verb:set package 'hb_description' build argument 'cmake_clean_first' from command line to 'False'
[0.582s] Level 5:colcon.colcon_core.verb:set package 'hb_description' build argument 'cmake_force_configure' from command line to 'False'
[0.582s] Level 5:colcon.colcon_core.verb:set package 'hb_description' build argument 'ament_cmake_args' from command line to 'None'
[0.582s] Level 5:colcon.colcon_core.verb:set package 'hb_description' build argument 'catkin_cmake_args' from command line to 'None'
[0.582s] Level 5:colcon.colcon_core.verb:set package 'hb_description' build argument 'catkin_skip_building_tests' from command line to 'False'
[0.582s] DEBUG:colcon.colcon_core.verb:Building package 'hb_description' with the following arguments: {'ament_cmake_args': None, 'build_base': '/home/p1kachu/eYRC_26-27_Hola-The-Explorer/Software/workspace/build/hb_description', 'catkin_cmake_args': None, 'catkin_skip_building_tests': False, 'cmake_args': None, 'cmake_clean_cache': False, 'cmake_clean_first': False, 'cmake_force_configure': False, 'cmake_target': None, 'cmake_target_skip_unavailable': False, 'install_base': '/home/p1kachu/eYRC_26-27_Hola-The-Explorer/Software/workspace/install/hb_description', 'merge_install': False, 'path': '/home/p1kachu/eYRC_26-27_Hola-The-Explorer/Software/workspace/src/hb_description', 'symlink_install': False, 'test_result_base': None}
[0.582s] INFO:colcon.colcon_core.executor:Executing jobs using 'parallel' executor
[0.583s] DEBUG:colcon.colcon_parallel_executor.executor.parallel:run_until_complete
[0.584s] INFO:colcon.colcon_ros.task.ament_cmake.build:Building ROS package in '/home/p1kachu/eYRC_26-27_Hola-The-Explorer/Software/workspace/src/shape_interface' with build type 'ament_cmake'
[0.584s] INFO:colcon.colcon_cmake.task.cmake.build:Building CMake package in '/home/p1kachu/eYRC_26-27_Hola-The-Explorer/Software/workspace/src/shape_interface'
[0.588s] INFO:colcon.colcon_core.plugin_system:Skipping extension 'colcon_core.shell.bat': Not used on non-Windows systems
[0.588s] INFO:colcon.colcon_core.shell:Skip shell extension 'powershell' for command environment: Not usable outside of PowerShell
[0.588s] DEBUG:colcon.colcon_core.shell:Skip shell extension 'dsv' for command environment
[0.592s] INFO:colcon.colcon_ros.task.ament_cmake.build:Building ROS package in '/home/p1kachu/eYRC_26-27_Hola-The-Explorer/Software/workspace/src/task_1b' with build type 'ament_cmake'
[0.592s] INFO:colcon.colcon_cmake.task.cmake.build:Building CMake package in '/home/p1kachu/eYRC_26-27_Hola-The-Explorer/Software/workspace/src/task_1b'
[0.592s] INFO:colcon.colcon_core.shell:Skip shell extension 'powershell' for command environment: Not usable outside of PowerShell
[0.592s] DEBUG:colcon.colcon_core.shell:Skip shell extension 'dsv' for command environment
[0.600s] DEBUG:colcon.colcon_core.event_handler.log_command:Invoking command in '/home/p1kachu/eYRC_26-27_Hola-The-Explorer/Software/workspace/build/shape_interface': CMAKE_PREFIX_PATH=${CMAKE_PREFIX_PATH}:/opt/ros/humble /usr/bin/cmake --build /home/p1kachu/eYRC_26-27_Hola-The-Explorer/Software/workspace/build/shape_interface -- -j18 -l18
[0.608s] DEBUG:colcon.colcon_core.event_handler.log_command:Invoking command in '/home/p1kachu/eYRC_26-27_Hola-The-Explorer/Software/workspace/build/task_1b': CMAKE_PREFIX_PATH=${CMAKE_PREFIX_PATH}:/opt/ros/humble /usr/bin/cmake --build /home/p1kachu/eYRC_26-27_Hola-The-Explorer/Software/workspace/build/task_1b -- -j18 -l18
[1.022s] DEBUG:colcon.colcon_core.event_handler.log_command:Invoked command in '/home/p1kachu/eYRC_26-27_Hola-The-Explorer/Software/workspace/build/task_1b' returned '0': CMAKE_PREFIX_PATH=${CMAKE_PREFIX_PATH}:/opt/ros/humble /usr/bin/cmake --build /home/p1kachu/eYRC_26-27_Hola-The-Explorer/Software/workspace/build/task_1b -- -j18 -l18
[1.035s] DEBUG:colcon.colcon_core.event_handler.log_command:Invoking command in '/home/p1kachu/eYRC_26-27_Hola-The-Explorer/Software/workspace/build/task_1b': CMAKE_PREFIX_PATH=${CMAKE_PREFIX_PATH}:/opt/ros/humble /usr/bin/cmake --install /home/p1kachu/eYRC_26-27_Hola-The-Explorer/Software/workspace/build/task_1b
[1.037s] DEBUG:colcon.colcon_core.event_handler.log_command:Invoked command in '/home/p1kachu/eYRC_26-27_Hola-The-Explorer/Software/workspace/build/shape_interface' returned '0': CMAKE_PREFIX_PATH=${CMAKE_PREFIX_PATH}:/opt/ros/humble /usr/bin/cmake --build /home/p1kachu/eYRC_26-27_Hola-The-Explorer/Software/workspace/build/shape_interface -- -j18 -l18
[1.040s] DEBUG:colcon.colcon_core.event_handler.log_command:Invoking command in '/home/p1kachu/eYRC_26-27_Hola-The-Explorer/Software/workspace/build/shape_interface': CMAKE_PREFIX_PATH=${CMAKE_PREFIX_PATH}:/opt/ros/humble /usr/bin/cmake --install /home/p1kachu/eYRC_26-27_Hola-The-Explorer/Software/workspace/build/shape_interface
[1.091s] Level 1:colcon.colcon_core.environment:create_environment_scripts_only(task_1b)
[1.092s] DEBUG:colcon.colcon_core.event_handler.log_command:Invoked command in '/home/p1kachu/eYRC_26-27_Hola-The-Explorer/Software/workspace/build/task_1b' returned '0': CMAKE_PREFIX_PATH=${CMAKE_PREFIX_PATH}:/opt/ros/humble /usr/bin/cmake --install /home/p1kachu/eYRC_26-27_Hola-The-Explorer/Software/workspace/build/task_1b
[1.098s] Level 1:colcon.colcon_core.environment:checking '/home/p1kachu/eYRC_26-27_Hola-The-Explorer/Software/workspace/install/task_1b' for CMake module files
[1.099s] Level 1:colcon.colcon_core.environment:checking '/home/p1kachu/eYRC_26-27_Hola-The-Explorer/Software/workspace/install/task_1b' for CMake config files
[1.100s] Level 1:colcon.colcon_core.shell:create_environment_hook('task_1b', 'cmake_prefix_path')
[1.100s] INFO:colcon.colcon_core.shell:Creating environment hook '/home/p1kachu/eYRC_26-27_Hola-The-Explorer/Software/workspace/install/task_1b/share/task_1b/hook/cmake_prefix_path.ps1'
[1.102s] INFO:colcon.colcon_core.shell:Creating environment descriptor '/home/p1kachu/eYRC_26-27_Hola-The-Explorer/Software/workspace/install/task_1b/share/task_1b/hook/cmake_prefix_path.dsv'
[1.103s] INFO:colcon.colcon_core.shell:Creating environment hook '/home/p1kachu/eYRC_26-27_Hola-The-Explorer/Software/workspace/install/task_1b/share/task_1b/hook/cmake_prefix_path.sh'
[1.104s] Level 1:colcon.colcon_core.environment:checking '/home/p1kachu/eYRC_26-27_Hola-The-Explorer/Software/workspace/install/task_1b/lib'
[1.105s] Level 1:colcon.colcon_core.environment:checking '/home/p1kachu/eYRC_26-27_Hola-The-Explorer/Software/workspace/install/task_1b/bin'
[1.105s] Level 1:colcon.colcon_core.environment:checking '/home/p1kachu/eYRC_26-27_Hola-The-Explorer/Software/workspace/install/task_1b/lib/pkgconfig/task_1b.pc'
[1.106s] Level 1:colcon.colcon_core.environment:checking '/home/p1kachu/eYRC_26-27_Hola-The-Explorer/Software/workspace/install/task_1b/lib/python3.10/site-packages'
[1.107s] Level 1:colcon.colcon_core.environment:checking '/home/p1kachu/eYRC_26-27_Hola-The-Explorer/Software/workspace/install/task_1b/bin'
[1.108s] INFO:colcon.colcon_core.shell:Creating package script '/home/p1kachu/eYRC_26-27_Hola-The-Explorer/Software/workspace/install/task_1b/share/task_1b/package.ps1'
[1.112s] INFO:colcon.colcon_core.shell:Creating package descriptor '/home/p1kachu/eYRC_26-27_Hola-The-Explorer/Software/workspace/install/task_1b/share/task_1b/package.dsv'
[1.115s] INFO:colcon.colcon_core.shell:Creating package script '/home/p1kachu/eYRC_26-27_Hola-The-Explorer/Software/workspace/install/task_1b/share/task_1b/package.sh'
[1.116s] INFO:colcon.colcon_core.shell:Creating package script '/home/p1kachu/eYRC_26-27_Hola-The-Explorer/Software/workspace/install/task_1b/share/task_1b/package.bash'
[1.118s] INFO:colcon.colcon_core.shell:Creating package script '/home/p1kachu/eYRC_26-27_Hola-The-Explorer/Software/workspace/install/task_1b/share/task_1b/package.zsh'
[1.119s] Level 1:colcon.colcon_core.environment:create_file_with_runtime_dependencies(/home/p1kachu/eYRC_26-27_Hola-The-Explorer/Software/workspace/install/task_1b/share/colcon-core/packages/task_1b)
[1.120s] Level 1:colcon.colcon_core.environment:create_environment_scripts_only(task_1b)
[1.121s] Level 1:colcon.colcon_core.environment:checking '/home/p1kachu/eYRC_26-27_Hola-The-Explorer/Software/workspace/install/task_1b' for CMake module files
[1.121s] Level 1:colcon.colcon_core.environment:checking '/home/p1kachu/eYRC_26-27_Hola-The-Explorer/Software/workspace/install/task_1b' for CMake config files
[1.122s] Level 1:colcon.colcon_core.shell:create_environment_hook('task_1b', 'cmake_prefix_path')
[1.122s] INFO:colcon.colcon_core.shell:Creating environment hook '/home/p1kachu/eYRC_26-27_Hola-The-Explorer/Software/workspace/install/task_1b/share/task_1b/hook/cmake_prefix_path.ps1'
[1.123s] INFO:colcon.colcon_core.shell:Creating environment descriptor '/home/p1kachu/eYRC_26-27_Hola-The-Explorer/Software/workspace/install/task_1b/share/task_1b/hook/cmake_prefix_path.dsv'
[1.123s] INFO:colcon.colcon_core.shell:Creating environment hook '/home/p1kachu/eYRC_26-27_Hola-The-Explorer/Software/workspace/install/task_1b/share/task_1b/hook/cmake_prefix_path.sh'
[1.124s] Level 1:colcon.colcon_core.environment:checking '/home/p1kachu/eYRC_26-27_Hola-The-Explorer/Software/workspace/install/task_1b/lib'
[1.124s] Level 1:colcon.colcon_core.environment:checking '/home/p1kachu/eYRC_26-27_Hola-The-Explorer/Software/workspace/install/task_1b/bin'
[1.124s] Level 1:colcon.colcon_core.environment:checking '/home/p1kachu/eYRC_26-27_Hola-The-Explorer/Software/workspace/install/task_1b/lib/pkgconfig/task_1b.pc'
[1.124s] Level 1:colcon.colcon_core.environment:checking '/home/p1kachu/eYRC_26-27_Hola-The-Explorer/Software/workspace/install/task_1b/lib/python3.10/site-packages'
[1.125s] Level 1:colcon.colcon_core.environment:checking '/home/p1kachu/eYRC_26-27_Hola-The-Explorer/Software/workspace/install/task_1b/bin'
[1.125s] INFO:colcon.colcon_core.shell:Creating package script '/home/p1kachu/eYRC_26-27_Hola-The-Explorer/Software/workspace/install/task_1b/share/task_1b/package.ps1'
[1.126s] INFO:colcon.colcon_core.shell:Creating package descriptor '/home/p1kachu/eYRC_26-27_Hola-The-Explorer/Software/workspace/install/task_1b/share/task_1b/package.dsv'
[1.126s] INFO:colcon.colcon_core.shell:Creating package script '/home/p1kachu/eYRC_26-27_Hola-The-Explorer/Software/workspace/install/task_1b/share/task_1b/package.sh'
[1.127s] INFO:colcon.colcon_core.shell:Creating package script '/home/p1kachu/eYRC_26-27_Hola-The-Explorer/Software/workspace/install/task_1b/share/task_1b/package.bash'
[1.127s] INFO:colcon.colcon_core.shell:Creating package script '/home/p1kachu/eYRC_26-27_Hola-The-Explorer/Software/workspace/install/task_1b/share/task_1b/package.zsh'
[1.128s] Level 1:colcon.colcon_core.environment:create_file_with_runtime_dependencies(/home/p1kachu/eYRC_26-27_Hola-The-Explorer/Software/workspace/install/task_1b/share/colcon-core/packages/task_1b)
[1.130s] Level 1:colcon.colcon_core.environment:create_environment_scripts_only(shape_interface)
[1.130s] Level 1:colcon.colcon_core.environment:checking '/home/p1kachu/eYRC_26-27_Hola-The-Explorer/Software/workspace/install/shape_interface' for CMake module files
[1.131s] DEBUG:colcon.colcon_core.event_handler.log_command:Invoked command in '/home/p1kachu/eYRC_26-27_Hola-The-Explorer/Software/workspace/build/shape_interface' returned '0': CMAKE_PREFIX_PATH=${CMAKE_PREFIX_PATH}:/opt/ros/humble /usr/bin/cmake --install /home/p1kachu/eYRC_26-27_Hola-The-Explorer/Software/workspace/build/shape_interface
[1.131s] Level 1:colcon.colcon_core.environment:checking '/home/p1kachu/eYRC_26-27_Hola-The-Explorer/Software/workspace/install/shape_interface' for CMake config files
[1.132s] Level 1:colcon.colcon_core.shell:create_environment_hook('shape_interface', 'cmake_prefix_path')
[1.132s] INFO:colcon.colcon_core.shell:Creating environment hook '/home/p1kachu/eYRC_26-27_Hola-The-Explorer/Software/workspace/install/shape_interface/share/shape_interface/hook/cmake_prefix_path.ps1'
[1.133s] INFO:colcon.colcon_core.shell:Creating environment descriptor '/home/p1kachu/eYRC_26-27_Hola-The-Explorer/Software/workspace/install/shape_interface/share/shape_interface/hook/cmake_prefix_path.dsv'
[1.133s] INFO:colcon.colcon_core.shell:Creating environment hook '/home/p1kachu/eYRC_26-27_Hola-The-Explorer/Software/workspace/install/shape_interface/share/shape_interface/hook/cmake_prefix_path.sh'
[1.134s] Level 1:colcon.colcon_core.environment:checking '/home/p1kachu/eYRC_26-27_Hola-The-Explorer/Software/workspace/install/shape_interface/lib'
[1.134s] Level 1:colcon.colcon_core.shell:create_environment_hook('shape_interface', 'ld_library_path_lib')
[1.135s] INFO:colcon.colcon_core.shell:Creating environment hook '/home/p1kachu/eYRC_26-27_Hola-The-Explorer/Software/workspace/install/shape_interface/share/shape_interface/hook/ld_library_path_lib.ps1'
[1.135s] INFO:colcon.colcon_core.shell:Creating environment descriptor '/home/p1kachu/eYRC_26-27_Hola-The-Explorer/Software/workspace/install/shape_interface/share/shape_interface/hook/ld_library_path_lib.dsv'
[1.135s] INFO:colcon.colcon_core.shell:Creating environment hook '/home/p1kachu/eYRC_26-27_Hola-The-Explorer/Software/workspace/install/shape_interface/share/shape_interface/hook/ld_library_path_lib.sh'
[1.136s] Level 1:colcon.colcon_core.environment:checking '/home/p1kachu/eYRC_26-27_Hola-The-Explorer/Software/workspace/install/shape_interface/bin'
[1.136s] Level 1:colcon.colcon_core.environment:checking '/home/p1kachu/eYRC_26-27_Hola-The-Explorer/Software/workspace/install/shape_interface/lib/pkgconfig/shape_interface.pc'
[1.136s] Level 1:colcon.colcon_core.environment:checking '/home/p1kachu/eYRC_26-27_Hola-The-Explorer/Software/workspace/install/shape_interface/lib/python3.10/site-packages'
[1.137s] Level 1:colcon.colcon_core.environment:checking '/home/p1kachu/eYRC_26-27_Hola-The-Explorer/Software/workspace/install/shape_interface/bin'
[1.137s] INFO:colcon.colcon_core.shell:Creating package script '/home/p1kachu/eYRC_26-27_Hola-The-Explorer/Software/workspace/install/shape_interface/share/shape_interface/package.ps1'
[1.138s] INFO:colcon.colcon_core.shell:Creating package descriptor '/home/p1kachu/eYRC_26-27_Hola-The-Explorer/Software/workspace/install/shape_interface/share/shape_interface/package.dsv'
[1.138s] INFO:colcon.colcon_core.shell:Creating package script '/home/p1kachu/eYRC_26-27_Hola-The-Explorer/Software/workspace/install/shape_interface/share/shape_interface/package.sh'
[1.139s] INFO:colcon.colcon_core.shell:Creating package script '/home/p1kachu/eYRC_26-27_Hola-The-Explorer/Software/workspace/install/shape_interface/share/shape_interface/package.bash'
[1.139s] INFO:colcon.colcon_core.shell:Creating package script '/home/p1kachu/eYRC_26-27_Hola-The-Explorer/Software/workspace/install/shape_interface/share/shape_interface/package.zsh'
[1.139s] Level 1:colcon.colcon_core.environment:create_file_with_runtime_dependencies(/home/p1kachu/eYRC_26-27_Hola-The-Explorer/Software/workspace/install/shape_interface/share/colcon-core/packages/shape_interface)
[1.140s] Level 1:colcon.colcon_core.environment:create_environment_scripts_only(shape_interface)
[1.141s] Level 1:colcon.colcon_core.environment:checking '/home/p1kachu/eYRC_26-27_Hola-The-Explorer/Software/workspace/install/shape_interface' for CMake module files
[1.141s] Level 1:colcon.colcon_core.environment:checking '/home/p1kachu/eYRC_26-27_Hola-The-Explorer/Software/workspace/install/shape_interface' for CMake config files
[1.142s] Level 1:colcon.colcon_core.shell:create_environment_hook('shape_interface', 'cmake_prefix_path')
[1.142s] INFO:colcon.colcon_core.shell:Creating environment hook '/home/p1kachu/eYRC_26-27_Hola-The-Explorer/Software/workspace/install/shape_interface/share/shape_interface/hook/cmake_prefix_path.ps1'
[1.143s] INFO:colcon.colcon_core.shell:Creating environment descriptor '/home/p1kachu/eYRC_26-27_Hola-The-Explorer/Software/workspace/install/shape_interface/share/shape_interface/hook/cmake_prefix_path.dsv'
[1.143s] INFO:colcon.colcon_core.shell:Creating environment hook '/home/p1kachu/eYRC_26-27_Hola-The-Explorer/Software/workspace/install/shape_interface/share/shape_interface/hook/cmake_prefix_path.sh'
[1.144s] Level 1:colcon.colcon_core.environment:checking '/home/p1kachu/eYRC_26-27_Hola-The-Explorer/Software/workspace/install/shape_interface/lib'
[1.144s] Level 1:colcon.colcon_core.shell:create_environment_hook('shape_interface', 'ld_library_path_lib')
[1.144s] INFO:colcon.colcon_core.shell:Creating environment hook '/home/p1kachu/eYRC_26-27_Hola-The-Explorer/Software/workspace/install/shape_interface/share/shape_interface/hook/ld_library_path_lib.ps1'
[1.144s] INFO:colcon.colcon_core.shell:Creating environment descriptor '/home/p1kachu/eYRC_26-27_Hola-The-Explorer/Software/workspace/install/shape_interface/share/shape_interface/hook/ld_library_path_lib.dsv'
[1.145s] INFO:colcon.colcon_core.shell:Creating environment hook '/home/p1kachu/eYRC_26-27_Hola-The-Explorer/Software/workspace/install/shape_interface/share/shape_interface/hook/ld_library_path_lib.sh'
[1.145s] Level 1:colcon.colcon_core.environment:checking '/home/p1kachu/eYRC_26-27_Hola-The-Explorer/Software/workspace/install/shape_interface/bin'
[1.145s] Level 1:colcon.colcon_core.environment:checking '/home/p1kachu/eYRC_26-27_Hola-The-Explorer/Software/workspace/install/shape_interface/lib/pkgconfig/shape_interface.pc'
[1.146s] Level 1:colcon.colcon_core.environment:checking '/home/p1kachu/eYRC_26-27_Hola-The-Explorer/Software/workspace/install/shape_interface/lib/python3.10/site-packages'
[1.146s] Level 1:colcon.colcon_core.environment:checking '/home/p1kachu/eYRC_26-27_Hola-The-Explorer/Software/workspace/install/shape_interface/bin'
[1.146s] INFO:colcon.colcon_core.shell:Creating package script '/home/p1kachu/eYRC_26-27_Hola-The-Explorer/Software/workspace/install/shape_interface/share/shape_interface/package.ps1'
[1.147s] INFO:colcon.colcon_core.shell:Creating package descriptor '/home/p1kachu/eYRC_26-27_Hola-The-Explorer/Software/workspace/install/shape_interface/share/shape_interface/package.dsv'
[1.148s] INFO:colcon.colcon_core.shell:Creating package script '/home/p1kachu/eYRC_26-27_Hola-The-Explorer/Software/workspace/install/shape_interface/share/shape_interface/package.sh'
[1.148s] INFO:colcon.colcon_core.shell:Creating package script '/home/p1kachu/eYRC_26-27_Hola-The-Explorer/Software/workspace/install/shape_interface/share/shape_interface/package.bash'
[1.149s] INFO:colcon.colcon_core.shell:Creating package script '/home/p1kachu/eYRC_26-27_Hola-The-Explorer/Software/workspace/install/shape_interface/share/shape_interface/package.zsh'
[1.149s] Level 1:colcon.colcon_core.environment:create_file_with_runtime_dependencies(/home/p1kachu/eYRC_26-27_Hola-The-Explorer/Software/workspace/install/shape_interface/share/colcon-core/packages/shape_interface)
[1.150s] INFO:colcon.colcon_ros.task.ament_cmake.build:Building ROS package in '/home/p1kachu/eYRC_26-27_Hola-The-Explorer/Software/workspace/src/task_1a' with build type 'ament_cmake'
[1.150s] INFO:colcon.colcon_cmake.task.cmake.build:Building CMake package in '/home/p1kachu/eYRC_26-27_Hola-The-Explorer/Software/workspace/src/task_1a'
[1.150s] INFO:colcon.colcon_core.shell:Skip shell extension 'powershell' for command environment: Not usable outside of PowerShell
[1.150s] DEBUG:colcon.colcon_core.shell:Skip shell extension 'dsv' for command environment
[1.157s] INFO:colcon.colcon_ros.task.ament_cmake.build:Building ROS package in '/home/p1kachu/eYRC_26-27_Hola-The-Explorer/Software/workspace/src/task_1c' with build type 'ament_cmake'
[1.157s] INFO:colcon.colcon_cmake.task.cmake.build:Building CMake package in '/home/p1kachu/eYRC_26-27_Hola-The-Explorer/Software/workspace/src/task_1c'
[1.158s] INFO:colcon.colcon_core.shell:Skip shell extension 'powershell' for command environment: Not usable outside of PowerShell
[1.158s] DEBUG:colcon.colcon_core.shell:Skip shell extension 'dsv' for command environment
[1.168s] DEBUG:colcon.colcon_core.event_handler.log_command:Invoking command in '/home/p1kachu/eYRC_26-27_Hola-The-Explorer/Software/workspace/build/task_1a': CMAKE_PREFIX_PATH=/home/p1kachu/eYRC_26-27_Hola-The-Explorer/Software/workspace/install/shape_interface:/home/p1kachu/eYRC_26-27_Hola-The-Explorer/Software/workspace/install/task_1c:/home/p1kachu/eYRC_26-27_Hola-The-Explorer/Software/workspace/install/task_1b:/home/p1kachu/eYRC_26-27_Hola-The-Explorer/Software/workspace/install/hb_description:/home/p1kachu/eYRC_26-27_Hola-The-Explorer/Software/workspace/install/task_1a:/opt/ros/humble LD_LIBRARY_PATH=/home/p1kachu/eYRC_26-27_Hola-The-Explorer/Software/workspace/install/shape_interface/lib:/home/p1kachu/eYRC_26-27_Hola-The-Explorer/Software/workspace/install/hb_description/lib:/opt/ros/humble/opt/rviz_ogre_vendor/lib:/opt/ros/humble/lib/x86_64-linux-gnu:/opt/ros/humble/lib /usr/bin/cmake --build /home/p1kachu/eYRC_26-27_Hola-The-Explorer/Software/workspace/build/task_1a -- -j18 -l18
[1.173s] DEBUG:colcon.colcon_core.event_handler.log_command:Invoking command in '/home/p1kachu/eYRC_26-27_Hola-The-Explorer/Software/workspace/build/task_1c': CMAKE_PREFIX_PATH=/home/p1kachu/eYRC_26-27_Hola-The-Explorer/Software/workspace/install/shape_interface:/home/p1kachu/eYRC_26-27_Hola-The-Explorer/Software/workspace/install/task_1c:/home/p1kachu/eYRC_26-27_Hola-The-Explorer/Software/workspace/install/task_1b:/home/p1kachu/eYRC_26-27_Hola-The-Explorer/Software/workspace/install/hb_description:/home/p1kachu/eYRC_26-27_Hola-The-Explorer/Software/workspace/install/task_1a:/opt/ros/humble LD_LIBRARY_PATH=/home/p1kachu/eYRC_26-27_Hola-The-Explorer/Software/workspace/install/shape_interface/lib:/home/p1kachu/eYRC_26-27_Hola-The-Explorer/Software/workspace/install/hb_description/lib:/opt/ros/humble/opt/rviz_ogre_vendor/lib:/opt/ros/humble/lib/x86_64-linux-gnu:/opt/ros/humble/lib /usr/bin/cmake --build /home/p1kachu/eYRC_26-27_Hola-The-Explorer/Software/workspace/build/task_1c -- -j18 -l18
[1.235s] DEBUG:colcon.colcon_core.event_handler.log_command:Invoked command in '/home/p1kachu/eYRC_26-27_Hola-The-Explorer/Software/workspace/build/task_1c' returned '0': CMAKE_PREFIX_PATH=/home/p1kachu/eYRC_26-27_Hola-The-Explorer/Software/workspace/install/shape_interface:/home/p1kachu/eYRC_26-27_Hola-The-Explorer/Software/workspace/install/task_1c:/home/p1kachu/eYRC_26-27_Hola-The-Explorer/Software/workspace/install/task_1b:/home/p1kachu/eYRC_26-27_Hola-The-Explorer/Software/workspace/install/hb_description:/home/p1kachu/eYRC_26-27_Hola-The-Explorer/Software/workspace/install/task_1a:/opt/ros/humble LD_LIBRARY_PATH=/home/p1kachu/eYRC_26-27_Hola-The-Explorer/Software/workspace/install/shape_interface/lib:/home/p1kachu/eYRC_26-27_Hola-The-Explorer/Software/workspace/install/hb_description/lib:/opt/ros/humble/opt/rviz_ogre_vendor/lib:/opt/ros/humble/lib/x86_64-linux-gnu:/opt/ros/humble/lib /usr/bin/cmake --build /home/p1kachu/eYRC_26-27_Hola-The-Explorer/Software/workspace/build/task_1c -- -j18 -l18
[1.238s] DEBUG:colcon.colcon_core.event_handler.log_command:Invoking command in '/home/p1kachu/eYRC_26-27_Hola-The-Explorer/Software/workspace/build/task_1c': CMAKE_PREFIX_PATH=/home/p1kachu/eYRC_26-27_Hola-The-Explorer/Software/workspace/install/shape_interface:/home/p1kachu/eYRC_26-27_Hola-The-Explorer/Software/workspace/install/task_1c:/home/p1kachu/eYRC_26-27_Hola-The-Explorer/Software/workspace/install/task_1b:/home/p1kachu/eYRC_26-27_Hola-The-Explorer/Software/workspace/install/hb_description:/home/p1kachu/eYRC_26-27_Hola-The-Explorer/Software/workspace/install/task_1a:/opt/ros/humble LD_LIBRARY_PATH=/home/p1kachu/eYRC_26-27_Hola-The-Explorer/Software/workspace/install/shape_interface/lib:/home/p1kachu/eYRC_26-27_Hola-The-Explorer/Software/workspace/install/hb_description/lib:/opt/ros/humble/opt/rviz_ogre_vendor/lib:/opt/ros/humble/lib/x86_64-linux-gnu:/opt/ros/humble/lib /usr/bin/cmake --install /home/p1kachu/eYRC_26-27_Hola-The-Explorer/Software/workspace/build/task_1c
[1.252s] Level 1:colcon.colcon_core.environment:create_environment_scripts_only(task_1c)
[1.253s] Level 1:colcon.colcon_core.environment:checking '/home/p1kachu/eYRC_26-27_Hola-The-Explorer/Software/workspace/install/task_1c' for CMake module files
[1.253s] DEBUG:colcon.colcon_core.event_handler.log_command:Invoked command in '/home/p1kachu/eYRC_26-27_Hola-The-Explorer/Software/workspace/build/task_1c' returned '0': CMAKE_PREFIX_PATH=/home/p1kachu/eYRC_26-27_Hola-The-Explorer/Software/workspace/install/shape_interface:/home/p1kachu/eYRC_26-27_Hola-The-Explorer/Software/workspace/install/task_1c:/home/p1kachu/eYRC_26-27_Hola-The-Explorer/Software/workspace/install/task_1b:/home/p1kachu/eYRC_26-27_Hola-The-Explorer/Software/workspace/install/hb_description:/home/p1kachu/eYRC_26-27_Hola-The-Explorer/Software/workspace/install/task_1a:/opt/ros/humble LD_LIBRARY_PATH=/home/p1kachu/eYRC_26-27_Hola-The-Explorer/Software/workspace/install/shape_interface/lib:/home/p1kachu/eYRC_26-27_Hola-The-Explorer/Software/workspace/install/hb_description/lib:/opt/ros/humble/opt/rviz_ogre_vendor/lib:/opt/ros/humble/lib/x86_64-linux-gnu:/opt/ros/humble/lib /usr/bin/cmake --install /home/p1kachu/eYRC_26-27_Hola-The-Explorer/Software/workspace/build/task_1c
[1.254s] Level 1:colcon.colcon_core.environment:checking '/home/p1kachu/eYRC_26-27_Hola-The-Explorer/Software/workspace/install/task_1c' for CMake config files
[1.254s] Level 1:colcon.colcon_core.shell:create_environment_hook('task_1c', 'cmake_prefix_path')
[1.255s] INFO:colcon.colcon_core.shell:Creating environment hook '/home/p1kachu/eYRC_26-27_Hola-The-Explorer/Software/workspace/install/task_1c/share/task_1c/hook/cmake_prefix_path.ps1'
[1.256s] INFO:colcon.colcon_core.shell:Creating environment descriptor '/home/p1kachu/eYRC_26-27_Hola-The-Explorer/Software/workspace/install/task_1c/share/task_1c/hook/cmake_prefix_path.dsv'
[1.256s] INFO:colcon.colcon_core.shell:Creating environment hook '/home/p1kachu/eYRC_26-27_Hola-The-Explorer/Software/workspace/install/task_1c/share/task_1c/hook/cmake_prefix_path.sh'
[1.257s] Level 1:colcon.colcon_core.environment:checking '/home/p1kachu/eYRC_26-27_Hola-The-Explorer/Software/workspace/install/task_1c/lib'
[1.257s] Level 1:colcon.colcon_core.environment:checking '/home/p1kachu/eYRC_26-27_Hola-The-Explorer/Software/workspace/install/task_1c/bin'
[1.257s] Level 1:colcon.colcon_core.environment:checking '/home/p1kachu/eYRC_26-27_Hola-The-Explorer/Software/workspace/install/task_1c/lib/pkgconfig/task_1c.pc'
[1.257s] Level 1:colcon.colcon_core.environment:checking '/home/p1kachu/eYRC_26-27_Hola-The-Explorer/Software/workspace/install/task_1c/lib/python3.10/site-packages'
[1.258s] Level 1:colcon.colcon_core.environment:checking '/home/p1kachu/eYRC_26-27_Hola-The-Explorer/Software/workspace/install/task_1c/bin'
[1.258s] INFO:colcon.colcon_core.shell:Creating package script '/home/p1kachu/eYRC_26-27_Hola-The-Explorer/Software/workspace/install/task_1c/share/task_1c/package.ps1'
[1.259s] INFO:colcon.colcon_core.shell:Creating package descriptor '/home/p1kachu/eYRC_26-27_Hola-The-Explorer/Software/workspace/install/task_1c/share/task_1c/package.dsv'
[1.259s] INFO:colcon.colcon_core.shell:Creating package script '/home/p1kachu/eYRC_26-27_Hola-The-Explorer/Software/workspace/install/task_1c/share/task_1c/package.sh'
[1.260s] INFO:colcon.colcon_core.shell:Creating package script '/home/p1kachu/eYRC_26-27_Hola-The-Explorer/Software/workspace/install/task_1c/share/task_1c/package.bash'
[1.260s] INFO:colcon.colcon_core.shell:Creating package script '/home/p1kachu/eYRC_26-27_Hola-The-Explorer/Software/workspace/install/task_1c/share/task_1c/package.zsh'
[1.261s] Level 1:colcon.colcon_core.environment:create_file_with_runtime_dependencies(/home/p1kachu/eYRC_26-27_Hola-The-Explorer/Software/workspace/install/task_1c/share/colcon-core/packages/task_1c)
[1.262s] Level 1:colcon.colcon_core.environment:create_environment_scripts_only(task_1c)
[1.262s] Level 1:colcon.colcon_core.environment:checking '/home/p1kachu/eYRC_26-27_Hola-The-Explorer/Software/workspace/install/task_1c' for CMake module files
[1.262s] Level 1:colcon.colcon_core.environment:checking '/home/p1kachu/eYRC_26-27_Hola-The-Explorer/Software/workspace/install/task_1c' for CMake config files
[1.263s] Level 1:colcon.colcon_core.shell:create_environment_hook('task_1c', 'cmake_prefix_path')
[1.263s] INFO:colcon.colcon_core.shell:Creating environment hook '/home/p1kachu/eYRC_26-27_Hola-The-Explorer/Software/workspace/install/task_1c/share/task_1c/hook/cmake_prefix_path.ps1'
[1.263s] INFO:colcon.colcon_core.shell:Creating environment descriptor '/home/p1kachu/eYRC_26-27_Hola-The-Explorer/Software/workspace/install/task_1c/share/task_1c/hook/cmake_prefix_path.dsv'
[1.264s] INFO:colcon.colcon_core.shell:Creating environment hook '/home/p1kachu/eYRC_26-27_Hola-The-Explorer/Software/workspace/install/task_1c/share/task_1c/hook/cmake_prefix_path.sh'
[1.264s] Level 1:colcon.colcon_core.environment:checking '/home/p1kachu/eYRC_26-27_Hola-The-Explorer/Software/workspace/install/task_1c/lib'
[1.264s] Level 1:colcon.colcon_core.environment:checking '/home/p1kachu/eYRC_26-27_Hola-The-Explorer/Software/workspace/install/task_1c/bin'
[1.264s] Level 1:colcon.colcon_core.environment:checking '/home/p1kachu/eYRC_26-27_Hola-The-Explorer/Software/workspace/install/task_1c/lib/pkgconfig/task_1c.pc'
[1.265s] Level 1:colcon.colcon_core.environment:checking '/home/p1kachu/eYRC_26-27_Hola-The-Explorer/Software/workspace/install/task_1c/lib/python3.10/site-packages'
[1.265s] Level 1:colcon.colcon_core.environment:checking '/home/p1kachu/eYRC_26-27_Hola-The-Explorer/Software/workspace/install/task_1c/bin'
[1.265s] INFO:colcon.colcon_core.shell:Creating package script '/home/p1kachu/eYRC_26-27_Hola-The-Explorer/Software/workspace/install/task_1c/share/task_1c/package.ps1'
[1.266s] INFO:colcon.colcon_core.shell:Creating package descriptor '/home/p1kachu/eYRC_26-27_Hola-The-Explorer/Software/workspace/install/task_1c/share/task_1c/package.dsv'
[1.267s] INFO:colcon.colcon_core.shell:Creating package script '/home/p1kachu/eYRC_26-27_Hola-The-Explorer/Software/workspace/install/task_1c/share/task_1c/package.sh'
[1.267s] INFO:colcon.colcon_core.shell:Creating package script '/home/p1kachu/eYRC_26-27_Hola-The-Explorer/Software/workspace/install/task_1c/share/task_1c/package.bash'
[1.268s] INFO:colcon.colcon_core.shell:Creating package script '/home/p1kachu/eYRC_26-27_Hola-The-Explorer/Software/workspace/install/task_1c/share/task_1c/package.zsh'
[1.268s] Level 1:colcon.colcon_core.environment:create_file_with_runtime_dependencies(/home/p1kachu/eYRC_26-27_Hola-The-Explorer/Software/workspace/install/task_1c/share/colcon-core/packages/task_1c)
[1.556s] DEBUG:colcon.colcon_core.event_handler.log_command:Invoked command in '/home/p1kachu/eYRC_26-27_Hola-The-Explorer/Software/workspace/build/task_1a' returned '0': CMAKE_PREFIX_PATH=/home/p1kachu/eYRC_26-27_Hola-The-Explorer/Software/workspace/install/shape_interface:/home/p1kachu/eYRC_26-27_Hola-The-Explorer/Software/workspace/install/task_1c:/home/p1kachu/eYRC_26-27_Hola-The-Explorer/Software/workspace/install/task_1b:/home/p1kachu/eYRC_26-27_Hola-The-Explorer/Software/workspace/install/hb_description:/home/p1kachu/eYRC_26-27_Hola-The-Explorer/Software/workspace/install/task_1a:/opt/ros/humble LD_LIBRARY_PATH=/home/p1kachu/eYRC_26-27_Hola-The-Explorer/Software/workspace/install/shape_interface/lib:/home/p1kachu/eYRC_26-27_Hola-The-Explorer/Software/workspace/install/hb_description/lib:/opt/ros/humble/opt/rviz_ogre_vendor/lib:/opt/ros/humble/lib/x86_64-linux-gnu:/opt/ros/humble/lib /usr/bin/cmake --build /home/p1kachu/eYRC_26-27_Hola-The-Explorer/Software/workspace/build/task_1a -- -j18 -l18
[1.559s] DEBUG:colcon.colcon_core.event_handler.log_command:Invoking command in '/home/p1kachu/eYRC_26-27_Hola-The-Explorer/Software/workspace/build/task_1a': CMAKE_PREFIX_PATH=/home/p1kachu/eYRC_26-27_Hola-The-Explorer/Software/workspace/install/shape_interface:/home/p1kachu/eYRC_26-27_Hola-The-Explorer/Software/workspace/install/task_1c:/home/p1kachu/eYRC_26-27_Hola-The-Explorer/Software/workspace/install/task_1b:/home/p1kachu/eYRC_26-27_Hola-The-Explorer/Software/workspace/install/hb_description:/home/p1kachu/eYRC_26-27_Hola-The-Explorer/Software/workspace/install/task_1a:/opt/ros/humble LD_LIBRARY_PATH=/home/p1kachu/eYRC_26-27_Hola-The-Explorer/Software/workspace/install/shape_interface/lib:/home/p1kachu/eYRC_26-27_Hola-The-Explorer/Software/workspace/install/hb_description/lib:/opt/ros/humble/opt/rviz_ogre_vendor/lib:/opt/ros/humble/lib/x86_64-linux-gnu:/opt/ros/humble/lib /usr/bin/cmake --install /home/p1kachu/eYRC_26-27_Hola-The-Explorer/Software/workspace/build/task_1a
[1.627s] Level 1:colcon.colcon_core.environment:create_environment_scripts_only(task_1a)
[1.627s] DEBUG:colcon.colcon_core.event_handler.log_command:Invoked command in '/home/p1kachu/eYRC_26-27_Hola-The-Explorer/Software/workspace/build/task_1a' returned '0': CMAKE_PREFIX_PATH=/home/p1kachu/eYRC_26-27_Hola-The-Explorer/Software/workspace/install/shape_interface:/home/p1kachu/eYRC_26-27_Hola-The-Explorer/Software/workspace/install/task_1c:/home/p1kachu/eYRC_26-27_Hola-The-Explorer/Software/workspace/install/task_1b:/home/p1kachu/eYRC_26-27_Hola-The-Explorer/Software/workspace/install/hb_description:/home/p1kachu/eYRC_26-27_Hola-The-Explorer/Software/workspace/install/task_1a:/opt/ros/humble LD_LIBRARY_PATH=/home/p1kachu/eYRC_26-27_Hola-The-Explorer/Software/workspace/install/shape_interface/lib:/home/p1kachu/eYRC_26-27_Hola-The-Explorer/Software/workspace/install/hb_description/lib:/opt/ros/humble/opt/rviz_ogre_vendor/lib:/opt/ros/humble/lib/x86_64-linux-gnu:/opt/ros/humble/lib /usr/bin/cmake --install /home/p1kachu/eYRC_26-27_Hola-The-Explorer/Software/workspace/build/task_1a
[1.628s] Level 1:colcon.colcon_core.environment:checking '/home/p1kachu/eYRC_26-27_Hola-The-Explorer/Software/workspace/install/task_1a' for CMake module files
[1.629s] Level 1:colcon.colcon_core.environment:checking '/home/p1kachu/eYRC_26-27_Hola-The-Explorer/Software/workspace/install/task_1a' for CMake config files
[1.629s] Level 1:colcon.colcon_core.shell:create_environment_hook('task_1a', 'cmake_prefix_path')
[1.630s] INFO:colcon.colcon_core.shell:Creating environment hook '/home/p1kachu/eYRC_26-27_Hola-The-Explorer/Software/workspace/install/task_1a/share/task_1a/hook/cmake_prefix_path.ps1'
[1.630s] INFO:colcon.colcon_core.shell:Creating environment descriptor '/home/p1kachu/eYRC_26-27_Hola-The-Explorer/Software/workspace/install/task_1a/share/task_1a/hook/cmake_prefix_path.dsv'
[1.631s] INFO:colcon.colcon_core.shell:Creating environment hook '/home/p1kachu/eYRC_26-27_Hola-The-Explorer/Software/workspace/install/task_1a/share/task_1a/hook/cmake_prefix_path.sh'
[1.632s] Level 1:colcon.colcon_core.environment:checking '/home/p1kachu/eYRC_26-27_Hola-The-Explorer/Software/workspace/install/task_1a/lib'
[1.632s] Level 1:colcon.colcon_core.environment:checking '/home/p1kachu/eYRC_26-27_Hola-The-Explorer/Software/workspace/install/task_1a/bin'
[1.632s] Level 1:colcon.colcon_core.environment:checking '/home/p1kachu/eYRC_26-27_Hola-The-Explorer/Software/workspace/install/task_1a/lib/pkgconfig/task_1a.pc'
[1.632s] Level 1:colcon.colcon_core.environment:checking '/home/p1kachu/eYRC_26-27_Hola-The-Explorer/Software/workspace/install/task_1a/lib/python3.10/site-packages'
[1.633s] Level 1:colcon.colcon_core.environment:checking '/home/p1kachu/eYRC_26-27_Hola-The-Explorer/Software/workspace/install/task_1a/bin'
[1.633s] INFO:colcon.colcon_core.shell:Creating package script '/home/p1kachu/eYRC_26-27_Hola-The-Explorer/Software/workspace/install/task_1a/share/task_1a/package.ps1'
[1.634s] INFO:colcon.colcon_core.shell:Creating package descriptor '/home/p1kachu/eYRC_26-27_Hola-The-Explorer/Software/workspace/install/task_1a/share/task_1a/package.dsv'
[1.635s] INFO:colcon.colcon_core.shell:Creating package script '/home/p1kachu/eYRC_26-27_Hola-The-Explorer/Software/workspace/install/task_1a/share/task_1a/package.sh'
[1.635s] INFO:colcon.colcon_core.shell:Creating package script '/home/p1kachu/eYRC_26-27_Hola-The-Explorer/Software/workspace/install/task_1a/share/task_1a/package.bash'
[1.635s] INFO:colcon.colcon_core.shell:Creating package script '/home/p1kachu/eYRC_26-27_Hola-The-Explorer/Software/workspace/install/task_1a/share/task_1a/package.zsh'
[1.636s] Level 1:colcon.colcon_core.environment:create_file_with_runtime_dependencies(/home/p1kachu/eYRC_26-27_Hola-The-Explorer/Software/workspace/install/task_1a/share/colcon-core/packages/task_1a)
[1.636s] Level 1:colcon.colcon_core.environment:create_environment_scripts_only(task_1a)
[1.637s] Level 1:colcon.colcon_core.environment:checking '/home/p1kachu/eYRC_26-27_Hola-The-Explorer/Software/workspace/install/task_1a' for CMake module files
[1.637s] Level 1:colcon.colcon_core.environment:checking '/home/p1kachu/eYRC_26-27_Hola-The-Explorer/Software/workspace/install/task_1a' for CMake config files
[1.637s] Level 1:colcon.colcon_core.shell:create_environment_hook('task_1a', 'cmake_prefix_path')
[1.638s] INFO:colcon.colcon_core.shell:Creating environment hook '/home/p1kachu/eYRC_26-27_Hola-The-Explorer/Software/workspace/install/task_1a/share/task_1a/hook/cmake_prefix_path.ps1'
[1.638s] INFO:colcon.colcon_core.shell:Creating environment descriptor '/home/p1kachu/eYRC_26-27_Hola-The-Explorer/Software/workspace/install/task_1a/share/task_1a/hook/cmake_prefix_path.dsv'
[1.639s] INFO:colcon.colcon_core.shell:Creating environment hook '/home/p1kachu/eYRC_26-27_Hola-The-Explorer/Software/workspace/install/task_1a/share/task_1a/hook/cmake_prefix_path.sh'
[1.639s] Level 1:colcon.colcon_core.environment:checking '/home/p1kachu/eYRC_26-27_Hola-The-Explorer/Software/workspace/install/task_1a/lib'
[1.639s] Level 1:colcon.colcon_core.environment:checking '/home/p1kachu/eYRC_26-27_Hola-The-Explorer/Software/workspace/install/task_1a/bin'
[1.639s] Level 1:colcon.colcon_core.environment:checking '/home/p1kachu/eYRC_26-27_Hola-The-Explorer/Software/workspace/install/task_1a/lib/pkgconfig/task_1a.pc'
[1.640s] Level 1:colcon.colcon_core.environment:checking '/home/p1kachu/eYRC_26-27_Hola-The-Explorer/Software/workspace/install/task_1a/lib/python3.10/site-packages'
[1.640s] Level 1:colcon.colcon_core.environment:checking '/home/p1kachu/eYRC_26-27_Hola-The-Explorer/Software/workspace/install/task_1a/bin'
[1.640s] INFO:colcon.colcon_core.shell:Creating package script '/home/p1kachu/eYRC_26-27_Hola-The-Explorer/Software/workspace/install/task_1a/share/task_1a/package.ps1'
[1.641s] INFO:colcon.colcon_core.shell:Creating package descriptor '/home/p1kachu/eYRC_26-27_Hola-The-Explorer/Software/workspace/install/task_1a/share/task_1a/package.dsv'
[1.641s] INFO:colcon.colcon_core.shell:Creating package script '/home/p1kachu/eYRC_26-27_Hola-The-Explorer/Software/workspace/install/task_1a/share/task_1a/package.sh'
[1.642s] INFO:colcon.colcon_core.shell:Creating package script '/home/p1kachu/eYRC_26-27_Hola-The-Explorer/Software/workspace/install/task_1a/share/task_1a/package.bash'
[1.642s] INFO:colcon.colcon_core.shell:Creating package script '/home/p1kachu/eYRC_26-27_Hola-The-Explorer/Software/workspace/install/task_1a/share/task_1a/package.zsh'
[1.643s] Level 1:colcon.colcon_core.environment:create_file_with_runtime_dependencies(/home/p1kachu/eYRC_26-27_Hola-The-Explorer/Software/workspace/install/task_1a/share/colcon-core/packages/task_1a)
[1.643s] INFO:colcon.colcon_ros.task.ament_cmake.build:Building ROS package in '/home/p1kachu/eYRC_26-27_Hola-The-Explorer/Software/workspace/src/hb_description' with build type 'ament_cmake'
[1.643s] INFO:colcon.colcon_cmake.task.cmake.build:Building CMake package in '/home/p1kachu/eYRC_26-27_Hola-The-Explorer/Software/workspace/src/hb_description'
[1.644s] INFO:colcon.colcon_core.shell:Skip shell extension 'powershell' for command environment: Not usable outside of PowerShell
[1.644s] DEBUG:colcon.colcon_core.shell:Skip shell extension 'dsv' for command environment
[1.658s] DEBUG:colcon.colcon_core.event_handler.log_command:Invoking command in '/home/p1kachu/eYRC_26-27_Hola-The-Explorer/Software/workspace/build/hb_description': CMAKE_PREFIX_PATH=/home/p1kachu/eYRC_26-27_Hola-The-Explorer/Software/workspace/install/task_1a:/home/p1kachu/eYRC_26-27_Hola-The-Explorer/Software/workspace/install/shape_interface:/home/p1kachu/eYRC_26-27_Hola-The-Explorer/Software/workspace/install/task_1c:/home/p1kachu/eYRC_26-27_Hola-The-Explorer/Software/workspace/install/task_1b:/home/p1kachu/eYRC_26-27_Hola-The-Explorer/Software/workspace/install/hb_description:/opt/ros/humble LD_LIBRARY_PATH=/home/p1kachu/eYRC_26-27_Hola-The-Explorer/Software/workspace/install/shape_interface/lib:/home/p1kachu/eYRC_26-27_Hola-The-Explorer/Software/workspace/install/hb_description/lib:/opt/ros/humble/opt/rviz_ogre_vendor/lib:/opt/ros/humble/lib/x86_64-linux-gnu:/opt/ros/humble/lib /usr/bin/cmake --build /home/p1kachu/eYRC_26-27_Hola-The-Explorer/Software/workspace/build/hb_description -- -j18 -l18
[1.716s] DEBUG:colcon.colcon_core.event_handler.log_command:Invoked command in '/home/p1kachu/eYRC_26-27_Hola-The-Explorer/Software/workspace/build/hb_description' returned '0': CMAKE_PREFIX_PATH=/home/p1kachu/eYRC_26-27_Hola-The-Explorer/Software/workspace/install/task_1a:/home/p1kachu/eYRC_26-27_Hola-The-Explorer/Software/workspace/install/shape_interface:/home/p1kachu/eYRC_26-27_Hola-The-Explorer/Software/workspace/install/task_1c:/home/p1kachu/eYRC_26-27_Hola-The-Explorer/Software/workspace/install/task_1b:/home/p1kachu/eYRC_26-27_Hola-The-Explorer/Software/workspace/install/hb_description:/opt/ros/humble LD_LIBRARY_PATH=/home/p1kachu/eYRC_26-27_Hola-The-Explorer/Software/workspace/install/shape_interface/lib:/home/p1kachu/eYRC_26-27_Hola-The-Explorer/Software/workspace/install/hb_description/lib:/opt/ros/humble/opt/rviz_ogre_vendor/lib:/opt/ros/humble/lib/x86_64-linux-gnu:/opt/ros/humble/lib /usr/bin/cmake --build /home/p1kachu/eYRC_26-27_Hola-The-Explorer/Software/workspace/build/hb_description -- -j18 -l18
[1.718s] DEBUG:colcon.colcon_core.event_handler.log_command:Invoking command in '/home/p1kachu/eYRC_26-27_Hola-The-Explorer/Software/workspace/build/hb_description': CMAKE_PREFIX_PATH=/home/p1kachu/eYRC_26-27_Hola-The-Explorer/Software/workspace/install/task_1a:/home/p1kachu/eYRC_26-27_Hola-The-Explorer/Software/workspace/install/shape_interface:/home/p1kachu/eYRC_26-27_Hola-The-Explorer/Software/workspace/install/task_1c:/home/p1kachu/eYRC_26-27_Hola-The-Explorer/Software/workspace/install/task_1b:/home/p1kachu/eYRC_26-27_Hola-The-Explorer/Software/workspace/install/hb_description:/opt/ros/humble LD_LIBRARY_PATH=/home/p1kachu/eYRC_26-27_Hola-The-Explorer/Software/workspace/install/shape_interface/lib:/home/p1kachu/eYRC_26-27_Hola-The-Explorer/Software/workspace/install/hb_description/lib:/opt/ros/humble/opt/rviz_ogre_vendor/lib:/opt/ros/humble/lib/x86_64-linux-gnu:/opt/ros/humble/lib /usr/bin/cmake --install /home/p1kachu/eYRC_26-27_Hola-The-Explorer/Software/workspace/build/hb_description
[1.741s] Level 1:colcon.colcon_core.environment:create_environment_scripts_only(hb_description)
[1.742s] DEBUG:colcon.colcon_core.event_handler.log_command:Invoked command in '/home/p1kachu/eYRC_26-27_Hola-The-Explorer/Software/workspace/build/hb_description' returned '0': CMAKE_PREFIX_PATH=/home/p1kachu/eYRC_26-27_Hola-The-Explorer/Software/workspace/install/task_1a:/home/p1kachu/eYRC_26-27_Hola-The-Explorer/Software/workspace/install/shape_interface:/home/p1kachu/eYRC_26-27_Hola-The-Explorer/Software/workspace/install/task_1c:/home/p1kachu/eYRC_26-27_Hola-The-Explorer/Software/workspace/install/task_1b:/home/p1kachu/eYRC_26-27_Hola-The-Explorer/Software/workspace/install/hb_description:/opt/ros/humble LD_LIBRARY_PATH=/home/p1kachu/eYRC_26-27_Hola-The-Explorer/Software/workspace/install/shape_interface/lib:/home/p1kachu/eYRC_26-27_Hola-The-Explorer/Software/workspace/install/hb_description/lib:/opt/ros/humble/opt/rviz_ogre_vendor/lib:/opt/ros/humble/lib/x86_64-linux-gnu:/opt/ros/humble/lib /usr/bin/cmake --install /home/p1kachu/eYRC_26-27_Hola-The-Explorer/Software/workspace/build/hb_description
[1.742s] Level 1:colcon.colcon_core.environment:checking '/home/p1kachu/eYRC_26-27_Hola-The-Explorer/Software/workspace/install/hb_description' for CMake module files
[1.743s] Level 1:colcon.colcon_core.environment:checking '/home/p1kachu/eYRC_26-27_Hola-The-Explorer/Software/workspace/install/hb_description' for CMake config files
[1.744s] Level 1:colcon.colcon_core.shell:create_environment_hook('hb_description', 'cmake_prefix_path')
[1.744s] INFO:colcon.colcon_core.shell:Creating environment hook '/home/p1kachu/eYRC_26-27_Hola-The-Explorer/Software/workspace/install/hb_description/share/hb_description/hook/cmake_prefix_path.ps1'
[1.745s] INFO:colcon.colcon_core.shell:Creating environment descriptor '/home/p1kachu/eYRC_26-27_Hola-The-Explorer/Software/workspace/install/hb_description/share/hb_description/hook/cmake_prefix_path.dsv'
[1.746s] INFO:colcon.colcon_core.shell:Creating environment hook '/home/p1kachu/eYRC_26-27_Hola-The-Explorer/Software/workspace/install/hb_description/share/hb_description/hook/cmake_prefix_path.sh'
[1.746s] Level 1:colcon.colcon_core.environment:checking '/home/p1kachu/eYRC_26-27_Hola-The-Explorer/Software/workspace/install/hb_description/lib'
[1.747s] Level 1:colcon.colcon_core.shell:create_environment_hook('hb_description', 'ld_library_path_lib')
[1.747s] INFO:colcon.colcon_core.shell:Creating environment hook '/home/p1kachu/eYRC_26-27_Hola-The-Explorer/Software/workspace/install/hb_description/share/hb_description/hook/ld_library_path_lib.ps1'
[1.747s] INFO:colcon.colcon_core.shell:Creating environment descriptor '/home/p1kachu/eYRC_26-27_Hola-The-Explorer/Software/workspace/install/hb_description/share/hb_description/hook/ld_library_path_lib.dsv'
[1.748s] INFO:colcon.colcon_core.shell:Creating environment hook '/home/p1kachu/eYRC_26-27_Hola-The-Explorer/Software/workspace/install/hb_description/share/hb_description/hook/ld_library_path_lib.sh'
[1.748s] Level 1:colcon.colcon_core.environment:checking '/home/p1kachu/eYRC_26-27_Hola-The-Explorer/Software/workspace/install/hb_description/bin'
[1.748s] Level 1:colcon.colcon_core.environment:checking '/home/p1kachu/eYRC_26-27_Hola-The-Explorer/Software/workspace/install/hb_description/lib/pkgconfig/hb_description.pc'
[1.749s] Level 1:colcon.colcon_core.environment:checking '/home/p1kachu/eYRC_26-27_Hola-The-Explorer/Software/workspace/install/hb_description/lib/python3.10/site-packages'
[1.749s] Level 1:colcon.colcon_core.environment:checking '/home/p1kachu/eYRC_26-27_Hola-The-Explorer/Software/workspace/install/hb_description/bin'
[1.750s] INFO:colcon.colcon_core.shell:Creating package script '/home/p1kachu/eYRC_26-27_Hola-The-Explorer/Software/workspace/install/hb_description/share/hb_description/package.ps1'
[1.750s] INFO:colcon.colcon_core.shell:Creating package descriptor '/home/p1kachu/eYRC_26-27_Hola-The-Explorer/Software/workspace/install/hb_description/share/hb_description/package.dsv'
[1.751s] INFO:colcon.colcon_core.shell:Creating package script '/home/p1kachu/eYRC_26-27_Hola-The-Explorer/Software/workspace/install/hb_description/share/hb_description/package.sh'
[1.751s] INFO:colcon.colcon_core.shell:Creating package script '/home/p1kachu/eYRC_26-27_Hola-The-Explorer/Software/workspace/install/hb_description/share/hb_description/package.bash'
[1.752s] INFO:colcon.colcon_core.shell:Creating package script '/home/p1kachu/eYRC_26-27_Hola-The-Explorer/Software/workspace/install/hb_description/share/hb_description/package.zsh'
[1.752s] Level 1:colcon.colcon_core.environment:create_file_with_runtime_dependencies(/home/p1kachu/eYRC_26-27_Hola-The-Explorer/Software/workspace/install/hb_description/share/colcon-core/packages/hb_description)
[1.753s] Level 1:colcon.colcon_core.environment:create_environment_scripts_only(hb_description)
[1.753s] Level 1:colcon.colcon_core.environment:checking '/home/p1kachu/eYRC_26-27_Hola-The-Explorer/Software/workspace/install/hb_description' for CMake module files
[1.754s] Level 1:colcon.colcon_core.environment:checking '/home/p1kachu/eYRC_26-27_Hola-The-Explorer/Software/workspace/install/hb_description' for CMake config files
[1.754s] Level 1:colcon.colcon_core.shell:create_environment_hook('hb_description', 'cmake_prefix_path')
[1.754s] INFO:colcon.colcon_core.shell:Creating environment hook '/home/p1kachu/eYRC_26-27_Hola-The-Explorer/Software/workspace/install/hb_description/share/hb_description/hook/cmake_prefix_path.ps1'
[1.755s] INFO:colcon.colcon_core.shell:Creating environment descriptor '/home/p1kachu/eYRC_26-27_Hola-The-Explorer/Software/workspace/install/hb_description/share/hb_description/hook/cmake_prefix_path.dsv'
[1.755s] INFO:colcon.colcon_core.shell:Creating environment hook '/home/p1kachu/eYRC_26-27_Hola-The-Explorer/Software/workspace/install/hb_description/share/hb_description/hook/cmake_prefix_path.sh'
[1.755s] Level 1:colcon.colcon_core.environment:checking '/home/p1kachu/eYRC_26-27_Hola-The-Explorer/Software/workspace/install/hb_description/lib'
[1.756s] Level 1:colcon.colcon_core.shell:create_environment_hook('hb_description', 'ld_library_path_lib')
[1.756s] INFO:colcon.colcon_core.shell:Creating environment hook '/home/p1kachu/eYRC_26-27_Hola-The-Explorer/Software/workspace/install/hb_description/share/hb_description/hook/ld_library_path_lib.ps1'
[1.756s] INFO:colcon.colcon_core.shell:Creating environment descriptor '/home/p1kachu/eYRC_26-27_Hola-The-Explorer/Software/workspace/install/hb_description/share/hb_description/hook/ld_library_path_lib.dsv'
[1.757s] INFO:colcon.colcon_core.shell:Creating environment hook '/home/p1kachu/eYRC_26-27_Hola-The-Explorer/Software/workspace/install/hb_description/share/hb_description/hook/ld_library_path_lib.sh'
[1.757s] Level 1:colcon.colcon_core.environment:checking '/home/p1kachu/eYRC_26-27_Hola-The-Explorer/Software/workspace/install/hb_description/bin'
[1.757s] Level 1:colcon.colcon_core.environment:checking '/home/p1kachu/eYRC_26-27_Hola-The-Explorer/Software/workspace/install/hb_description/lib/pkgconfig/hb_description.pc'
[1.757s] Level 1:colcon.colcon_core.environment:checking '/home/p1kachu/eYRC_26-27_Hola-The-Explorer/Software/workspace/install/hb_description/lib/python3.10/site-packages'
[1.758s] Level 1:colcon.colcon_core.environment:checking '/home/p1kachu/eYRC_26-27_Hola-The-Explorer/Software/workspace/install/hb_description/bin'
[1.758s] INFO:colcon.colcon_core.shell:Creating package script '/home/p1kachu/eYRC_26-27_Hola-The-Explorer/Software/workspace/install/hb_description/share/hb_description/package.ps1'
[1.759s] INFO:colcon.colcon_core.shell:Creating package descriptor '/home/p1kachu/eYRC_26-27_Hola-The-Explorer/Software/workspace/install/hb_description/share/hb_description/package.dsv'
[1.759s] INFO:colcon.colcon_core.shell:Creating package script '/home/p1kachu/eYRC_26-27_Hola-The-Explorer/Software/workspace/install/hb_description/share/hb_description/package.sh'
[1.760s] INFO:colcon.colcon_core.shell:Creating package script '/home/p1kachu/eYRC_26-27_Hola-The-Explorer/Software/workspace/install/hb_description/share/hb_description/package.bash'
[1.760s] INFO:colcon.colcon_core.shell:Creating package script '/home/p1kachu/eYRC_26-27_Hola-The-Explorer/Software/workspace/install/hb_description/share/hb_description/package.zsh'
[1.761s] Level 1:colcon.colcon_core.environment:create_file_with_runtime_dependencies(/home/p1kachu/eYRC_26-27_Hola-The-Explorer/Software/workspace/install/hb_description/share/colcon-core/packages/hb_description)
[1.761s] DEBUG:colcon.colcon_parallel_executor.executor.parallel:closing loop
[1.761s] DEBUG:colcon.colcon_parallel_executor.executor.parallel:loop closed
[1.762s] DEBUG:colcon.colcon_parallel_executor.executor.parallel:run_until_complete finished with '0'
[1.762s] DEBUG:colcon.colcon_core.event_reactor:joining thread
[1.770s] INFO:colcon.colcon_core.plugin_system:Skipping extension 'colcon_notification.desktop_notification.terminal_notifier': Not used on non-Darwin systems
[1.771s] INFO:colcon.colcon_core.plugin_system:Skipping extension 'colcon_notification.desktop_notification.win32': Not used on non-Windows systems
[1.771s] INFO:colcon.colcon_notification.desktop_notification:Sending desktop notification using 'notify2'
[1.792s] DEBUG:colcon.colcon_core.event_reactor:joined thread
[1.793s] INFO:colcon.colcon_core.shell:Creating prefix script '/home/p1kachu/eYRC_26-27_Hola-The-Explorer/Software/workspace/install/local_setup.ps1'
[1.795s] INFO:colcon.colcon_core.shell:Creating prefix util module '/home/p1kachu/eYRC_26-27_Hola-The-Explorer/Software/workspace/install/_local_setup_util_ps1.py'
[1.797s] INFO:colcon.colcon_core.shell:Creating prefix chain script '/home/p1kachu/eYRC_26-27_Hola-The-Explorer/Software/workspace/install/setup.ps1'
[1.799s] INFO:colcon.colcon_core.shell:Creating prefix script '/home/p1kachu/eYRC_26-27_Hola-The-Explorer/Software/workspace/install/local_setup.sh'
[1.800s] INFO:colcon.colcon_core.shell:Creating prefix util module '/home/p1kachu/eYRC_26-27_Hola-The-Explorer/Software/workspace/install/_local_setup_util_sh.py'
[1.800s] INFO:colcon.colcon_core.shell:Creating prefix chain script '/home/p1kachu/eYRC_26-27_Hola-The-Explorer/Software/workspace/install/setup.sh'
[1.802s] INFO:colcon.colcon_core.shell:Creating prefix script '/home/p1kachu/eYRC_26-27_Hola-The-Explorer/Software/workspace/install/local_setup.bash'
[1.802s] INFO:colcon.colcon_core.shell:Creating prefix chain script '/home/p1kachu/eYRC_26-27_Hola-The-Explorer/Software/workspace/install/setup.bash'
[1.804s] INFO:colcon.colcon_core.shell:Creating prefix script '/home/p1kachu/eYRC_26-27_Hola-The-Explorer/Software/workspace/install/local_setup.zsh'
[1.805s] INFO:colcon.colcon_core.shell:Creating prefix chain script '/home/p1kachu/eYRC_26-27_Hola-The-Explorer/Software/workspace/install/setup.zsh'
