[0.222s] DEBUG:colcon:Command line arguments: ['/usr/bin/colcon', 'build', '--packages-select', 'task_1a']
[0.222s] DEBUG:colcon:Parsed command line arguments: Namespace(log_base=None, log_level=None, verb_name='build', build_base='build', install_base='install', merge_install=False, symlink_install=False, test_result_base=None, continue_on_error=False, executor='parallel', parallel_workers=6, event_handlers=None, ignore_user_meta=False, metas=['./colcon.meta'], base_paths=['.'], packages_ignore=None, packages_ignore_regex=None, paths=None, packages_up_to=None, packages_up_to_regex=None, packages_above=None, packages_above_and_dependencies=None, packages_above_depth=None, packages_select_by_dep=None, packages_skip_by_dep=None, packages_skip_up_to=None, packages_select_build_failed=False, packages_skip_build_finished=False, packages_select_test_failures=False, packages_skip_test_passed=False, packages_select=['task_1a'], packages_skip=None, packages_select_regex=None, packages_skip_regex=None, packages_start=None, packages_end=None, allow_overriding=[], cmake_args=None, cmake_target=None, cmake_target_skip_unavailable=False, cmake_clean_cache=False, cmake_clean_first=False, cmake_force_configure=False, ament_cmake_args=None, catkin_cmake_args=None, catkin_skip_building_tests=False, mixin_files=None, mixin=None, verb_parser=<colcon_mixin.mixin.mixin_argument.MixinArgumentDecorator object at 0x7e24c2756c80>, verb_extension=<colcon_core.verb.build.BuildVerb object at 0x7e24c2756470>, main=<bound method BuildVerb.main of <colcon_core.verb.build.BuildVerb object at 0x7e24c2756470>>, mixin_verb=('build',))
[0.399s] Level 1:colcon.colcon_core.package_discovery:discover_packages(colcon_meta) check parameters
[0.399s] Level 1:colcon.colcon_core.package_discovery:discover_packages(recursive) check parameters
[0.399s] Level 1:colcon.colcon_core.package_discovery:discover_packages(ignore) check parameters
[0.399s] Level 1:colcon.colcon_core.package_discovery:discover_packages(path) check parameters
[0.399s] Level 1:colcon.colcon_core.package_discovery:discover_packages(colcon_meta) discover
[0.399s] Level 1:colcon.colcon_core.package_discovery:discover_packages(recursive) discover
[0.399s] INFO:colcon.colcon_core.package_discovery:Crawling recursively for packages in '/home/aayush/eYRC/Software/workspace'
[0.399s] Level 1:colcon.colcon_core.package_identification:_identify(.) by extensions ['ignore', 'ignore_ament_install']
[0.399s] Level 1:colcon.colcon_core.package_identification:_identify(.) by extension 'ignore'
[0.399s] Level 1:colcon.colcon_core.package_identification:_identify(.) by extension 'ignore_ament_install'
[0.400s] Level 1:colcon.colcon_core.package_identification:_identify(.) by extensions ['colcon_pkg']
[0.400s] Level 1:colcon.colcon_core.package_identification:_identify(.) by extension 'colcon_pkg'
[0.400s] Level 1:colcon.colcon_core.package_identification:_identify(.) by extensions ['colcon_meta']
[0.400s] Level 1:colcon.colcon_core.package_identification:_identify(.) by extension 'colcon_meta'
[0.400s] Level 1:colcon.colcon_core.package_identification:_identify(.) by extensions ['ros']
[0.400s] Level 1:colcon.colcon_core.package_identification:_identify(.) by extension 'ros'
[0.422s] Level 1:colcon.colcon_core.package_identification:_identify(.) by extensions ['cmake', 'python']
[0.422s] Level 1:colcon.colcon_core.package_identification:_identify(.) by extension 'cmake'
[0.422s] Level 1:colcon.colcon_core.package_identification:_identify(.) by extension 'python'
[0.422s] Level 1:colcon.colcon_core.package_identification:_identify(.) by extensions ['python_setup_py']
[0.422s] Level 1:colcon.colcon_core.package_identification:_identify(.) by extension 'python_setup_py'
[0.422s] Level 1:colcon.colcon_core.package_identification:_identify(build) by extensions ['ignore', 'ignore_ament_install']
[0.422s] Level 1:colcon.colcon_core.package_identification:_identify(build) by extension 'ignore'
[0.422s] Level 1:colcon.colcon_core.package_identification:_identify(build) ignored
[0.422s] Level 1:colcon.colcon_core.package_identification:_identify(install) by extensions ['ignore', 'ignore_ament_install']
[0.423s] Level 1:colcon.colcon_core.package_identification:_identify(install) by extension 'ignore'
[0.423s] Level 1:colcon.colcon_core.package_identification:_identify(install) ignored
[0.423s] Level 1:colcon.colcon_core.package_identification:_identify(log) by extensions ['ignore', 'ignore_ament_install']
[0.423s] Level 1:colcon.colcon_core.package_identification:_identify(log) by extension 'ignore'
[0.423s] Level 1:colcon.colcon_core.package_identification:_identify(log) ignored
[0.423s] Level 1:colcon.colcon_core.package_identification:_identify(src) by extensions ['ignore', 'ignore_ament_install']
[0.423s] Level 1:colcon.colcon_core.package_identification:_identify(src) by extension 'ignore'
[0.423s] Level 1:colcon.colcon_core.package_identification:_identify(src) by extension 'ignore_ament_install'
[0.423s] Level 1:colcon.colcon_core.package_identification:_identify(src) by extensions ['colcon_pkg']
[0.423s] Level 1:colcon.colcon_core.package_identification:_identify(src) by extension 'colcon_pkg'
[0.423s] Level 1:colcon.colcon_core.package_identification:_identify(src) by extensions ['colcon_meta']
[0.423s] Level 1:colcon.colcon_core.package_identification:_identify(src) by extension 'colcon_meta'
[0.423s] Level 1:colcon.colcon_core.package_identification:_identify(src) by extensions ['ros']
[0.423s] Level 1:colcon.colcon_core.package_identification:_identify(src) by extension 'ros'
[0.423s] Level 1:colcon.colcon_core.package_identification:_identify(src) by extensions ['cmake', 'python']
[0.423s] Level 1:colcon.colcon_core.package_identification:_identify(src) by extension 'cmake'
[0.423s] Level 1:colcon.colcon_core.package_identification:_identify(src) by extension 'python'
[0.423s] Level 1:colcon.colcon_core.package_identification:_identify(src) by extensions ['python_setup_py']
[0.423s] Level 1:colcon.colcon_core.package_identification:_identify(src) by extension 'python_setup_py'
[0.423s] Level 1:colcon.colcon_core.package_identification:_identify(src/hb_description) by extensions ['ignore', 'ignore_ament_install']
[0.423s] Level 1:colcon.colcon_core.package_identification:_identify(src/hb_description) by extension 'ignore'
[0.423s] Level 1:colcon.colcon_core.package_identification:_identify(src/hb_description) by extension 'ignore_ament_install'
[0.423s] Level 1:colcon.colcon_core.package_identification:_identify(src/hb_description) by extensions ['colcon_pkg']
[0.423s] Level 1:colcon.colcon_core.package_identification:_identify(src/hb_description) by extension 'colcon_pkg'
[0.423s] Level 1:colcon.colcon_core.package_identification:_identify(src/hb_description) by extensions ['colcon_meta']
[0.423s] Level 1:colcon.colcon_core.package_identification:_identify(src/hb_description) by extension 'colcon_meta'
[0.423s] Level 1:colcon.colcon_core.package_identification:_identify(src/hb_description) by extensions ['ros']
[0.423s] Level 1:colcon.colcon_core.package_identification:_identify(src/hb_description) by extension 'ros'
[0.425s] DEBUG:colcon.colcon_core.package_identification:Package 'src/hb_description' with type 'ros.ament_cmake' and name 'hb_description'
[0.426s] Level 1:colcon.colcon_core.package_identification:_identify(src/shape_interface) by extensions ['ignore', 'ignore_ament_install']
[0.426s] Level 1:colcon.colcon_core.package_identification:_identify(src/shape_interface) by extension 'ignore'
[0.426s] Level 1:colcon.colcon_core.package_identification:_identify(src/shape_interface) by extension 'ignore_ament_install'
[0.426s] Level 1:colcon.colcon_core.package_identification:_identify(src/shape_interface) by extensions ['colcon_pkg']
[0.426s] Level 1:colcon.colcon_core.package_identification:_identify(src/shape_interface) by extension 'colcon_pkg'
[0.426s] Level 1:colcon.colcon_core.package_identification:_identify(src/shape_interface) by extensions ['colcon_meta']
[0.426s] Level 1:colcon.colcon_core.package_identification:_identify(src/shape_interface) by extension 'colcon_meta'
[0.426s] Level 1:colcon.colcon_core.package_identification:_identify(src/shape_interface) by extensions ['ros']
[0.426s] Level 1:colcon.colcon_core.package_identification:_identify(src/shape_interface) by extension 'ros'
[0.427s] DEBUG:colcon.colcon_core.package_identification:Package 'src/shape_interface' with type 'ros.ament_cmake' and name 'shape_interface'
[0.427s] Level 1:colcon.colcon_core.package_identification:_identify(src/task_1a) by extensions ['ignore', 'ignore_ament_install']
[0.428s] Level 1:colcon.colcon_core.package_identification:_identify(src/task_1a) by extension 'ignore'
[0.428s] Level 1:colcon.colcon_core.package_identification:_identify(src/task_1a) by extension 'ignore_ament_install'
[0.428s] Level 1:colcon.colcon_core.package_identification:_identify(src/task_1a) by extensions ['colcon_pkg']
[0.428s] Level 1:colcon.colcon_core.package_identification:_identify(src/task_1a) by extension 'colcon_pkg'
[0.428s] Level 1:colcon.colcon_core.package_identification:_identify(src/task_1a) by extensions ['colcon_meta']
[0.428s] Level 1:colcon.colcon_core.package_identification:_identify(src/task_1a) by extension 'colcon_meta'
[0.428s] Level 1:colcon.colcon_core.package_identification:_identify(src/task_1a) by extensions ['ros']
[0.428s] Level 1:colcon.colcon_core.package_identification:_identify(src/task_1a) by extension 'ros'
[0.429s] DEBUG:colcon.colcon_core.package_identification:Package 'src/task_1a' with type 'ros.ament_cmake' and name 'task_1a'
[0.429s] Level 1:colcon.colcon_core.package_identification:_identify(src/task_1b) by extensions ['ignore', 'ignore_ament_install']
[0.429s] Level 1:colcon.colcon_core.package_identification:_identify(src/task_1b) by extension 'ignore'
[0.429s] Level 1:colcon.colcon_core.package_identification:_identify(src/task_1b) by extension 'ignore_ament_install'
[0.429s] Level 1:colcon.colcon_core.package_identification:_identify(src/task_1b) by extensions ['colcon_pkg']
[0.429s] Level 1:colcon.colcon_core.package_identification:_identify(src/task_1b) by extension 'colcon_pkg'
[0.429s] Level 1:colcon.colcon_core.package_identification:_identify(src/task_1b) by extensions ['colcon_meta']
[0.429s] Level 1:colcon.colcon_core.package_identification:_identify(src/task_1b) by extension 'colcon_meta'
[0.429s] Level 1:colcon.colcon_core.package_identification:_identify(src/task_1b) by extensions ['ros']
[0.430s] Level 1:colcon.colcon_core.package_identification:_identify(src/task_1b) by extension 'ros'
[0.430s] DEBUG:colcon.colcon_core.package_identification:Package 'src/task_1b' with type 'ros.ament_cmake' and name 'task_1b'
[0.430s] Level 1:colcon.colcon_core.package_identification:_identify(src/task_1c) by extensions ['ignore', 'ignore_ament_install']
[0.430s] Level 1:colcon.colcon_core.package_identification:_identify(src/task_1c) by extension 'ignore'
[0.430s] Level 1:colcon.colcon_core.package_identification:_identify(src/task_1c) by extension 'ignore_ament_install'
[0.431s] Level 1:colcon.colcon_core.package_identification:_identify(src/task_1c) by extensions ['colcon_pkg']
[0.431s] Level 1:colcon.colcon_core.package_identification:_identify(src/task_1c) by extension 'colcon_pkg'
[0.431s] Level 1:colcon.colcon_core.package_identification:_identify(src/task_1c) by extensions ['colcon_meta']
[0.431s] Level 1:colcon.colcon_core.package_identification:_identify(src/task_1c) by extension 'colcon_meta'
[0.431s] Level 1:colcon.colcon_core.package_identification:_identify(src/task_1c) by extensions ['ros']
[0.431s] Level 1:colcon.colcon_core.package_identification:_identify(src/task_1c) by extension 'ros'
[0.433s] DEBUG:colcon.colcon_core.package_identification:Package 'src/task_1c' with type 'ros.ament_cmake' and name 'task_1c'
[0.433s] Level 1:colcon.colcon_core.package_discovery:discover_packages(recursive) using defaults
[0.433s] Level 1:colcon.colcon_core.package_discovery:discover_packages(ignore) discover
[0.433s] Level 1:colcon.colcon_core.package_discovery:discover_packages(ignore) using defaults
[0.433s] Level 1:colcon.colcon_core.package_discovery:discover_packages(path) discover
[0.433s] Level 1:colcon.colcon_core.package_discovery:discover_packages(path) using defaults
[0.499s] INFO:colcon.colcon_core.package_selection:Skipping not selected package 'shape_interface' in 'src/shape_interface'
[0.499s] INFO:colcon.colcon_core.package_selection:Skipping not selected package 'task_1b' in 'src/task_1b'
[0.499s] INFO:colcon.colcon_core.package_selection:Skipping not selected package 'task_1c' in 'src/task_1c'
[0.499s] INFO:colcon.colcon_core.package_selection:Skipping not selected package 'hb_description' in 'src/hb_description'
[0.500s] Level 1:colcon.colcon_core.package_discovery:discover_packages(prefix_path) check parameters
[0.500s] Level 1:colcon.colcon_core.package_discovery:discover_packages(prefix_path) discover
[0.504s] DEBUG:colcon.colcon_installed_package_information.package_discovery:Found 273 installed packages in /opt/ros/humble
[0.506s] Level 1:colcon.colcon_core.package_discovery:discover_packages(prefix_path) using defaults
[0.545s] Level 5:colcon.colcon_core.verb:set package 'task_1a' build argument 'cmake_args' from command line to 'None'
[0.545s] Level 5:colcon.colcon_core.verb:set package 'task_1a' build argument 'cmake_target' from command line to 'None'
[0.545s] Level 5:colcon.colcon_core.verb:set package 'task_1a' build argument 'cmake_target_skip_unavailable' from command line to 'False'
[0.545s] Level 5:colcon.colcon_core.verb:set package 'task_1a' build argument 'cmake_clean_cache' from command line to 'False'
[0.545s] Level 5:colcon.colcon_core.verb:set package 'task_1a' build argument 'cmake_clean_first' from command line to 'False'
[0.545s] Level 5:colcon.colcon_core.verb:set package 'task_1a' build argument 'cmake_force_configure' from command line to 'False'
[0.545s] Level 5:colcon.colcon_core.verb:set package 'task_1a' build argument 'ament_cmake_args' from command line to 'None'
[0.545s] Level 5:colcon.colcon_core.verb:set package 'task_1a' build argument 'catkin_cmake_args' from command line to 'None'
[0.545s] Level 5:colcon.colcon_core.verb:set package 'task_1a' build argument 'catkin_skip_building_tests' from command line to 'False'
[0.545s] DEBUG:colcon.colcon_core.verb:Building package 'task_1a' with the following arguments: {'ament_cmake_args': None, 'build_base': '/home/aayush/eYRC/Software/workspace/build/task_1a', 'catkin_cmake_args': None, 'catkin_skip_building_tests': False, 'cmake_args': None, 'cmake_clean_cache': False, 'cmake_clean_first': False, 'cmake_force_configure': False, 'cmake_target': None, 'cmake_target_skip_unavailable': False, 'install_base': '/home/aayush/eYRC/Software/workspace/install/task_1a', 'merge_install': False, 'path': '/home/aayush/eYRC/Software/workspace/src/task_1a', 'symlink_install': False, 'test_result_base': None}
[0.546s] INFO:colcon.colcon_core.executor:Executing jobs using 'parallel' executor
[0.547s] DEBUG:colcon.colcon_parallel_executor.executor.parallel:run_until_complete
[0.547s] INFO:colcon.colcon_ros.task.ament_cmake.build:Building ROS package in '/home/aayush/eYRC/Software/workspace/src/task_1a' with build type 'ament_cmake'
[0.547s] INFO:colcon.colcon_cmake.task.cmake.build:Building CMake package in '/home/aayush/eYRC/Software/workspace/src/task_1a'
[0.552s] INFO:colcon.colcon_core.plugin_system:Skipping extension 'colcon_core.shell.bat': Not used on non-Windows systems
[0.553s] INFO:colcon.colcon_core.shell:Skip shell extension 'powershell' for command environment: Not usable outside of PowerShell
[0.553s] DEBUG:colcon.colcon_core.shell:Skip shell extension 'dsv' for command environment
[0.569s] DEBUG:colcon.colcon_core.event_handler.log_command:Invoking command in '/home/aayush/eYRC/Software/workspace/build/task_1a': AMENT_PREFIX_PATH=/home/aayush/eYRC/Software/workspace/install/shape_interface:${AMENT_PREFIX_PATH} CMAKE_PREFIX_PATH=/home/aayush/eYRC/Software/workspace/install/shape_interface:/opt/ros/humble LD_LIBRARY_PATH=/home/aayush/eYRC/Software/workspace/install/shape_interface/lib:${LD_LIBRARY_PATH} PYTHONPATH=/home/aayush/eYRC/Software/workspace/install/shape_interface/local/lib/python3.10/dist-packages:${PYTHONPATH} /usr/bin/cmake --build /home/aayush/eYRC/Software/workspace/build/task_1a -- -j6 -l6
[0.922s] DEBUG:colcon.colcon_core.event_handler.log_command:Invoked command in '/home/aayush/eYRC/Software/workspace/build/task_1a' returned '0': AMENT_PREFIX_PATH=/home/aayush/eYRC/Software/workspace/install/shape_interface:${AMENT_PREFIX_PATH} CMAKE_PREFIX_PATH=/home/aayush/eYRC/Software/workspace/install/shape_interface:/opt/ros/humble LD_LIBRARY_PATH=/home/aayush/eYRC/Software/workspace/install/shape_interface/lib:${LD_LIBRARY_PATH} PYTHONPATH=/home/aayush/eYRC/Software/workspace/install/shape_interface/local/lib/python3.10/dist-packages:${PYTHONPATH} /usr/bin/cmake --build /home/aayush/eYRC/Software/workspace/build/task_1a -- -j6 -l6
[0.936s] DEBUG:colcon.colcon_core.event_handler.log_command:Invoking command in '/home/aayush/eYRC/Software/workspace/build/task_1a': AMENT_PREFIX_PATH=/home/aayush/eYRC/Software/workspace/install/shape_interface:${AMENT_PREFIX_PATH} CMAKE_PREFIX_PATH=/home/aayush/eYRC/Software/workspace/install/shape_interface:/opt/ros/humble LD_LIBRARY_PATH=/home/aayush/eYRC/Software/workspace/install/shape_interface/lib:${LD_LIBRARY_PATH} PYTHONPATH=/home/aayush/eYRC/Software/workspace/install/shape_interface/local/lib/python3.10/dist-packages:${PYTHONPATH} /usr/bin/cmake --install /home/aayush/eYRC/Software/workspace/build/task_1a
[0.999s] Level 1:colcon.colcon_core.environment:create_environment_scripts_only(task_1a)
[1.000s] DEBUG:colcon.colcon_core.event_handler.log_command:Invoked command in '/home/aayush/eYRC/Software/workspace/build/task_1a' returned '0': AMENT_PREFIX_PATH=/home/aayush/eYRC/Software/workspace/install/shape_interface:${AMENT_PREFIX_PATH} CMAKE_PREFIX_PATH=/home/aayush/eYRC/Software/workspace/install/shape_interface:/opt/ros/humble LD_LIBRARY_PATH=/home/aayush/eYRC/Software/workspace/install/shape_interface/lib:${LD_LIBRARY_PATH} PYTHONPATH=/home/aayush/eYRC/Software/workspace/install/shape_interface/local/lib/python3.10/dist-packages:${PYTHONPATH} /usr/bin/cmake --install /home/aayush/eYRC/Software/workspace/build/task_1a
[1.002s] Level 1:colcon.colcon_core.environment:checking '/home/aayush/eYRC/Software/workspace/install/task_1a' for CMake module files
[1.003s] Level 1:colcon.colcon_core.environment:checking '/home/aayush/eYRC/Software/workspace/install/task_1a' for CMake config files
[1.003s] Level 1:colcon.colcon_core.shell:create_environment_hook('task_1a', 'cmake_prefix_path')
[1.003s] INFO:colcon.colcon_core.shell:Creating environment hook '/home/aayush/eYRC/Software/workspace/install/task_1a/share/task_1a/hook/cmake_prefix_path.ps1'
[1.004s] INFO:colcon.colcon_core.shell:Creating environment descriptor '/home/aayush/eYRC/Software/workspace/install/task_1a/share/task_1a/hook/cmake_prefix_path.dsv'
[1.004s] INFO:colcon.colcon_core.shell:Creating environment hook '/home/aayush/eYRC/Software/workspace/install/task_1a/share/task_1a/hook/cmake_prefix_path.sh'
[1.005s] Level 1:colcon.colcon_core.environment:checking '/home/aayush/eYRC/Software/workspace/install/task_1a/lib'
[1.005s] Level 1:colcon.colcon_core.environment:checking '/home/aayush/eYRC/Software/workspace/install/task_1a/bin'
[1.005s] Level 1:colcon.colcon_core.environment:checking '/home/aayush/eYRC/Software/workspace/install/task_1a/lib/pkgconfig/task_1a.pc'
[1.005s] Level 1:colcon.colcon_core.environment:checking '/home/aayush/eYRC/Software/workspace/install/task_1a/lib/python3.10/site-packages'
[1.005s] Level 1:colcon.colcon_core.environment:checking '/home/aayush/eYRC/Software/workspace/install/task_1a/bin'
[1.006s] INFO:colcon.colcon_core.shell:Creating package script '/home/aayush/eYRC/Software/workspace/install/task_1a/share/task_1a/package.ps1'
[1.006s] INFO:colcon.colcon_core.shell:Creating package descriptor '/home/aayush/eYRC/Software/workspace/install/task_1a/share/task_1a/package.dsv'
[1.007s] INFO:colcon.colcon_core.shell:Creating package script '/home/aayush/eYRC/Software/workspace/install/task_1a/share/task_1a/package.sh'
[1.007s] INFO:colcon.colcon_core.shell:Creating package script '/home/aayush/eYRC/Software/workspace/install/task_1a/share/task_1a/package.bash'
[1.007s] INFO:colcon.colcon_core.shell:Creating package script '/home/aayush/eYRC/Software/workspace/install/task_1a/share/task_1a/package.zsh'
[1.008s] Level 1:colcon.colcon_core.environment:create_file_with_runtime_dependencies(/home/aayush/eYRC/Software/workspace/install/task_1a/share/colcon-core/packages/task_1a)
[1.008s] Level 1:colcon.colcon_core.environment:create_environment_scripts_only(task_1a)
[1.008s] Level 1:colcon.colcon_core.environment:checking '/home/aayush/eYRC/Software/workspace/install/task_1a' for CMake module files
[1.009s] Level 1:colcon.colcon_core.environment:checking '/home/aayush/eYRC/Software/workspace/install/task_1a' for CMake config files
[1.009s] Level 1:colcon.colcon_core.shell:create_environment_hook('task_1a', 'cmake_prefix_path')
[1.009s] INFO:colcon.colcon_core.shell:Creating environment hook '/home/aayush/eYRC/Software/workspace/install/task_1a/share/task_1a/hook/cmake_prefix_path.ps1'
[1.010s] INFO:colcon.colcon_core.shell:Creating environment descriptor '/home/aayush/eYRC/Software/workspace/install/task_1a/share/task_1a/hook/cmake_prefix_path.dsv'
[1.010s] INFO:colcon.colcon_core.shell:Creating environment hook '/home/aayush/eYRC/Software/workspace/install/task_1a/share/task_1a/hook/cmake_prefix_path.sh'
[1.011s] Level 1:colcon.colcon_core.environment:checking '/home/aayush/eYRC/Software/workspace/install/task_1a/lib'
[1.011s] Level 1:colcon.colcon_core.environment:checking '/home/aayush/eYRC/Software/workspace/install/task_1a/bin'
[1.011s] Level 1:colcon.colcon_core.environment:checking '/home/aayush/eYRC/Software/workspace/install/task_1a/lib/pkgconfig/task_1a.pc'
[1.011s] Level 1:colcon.colcon_core.environment:checking '/home/aayush/eYRC/Software/workspace/install/task_1a/lib/python3.10/site-packages'
[1.012s] Level 1:colcon.colcon_core.environment:checking '/home/aayush/eYRC/Software/workspace/install/task_1a/bin'
[1.012s] INFO:colcon.colcon_core.shell:Creating package script '/home/aayush/eYRC/Software/workspace/install/task_1a/share/task_1a/package.ps1'
[1.013s] INFO:colcon.colcon_core.shell:Creating package descriptor '/home/aayush/eYRC/Software/workspace/install/task_1a/share/task_1a/package.dsv'
[1.014s] INFO:colcon.colcon_core.shell:Creating package script '/home/aayush/eYRC/Software/workspace/install/task_1a/share/task_1a/package.sh'
[1.014s] INFO:colcon.colcon_core.shell:Creating package script '/home/aayush/eYRC/Software/workspace/install/task_1a/share/task_1a/package.bash'
[1.015s] INFO:colcon.colcon_core.shell:Creating package script '/home/aayush/eYRC/Software/workspace/install/task_1a/share/task_1a/package.zsh'
[1.015s] Level 1:colcon.colcon_core.environment:create_file_with_runtime_dependencies(/home/aayush/eYRC/Software/workspace/install/task_1a/share/colcon-core/packages/task_1a)
[1.016s] DEBUG:colcon.colcon_parallel_executor.executor.parallel:closing loop
[1.016s] DEBUG:colcon.colcon_parallel_executor.executor.parallel:loop closed
[1.016s] DEBUG:colcon.colcon_parallel_executor.executor.parallel:run_until_complete finished with '0'
[1.016s] DEBUG:colcon.colcon_core.event_reactor:joining thread
[1.024s] INFO:colcon.colcon_core.plugin_system:Skipping extension 'colcon_notification.desktop_notification.terminal_notifier': Not used on non-Darwin systems
[1.024s] INFO:colcon.colcon_core.plugin_system:Skipping extension 'colcon_notification.desktop_notification.win32': Not used on non-Windows systems
[1.024s] INFO:colcon.colcon_notification.desktop_notification:Sending desktop notification using 'notify2'
[1.041s] DEBUG:colcon.colcon_core.event_reactor:joined thread
[1.041s] INFO:colcon.colcon_core.shell:Creating prefix script '/home/aayush/eYRC/Software/workspace/install/local_setup.ps1'
[1.042s] INFO:colcon.colcon_core.shell:Creating prefix util module '/home/aayush/eYRC/Software/workspace/install/_local_setup_util_ps1.py'
[1.043s] INFO:colcon.colcon_core.shell:Creating prefix chain script '/home/aayush/eYRC/Software/workspace/install/setup.ps1'
[1.045s] INFO:colcon.colcon_core.shell:Creating prefix script '/home/aayush/eYRC/Software/workspace/install/local_setup.sh'
[1.046s] INFO:colcon.colcon_core.shell:Creating prefix util module '/home/aayush/eYRC/Software/workspace/install/_local_setup_util_sh.py'
[1.046s] INFO:colcon.colcon_core.shell:Creating prefix chain script '/home/aayush/eYRC/Software/workspace/install/setup.sh'
[1.047s] INFO:colcon.colcon_core.shell:Creating prefix script '/home/aayush/eYRC/Software/workspace/install/local_setup.bash'
[1.048s] INFO:colcon.colcon_core.shell:Creating prefix chain script '/home/aayush/eYRC/Software/workspace/install/setup.bash'
[1.048s] INFO:colcon.colcon_core.shell:Creating prefix script '/home/aayush/eYRC/Software/workspace/install/local_setup.zsh'
[1.048s] INFO:colcon.colcon_core.shell:Creating prefix chain script '/home/aayush/eYRC/Software/workspace/install/setup.zsh'
