[0.125s] DEBUG:colcon:Command line arguments: ['/usr/bin/colcon', 'build']
[0.125s] DEBUG:colcon:Parsed command line arguments: Namespace(log_base=None, log_level=None, verb_name='build', build_base='build', install_base='install', merge_install=False, symlink_install=False, test_result_base=None, continue_on_error=False, executor='parallel', parallel_workers=18, event_handlers=None, ignore_user_meta=False, metas=['./colcon.meta'], base_paths=['.'], packages_ignore=None, packages_ignore_regex=None, paths=None, packages_up_to=None, packages_up_to_regex=None, packages_above=None, packages_above_and_dependencies=None, packages_above_depth=None, packages_select_by_dep=None, packages_skip_by_dep=None, packages_skip_up_to=None, packages_select_build_failed=False, packages_skip_build_finished=False, packages_select_test_failures=False, packages_skip_test_passed=False, packages_select=None, packages_skip=None, packages_select_regex=None, packages_skip_regex=None, packages_start=None, packages_end=None, allow_overriding=[], cmake_args=None, cmake_target=None, cmake_target_skip_unavailable=False, cmake_clean_cache=False, cmake_clean_first=False, cmake_force_configure=False, ament_cmake_args=None, catkin_cmake_args=None, catkin_skip_building_tests=False, mixin_files=None, mixin=None, verb_parser=<colcon_mixin.mixin.mixin_argument.MixinArgumentDecorator object at 0x7093fac627a0>, verb_extension=<colcon_core.verb.build.BuildVerb object at 0x7093fade7c70>, main=<bound method BuildVerb.main of <colcon_core.verb.build.BuildVerb object at 0x7093fade7c70>>, mixin_verb=('build',))
[0.278s] Level 1:colcon.colcon_core.package_discovery:discover_packages(colcon_meta) check parameters
[0.278s] Level 1:colcon.colcon_core.package_discovery:discover_packages(recursive) check parameters
[0.278s] Level 1:colcon.colcon_core.package_discovery:discover_packages(ignore) check parameters
[0.278s] Level 1:colcon.colcon_core.package_discovery:discover_packages(path) check parameters
[0.278s] Level 1:colcon.colcon_core.package_discovery:discover_packages(colcon_meta) discover
[0.279s] Level 1:colcon.colcon_core.package_discovery:discover_packages(recursive) discover
[0.279s] INFO:colcon.colcon_core.package_discovery:Crawling recursively for packages in '/home/p1kachu/eYRC_26-27_Hola-The-Explorer/Software/workspace'
[0.279s] Level 1:colcon.colcon_core.package_identification:_identify(.) by extensions ['ignore', 'ignore_ament_install']
[0.279s] Level 1:colcon.colcon_core.package_identification:_identify(.) by extension 'ignore'
[0.279s] Level 1:colcon.colcon_core.package_identification:_identify(.) by extension 'ignore_ament_install'
[0.279s] Level 1:colcon.colcon_core.package_identification:_identify(.) by extensions ['colcon_pkg']
[0.279s] Level 1:colcon.colcon_core.package_identification:_identify(.) by extension 'colcon_pkg'
[0.279s] Level 1:colcon.colcon_core.package_identification:_identify(.) by extensions ['colcon_meta']
[0.279s] Level 1:colcon.colcon_core.package_identification:_identify(.) by extension 'colcon_meta'
[0.279s] Level 1:colcon.colcon_core.package_identification:_identify(.) by extensions ['ros']
[0.279s] Level 1:colcon.colcon_core.package_identification:_identify(.) by extension 'ros'
[0.290s] Level 1:colcon.colcon_core.package_identification:_identify(.) by extensions ['cmake', 'python']
[0.290s] Level 1:colcon.colcon_core.package_identification:_identify(.) by extension 'cmake'
[0.290s] Level 1:colcon.colcon_core.package_identification:_identify(.) by extension 'python'
[0.290s] Level 1:colcon.colcon_core.package_identification:_identify(.) by extensions ['python_setup_py']
[0.290s] Level 1:colcon.colcon_core.package_identification:_identify(.) by extension 'python_setup_py'
[0.290s] Level 1:colcon.colcon_core.package_identification:_identify(build) by extensions ['ignore', 'ignore_ament_install']
[0.290s] Level 1:colcon.colcon_core.package_identification:_identify(build) by extension 'ignore'
[0.290s] Level 1:colcon.colcon_core.package_identification:_identify(build) ignored
[0.291s] Level 1:colcon.colcon_core.package_identification:_identify(install) by extensions ['ignore', 'ignore_ament_install']
[0.291s] Level 1:colcon.colcon_core.package_identification:_identify(install) by extension 'ignore'
[0.291s] Level 1:colcon.colcon_core.package_identification:_identify(install) ignored
[0.291s] Level 1:colcon.colcon_core.package_identification:_identify(log) by extensions ['ignore', 'ignore_ament_install']
[0.291s] Level 1:colcon.colcon_core.package_identification:_identify(log) by extension 'ignore'
[0.291s] Level 1:colcon.colcon_core.package_identification:_identify(log) ignored
[0.291s] Level 1:colcon.colcon_core.package_identification:_identify(src) by extensions ['ignore', 'ignore_ament_install']
[0.291s] Level 1:colcon.colcon_core.package_identification:_identify(src) by extension 'ignore'
[0.291s] Level 1:colcon.colcon_core.package_identification:_identify(src) by extension 'ignore_ament_install'
[0.291s] Level 1:colcon.colcon_core.package_identification:_identify(src) by extensions ['colcon_pkg']
[0.291s] Level 1:colcon.colcon_core.package_identification:_identify(src) by extension 'colcon_pkg'
[0.291s] Level 1:colcon.colcon_core.package_identification:_identify(src) by extensions ['colcon_meta']
[0.291s] Level 1:colcon.colcon_core.package_identification:_identify(src) by extension 'colcon_meta'
[0.291s] Level 1:colcon.colcon_core.package_identification:_identify(src) by extensions ['ros']
[0.291s] Level 1:colcon.colcon_core.package_identification:_identify(src) by extension 'ros'
[0.291s] Level 1:colcon.colcon_core.package_identification:_identify(src) by extensions ['cmake', 'python']
[0.291s] Level 1:colcon.colcon_core.package_identification:_identify(src) by extension 'cmake'
[0.291s] Level 1:colcon.colcon_core.package_identification:_identify(src) by extension 'python'
[0.291s] Level 1:colcon.colcon_core.package_identification:_identify(src) by extensions ['python_setup_py']
[0.291s] Level 1:colcon.colcon_core.package_identification:_identify(src) by extension 'python_setup_py'
[0.291s] Level 1:colcon.colcon_core.package_identification:_identify(src/hb_description) by extensions ['ignore', 'ignore_ament_install']
[0.292s] Level 1:colcon.colcon_core.package_identification:_identify(src/hb_description) by extension 'ignore'
[0.292s] Level 1:colcon.colcon_core.package_identification:_identify(src/hb_description) by extension 'ignore_ament_install'
[0.292s] Level 1:colcon.colcon_core.package_identification:_identify(src/hb_description) by extensions ['colcon_pkg']
[0.292s] Level 1:colcon.colcon_core.package_identification:_identify(src/hb_description) by extension 'colcon_pkg'
[0.292s] Level 1:colcon.colcon_core.package_identification:_identify(src/hb_description) by extensions ['colcon_meta']
[0.292s] Level 1:colcon.colcon_core.package_identification:_identify(src/hb_description) by extension 'colcon_meta'
[0.292s] Level 1:colcon.colcon_core.package_identification:_identify(src/hb_description) by extensions ['ros']
[0.292s] Level 1:colcon.colcon_core.package_identification:_identify(src/hb_description) by extension 'ros'
[0.294s] DEBUG:colcon.colcon_core.package_identification:Package 'src/hb_description' with type 'ros.ament_cmake' and name 'hb_description'
[0.294s] Level 1:colcon.colcon_core.package_identification:_identify(src/shape_interface) by extensions ['ignore', 'ignore_ament_install']
[0.295s] Level 1:colcon.colcon_core.package_identification:_identify(src/shape_interface) by extension 'ignore'
[0.295s] Level 1:colcon.colcon_core.package_identification:_identify(src/shape_interface) by extension 'ignore_ament_install'
[0.295s] Level 1:colcon.colcon_core.package_identification:_identify(src/shape_interface) by extensions ['colcon_pkg']
[0.295s] Level 1:colcon.colcon_core.package_identification:_identify(src/shape_interface) by extension 'colcon_pkg'
[0.295s] Level 1:colcon.colcon_core.package_identification:_identify(src/shape_interface) by extensions ['colcon_meta']
[0.295s] Level 1:colcon.colcon_core.package_identification:_identify(src/shape_interface) by extension 'colcon_meta'
[0.295s] Level 1:colcon.colcon_core.package_identification:_identify(src/shape_interface) by extensions ['ros']
[0.295s] Level 1:colcon.colcon_core.package_identification:_identify(src/shape_interface) by extension 'ros'
[0.295s] DEBUG:colcon.colcon_core.package_identification:Package 'src/shape_interface' with type 'ros.ament_cmake' and name 'shape_interface'
[0.295s] Level 1:colcon.colcon_core.package_identification:_identify(src/task_1a) by extensions ['ignore', 'ignore_ament_install']
[0.296s] Level 1:colcon.colcon_core.package_identification:_identify(src/task_1a) by extension 'ignore'
[0.296s] Level 1:colcon.colcon_core.package_identification:_identify(src/task_1a) by extension 'ignore_ament_install'
[0.296s] Level 1:colcon.colcon_core.package_identification:_identify(src/task_1a) by extensions ['colcon_pkg']
[0.296s] Level 1:colcon.colcon_core.package_identification:_identify(src/task_1a) by extension 'colcon_pkg'
[0.296s] Level 1:colcon.colcon_core.package_identification:_identify(src/task_1a) by extensions ['colcon_meta']
[0.296s] Level 1:colcon.colcon_core.package_identification:_identify(src/task_1a) by extension 'colcon_meta'
[0.296s] Level 1:colcon.colcon_core.package_identification:_identify(src/task_1a) by extensions ['ros']
[0.296s] Level 1:colcon.colcon_core.package_identification:_identify(src/task_1a) by extension 'ros'
[0.296s] DEBUG:colcon.colcon_core.package_identification:Package 'src/task_1a' with type 'ros.ament_cmake' and name 'task_1a'
[0.297s] Level 1:colcon.colcon_core.package_identification:_identify(src/task_1b) by extensions ['ignore', 'ignore_ament_install']
[0.297s] Level 1:colcon.colcon_core.package_identification:_identify(src/task_1b) by extension 'ignore'
[0.297s] Level 1:colcon.colcon_core.package_identification:_identify(src/task_1b) by extension 'ignore_ament_install'
[0.297s] Level 1:colcon.colcon_core.package_identification:_identify(src/task_1b) by extensions ['colcon_pkg']
[0.297s] Level 1:colcon.colcon_core.package_identification:_identify(src/task_1b) by extension 'colcon_pkg'
[0.297s] Level 1:colcon.colcon_core.package_identification:_identify(src/task_1b) by extensions ['colcon_meta']
[0.297s] Level 1:colcon.colcon_core.package_identification:_identify(src/task_1b) by extension 'colcon_meta'
[0.297s] Level 1:colcon.colcon_core.package_identification:_identify(src/task_1b) by extensions ['ros']
[0.297s] Level 1:colcon.colcon_core.package_identification:_identify(src/task_1b) by extension 'ros'
[0.298s] DEBUG:colcon.colcon_core.package_identification:Package 'src/task_1b' with type 'ros.ament_cmake' and name 'task_1b'
[0.298s] Level 1:colcon.colcon_core.package_identification:_identify(src/task_1c) by extensions ['ignore', 'ignore_ament_install']
[0.298s] Level 1:colcon.colcon_core.package_identification:_identify(src/task_1c) by extension 'ignore'
[0.298s] Level 1:colcon.colcon_core.package_identification:_identify(src/task_1c) by extension 'ignore_ament_install'
[0.298s] Level 1:colcon.colcon_core.package_identification:_identify(src/task_1c) by extensions ['colcon_pkg']
[0.298s] Level 1:colcon.colcon_core.package_identification:_identify(src/task_1c) by extension 'colcon_pkg'
[0.298s] Level 1:colcon.colcon_core.package_identification:_identify(src/task_1c) by extensions ['colcon_meta']
[0.298s] Level 1:colcon.colcon_core.package_identification:_identify(src/task_1c) by extension 'colcon_meta'
[0.298s] Level 1:colcon.colcon_core.package_identification:_identify(src/task_1c) by extensions ['ros']
[0.298s] Level 1:colcon.colcon_core.package_identification:_identify(src/task_1c) by extension 'ros'
[0.299s] DEBUG:colcon.colcon_core.package_identification:Package 'src/task_1c' with type 'ros.ament_cmake' and name 'task_1c'
[0.299s] Level 1:colcon.colcon_core.package_discovery:discover_packages(recursive) using defaults
[0.299s] Level 1:colcon.colcon_core.package_discovery:discover_packages(ignore) discover
[0.299s] Level 1:colcon.colcon_core.package_discovery:discover_packages(ignore) using defaults
[0.299s] Level 1:colcon.colcon_core.package_discovery:discover_packages(path) discover
[0.299s] Level 1:colcon.colcon_core.package_discovery:discover_packages(path) using defaults
[0.331s] Level 1:colcon.colcon_core.package_discovery:discover_packages(prefix_path) check parameters
[0.331s] Level 1:colcon.colcon_core.package_discovery:discover_packages(prefix_path) discover
[0.333s] DEBUG:colcon.colcon_installed_package_information.package_discovery:Found 5 installed packages in /home/p1kachu/eYRC_26-27_Hola-The-Explorer/Software/workspace/install
[0.334s] DEBUG:colcon.colcon_installed_package_information.package_discovery:Found 273 installed packages in /opt/ros/humble
[0.335s] Level 1:colcon.colcon_core.package_discovery:discover_packages(prefix_path) using defaults
[0.372s] Level 5:colcon.colcon_core.verb:set package 'shape_interface' build argument 'cmake_args' from command line to 'None'
[0.372s] Level 5:colcon.colcon_core.verb:set package 'shape_interface' build argument 'cmake_target' from command line to 'None'
[0.372s] Level 5:colcon.colcon_core.verb:set package 'shape_interface' build argument 'cmake_target_skip_unavailable' from command line to 'False'
[0.372s] Level 5:colcon.colcon_core.verb:set package 'shape_interface' build argument 'cmake_clean_cache' from command line to 'False'
[0.372s] Level 5:colcon.colcon_core.verb:set package 'shape_interface' build argument 'cmake_clean_first' from command line to 'False'
[0.372s] Level 5:colcon.colcon_core.verb:set package 'shape_interface' build argument 'cmake_force_configure' from command line to 'False'
[0.372s] Level 5:colcon.colcon_core.verb:set package 'shape_interface' build argument 'ament_cmake_args' from command line to 'None'
[0.372s] Level 5:colcon.colcon_core.verb:set package 'shape_interface' build argument 'catkin_cmake_args' from command line to 'None'
[0.372s] Level 5:colcon.colcon_core.verb:set package 'shape_interface' build argument 'catkin_skip_building_tests' from command line to 'False'
[0.372s] DEBUG:colcon.colcon_core.verb:Building package 'shape_interface' with the following arguments: {'ament_cmake_args': None, 'build_base': '/home/p1kachu/eYRC_26-27_Hola-The-Explorer/Software/workspace/build/shape_interface', 'catkin_cmake_args': None, 'catkin_skip_building_tests': False, 'cmake_args': None, 'cmake_clean_cache': False, 'cmake_clean_first': False, 'cmake_force_configure': False, 'cmake_target': None, 'cmake_target_skip_unavailable': False, 'install_base': '/home/p1kachu/eYRC_26-27_Hola-The-Explorer/Software/workspace/install/shape_interface', 'merge_install': False, 'path': '/home/p1kachu/eYRC_26-27_Hola-The-Explorer/Software/workspace/src/shape_interface', 'symlink_install': False, 'test_result_base': None}
[0.373s] Level 5:colcon.colcon_core.verb:set package 'task_1b' build argument 'cmake_args' from command line to 'None'
[0.373s] Level 5:colcon.colcon_core.verb:set package 'task_1b' build argument 'cmake_target' from command line to 'None'
[0.373s] Level 5:colcon.colcon_core.verb:set package 'task_1b' build argument 'cmake_target_skip_unavailable' from command line to 'False'
[0.373s] Level 5:colcon.colcon_core.verb:set package 'task_1b' build argument 'cmake_clean_cache' from command line to 'False'
[0.373s] Level 5:colcon.colcon_core.verb:set package 'task_1b' build argument 'cmake_clean_first' from command line to 'False'
[0.373s] Level 5:colcon.colcon_core.verb:set package 'task_1b' build argument 'cmake_force_configure' from command line to 'False'
[0.373s] Level 5:colcon.colcon_core.verb:set package 'task_1b' build argument 'ament_cmake_args' from command line to 'None'
[0.373s] Level 5:colcon.colcon_core.verb:set package 'task_1b' build argument 'catkin_cmake_args' from command line to 'None'
[0.373s] Level 5:colcon.colcon_core.verb:set package 'task_1b' build argument 'catkin_skip_building_tests' from command line to 'False'
[0.373s] DEBUG:colcon.colcon_core.verb:Building package 'task_1b' with the following arguments: {'ament_cmake_args': None, 'build_base': '/home/p1kachu/eYRC_26-27_Hola-The-Explorer/Software/workspace/build/task_1b', 'catkin_cmake_args': None, 'catkin_skip_building_tests': False, 'cmake_args': None, 'cmake_clean_cache': False, 'cmake_clean_first': False, 'cmake_force_configure': False, 'cmake_target': None, 'cmake_target_skip_unavailable': False, 'install_base': '/home/p1kachu/eYRC_26-27_Hola-The-Explorer/Software/workspace/install/task_1b', 'merge_install': False, 'path': '/home/p1kachu/eYRC_26-27_Hola-The-Explorer/Software/workspace/src/task_1b', 'symlink_install': False, 'test_result_base': None}
[0.373s] Level 5:colcon.colcon_core.verb:set package 'task_1a' build argument 'cmake_args' from command line to 'None'
[0.373s] Level 5:colcon.colcon_core.verb:set package 'task_1a' build argument 'cmake_target' from command line to 'None'
[0.373s] Level 5:colcon.colcon_core.verb:set package 'task_1a' build argument 'cmake_target_skip_unavailable' from command line to 'False'
[0.373s] Level 5:colcon.colcon_core.verb:set package 'task_1a' build argument 'cmake_clean_cache' from command line to 'False'
[0.373s] Level 5:colcon.colcon_core.verb:set package 'task_1a' build argument 'cmake_clean_first' from command line to 'False'
[0.373s] Level 5:colcon.colcon_core.verb:set package 'task_1a' build argument 'cmake_force_configure' from command line to 'False'
[0.373s] Level 5:colcon.colcon_core.verb:set package 'task_1a' build argument 'ament_cmake_args' from command line to 'None'
[0.373s] Level 5:colcon.colcon_core.verb:set package 'task_1a' build argument 'catkin_cmake_args' from command line to 'None'
[0.373s] Level 5:colcon.colcon_core.verb:set package 'task_1a' build argument 'catkin_skip_building_tests' from command line to 'False'
[0.373s] DEBUG:colcon.colcon_core.verb:Building package 'task_1a' with the following arguments: {'ament_cmake_args': None, 'build_base': '/home/p1kachu/eYRC_26-27_Hola-The-Explorer/Software/workspace/build/task_1a', 'catkin_cmake_args': None, 'catkin_skip_building_tests': False, 'cmake_args': None, 'cmake_clean_cache': False, 'cmake_clean_first': False, 'cmake_force_configure': False, 'cmake_target': None, 'cmake_target_skip_unavailable': False, 'install_base': '/home/p1kachu/eYRC_26-27_Hola-The-Explorer/Software/workspace/install/task_1a', 'merge_install': False, 'path': '/home/p1kachu/eYRC_26-27_Hola-The-Explorer/Software/workspace/src/task_1a', 'symlink_install': False, 'test_result_base': None}
[0.374s] Level 5:colcon.colcon_core.verb:set package 'task_1c' build argument 'cmake_args' from command line to 'None'
[0.374s] Level 5:colcon.colcon_core.verb:set package 'task_1c' build argument 'cmake_target' from command line to 'None'
[0.374s] Level 5:colcon.colcon_core.verb:set package 'task_1c' build argument 'cmake_target_skip_unavailable' from command line to 'False'
[0.374s] Level 5:colcon.colcon_core.verb:set package 'task_1c' build argument 'cmake_clean_cache' from command line to 'False'
[0.374s] Level 5:colcon.colcon_core.verb:set package 'task_1c' build argument 'cmake_clean_first' from command line to 'False'
[0.374s] Level 5:colcon.colcon_core.verb:set package 'task_1c' build argument 'cmake_force_configure' from command line to 'False'
[0.374s] Level 5:colcon.colcon_core.verb:set package 'task_1c' build argument 'ament_cmake_args' from command line to 'None'
[0.374s] Level 5:colcon.colcon_core.verb:set package 'task_1c' build argument 'catkin_cmake_args' from command line to 'None'
[0.374s] Level 5:colcon.colcon_core.verb:set package 'task_1c' build argument 'catkin_skip_building_tests' from command line to 'False'
[0.374s] DEBUG:colcon.colcon_core.verb:Building package 'task_1c' with the following arguments: {'ament_cmake_args': None, 'build_base': '/home/p1kachu/eYRC_26-27_Hola-The-Explorer/Software/workspace/build/task_1c', 'catkin_cmake_args': None, 'catkin_skip_building_tests': False, 'cmake_args': None, 'cmake_clean_cache': False, 'cmake_clean_first': False, 'cmake_force_configure': False, 'cmake_target': None, 'cmake_target_skip_unavailable': False, 'install_base': '/home/p1kachu/eYRC_26-27_Hola-The-Explorer/Software/workspace/install/task_1c', 'merge_install': False, 'path': '/home/p1kachu/eYRC_26-27_Hola-The-Explorer/Software/workspace/src/task_1c', 'symlink_install': False, 'test_result_base': None}
[0.374s] Level 5:colcon.colcon_core.verb:set package 'hb_description' build argument 'cmake_args' from command line to 'None'
[0.374s] Level 5:colcon.colcon_core.verb:set package 'hb_description' build argument 'cmake_target' from command line to 'None'
[0.374s] Level 5:colcon.colcon_core.verb:set package 'hb_description' build argument 'cmake_target_skip_unavailable' from command line to 'False'
[0.374s] Level 5:colcon.colcon_core.verb:set package 'hb_description' build argument 'cmake_clean_cache' from command line to 'False'
[0.374s] Level 5:colcon.colcon_core.verb:set package 'hb_description' build argument 'cmake_clean_first' from command line to 'False'
[0.374s] Level 5:colcon.colcon_core.verb:set package 'hb_description' build argument 'cmake_force_configure' from command line to 'False'
[0.374s] Level 5:colcon.colcon_core.verb:set package 'hb_description' build argument 'ament_cmake_args' from command line to 'None'
[0.374s] Level 5:colcon.colcon_core.verb:set package 'hb_description' build argument 'catkin_cmake_args' from command line to 'None'
[0.374s] Level 5:colcon.colcon_core.verb:set package 'hb_description' build argument 'catkin_skip_building_tests' from command line to 'False'
[0.374s] DEBUG:colcon.colcon_core.verb:Building package 'hb_description' with the following arguments: {'ament_cmake_args': None, 'build_base': '/home/p1kachu/eYRC_26-27_Hola-The-Explorer/Software/workspace/build/hb_description', 'catkin_cmake_args': None, 'catkin_skip_building_tests': False, 'cmake_args': None, 'cmake_clean_cache': False, 'cmake_clean_first': False, 'cmake_force_configure': False, 'cmake_target': None, 'cmake_target_skip_unavailable': False, 'install_base': '/home/p1kachu/eYRC_26-27_Hola-The-Explorer/Software/workspace/install/hb_description', 'merge_install': False, 'path': '/home/p1kachu/eYRC_26-27_Hola-The-Explorer/Software/workspace/src/hb_description', 'symlink_install': False, 'test_result_base': None}
[0.374s] INFO:colcon.colcon_core.executor:Executing jobs using 'parallel' executor
[0.376s] DEBUG:colcon.colcon_parallel_executor.executor.parallel:run_until_complete
[0.376s] INFO:colcon.colcon_ros.task.ament_cmake.build:Building ROS package in '/home/p1kachu/eYRC_26-27_Hola-The-Explorer/Software/workspace/src/shape_interface' with build type 'ament_cmake'
[0.377s] INFO:colcon.colcon_cmake.task.cmake.build:Building CMake package in '/home/p1kachu/eYRC_26-27_Hola-The-Explorer/Software/workspace/src/shape_interface'
[0.379s] INFO:colcon.colcon_core.plugin_system:Skipping extension 'colcon_core.shell.bat': Not used on non-Windows systems
[0.379s] INFO:colcon.colcon_core.shell:Skip shell extension 'powershell' for command environment: Not usable outside of PowerShell
[0.379s] DEBUG:colcon.colcon_core.shell:Skip shell extension 'dsv' for command environment
[0.383s] INFO:colcon.colcon_ros.task.ament_cmake.build:Building ROS package in '/home/p1kachu/eYRC_26-27_Hola-The-Explorer/Software/workspace/src/task_1b' with build type 'ament_cmake'
[0.384s] INFO:colcon.colcon_cmake.task.cmake.build:Building CMake package in '/home/p1kachu/eYRC_26-27_Hola-The-Explorer/Software/workspace/src/task_1b'
[0.384s] INFO:colcon.colcon_core.shell:Skip shell extension 'powershell' for command environment: Not usable outside of PowerShell
[0.384s] DEBUG:colcon.colcon_core.shell:Skip shell extension 'dsv' for command environment
[0.395s] DEBUG:colcon.colcon_core.event_handler.log_command:Invoking command in '/home/p1kachu/eYRC_26-27_Hola-The-Explorer/Software/workspace/build/shape_interface': CMAKE_PREFIX_PATH=${CMAKE_PREFIX_PATH}:/opt/ros/humble /usr/bin/cmake --build /home/p1kachu/eYRC_26-27_Hola-The-Explorer/Software/workspace/build/shape_interface -- -j18 -l18
[0.398s] DEBUG:colcon.colcon_core.event_handler.log_command:Invoking command in '/home/p1kachu/eYRC_26-27_Hola-The-Explorer/Software/workspace/build/task_1b': CMAKE_PREFIX_PATH=${CMAKE_PREFIX_PATH}:/opt/ros/humble /usr/bin/cmake --build /home/p1kachu/eYRC_26-27_Hola-The-Explorer/Software/workspace/build/task_1b -- -j18 -l18
[0.766s] DEBUG:colcon.colcon_core.event_handler.log_command:Invoked command in '/home/p1kachu/eYRC_26-27_Hola-The-Explorer/Software/workspace/build/shape_interface' returned '0': CMAKE_PREFIX_PATH=${CMAKE_PREFIX_PATH}:/opt/ros/humble /usr/bin/cmake --build /home/p1kachu/eYRC_26-27_Hola-The-Explorer/Software/workspace/build/shape_interface -- -j18 -l18
[0.779s] DEBUG:colcon.colcon_core.event_handler.log_command:Invoking command in '/home/p1kachu/eYRC_26-27_Hola-The-Explorer/Software/workspace/build/shape_interface': CMAKE_PREFIX_PATH=${CMAKE_PREFIX_PATH}:/opt/ros/humble /usr/bin/cmake --install /home/p1kachu/eYRC_26-27_Hola-The-Explorer/Software/workspace/build/shape_interface
[0.780s] DEBUG:colcon.colcon_core.event_handler.log_command:Invoked command in '/home/p1kachu/eYRC_26-27_Hola-The-Explorer/Software/workspace/build/task_1b' returned '0': CMAKE_PREFIX_PATH=${CMAKE_PREFIX_PATH}:/opt/ros/humble /usr/bin/cmake --build /home/p1kachu/eYRC_26-27_Hola-The-Explorer/Software/workspace/build/task_1b -- -j18 -l18
[0.782s] DEBUG:colcon.colcon_core.event_handler.log_command:Invoking command in '/home/p1kachu/eYRC_26-27_Hola-The-Explorer/Software/workspace/build/task_1b': CMAKE_PREFIX_PATH=${CMAKE_PREFIX_PATH}:/opt/ros/humble /usr/bin/cmake --install /home/p1kachu/eYRC_26-27_Hola-The-Explorer/Software/workspace/build/task_1b
[0.836s] Level 1:colcon.colcon_core.environment:create_environment_scripts_only(task_1b)
[0.837s] DEBUG:colcon.colcon_core.event_handler.log_command:Invoked command in '/home/p1kachu/eYRC_26-27_Hola-The-Explorer/Software/workspace/build/task_1b' returned '0': CMAKE_PREFIX_PATH=${CMAKE_PREFIX_PATH}:/opt/ros/humble /usr/bin/cmake --install /home/p1kachu/eYRC_26-27_Hola-The-Explorer/Software/workspace/build/task_1b
[0.840s] Level 1:colcon.colcon_core.environment:checking '/home/p1kachu/eYRC_26-27_Hola-The-Explorer/Software/workspace/install/task_1b' for CMake module files
[0.842s] Level 1:colcon.colcon_core.environment:checking '/home/p1kachu/eYRC_26-27_Hola-The-Explorer/Software/workspace/install/task_1b' for CMake config files
[0.847s] Level 1:colcon.colcon_core.shell:create_environment_hook('task_1b', 'cmake_prefix_path')
[0.848s] INFO:colcon.colcon_core.shell:Creating environment hook '/home/p1kachu/eYRC_26-27_Hola-The-Explorer/Software/workspace/install/task_1b/share/task_1b/hook/cmake_prefix_path.ps1'
[0.849s] INFO:colcon.colcon_core.shell:Creating environment descriptor '/home/p1kachu/eYRC_26-27_Hola-The-Explorer/Software/workspace/install/task_1b/share/task_1b/hook/cmake_prefix_path.dsv'
[0.849s] INFO:colcon.colcon_core.shell:Creating environment hook '/home/p1kachu/eYRC_26-27_Hola-The-Explorer/Software/workspace/install/task_1b/share/task_1b/hook/cmake_prefix_path.sh'
[0.850s] Level 1:colcon.colcon_core.environment:checking '/home/p1kachu/eYRC_26-27_Hola-The-Explorer/Software/workspace/install/task_1b/lib'
[0.850s] Level 1:colcon.colcon_core.environment:checking '/home/p1kachu/eYRC_26-27_Hola-The-Explorer/Software/workspace/install/task_1b/bin'
[0.850s] Level 1:colcon.colcon_core.environment:checking '/home/p1kachu/eYRC_26-27_Hola-The-Explorer/Software/workspace/install/task_1b/lib/pkgconfig/task_1b.pc'
[0.851s] Level 1:colcon.colcon_core.environment:checking '/home/p1kachu/eYRC_26-27_Hola-The-Explorer/Software/workspace/install/task_1b/lib/python3.10/site-packages'
[0.851s] Level 1:colcon.colcon_core.environment:checking '/home/p1kachu/eYRC_26-27_Hola-The-Explorer/Software/workspace/install/task_1b/bin'
[0.851s] INFO:colcon.colcon_core.shell:Creating package script '/home/p1kachu/eYRC_26-27_Hola-The-Explorer/Software/workspace/install/task_1b/share/task_1b/package.ps1'
[0.853s] INFO:colcon.colcon_core.shell:Creating package descriptor '/home/p1kachu/eYRC_26-27_Hola-The-Explorer/Software/workspace/install/task_1b/share/task_1b/package.dsv'
[0.853s] INFO:colcon.colcon_core.shell:Creating package script '/home/p1kachu/eYRC_26-27_Hola-The-Explorer/Software/workspace/install/task_1b/share/task_1b/package.sh'
[0.854s] INFO:colcon.colcon_core.shell:Creating package script '/home/p1kachu/eYRC_26-27_Hola-The-Explorer/Software/workspace/install/task_1b/share/task_1b/package.bash'
[0.855s] INFO:colcon.colcon_core.shell:Creating package script '/home/p1kachu/eYRC_26-27_Hola-The-Explorer/Software/workspace/install/task_1b/share/task_1b/package.zsh'
[0.856s] Level 1:colcon.colcon_core.environment:create_file_with_runtime_dependencies(/home/p1kachu/eYRC_26-27_Hola-The-Explorer/Software/workspace/install/task_1b/share/colcon-core/packages/task_1b)
[0.857s] Level 1:colcon.colcon_core.environment:create_environment_scripts_only(task_1b)
[0.857s] Level 1:colcon.colcon_core.environment:checking '/home/p1kachu/eYRC_26-27_Hola-The-Explorer/Software/workspace/install/task_1b' for CMake module files
[0.857s] Level 1:colcon.colcon_core.environment:checking '/home/p1kachu/eYRC_26-27_Hola-The-Explorer/Software/workspace/install/task_1b' for CMake config files
[0.857s] Level 1:colcon.colcon_core.shell:create_environment_hook('task_1b', 'cmake_prefix_path')
[0.858s] INFO:colcon.colcon_core.shell:Creating environment hook '/home/p1kachu/eYRC_26-27_Hola-The-Explorer/Software/workspace/install/task_1b/share/task_1b/hook/cmake_prefix_path.ps1'
[0.858s] INFO:colcon.colcon_core.shell:Creating environment descriptor '/home/p1kachu/eYRC_26-27_Hola-The-Explorer/Software/workspace/install/task_1b/share/task_1b/hook/cmake_prefix_path.dsv'
[0.858s] INFO:colcon.colcon_core.shell:Creating environment hook '/home/p1kachu/eYRC_26-27_Hola-The-Explorer/Software/workspace/install/task_1b/share/task_1b/hook/cmake_prefix_path.sh'
[0.859s] Level 1:colcon.colcon_core.environment:checking '/home/p1kachu/eYRC_26-27_Hola-The-Explorer/Software/workspace/install/task_1b/lib'
[0.859s] Level 1:colcon.colcon_core.environment:checking '/home/p1kachu/eYRC_26-27_Hola-The-Explorer/Software/workspace/install/task_1b/bin'
[0.859s] Level 1:colcon.colcon_core.environment:checking '/home/p1kachu/eYRC_26-27_Hola-The-Explorer/Software/workspace/install/task_1b/lib/pkgconfig/task_1b.pc'
[0.860s] Level 1:colcon.colcon_core.environment:checking '/home/p1kachu/eYRC_26-27_Hola-The-Explorer/Software/workspace/install/task_1b/lib/python3.10/site-packages'
[0.860s] Level 1:colcon.colcon_core.environment:checking '/home/p1kachu/eYRC_26-27_Hola-The-Explorer/Software/workspace/install/task_1b/bin'
[0.860s] INFO:colcon.colcon_core.shell:Creating package script '/home/p1kachu/eYRC_26-27_Hola-The-Explorer/Software/workspace/install/task_1b/share/task_1b/package.ps1'
[0.861s] INFO:colcon.colcon_core.shell:Creating package descriptor '/home/p1kachu/eYRC_26-27_Hola-The-Explorer/Software/workspace/install/task_1b/share/task_1b/package.dsv'
[0.861s] INFO:colcon.colcon_core.shell:Creating package script '/home/p1kachu/eYRC_26-27_Hola-The-Explorer/Software/workspace/install/task_1b/share/task_1b/package.sh'
[0.862s] INFO:colcon.colcon_core.shell:Creating package script '/home/p1kachu/eYRC_26-27_Hola-The-Explorer/Software/workspace/install/task_1b/share/task_1b/package.bash'
[0.862s] INFO:colcon.colcon_core.shell:Creating package script '/home/p1kachu/eYRC_26-27_Hola-The-Explorer/Software/workspace/install/task_1b/share/task_1b/package.zsh'
[0.863s] Level 1:colcon.colcon_core.environment:create_file_with_runtime_dependencies(/home/p1kachu/eYRC_26-27_Hola-The-Explorer/Software/workspace/install/task_1b/share/colcon-core/packages/task_1b)
[0.864s] Level 1:colcon.colcon_core.environment:create_environment_scripts_only(shape_interface)
[0.865s] DEBUG:colcon.colcon_core.event_handler.log_command:Invoked command in '/home/p1kachu/eYRC_26-27_Hola-The-Explorer/Software/workspace/build/shape_interface' returned '0': CMAKE_PREFIX_PATH=${CMAKE_PREFIX_PATH}:/opt/ros/humble /usr/bin/cmake --install /home/p1kachu/eYRC_26-27_Hola-The-Explorer/Software/workspace/build/shape_interface
[0.865s] Level 1:colcon.colcon_core.environment:checking '/home/p1kachu/eYRC_26-27_Hola-The-Explorer/Software/workspace/install/shape_interface' for CMake module files
[0.866s] Level 1:colcon.colcon_core.environment:checking '/home/p1kachu/eYRC_26-27_Hola-The-Explorer/Software/workspace/install/shape_interface' for CMake config files
[0.866s] Level 1:colcon.colcon_core.shell:create_environment_hook('shape_interface', 'cmake_prefix_path')
[0.866s] INFO:colcon.colcon_core.shell:Creating environment hook '/home/p1kachu/eYRC_26-27_Hola-The-Explorer/Software/workspace/install/shape_interface/share/shape_interface/hook/cmake_prefix_path.ps1'
[0.867s] INFO:colcon.colcon_core.shell:Creating environment descriptor '/home/p1kachu/eYRC_26-27_Hola-The-Explorer/Software/workspace/install/shape_interface/share/shape_interface/hook/cmake_prefix_path.dsv'
[0.867s] INFO:colcon.colcon_core.shell:Creating environment hook '/home/p1kachu/eYRC_26-27_Hola-The-Explorer/Software/workspace/install/shape_interface/share/shape_interface/hook/cmake_prefix_path.sh'
[0.868s] Level 1:colcon.colcon_core.environment:checking '/home/p1kachu/eYRC_26-27_Hola-The-Explorer/Software/workspace/install/shape_interface/lib'
[0.868s] Level 1:colcon.colcon_core.shell:create_environment_hook('shape_interface', 'ld_library_path_lib')
[0.868s] INFO:colcon.colcon_core.shell:Creating environment hook '/home/p1kachu/eYRC_26-27_Hola-The-Explorer/Software/workspace/install/shape_interface/share/shape_interface/hook/ld_library_path_lib.ps1'
[0.868s] INFO:colcon.colcon_core.shell:Creating environment descriptor '/home/p1kachu/eYRC_26-27_Hola-The-Explorer/Software/workspace/install/shape_interface/share/shape_interface/hook/ld_library_path_lib.dsv'
[0.869s] INFO:colcon.colcon_core.shell:Creating environment hook '/home/p1kachu/eYRC_26-27_Hola-The-Explorer/Software/workspace/install/shape_interface/share/shape_interface/hook/ld_library_path_lib.sh'
[0.869s] Level 1:colcon.colcon_core.environment:checking '/home/p1kachu/eYRC_26-27_Hola-The-Explorer/Software/workspace/install/shape_interface/bin'
[0.869s] Level 1:colcon.colcon_core.environment:checking '/home/p1kachu/eYRC_26-27_Hola-The-Explorer/Software/workspace/install/shape_interface/lib/pkgconfig/shape_interface.pc'
[0.869s] Level 1:colcon.colcon_core.environment:checking '/home/p1kachu/eYRC_26-27_Hola-The-Explorer/Software/workspace/install/shape_interface/lib/python3.10/site-packages'
[0.870s] Level 1:colcon.colcon_core.environment:checking '/home/p1kachu/eYRC_26-27_Hola-The-Explorer/Software/workspace/install/shape_interface/bin'
[0.870s] INFO:colcon.colcon_core.shell:Creating package script '/home/p1kachu/eYRC_26-27_Hola-The-Explorer/Software/workspace/install/shape_interface/share/shape_interface/package.ps1'
[0.871s] INFO:colcon.colcon_core.shell:Creating package descriptor '/home/p1kachu/eYRC_26-27_Hola-The-Explorer/Software/workspace/install/shape_interface/share/shape_interface/package.dsv'
[0.871s] INFO:colcon.colcon_core.shell:Creating package script '/home/p1kachu/eYRC_26-27_Hola-The-Explorer/Software/workspace/install/shape_interface/share/shape_interface/package.sh'
[0.871s] INFO:colcon.colcon_core.shell:Creating package script '/home/p1kachu/eYRC_26-27_Hola-The-Explorer/Software/workspace/install/shape_interface/share/shape_interface/package.bash'
[0.872s] INFO:colcon.colcon_core.shell:Creating package script '/home/p1kachu/eYRC_26-27_Hola-The-Explorer/Software/workspace/install/shape_interface/share/shape_interface/package.zsh'
[0.872s] Level 1:colcon.colcon_core.environment:create_file_with_runtime_dependencies(/home/p1kachu/eYRC_26-27_Hola-The-Explorer/Software/workspace/install/shape_interface/share/colcon-core/packages/shape_interface)
[0.873s] Level 1:colcon.colcon_core.environment:create_environment_scripts_only(shape_interface)
[0.873s] Level 1:colcon.colcon_core.environment:checking '/home/p1kachu/eYRC_26-27_Hola-The-Explorer/Software/workspace/install/shape_interface' for CMake module files
[0.873s] Level 1:colcon.colcon_core.environment:checking '/home/p1kachu/eYRC_26-27_Hola-The-Explorer/Software/workspace/install/shape_interface' for CMake config files
[0.874s] Level 1:colcon.colcon_core.shell:create_environment_hook('shape_interface', 'cmake_prefix_path')
[0.874s] INFO:colcon.colcon_core.shell:Creating environment hook '/home/p1kachu/eYRC_26-27_Hola-The-Explorer/Software/workspace/install/shape_interface/share/shape_interface/hook/cmake_prefix_path.ps1'
[0.875s] INFO:colcon.colcon_core.shell:Creating environment descriptor '/home/p1kachu/eYRC_26-27_Hola-The-Explorer/Software/workspace/install/shape_interface/share/shape_interface/hook/cmake_prefix_path.dsv'
[0.875s] INFO:colcon.colcon_core.shell:Creating environment hook '/home/p1kachu/eYRC_26-27_Hola-The-Explorer/Software/workspace/install/shape_interface/share/shape_interface/hook/cmake_prefix_path.sh'
[0.875s] Level 1:colcon.colcon_core.environment:checking '/home/p1kachu/eYRC_26-27_Hola-The-Explorer/Software/workspace/install/shape_interface/lib'
[0.876s] Level 1:colcon.colcon_core.shell:create_environment_hook('shape_interface', 'ld_library_path_lib')
[0.876s] INFO:colcon.colcon_core.shell:Creating environment hook '/home/p1kachu/eYRC_26-27_Hola-The-Explorer/Software/workspace/install/shape_interface/share/shape_interface/hook/ld_library_path_lib.ps1'
[0.876s] INFO:colcon.colcon_core.shell:Creating environment descriptor '/home/p1kachu/eYRC_26-27_Hola-The-Explorer/Software/workspace/install/shape_interface/share/shape_interface/hook/ld_library_path_lib.dsv'
[0.877s] INFO:colcon.colcon_core.shell:Creating environment hook '/home/p1kachu/eYRC_26-27_Hola-The-Explorer/Software/workspace/install/shape_interface/share/shape_interface/hook/ld_library_path_lib.sh'
[0.878s] Level 1:colcon.colcon_core.environment:checking '/home/p1kachu/eYRC_26-27_Hola-The-Explorer/Software/workspace/install/shape_interface/bin'
[0.878s] Level 1:colcon.colcon_core.environment:checking '/home/p1kachu/eYRC_26-27_Hola-The-Explorer/Software/workspace/install/shape_interface/lib/pkgconfig/shape_interface.pc'
[0.878s] Level 1:colcon.colcon_core.environment:checking '/home/p1kachu/eYRC_26-27_Hola-The-Explorer/Software/workspace/install/shape_interface/lib/python3.10/site-packages'
[0.879s] Level 1:colcon.colcon_core.environment:checking '/home/p1kachu/eYRC_26-27_Hola-The-Explorer/Software/workspace/install/shape_interface/bin'
[0.879s] INFO:colcon.colcon_core.shell:Creating package script '/home/p1kachu/eYRC_26-27_Hola-The-Explorer/Software/workspace/install/shape_interface/share/shape_interface/package.ps1'
[0.880s] INFO:colcon.colcon_core.shell:Creating package descriptor '/home/p1kachu/eYRC_26-27_Hola-The-Explorer/Software/workspace/install/shape_interface/share/shape_interface/package.dsv'
[0.881s] INFO:colcon.colcon_core.shell:Creating package script '/home/p1kachu/eYRC_26-27_Hola-The-Explorer/Software/workspace/install/shape_interface/share/shape_interface/package.sh'
[0.881s] INFO:colcon.colcon_core.shell:Creating package script '/home/p1kachu/eYRC_26-27_Hola-The-Explorer/Software/workspace/install/shape_interface/share/shape_interface/package.bash'
[0.882s] INFO:colcon.colcon_core.shell:Creating package script '/home/p1kachu/eYRC_26-27_Hola-The-Explorer/Software/workspace/install/shape_interface/share/shape_interface/package.zsh'
[0.882s] Level 1:colcon.colcon_core.environment:create_file_with_runtime_dependencies(/home/p1kachu/eYRC_26-27_Hola-The-Explorer/Software/workspace/install/shape_interface/share/colcon-core/packages/shape_interface)
[0.883s] INFO:colcon.colcon_ros.task.ament_cmake.build:Building ROS package in '/home/p1kachu/eYRC_26-27_Hola-The-Explorer/Software/workspace/src/task_1a' with build type 'ament_cmake'
[0.883s] INFO:colcon.colcon_cmake.task.cmake.build:Building CMake package in '/home/p1kachu/eYRC_26-27_Hola-The-Explorer/Software/workspace/src/task_1a'
[0.883s] INFO:colcon.colcon_core.shell:Skip shell extension 'powershell' for command environment: Not usable outside of PowerShell
[0.883s] DEBUG:colcon.colcon_core.shell:Skip shell extension 'dsv' for command environment
[0.887s] INFO:colcon.colcon_ros.task.ament_cmake.build:Building ROS package in '/home/p1kachu/eYRC_26-27_Hola-The-Explorer/Software/workspace/src/task_1c' with build type 'ament_cmake'
[0.888s] INFO:colcon.colcon_cmake.task.cmake.build:Building CMake package in '/home/p1kachu/eYRC_26-27_Hola-The-Explorer/Software/workspace/src/task_1c'
[0.888s] INFO:colcon.colcon_core.shell:Skip shell extension 'powershell' for command environment: Not usable outside of PowerShell
[0.888s] DEBUG:colcon.colcon_core.shell:Skip shell extension 'dsv' for command environment
[0.896s] DEBUG:colcon.colcon_core.event_handler.log_command:Invoking command in '/home/p1kachu/eYRC_26-27_Hola-The-Explorer/Software/workspace/build/task_1a': CMAKE_PREFIX_PATH=/home/p1kachu/eYRC_26-27_Hola-The-Explorer/Software/workspace/install/shape_interface:/home/p1kachu/eYRC_26-27_Hola-The-Explorer/Software/workspace/install/task_1c:/home/p1kachu/eYRC_26-27_Hola-The-Explorer/Software/workspace/install/task_1b:/home/p1kachu/eYRC_26-27_Hola-The-Explorer/Software/workspace/install/hb_description:/home/p1kachu/eYRC_26-27_Hola-The-Explorer/Software/workspace/install/task_1a:/opt/ros/humble LD_LIBRARY_PATH=/home/p1kachu/eYRC_26-27_Hola-The-Explorer/Software/workspace/install/shape_interface/lib:/home/p1kachu/eYRC_26-27_Hola-The-Explorer/Software/workspace/install/hb_description/lib:/opt/ros/humble/opt/rviz_ogre_vendor/lib:/opt/ros/humble/lib/x86_64-linux-gnu:/opt/ros/humble/lib /usr/bin/cmake --build /home/p1kachu/eYRC_26-27_Hola-The-Explorer/Software/workspace/build/task_1a -- -j18 -l18
[0.899s] DEBUG:colcon.colcon_core.event_handler.log_command:Invoking command in '/home/p1kachu/eYRC_26-27_Hola-The-Explorer/Software/workspace/build/task_1c': CMAKE_PREFIX_PATH=/home/p1kachu/eYRC_26-27_Hola-The-Explorer/Software/workspace/install/shape_interface:/home/p1kachu/eYRC_26-27_Hola-The-Explorer/Software/workspace/install/task_1c:/home/p1kachu/eYRC_26-27_Hola-The-Explorer/Software/workspace/install/task_1b:/home/p1kachu/eYRC_26-27_Hola-The-Explorer/Software/workspace/install/hb_description:/home/p1kachu/eYRC_26-27_Hola-The-Explorer/Software/workspace/install/task_1a:/opt/ros/humble LD_LIBRARY_PATH=/home/p1kachu/eYRC_26-27_Hola-The-Explorer/Software/workspace/install/shape_interface/lib:/home/p1kachu/eYRC_26-27_Hola-The-Explorer/Software/workspace/install/hb_description/lib:/opt/ros/humble/opt/rviz_ogre_vendor/lib:/opt/ros/humble/lib/x86_64-linux-gnu:/opt/ros/humble/lib /usr/bin/cmake --build /home/p1kachu/eYRC_26-27_Hola-The-Explorer/Software/workspace/build/task_1c -- -j18 -l18
[0.949s] DEBUG:colcon.colcon_core.event_handler.log_command:Invoked command in '/home/p1kachu/eYRC_26-27_Hola-The-Explorer/Software/workspace/build/task_1c' returned '0': CMAKE_PREFIX_PATH=/home/p1kachu/eYRC_26-27_Hola-The-Explorer/Software/workspace/install/shape_interface:/home/p1kachu/eYRC_26-27_Hola-The-Explorer/Software/workspace/install/task_1c:/home/p1kachu/eYRC_26-27_Hola-The-Explorer/Software/workspace/install/task_1b:/home/p1kachu/eYRC_26-27_Hola-The-Explorer/Software/workspace/install/hb_description:/home/p1kachu/eYRC_26-27_Hola-The-Explorer/Software/workspace/install/task_1a:/opt/ros/humble LD_LIBRARY_PATH=/home/p1kachu/eYRC_26-27_Hola-The-Explorer/Software/workspace/install/shape_interface/lib:/home/p1kachu/eYRC_26-27_Hola-The-Explorer/Software/workspace/install/hb_description/lib:/opt/ros/humble/opt/rviz_ogre_vendor/lib:/opt/ros/humble/lib/x86_64-linux-gnu:/opt/ros/humble/lib /usr/bin/cmake --build /home/p1kachu/eYRC_26-27_Hola-The-Explorer/Software/workspace/build/task_1c -- -j18 -l18
[0.951s] DEBUG:colcon.colcon_core.event_handler.log_command:Invoking command in '/home/p1kachu/eYRC_26-27_Hola-The-Explorer/Software/workspace/build/task_1c': CMAKE_PREFIX_PATH=/home/p1kachu/eYRC_26-27_Hola-The-Explorer/Software/workspace/install/shape_interface:/home/p1kachu/eYRC_26-27_Hola-The-Explorer/Software/workspace/install/task_1c:/home/p1kachu/eYRC_26-27_Hola-The-Explorer/Software/workspace/install/task_1b:/home/p1kachu/eYRC_26-27_Hola-The-Explorer/Software/workspace/install/hb_description:/home/p1kachu/eYRC_26-27_Hola-The-Explorer/Software/workspace/install/task_1a:/opt/ros/humble LD_LIBRARY_PATH=/home/p1kachu/eYRC_26-27_Hola-The-Explorer/Software/workspace/install/shape_interface/lib:/home/p1kachu/eYRC_26-27_Hola-The-Explorer/Software/workspace/install/hb_description/lib:/opt/ros/humble/opt/rviz_ogre_vendor/lib:/opt/ros/humble/lib/x86_64-linux-gnu:/opt/ros/humble/lib /usr/bin/cmake --install /home/p1kachu/eYRC_26-27_Hola-The-Explorer/Software/workspace/build/task_1c
[0.963s] Level 1:colcon.colcon_core.environment:create_environment_scripts_only(task_1c)
[0.964s] Level 1:colcon.colcon_core.environment:checking '/home/p1kachu/eYRC_26-27_Hola-The-Explorer/Software/workspace/install/task_1c' for CMake module files
[0.964s] DEBUG:colcon.colcon_core.event_handler.log_command:Invoked command in '/home/p1kachu/eYRC_26-27_Hola-The-Explorer/Software/workspace/build/task_1c' returned '0': CMAKE_PREFIX_PATH=/home/p1kachu/eYRC_26-27_Hola-The-Explorer/Software/workspace/install/shape_interface:/home/p1kachu/eYRC_26-27_Hola-The-Explorer/Software/workspace/install/task_1c:/home/p1kachu/eYRC_26-27_Hola-The-Explorer/Software/workspace/install/task_1b:/home/p1kachu/eYRC_26-27_Hola-The-Explorer/Software/workspace/install/hb_description:/home/p1kachu/eYRC_26-27_Hola-The-Explorer/Software/workspace/install/task_1a:/opt/ros/humble LD_LIBRARY_PATH=/home/p1kachu/eYRC_26-27_Hola-The-Explorer/Software/workspace/install/shape_interface/lib:/home/p1kachu/eYRC_26-27_Hola-The-Explorer/Software/workspace/install/hb_description/lib:/opt/ros/humble/opt/rviz_ogre_vendor/lib:/opt/ros/humble/lib/x86_64-linux-gnu:/opt/ros/humble/lib /usr/bin/cmake --install /home/p1kachu/eYRC_26-27_Hola-The-Explorer/Software/workspace/build/task_1c
[0.965s] Level 1:colcon.colcon_core.environment:checking '/home/p1kachu/eYRC_26-27_Hola-The-Explorer/Software/workspace/install/task_1c' for CMake config files
[0.965s] Level 1:colcon.colcon_core.shell:create_environment_hook('task_1c', 'cmake_prefix_path')
[0.965s] INFO:colcon.colcon_core.shell:Creating environment hook '/home/p1kachu/eYRC_26-27_Hola-The-Explorer/Software/workspace/install/task_1c/share/task_1c/hook/cmake_prefix_path.ps1'
[0.966s] INFO:colcon.colcon_core.shell:Creating environment descriptor '/home/p1kachu/eYRC_26-27_Hola-The-Explorer/Software/workspace/install/task_1c/share/task_1c/hook/cmake_prefix_path.dsv'
[0.966s] INFO:colcon.colcon_core.shell:Creating environment hook '/home/p1kachu/eYRC_26-27_Hola-The-Explorer/Software/workspace/install/task_1c/share/task_1c/hook/cmake_prefix_path.sh'
[0.967s] Level 1:colcon.colcon_core.environment:checking '/home/p1kachu/eYRC_26-27_Hola-The-Explorer/Software/workspace/install/task_1c/lib'
[0.967s] Level 1:colcon.colcon_core.environment:checking '/home/p1kachu/eYRC_26-27_Hola-The-Explorer/Software/workspace/install/task_1c/bin'
[0.967s] Level 1:colcon.colcon_core.environment:checking '/home/p1kachu/eYRC_26-27_Hola-The-Explorer/Software/workspace/install/task_1c/lib/pkgconfig/task_1c.pc'
[0.968s] Level 1:colcon.colcon_core.environment:checking '/home/p1kachu/eYRC_26-27_Hola-The-Explorer/Software/workspace/install/task_1c/lib/python3.10/site-packages'
[0.968s] Level 1:colcon.colcon_core.environment:checking '/home/p1kachu/eYRC_26-27_Hola-The-Explorer/Software/workspace/install/task_1c/bin'
[0.968s] INFO:colcon.colcon_core.shell:Creating package script '/home/p1kachu/eYRC_26-27_Hola-The-Explorer/Software/workspace/install/task_1c/share/task_1c/package.ps1'
[0.969s] INFO:colcon.colcon_core.shell:Creating package descriptor '/home/p1kachu/eYRC_26-27_Hola-The-Explorer/Software/workspace/install/task_1c/share/task_1c/package.dsv'
[0.969s] INFO:colcon.colcon_core.shell:Creating package script '/home/p1kachu/eYRC_26-27_Hola-The-Explorer/Software/workspace/install/task_1c/share/task_1c/package.sh'
[0.970s] INFO:colcon.colcon_core.shell:Creating package script '/home/p1kachu/eYRC_26-27_Hola-The-Explorer/Software/workspace/install/task_1c/share/task_1c/package.bash'
[0.970s] INFO:colcon.colcon_core.shell:Creating package script '/home/p1kachu/eYRC_26-27_Hola-The-Explorer/Software/workspace/install/task_1c/share/task_1c/package.zsh'
[0.971s] Level 1:colcon.colcon_core.environment:create_file_with_runtime_dependencies(/home/p1kachu/eYRC_26-27_Hola-The-Explorer/Software/workspace/install/task_1c/share/colcon-core/packages/task_1c)
[0.971s] Level 1:colcon.colcon_core.environment:create_environment_scripts_only(task_1c)
[0.971s] Level 1:colcon.colcon_core.environment:checking '/home/p1kachu/eYRC_26-27_Hola-The-Explorer/Software/workspace/install/task_1c' for CMake module files
[0.972s] Level 1:colcon.colcon_core.environment:checking '/home/p1kachu/eYRC_26-27_Hola-The-Explorer/Software/workspace/install/task_1c' for CMake config files
[0.972s] Level 1:colcon.colcon_core.shell:create_environment_hook('task_1c', 'cmake_prefix_path')
[0.972s] INFO:colcon.colcon_core.shell:Creating environment hook '/home/p1kachu/eYRC_26-27_Hola-The-Explorer/Software/workspace/install/task_1c/share/task_1c/hook/cmake_prefix_path.ps1'
[0.973s] INFO:colcon.colcon_core.shell:Creating environment descriptor '/home/p1kachu/eYRC_26-27_Hola-The-Explorer/Software/workspace/install/task_1c/share/task_1c/hook/cmake_prefix_path.dsv'
[0.973s] INFO:colcon.colcon_core.shell:Creating environment hook '/home/p1kachu/eYRC_26-27_Hola-The-Explorer/Software/workspace/install/task_1c/share/task_1c/hook/cmake_prefix_path.sh'
[0.974s] Level 1:colcon.colcon_core.environment:checking '/home/p1kachu/eYRC_26-27_Hola-The-Explorer/Software/workspace/install/task_1c/lib'
[0.974s] Level 1:colcon.colcon_core.environment:checking '/home/p1kachu/eYRC_26-27_Hola-The-Explorer/Software/workspace/install/task_1c/bin'
[0.974s] Level 1:colcon.colcon_core.environment:checking '/home/p1kachu/eYRC_26-27_Hola-The-Explorer/Software/workspace/install/task_1c/lib/pkgconfig/task_1c.pc'
[0.974s] Level 1:colcon.colcon_core.environment:checking '/home/p1kachu/eYRC_26-27_Hola-The-Explorer/Software/workspace/install/task_1c/lib/python3.10/site-packages'
[0.975s] Level 1:colcon.colcon_core.environment:checking '/home/p1kachu/eYRC_26-27_Hola-The-Explorer/Software/workspace/install/task_1c/bin'
[0.975s] INFO:colcon.colcon_core.shell:Creating package script '/home/p1kachu/eYRC_26-27_Hola-The-Explorer/Software/workspace/install/task_1c/share/task_1c/package.ps1'
[0.976s] INFO:colcon.colcon_core.shell:Creating package descriptor '/home/p1kachu/eYRC_26-27_Hola-The-Explorer/Software/workspace/install/task_1c/share/task_1c/package.dsv'
[0.976s] INFO:colcon.colcon_core.shell:Creating package script '/home/p1kachu/eYRC_26-27_Hola-The-Explorer/Software/workspace/install/task_1c/share/task_1c/package.sh'
[0.977s] INFO:colcon.colcon_core.shell:Creating package script '/home/p1kachu/eYRC_26-27_Hola-The-Explorer/Software/workspace/install/task_1c/share/task_1c/package.bash'
[0.977s] INFO:colcon.colcon_core.shell:Creating package script '/home/p1kachu/eYRC_26-27_Hola-The-Explorer/Software/workspace/install/task_1c/share/task_1c/package.zsh'
[0.978s] Level 1:colcon.colcon_core.environment:create_file_with_runtime_dependencies(/home/p1kachu/eYRC_26-27_Hola-The-Explorer/Software/workspace/install/task_1c/share/colcon-core/packages/task_1c)
[1.279s] DEBUG:colcon.colcon_core.event_handler.log_command:Invoked command in '/home/p1kachu/eYRC_26-27_Hola-The-Explorer/Software/workspace/build/task_1a' returned '0': CMAKE_PREFIX_PATH=/home/p1kachu/eYRC_26-27_Hola-The-Explorer/Software/workspace/install/shape_interface:/home/p1kachu/eYRC_26-27_Hola-The-Explorer/Software/workspace/install/task_1c:/home/p1kachu/eYRC_26-27_Hola-The-Explorer/Software/workspace/install/task_1b:/home/p1kachu/eYRC_26-27_Hola-The-Explorer/Software/workspace/install/hb_description:/home/p1kachu/eYRC_26-27_Hola-The-Explorer/Software/workspace/install/task_1a:/opt/ros/humble LD_LIBRARY_PATH=/home/p1kachu/eYRC_26-27_Hola-The-Explorer/Software/workspace/install/shape_interface/lib:/home/p1kachu/eYRC_26-27_Hola-The-Explorer/Software/workspace/install/hb_description/lib:/opt/ros/humble/opt/rviz_ogre_vendor/lib:/opt/ros/humble/lib/x86_64-linux-gnu:/opt/ros/humble/lib /usr/bin/cmake --build /home/p1kachu/eYRC_26-27_Hola-The-Explorer/Software/workspace/build/task_1a -- -j18 -l18
[1.281s] DEBUG:colcon.colcon_core.event_handler.log_command:Invoking command in '/home/p1kachu/eYRC_26-27_Hola-The-Explorer/Software/workspace/build/task_1a': CMAKE_PREFIX_PATH=/home/p1kachu/eYRC_26-27_Hola-The-Explorer/Software/workspace/install/shape_interface:/home/p1kachu/eYRC_26-27_Hola-The-Explorer/Software/workspace/install/task_1c:/home/p1kachu/eYRC_26-27_Hola-The-Explorer/Software/workspace/install/task_1b:/home/p1kachu/eYRC_26-27_Hola-The-Explorer/Software/workspace/install/hb_description:/home/p1kachu/eYRC_26-27_Hola-The-Explorer/Software/workspace/install/task_1a:/opt/ros/humble LD_LIBRARY_PATH=/home/p1kachu/eYRC_26-27_Hola-The-Explorer/Software/workspace/install/shape_interface/lib:/home/p1kachu/eYRC_26-27_Hola-The-Explorer/Software/workspace/install/hb_description/lib:/opt/ros/humble/opt/rviz_ogre_vendor/lib:/opt/ros/humble/lib/x86_64-linux-gnu:/opt/ros/humble/lib /usr/bin/cmake --install /home/p1kachu/eYRC_26-27_Hola-The-Explorer/Software/workspace/build/task_1a
[1.347s] Level 1:colcon.colcon_core.environment:create_environment_scripts_only(task_1a)
[1.348s] Level 1:colcon.colcon_core.environment:checking '/home/p1kachu/eYRC_26-27_Hola-The-Explorer/Software/workspace/install/task_1a' for CMake module files
[1.348s] DEBUG:colcon.colcon_core.event_handler.log_command:Invoked command in '/home/p1kachu/eYRC_26-27_Hola-The-Explorer/Software/workspace/build/task_1a' returned '0': CMAKE_PREFIX_PATH=/home/p1kachu/eYRC_26-27_Hola-The-Explorer/Software/workspace/install/shape_interface:/home/p1kachu/eYRC_26-27_Hola-The-Explorer/Software/workspace/install/task_1c:/home/p1kachu/eYRC_26-27_Hola-The-Explorer/Software/workspace/install/task_1b:/home/p1kachu/eYRC_26-27_Hola-The-Explorer/Software/workspace/install/hb_description:/home/p1kachu/eYRC_26-27_Hola-The-Explorer/Software/workspace/install/task_1a:/opt/ros/humble LD_LIBRARY_PATH=/home/p1kachu/eYRC_26-27_Hola-The-Explorer/Software/workspace/install/shape_interface/lib:/home/p1kachu/eYRC_26-27_Hola-The-Explorer/Software/workspace/install/hb_description/lib:/opt/ros/humble/opt/rviz_ogre_vendor/lib:/opt/ros/humble/lib/x86_64-linux-gnu:/opt/ros/humble/lib /usr/bin/cmake --install /home/p1kachu/eYRC_26-27_Hola-The-Explorer/Software/workspace/build/task_1a
[1.349s] Level 1:colcon.colcon_core.environment:checking '/home/p1kachu/eYRC_26-27_Hola-The-Explorer/Software/workspace/install/task_1a' for CMake config files
[1.349s] Level 1:colcon.colcon_core.shell:create_environment_hook('task_1a', 'cmake_prefix_path')
[1.350s] INFO:colcon.colcon_core.shell:Creating environment hook '/home/p1kachu/eYRC_26-27_Hola-The-Explorer/Software/workspace/install/task_1a/share/task_1a/hook/cmake_prefix_path.ps1'
[1.351s] INFO:colcon.colcon_core.shell:Creating environment descriptor '/home/p1kachu/eYRC_26-27_Hola-The-Explorer/Software/workspace/install/task_1a/share/task_1a/hook/cmake_prefix_path.dsv'
[1.351s] INFO:colcon.colcon_core.shell:Creating environment hook '/home/p1kachu/eYRC_26-27_Hola-The-Explorer/Software/workspace/install/task_1a/share/task_1a/hook/cmake_prefix_path.sh'
[1.352s] Level 1:colcon.colcon_core.environment:checking '/home/p1kachu/eYRC_26-27_Hola-The-Explorer/Software/workspace/install/task_1a/lib'
[1.353s] Level 1:colcon.colcon_core.environment:checking '/home/p1kachu/eYRC_26-27_Hola-The-Explorer/Software/workspace/install/task_1a/bin'
[1.353s] Level 1:colcon.colcon_core.environment:checking '/home/p1kachu/eYRC_26-27_Hola-The-Explorer/Software/workspace/install/task_1a/lib/pkgconfig/task_1a.pc'
[1.353s] Level 1:colcon.colcon_core.environment:checking '/home/p1kachu/eYRC_26-27_Hola-The-Explorer/Software/workspace/install/task_1a/lib/python3.10/site-packages'
[1.354s] Level 1:colcon.colcon_core.environment:checking '/home/p1kachu/eYRC_26-27_Hola-The-Explorer/Software/workspace/install/task_1a/bin'
[1.354s] INFO:colcon.colcon_core.shell:Creating package script '/home/p1kachu/eYRC_26-27_Hola-The-Explorer/Software/workspace/install/task_1a/share/task_1a/package.ps1'
[1.355s] INFO:colcon.colcon_core.shell:Creating package descriptor '/home/p1kachu/eYRC_26-27_Hola-The-Explorer/Software/workspace/install/task_1a/share/task_1a/package.dsv'
[1.356s] INFO:colcon.colcon_core.shell:Creating package script '/home/p1kachu/eYRC_26-27_Hola-The-Explorer/Software/workspace/install/task_1a/share/task_1a/package.sh'
[1.356s] INFO:colcon.colcon_core.shell:Creating package script '/home/p1kachu/eYRC_26-27_Hola-The-Explorer/Software/workspace/install/task_1a/share/task_1a/package.bash'
[1.357s] INFO:colcon.colcon_core.shell:Creating package script '/home/p1kachu/eYRC_26-27_Hola-The-Explorer/Software/workspace/install/task_1a/share/task_1a/package.zsh'
[1.357s] Level 1:colcon.colcon_core.environment:create_file_with_runtime_dependencies(/home/p1kachu/eYRC_26-27_Hola-The-Explorer/Software/workspace/install/task_1a/share/colcon-core/packages/task_1a)
[1.358s] Level 1:colcon.colcon_core.environment:create_environment_scripts_only(task_1a)
[1.358s] Level 1:colcon.colcon_core.environment:checking '/home/p1kachu/eYRC_26-27_Hola-The-Explorer/Software/workspace/install/task_1a' for CMake module files
[1.359s] Level 1:colcon.colcon_core.environment:checking '/home/p1kachu/eYRC_26-27_Hola-The-Explorer/Software/workspace/install/task_1a' for CMake config files
[1.359s] Level 1:colcon.colcon_core.shell:create_environment_hook('task_1a', 'cmake_prefix_path')
[1.359s] INFO:colcon.colcon_core.shell:Creating environment hook '/home/p1kachu/eYRC_26-27_Hola-The-Explorer/Software/workspace/install/task_1a/share/task_1a/hook/cmake_prefix_path.ps1'
[1.360s] INFO:colcon.colcon_core.shell:Creating environment descriptor '/home/p1kachu/eYRC_26-27_Hola-The-Explorer/Software/workspace/install/task_1a/share/task_1a/hook/cmake_prefix_path.dsv'
[1.360s] INFO:colcon.colcon_core.shell:Creating environment hook '/home/p1kachu/eYRC_26-27_Hola-The-Explorer/Software/workspace/install/task_1a/share/task_1a/hook/cmake_prefix_path.sh'
[1.361s] Level 1:colcon.colcon_core.environment:checking '/home/p1kachu/eYRC_26-27_Hola-The-Explorer/Software/workspace/install/task_1a/lib'
[1.361s] Level 1:colcon.colcon_core.environment:checking '/home/p1kachu/eYRC_26-27_Hola-The-Explorer/Software/workspace/install/task_1a/bin'
[1.361s] Level 1:colcon.colcon_core.environment:checking '/home/p1kachu/eYRC_26-27_Hola-The-Explorer/Software/workspace/install/task_1a/lib/pkgconfig/task_1a.pc'
[1.362s] Level 1:colcon.colcon_core.environment:checking '/home/p1kachu/eYRC_26-27_Hola-The-Explorer/Software/workspace/install/task_1a/lib/python3.10/site-packages'
[1.362s] Level 1:colcon.colcon_core.environment:checking '/home/p1kachu/eYRC_26-27_Hola-The-Explorer/Software/workspace/install/task_1a/bin'
[1.362s] INFO:colcon.colcon_core.shell:Creating package script '/home/p1kachu/eYRC_26-27_Hola-The-Explorer/Software/workspace/install/task_1a/share/task_1a/package.ps1'
[1.363s] INFO:colcon.colcon_core.shell:Creating package descriptor '/home/p1kachu/eYRC_26-27_Hola-The-Explorer/Software/workspace/install/task_1a/share/task_1a/package.dsv'
[1.364s] INFO:colcon.colcon_core.shell:Creating package script '/home/p1kachu/eYRC_26-27_Hola-The-Explorer/Software/workspace/install/task_1a/share/task_1a/package.sh'
[1.365s] INFO:colcon.colcon_core.shell:Creating package script '/home/p1kachu/eYRC_26-27_Hola-The-Explorer/Software/workspace/install/task_1a/share/task_1a/package.bash'
[1.365s] INFO:colcon.colcon_core.shell:Creating package script '/home/p1kachu/eYRC_26-27_Hola-The-Explorer/Software/workspace/install/task_1a/share/task_1a/package.zsh'
[1.365s] Level 1:colcon.colcon_core.environment:create_file_with_runtime_dependencies(/home/p1kachu/eYRC_26-27_Hola-The-Explorer/Software/workspace/install/task_1a/share/colcon-core/packages/task_1a)
[1.366s] INFO:colcon.colcon_ros.task.ament_cmake.build:Building ROS package in '/home/p1kachu/eYRC_26-27_Hola-The-Explorer/Software/workspace/src/hb_description' with build type 'ament_cmake'
[1.366s] INFO:colcon.colcon_cmake.task.cmake.build:Building CMake package in '/home/p1kachu/eYRC_26-27_Hola-The-Explorer/Software/workspace/src/hb_description'
[1.366s] INFO:colcon.colcon_core.shell:Skip shell extension 'powershell' for command environment: Not usable outside of PowerShell
[1.366s] DEBUG:colcon.colcon_core.shell:Skip shell extension 'dsv' for command environment
[1.381s] DEBUG:colcon.colcon_core.event_handler.log_command:Invoking command in '/home/p1kachu/eYRC_26-27_Hola-The-Explorer/Software/workspace/build/hb_description': CMAKE_PREFIX_PATH=/home/p1kachu/eYRC_26-27_Hola-The-Explorer/Software/workspace/install/task_1a:/home/p1kachu/eYRC_26-27_Hola-The-Explorer/Software/workspace/install/shape_interface:/home/p1kachu/eYRC_26-27_Hola-The-Explorer/Software/workspace/install/task_1c:/home/p1kachu/eYRC_26-27_Hola-The-Explorer/Software/workspace/install/task_1b:/home/p1kachu/eYRC_26-27_Hola-The-Explorer/Software/workspace/install/hb_description:/opt/ros/humble LD_LIBRARY_PATH=/home/p1kachu/eYRC_26-27_Hola-The-Explorer/Software/workspace/install/shape_interface/lib:/home/p1kachu/eYRC_26-27_Hola-The-Explorer/Software/workspace/install/hb_description/lib:/opt/ros/humble/opt/rviz_ogre_vendor/lib:/opt/ros/humble/lib/x86_64-linux-gnu:/opt/ros/humble/lib /usr/bin/cmake --build /home/p1kachu/eYRC_26-27_Hola-The-Explorer/Software/workspace/build/hb_description -- -j18 -l18
[1.431s] DEBUG:colcon.colcon_core.event_handler.log_command:Invoked command in '/home/p1kachu/eYRC_26-27_Hola-The-Explorer/Software/workspace/build/hb_description' returned '0': CMAKE_PREFIX_PATH=/home/p1kachu/eYRC_26-27_Hola-The-Explorer/Software/workspace/install/task_1a:/home/p1kachu/eYRC_26-27_Hola-The-Explorer/Software/workspace/install/shape_interface:/home/p1kachu/eYRC_26-27_Hola-The-Explorer/Software/workspace/install/task_1c:/home/p1kachu/eYRC_26-27_Hola-The-Explorer/Software/workspace/install/task_1b:/home/p1kachu/eYRC_26-27_Hola-The-Explorer/Software/workspace/install/hb_description:/opt/ros/humble LD_LIBRARY_PATH=/home/p1kachu/eYRC_26-27_Hola-The-Explorer/Software/workspace/install/shape_interface/lib:/home/p1kachu/eYRC_26-27_Hola-The-Explorer/Software/workspace/install/hb_description/lib:/opt/ros/humble/opt/rviz_ogre_vendor/lib:/opt/ros/humble/lib/x86_64-linux-gnu:/opt/ros/humble/lib /usr/bin/cmake --build /home/p1kachu/eYRC_26-27_Hola-The-Explorer/Software/workspace/build/hb_description -- -j18 -l18
[1.432s] DEBUG:colcon.colcon_core.event_handler.log_command:Invoking command in '/home/p1kachu/eYRC_26-27_Hola-The-Explorer/Software/workspace/build/hb_description': CMAKE_PREFIX_PATH=/home/p1kachu/eYRC_26-27_Hola-The-Explorer/Software/workspace/install/task_1a:/home/p1kachu/eYRC_26-27_Hola-The-Explorer/Software/workspace/install/shape_interface:/home/p1kachu/eYRC_26-27_Hola-The-Explorer/Software/workspace/install/task_1c:/home/p1kachu/eYRC_26-27_Hola-The-Explorer/Software/workspace/install/task_1b:/home/p1kachu/eYRC_26-27_Hola-The-Explorer/Software/workspace/install/hb_description:/opt/ros/humble LD_LIBRARY_PATH=/home/p1kachu/eYRC_26-27_Hola-The-Explorer/Software/workspace/install/shape_interface/lib:/home/p1kachu/eYRC_26-27_Hola-The-Explorer/Software/workspace/install/hb_description/lib:/opt/ros/humble/opt/rviz_ogre_vendor/lib:/opt/ros/humble/lib/x86_64-linux-gnu:/opt/ros/humble/lib /usr/bin/cmake --install /home/p1kachu/eYRC_26-27_Hola-The-Explorer/Software/workspace/build/hb_description
[1.446s] Level 1:colcon.colcon_core.environment:create_environment_scripts_only(hb_description)
[1.446s] DEBUG:colcon.colcon_core.event_handler.log_command:Invoked command in '/home/p1kachu/eYRC_26-27_Hola-The-Explorer/Software/workspace/build/hb_description' returned '0': CMAKE_PREFIX_PATH=/home/p1kachu/eYRC_26-27_Hola-The-Explorer/Software/workspace/install/task_1a:/home/p1kachu/eYRC_26-27_Hola-The-Explorer/Software/workspace/install/shape_interface:/home/p1kachu/eYRC_26-27_Hola-The-Explorer/Software/workspace/install/task_1c:/home/p1kachu/eYRC_26-27_Hola-The-Explorer/Software/workspace/install/task_1b:/home/p1kachu/eYRC_26-27_Hola-The-Explorer/Software/workspace/install/hb_description:/opt/ros/humble LD_LIBRARY_PATH=/home/p1kachu/eYRC_26-27_Hola-The-Explorer/Software/workspace/install/shape_interface/lib:/home/p1kachu/eYRC_26-27_Hola-The-Explorer/Software/workspace/install/hb_description/lib:/opt/ros/humble/opt/rviz_ogre_vendor/lib:/opt/ros/humble/lib/x86_64-linux-gnu:/opt/ros/humble/lib /usr/bin/cmake --install /home/p1kachu/eYRC_26-27_Hola-The-Explorer/Software/workspace/build/hb_description
[1.447s] Level 1:colcon.colcon_core.environment:checking '/home/p1kachu/eYRC_26-27_Hola-The-Explorer/Software/workspace/install/hb_description' for CMake module files
[1.447s] Level 1:colcon.colcon_core.environment:checking '/home/p1kachu/eYRC_26-27_Hola-The-Explorer/Software/workspace/install/hb_description' for CMake config files
[1.448s] Level 1:colcon.colcon_core.shell:create_environment_hook('hb_description', 'cmake_prefix_path')
[1.448s] INFO:colcon.colcon_core.shell:Creating environment hook '/home/p1kachu/eYRC_26-27_Hola-The-Explorer/Software/workspace/install/hb_description/share/hb_description/hook/cmake_prefix_path.ps1'
[1.449s] INFO:colcon.colcon_core.shell:Creating environment descriptor '/home/p1kachu/eYRC_26-27_Hola-The-Explorer/Software/workspace/install/hb_description/share/hb_description/hook/cmake_prefix_path.dsv'
[1.449s] INFO:colcon.colcon_core.shell:Creating environment hook '/home/p1kachu/eYRC_26-27_Hola-The-Explorer/Software/workspace/install/hb_description/share/hb_description/hook/cmake_prefix_path.sh'
[1.450s] Level 1:colcon.colcon_core.environment:checking '/home/p1kachu/eYRC_26-27_Hola-The-Explorer/Software/workspace/install/hb_description/lib'
[1.450s] Level 1:colcon.colcon_core.shell:create_environment_hook('hb_description', 'ld_library_path_lib')
[1.451s] INFO:colcon.colcon_core.shell:Creating environment hook '/home/p1kachu/eYRC_26-27_Hola-The-Explorer/Software/workspace/install/hb_description/share/hb_description/hook/ld_library_path_lib.ps1'
[1.451s] INFO:colcon.colcon_core.shell:Creating environment descriptor '/home/p1kachu/eYRC_26-27_Hola-The-Explorer/Software/workspace/install/hb_description/share/hb_description/hook/ld_library_path_lib.dsv'
[1.452s] INFO:colcon.colcon_core.shell:Creating environment hook '/home/p1kachu/eYRC_26-27_Hola-The-Explorer/Software/workspace/install/hb_description/share/hb_description/hook/ld_library_path_lib.sh'
[1.452s] Level 1:colcon.colcon_core.environment:checking '/home/p1kachu/eYRC_26-27_Hola-The-Explorer/Software/workspace/install/hb_description/bin'
[1.452s] Level 1:colcon.colcon_core.environment:checking '/home/p1kachu/eYRC_26-27_Hola-The-Explorer/Software/workspace/install/hb_description/lib/pkgconfig/hb_description.pc'
[1.453s] Level 1:colcon.colcon_core.environment:checking '/home/p1kachu/eYRC_26-27_Hola-The-Explorer/Software/workspace/install/hb_description/lib/python3.10/site-packages'
[1.453s] Level 1:colcon.colcon_core.environment:checking '/home/p1kachu/eYRC_26-27_Hola-The-Explorer/Software/workspace/install/hb_description/bin'
[1.454s] INFO:colcon.colcon_core.shell:Creating package script '/home/p1kachu/eYRC_26-27_Hola-The-Explorer/Software/workspace/install/hb_description/share/hb_description/package.ps1'
[1.455s] INFO:colcon.colcon_core.shell:Creating package descriptor '/home/p1kachu/eYRC_26-27_Hola-The-Explorer/Software/workspace/install/hb_description/share/hb_description/package.dsv'
[1.455s] INFO:colcon.colcon_core.shell:Creating package script '/home/p1kachu/eYRC_26-27_Hola-The-Explorer/Software/workspace/install/hb_description/share/hb_description/package.sh'
[1.456s] INFO:colcon.colcon_core.shell:Creating package script '/home/p1kachu/eYRC_26-27_Hola-The-Explorer/Software/workspace/install/hb_description/share/hb_description/package.bash'
[1.456s] INFO:colcon.colcon_core.shell:Creating package script '/home/p1kachu/eYRC_26-27_Hola-The-Explorer/Software/workspace/install/hb_description/share/hb_description/package.zsh'
[1.457s] Level 1:colcon.colcon_core.environment:create_file_with_runtime_dependencies(/home/p1kachu/eYRC_26-27_Hola-The-Explorer/Software/workspace/install/hb_description/share/colcon-core/packages/hb_description)
[1.457s] Level 1:colcon.colcon_core.environment:create_environment_scripts_only(hb_description)
[1.458s] Level 1:colcon.colcon_core.environment:checking '/home/p1kachu/eYRC_26-27_Hola-The-Explorer/Software/workspace/install/hb_description' for CMake module files
[1.458s] Level 1:colcon.colcon_core.environment:checking '/home/p1kachu/eYRC_26-27_Hola-The-Explorer/Software/workspace/install/hb_description' for CMake config files
[1.458s] Level 1:colcon.colcon_core.shell:create_environment_hook('hb_description', 'cmake_prefix_path')
[1.459s] INFO:colcon.colcon_core.shell:Creating environment hook '/home/p1kachu/eYRC_26-27_Hola-The-Explorer/Software/workspace/install/hb_description/share/hb_description/hook/cmake_prefix_path.ps1'
[1.459s] INFO:colcon.colcon_core.shell:Creating environment descriptor '/home/p1kachu/eYRC_26-27_Hola-The-Explorer/Software/workspace/install/hb_description/share/hb_description/hook/cmake_prefix_path.dsv'
[1.459s] INFO:colcon.colcon_core.shell:Creating environment hook '/home/p1kachu/eYRC_26-27_Hola-The-Explorer/Software/workspace/install/hb_description/share/hb_description/hook/cmake_prefix_path.sh'
[1.460s] Level 1:colcon.colcon_core.environment:checking '/home/p1kachu/eYRC_26-27_Hola-The-Explorer/Software/workspace/install/hb_description/lib'
[1.460s] Level 1:colcon.colcon_core.shell:create_environment_hook('hb_description', 'ld_library_path_lib')
[1.460s] INFO:colcon.colcon_core.shell:Creating environment hook '/home/p1kachu/eYRC_26-27_Hola-The-Explorer/Software/workspace/install/hb_description/share/hb_description/hook/ld_library_path_lib.ps1'
[1.461s] INFO:colcon.colcon_core.shell:Creating environment descriptor '/home/p1kachu/eYRC_26-27_Hola-The-Explorer/Software/workspace/install/hb_description/share/hb_description/hook/ld_library_path_lib.dsv'
[1.461s] INFO:colcon.colcon_core.shell:Creating environment hook '/home/p1kachu/eYRC_26-27_Hola-The-Explorer/Software/workspace/install/hb_description/share/hb_description/hook/ld_library_path_lib.sh'
[1.461s] Level 1:colcon.colcon_core.environment:checking '/home/p1kachu/eYRC_26-27_Hola-The-Explorer/Software/workspace/install/hb_description/bin'
[1.462s] Level 1:colcon.colcon_core.environment:checking '/home/p1kachu/eYRC_26-27_Hola-The-Explorer/Software/workspace/install/hb_description/lib/pkgconfig/hb_description.pc'
[1.462s] Level 1:colcon.colcon_core.environment:checking '/home/p1kachu/eYRC_26-27_Hola-The-Explorer/Software/workspace/install/hb_description/lib/python3.10/site-packages'
[1.462s] Level 1:colcon.colcon_core.environment:checking '/home/p1kachu/eYRC_26-27_Hola-The-Explorer/Software/workspace/install/hb_description/bin'
[1.463s] INFO:colcon.colcon_core.shell:Creating package script '/home/p1kachu/eYRC_26-27_Hola-The-Explorer/Software/workspace/install/hb_description/share/hb_description/package.ps1'
[1.463s] INFO:colcon.colcon_core.shell:Creating package descriptor '/home/p1kachu/eYRC_26-27_Hola-The-Explorer/Software/workspace/install/hb_description/share/hb_description/package.dsv'
[1.464s] INFO:colcon.colcon_core.shell:Creating package script '/home/p1kachu/eYRC_26-27_Hola-The-Explorer/Software/workspace/install/hb_description/share/hb_description/package.sh'
[1.464s] INFO:colcon.colcon_core.shell:Creating package script '/home/p1kachu/eYRC_26-27_Hola-The-Explorer/Software/workspace/install/hb_description/share/hb_description/package.bash'
[1.465s] INFO:colcon.colcon_core.shell:Creating package script '/home/p1kachu/eYRC_26-27_Hola-The-Explorer/Software/workspace/install/hb_description/share/hb_description/package.zsh'
[1.465s] Level 1:colcon.colcon_core.environment:create_file_with_runtime_dependencies(/home/p1kachu/eYRC_26-27_Hola-The-Explorer/Software/workspace/install/hb_description/share/colcon-core/packages/hb_description)
[1.466s] DEBUG:colcon.colcon_parallel_executor.executor.parallel:closing loop
[1.466s] DEBUG:colcon.colcon_parallel_executor.executor.parallel:loop closed
[1.466s] DEBUG:colcon.colcon_parallel_executor.executor.parallel:run_until_complete finished with '0'
[1.466s] DEBUG:colcon.colcon_core.event_reactor:joining thread
[1.472s] INFO:colcon.colcon_core.plugin_system:Skipping extension 'colcon_notification.desktop_notification.terminal_notifier': Not used on non-Darwin systems
[1.473s] INFO:colcon.colcon_core.plugin_system:Skipping extension 'colcon_notification.desktop_notification.win32': Not used on non-Windows systems
[1.473s] INFO:colcon.colcon_notification.desktop_notification:Sending desktop notification using 'notify2'
[1.481s] DEBUG:colcon.colcon_core.event_reactor:joined thread
[1.482s] INFO:colcon.colcon_core.shell:Creating prefix script '/home/p1kachu/eYRC_26-27_Hola-The-Explorer/Software/workspace/install/local_setup.ps1'
[1.483s] INFO:colcon.colcon_core.shell:Creating prefix util module '/home/p1kachu/eYRC_26-27_Hola-The-Explorer/Software/workspace/install/_local_setup_util_ps1.py'
[1.485s] INFO:colcon.colcon_core.shell:Creating prefix chain script '/home/p1kachu/eYRC_26-27_Hola-The-Explorer/Software/workspace/install/setup.ps1'
[1.489s] INFO:colcon.colcon_core.shell:Creating prefix script '/home/p1kachu/eYRC_26-27_Hola-The-Explorer/Software/workspace/install/local_setup.sh'
[1.490s] INFO:colcon.colcon_core.shell:Creating prefix util module '/home/p1kachu/eYRC_26-27_Hola-The-Explorer/Software/workspace/install/_local_setup_util_sh.py'
[1.490s] INFO:colcon.colcon_core.shell:Creating prefix chain script '/home/p1kachu/eYRC_26-27_Hola-The-Explorer/Software/workspace/install/setup.sh'
[1.492s] INFO:colcon.colcon_core.shell:Creating prefix script '/home/p1kachu/eYRC_26-27_Hola-The-Explorer/Software/workspace/install/local_setup.bash'
[1.492s] INFO:colcon.colcon_core.shell:Creating prefix chain script '/home/p1kachu/eYRC_26-27_Hola-The-Explorer/Software/workspace/install/setup.bash'
[1.494s] INFO:colcon.colcon_core.shell:Creating prefix script '/home/p1kachu/eYRC_26-27_Hola-The-Explorer/Software/workspace/install/local_setup.zsh'
[1.494s] INFO:colcon.colcon_core.shell:Creating prefix chain script '/home/p1kachu/eYRC_26-27_Hola-The-Explorer/Software/workspace/install/setup.zsh'
